IQ-TREE version 3.0.1 for Linux x86 64-bit built Jul  9 2025
Developed by Bui Quang Minh, Thomas Wong, Nhan Ly-Trong, Huaiyan Ren
Contributed by Lam-Tung Nguyen, Dominik Schrempf, Chris Bielow,
Olga Chernomor, Michael Woodhams, Diep Thi Hoang, Heiko Schmidt

Host:    dirreno-B650-AORUS-ELITE-AX (AVX512, FMA3, 30 GB RAM)
Command: iqtree3 --threads-max 16 -s ../resources/experimental_data/cropped/E_DENV4-delim.fasta -m GTR+G --ninit 2 -n 2 --epsilon 0.05 -T AUTO --redo
Seed:    74744 (Using SPRNG - Scalable Parallel Random Number Generator)
Time:    Tue Jul 14 17:28:57 2026
Kernel:  AVX+FMA - auto-detect threads (16 CPU cores detected)

Reading alignment file ../resources/experimental_data/cropped/E_DENV4-delim.fasta ... Fasta format detected
Reading fasta file: done in 0.00426374 secs using 89.5% CPU
Alignment most likely contains DNA/RNA sequences
Constructing alignment: done in 0.00309208 secs using 1482% CPU
Alignment has 403 sequences with 1485 columns, 516 distinct patterns
423 parsimony-informative, 107 singleton sites, 954 constant sites
                                                                          Gap/Ambiguity  Composition  p-value
Analyzing sequences: done in 3.5447e-05 secs using 9180% CPU
   1  DENV4_DELIM-0x2f_THAILAND_DELIM-0x2f_1999_DELIM-0x2f_00003_DELIM-0x2f_99    0.00%    passed     98.75%
   2  DENV4_DELIM-0x2f_THAILAND_DELIM-0x2f_2000_DELIM-0x2f_00010_DELIM-0x2f_00    0.00%    passed     99.82%
   3  DENV4_DELIM-0x2f_THAILAND_DELIM-0x2f_1999_DELIM-0x2f_00027_DELIM-0x2f_99    0.00%    passed     99.90%
   4  DENV4_DELIM-0x2f_THAILAND_DELIM-0x2f_1995_DELIM-0x2f_00036_DELIM-0x2f_95    0.07%    passed     99.86%
   5  DENV4_DELIM-0x2f_THAILAND_DELIM-0x2f_2001_DELIM-0x2f_00044_DELIM-0x2f_01    0.00%    passed     99.98%
   6  DENV4_DELIM-0x2f_THAILAND_DELIM-0x2f_2006_DELIM-0x2f_00047_DELIM-0x2f_06    0.07%    passed     99.90%
   7  DENV4_DELIM-0x2f_THAILAND_DELIM-0x2f_1997_DELIM-0x2f_00049_DELIM-0x2f_97    0.00%    passed     96.98%
   8  DENV4_DELIM-0x2f_THAILAND_DELIM-0x2f_1994_DELIM-0x2f_00095_DELIM-0x2f_94    0.00%    passed     99.92%
   9  DENV4_DELIM-0x2f_THAILAND_DELIM-0x2f_2004_DELIM-0x2f_00097_DELIM-0x2f_04    0.07%    passed     99.82%
  10  DENV4_DELIM-0x2f_THAILAND_DELIM-0x2f_1994_DELIM-0x2f_00101_DELIM-0x2f_94    0.00%    passed     99.99%
  11  DENV4_DELIM-0x2f_THAILAND_DELIM-0x2f_2001_DELIM-0x2f_00103_DELIM-0x2f_01    0.00%    passed     99.51%
  12  DENV4_DELIM-0x2f_THAILAND_DELIM-0x2f_2006_DELIM-0x2f_00109_DELIM-0x2f_06    0.00%    passed     99.71%
  13  DENV4_DELIM-0x2f_THAILAND_DELIM-0x2f_2012_DELIM-0x2f_00112_DELIM-0x2f_12    0.00%    passed     97.36%
  14  DENV4_DELIM-0x2f_THAILAND_DELIM-0x2f_2001_DELIM-0x2f_00114_DELIM-0x2f_01    0.00%    passed     99.92%
  15  DENV4_DELIM-0x2f_THAILAND_DELIM-0x2f_2011_DELIM-0x2f_00116_DELIM-0x2f_11    0.00%    passed     99.03%
  16  DENV4_DELIM-0x2f_THAILAND_DELIM-0x2f_2007_DELIM-0x2f_00119_DELIM-0x2f_07    0.00%    passed     99.99%
  17  DENV4_DELIM-0x2f_THAILAND_DELIM-0x2f_2013_DELIM-0x2f_00152_DELIM-0x2f_13    0.00%    passed     99.57%
  18  DENV4_DELIM-0x2f_THAILAND_DELIM-0x2f_2006_DELIM-0x2f_00171_DELIM-0x2f_06    0.00%    passed     98.50%
  19  DENV4_DELIM-0x2f_THAILAND_DELIM-0x2f_2006_DELIM-0x2f_00176_DELIM-0x2f_06    0.00%    passed     99.93%
  20  DENV4_DELIM-0x2f_THAILAND_DELIM-0x2f_2003_DELIM-0x2f_00187_DELIM-0x2f_03    0.00%    passed     99.67%
  21  DENV4_DELIM-0x2f_THAILAND_DELIM-0x2f_2006_DELIM-0x2f_00189_DELIM-0x2f_06    0.07%    passed     99.33%
  22  DENV4_DELIM-0x2f_THAILAND_DELIM-0x2f_1994_DELIM-0x2f_00190_DELIM-0x2f_94    0.00%    passed     99.82%
  23  DENV4_DELIM-0x2f_THAILAND_DELIM-0x2f_2005_DELIM-0x2f_00201_DELIM-0x2f_05    0.00%    passed     99.92%
  24  DENV4_DELIM-0x2f_THAILAND_DELIM-0x2f_2003_DELIM-0x2f_00205_DELIM-0x2f_03    0.00%    passed     99.41%
  25  DENV4_DELIM-0x2f_THAILAND_DELIM-0x2f_2014_DELIM-0x2f_00214_DELIM-0x2f_14    0.00%    passed     99.28%
  26  DENV4_DELIM-0x2f_THAILAND_DELIM-0x2f_2004_DELIM-0x2f_00217_DELIM-0x2f_04    0.07%    passed     99.54%
  27  DENV4_DELIM-0x2f_THAILAND_DELIM-0x2f_2003_DELIM-0x2f_00225_DELIM-0x2f_03    0.00%    passed     99.74%
  28  DENV4_DELIM-0x2f_THAILAND_DELIM-0x2f_2006_DELIM-0x2f_00225_DELIM-0x2f_06    0.00%    passed     99.67%
  29  DENV4_DELIM-0x2f_THAILAND_DELIM-0x2f_2006_DELIM-0x2f_00234_DELIM-0x2f_06    0.00%    passed     98.50%
  30  DENV4_DELIM-0x2f_THAILAND_DELIM-0x2f_2000_DELIM-0x2f_00235_DELIM-0x2f_00    0.00%    passed     99.92%
  31  DENV4_DELIM-0x2f_THAILAND_DELIM-0x2f_1995_DELIM-0x2f_00241_DELIM-0x2f_95    0.00%    passed     99.96%
  32  DENV4_DELIM-0x2f_THAILAND_DELIM-0x2f_2010_DELIM-0x2f_00249_DELIM-0x2f_10    0.00%    passed     99.66%
  33  DENV4_DELIM-0x2f_THAILAND_DELIM-0x2f_2011_DELIM-0x2f_00251_DELIM-0x2f_11    0.00%    passed     97.36%
  34  DENV4_DELIM-0x2f_THAILAND_DELIM-0x2f_2011_DELIM-0x2f_00257_DELIM-0x2f_11    0.00%    passed     97.36%
  35  DENV4_DELIM-0x2f_THAILAND_DELIM-0x2f_1999_DELIM-0x2f_00259_DELIM-0x2f_99    0.00%    passed     99.42%
  36  DENV4_DELIM-0x2f_THAILAND_DELIM-0x2f_1999_DELIM-0x2f_00261_DELIM-0x2f_99    0.00%    passed     99.91%
  37  DENV4_DELIM-0x2f_THAILAND_DELIM-0x2f_1995_DELIM-0x2f_00269_DELIM-0x2f_95    0.00%    passed     99.92%
  38  DENV4_DELIM-0x2f_THAILAND_DELIM-0x2f_2006_DELIM-0x2f_00270_DELIM-0x2f_06    0.00%    passed     99.37%
  39  DENV4_DELIM-0x2f_THAILAND_DELIM-0x2f_2008_DELIM-0x2f_00274_DELIM-0x2f_08    0.00%    passed     99.37%
  40  DENV4_DELIM-0x2f_THAILAND_DELIM-0x2f_2004_DELIM-0x2f_00278_DELIM-0x2f_04    0.00%    passed     99.51%
  41  DENV4_DELIM-0x2f_THAILAND_DELIM-0x2f_2010_DELIM-0x2f_00283_DELIM-0x2f_10    0.00%    passed     99.88%
  42  DENV4_DELIM-0x2f_THAILAND_DELIM-0x2f_2003_DELIM-0x2f_00286_DELIM-0x2f_03    0.00%    passed     99.90%
  43  DENV4_DELIM-0x2f_THAILAND_DELIM-0x2f_2013_DELIM-0x2f_00300_DELIM-0x2f_13    0.00%    passed     97.96%
  44  DENV4_DELIM-0x2f_THAILAND_DELIM-0x2f_2000_DELIM-0x2f_00303_DELIM-0x2f_00    0.00%    passed     99.90%
  45  DENV4_DELIM-0x2f_THAILAND_DELIM-0x2f_2007_DELIM-0x2f_00307_DELIM-0x2f_07    0.00%    passed     99.71%
  46  DENV4_DELIM-0x2f_THAILAND_DELIM-0x2f_1994_DELIM-0x2f_00307_DELIM-0x2f_94    0.00%    passed     99.92%
  47  DENV4_DELIM-0x2f_THAILAND_DELIM-0x2f_2006_DELIM-0x2f_00311_DELIM-0x2f_06    0.00%    passed     97.44%
  48  DENV4_DELIM-0x2f_THAILAND_DELIM-0x2f_1994_DELIM-0x2f_00329_DELIM-0x2f_94    0.07%    passed     97.30%
  49  DENV4_DELIM-0x2f_THAILAND_DELIM-0x2f_1999_DELIM-0x2f_00336_DELIM-0x2f_99    0.00%    passed    100.00%
  50  DENV4_DELIM-0x2f_THAILAND_DELIM-0x2f_2007_DELIM-0x2f_00348_DELIM-0x2f_07    0.00%    passed     99.97%
  51  DENV4_DELIM-0x2f_THAILAND_DELIM-0x2f_2006_DELIM-0x2f_00356_DELIM-0x2f_06    0.00%    passed    100.00%
  52  DENV4_DELIM-0x2f_THAILAND_DELIM-0x2f_1999_DELIM-0x2f_00362_DELIM-0x2f_99    0.00%    passed    100.00%
  53  DENV4_DELIM-0x2f_THAILAND_DELIM-0x2f_2014_DELIM-0x2f_00365_DELIM-0x2f_14    0.00%    passed     98.91%
  54  DENV4_DELIM-0x2f_THAILAND_DELIM-0x2f_2006_DELIM-0x2f_00367_DELIM-0x2f_06    0.00%    passed     99.49%
  55  DENV4_DELIM-0x2f_THAILAND_DELIM-0x2f_2011_DELIM-0x2f_00369_DELIM-0x2f_11    0.00%    passed     98.64%
  56  DENV4_DELIM-0x2f_THAILAND_DELIM-0x2f_2006_DELIM-0x2f_00370_DELIM-0x2f_06    0.00%    passed     99.68%
  57  DENV4_DELIM-0x2f_THAILAND_DELIM-0x2f_2014_DELIM-0x2f_00385_DELIM-0x2f_14    0.00%    passed     98.91%
  58  DENV4_DELIM-0x2f_THAILAND_DELIM-0x2f_2006_DELIM-0x2f_00394_DELIM-0x2f_06    0.00%    passed     99.97%
  59  DENV4_DELIM-0x2f_THAILAND_DELIM-0x2f_2004_DELIM-0x2f_00395_DELIM-0x2f_04    0.00%    passed     99.71%
  60  DENV4_DELIM-0x2f_THAILAND_DELIM-0x2f_2006_DELIM-0x2f_00395_DELIM-0x2f_06    0.00%    passed     99.99%
  61  DENV4_DELIM-0x2f_THAILAND_DELIM-0x2f_2006_DELIM-0x2f_00409_DELIM-0x2f_06    0.13%    passed     99.30%
  62  DENV4_DELIM-0x2f_THAILAND_DELIM-0x2f_2006_DELIM-0x2f_00410_DELIM-0x2f_06    0.07%    passed     99.10%
  63  DENV4_DELIM-0x2f_THAILAND_DELIM-0x2f_2000_DELIM-0x2f_00414_DELIM-0x2f_00    0.00%    passed    100.00%
  64  DENV4_DELIM-0x2f_THAILAND_DELIM-0x2f_2006_DELIM-0x2f_00420_DELIM-0x2f_06    0.00%    passed     99.83%
  65  DENV4_DELIM-0x2f_THAILAND_DELIM-0x2f_1995_DELIM-0x2f_00425_DELIM-0x2f_95    0.13%    passed     99.29%
  66  DENV4_DELIM-0x2f_THAILAND_DELIM-0x2f_2006_DELIM-0x2f_00426_DELIM-0x2f_06    0.07%    passed     99.54%
  67  DENV4_DELIM-0x2f_THAILAND_DELIM-0x2f_2007_DELIM-0x2f_00433_DELIM-0x2f_07    0.07%    passed     99.81%
  68  DENV4_DELIM-0x2f_THAILAND_DELIM-0x2f_2008_DELIM-0x2f_00447_DELIM-0x2f_08    0.00%    passed     99.85%
  69  DENV4_DELIM-0x2f_THAILAND_DELIM-0x2f_2004_DELIM-0x2f_00455_DELIM-0x2f_04    0.00%    passed     99.97%
  70  DENV4_DELIM-0x2f_THAILAND_DELIM-0x2f_1995_DELIM-0x2f_00458_DELIM-0x2f_95    0.00%    passed     99.92%
  71  DENV4_DELIM-0x2f_THAILAND_DELIM-0x2f_2005_DELIM-0x2f_00460_DELIM-0x2f_05    0.00%    passed     99.98%
  72  DENV4_DELIM-0x2f_THAILAND_DELIM-0x2f_2006_DELIM-0x2f_00464_DELIM-0x2f_06    0.00%    passed    100.00%
  73  DENV4_DELIM-0x2f_THAILAND_DELIM-0x2f_2008_DELIM-0x2f_00471_DELIM-0x2f_08    0.00%    passed     99.68%
  74  DENV4_DELIM-0x2f_THAILAND_DELIM-0x2f_2011_DELIM-0x2f_00477_DELIM-0x2f_11    0.00%    passed     99.24%
  75  DENV4_DELIM-0x2f_THAILAND_DELIM-0x2f_2003_DELIM-0x2f_00498_DELIM-0x2f_03    0.00%    passed     99.95%
  76  DENV4_DELIM-0x2f_THAILAND_DELIM-0x2f_1994_DELIM-0x2f_00500_DELIM-0x2f_94    0.00%    passed     99.72%
  77  DENV4_DELIM-0x2f_THAILAND_DELIM-0x2f_2007_DELIM-0x2f_00504_DELIM-0x2f_07    0.07%    passed     99.52%
  78  DENV4_DELIM-0x2f_THAILAND_DELIM-0x2f_1994_DELIM-0x2f_00506_DELIM-0x2f_94    0.00%    passed     99.89%
  79  DENV4_DELIM-0x2f_THAILAND_DELIM-0x2f_1999_DELIM-0x2f_00508_DELIM-0x2f_99    0.00%    passed    100.00%
  80  DENV4_DELIM-0x2f_THAILAND_DELIM-0x2f_2006_DELIM-0x2f_00512_DELIM-0x2f_06    0.00%    passed     99.71%
  81  DENV4_DELIM-0x2f_THAILAND_DELIM-0x2f_2014_DELIM-0x2f_00514_DELIM-0x2f_14    0.00%    passed     95.04%
  82  DENV4_DELIM-0x2f_THAILAND_DELIM-0x2f_2005_DELIM-0x2f_00523_DELIM-0x2f_05    0.00%    passed     99.51%
  83  DENV4_DELIM-0x2f_THAILAND_DELIM-0x2f_2006_DELIM-0x2f_00524_DELIM-0x2f_06    0.00%    passed     99.99%
  84  DENV4_DELIM-0x2f_THAILAND_DELIM-0x2f_2006_DELIM-0x2f_00532_DELIM-0x2f_06    0.00%    passed     99.98%
  85  DENV4_DELIM-0x2f_THAILAND_DELIM-0x2f_2006_DELIM-0x2f_00533_DELIM-0x2f_06    0.00%    passed     99.82%
  86  DENV4_DELIM-0x2f_THAILAND_DELIM-0x2f_1995_DELIM-0x2f_00533_DELIM-0x2f_95    0.00%    passed     99.78%
  87  DENV4_DELIM-0x2f_THAILAND_DELIM-0x2f_2001_DELIM-0x2f_00534_DELIM-0x2f_01    0.00%    passed    100.00%
  88  DENV4_DELIM-0x2f_THAILAND_DELIM-0x2f_2004_DELIM-0x2f_00535_DELIM-0x2f_04    0.00%    passed     99.99%
  89  DENV4_DELIM-0x2f_THAILAND_DELIM-0x2f_2014_DELIM-0x2f_00555_DELIM-0x2f_14    0.07%    passed     99.18%
  90  DENV4_DELIM-0x2f_THAILAND_DELIM-0x2f_2005_DELIM-0x2f_00558_DELIM-0x2f_05    0.00%    passed     99.90%
  91  DENV4_DELIM-0x2f_THAILAND_DELIM-0x2f_2006_DELIM-0x2f_00559_DELIM-0x2f_06    0.07%    passed     99.57%
  92  DENV4_DELIM-0x2f_THAILAND_DELIM-0x2f_2004_DELIM-0x2f_00564_DELIM-0x2f_04    0.07%    passed     99.50%
  93  DENV4_DELIM-0x2f_THAILAND_DELIM-0x2f_2001_DELIM-0x2f_00565_DELIM-0x2f_01    0.07%    passed     99.96%
  94  DENV4_DELIM-0x2f_THAILAND_DELIM-0x2f_2004_DELIM-0x2f_00567_DELIM-0x2f_04    0.00%    passed     99.91%
  95  DENV4_DELIM-0x2f_THAILAND_DELIM-0x2f_2001_DELIM-0x2f_00575_DELIM-0x2f_01    0.07%    passed     99.99%
  96  DENV4_DELIM-0x2f_THAILAND_DELIM-0x2f_2014_DELIM-0x2f_00575_DELIM-0x2f_14    0.00%    passed     98.91%
  97  DENV4_DELIM-0x2f_THAILAND_DELIM-0x2f_2006_DELIM-0x2f_00578_DELIM-0x2f_06    0.00%    passed     99.82%
  98  DENV4_DELIM-0x2f_THAILAND_DELIM-0x2f_2005_DELIM-0x2f_00581_DELIM-0x2f_05    0.00%    passed     99.94%
  99  DENV4_DELIM-0x2f_THAILAND_DELIM-0x2f_2006_DELIM-0x2f_00584_DELIM-0x2f_06    0.00%    passed     96.12%
 100  DENV4_DELIM-0x2f_THAILAND_DELIM-0x2f_2006_DELIM-0x2f_00585_DELIM-0x2f_06    0.00%    passed     99.97%
 101  DENV4_DELIM-0x2f_THAILAND_DELIM-0x2f_2005_DELIM-0x2f_00588_DELIM-0x2f_05    0.00%    passed     99.43%
 102  DENV4_DELIM-0x2f_THAILAND_DELIM-0x2f_2014_DELIM-0x2f_00595_DELIM-0x2f_14    0.00%    passed     99.62%
 103  DENV4_DELIM-0x2f_THAILAND_DELIM-0x2f_2006_DELIM-0x2f_00599_DELIM-0x2f_06    0.00%    passed     99.97%
 104  DENV4_DELIM-0x2f_THAILAND_DELIM-0x2f_2014_DELIM-0x2f_00615_DELIM-0x2f_14    0.00%    passed     95.04%
 105  DENV4_DELIM-0x2f_THAILAND_DELIM-0x2f_1994_DELIM-0x2f_00615_DELIM-0x2f_94    0.00%    passed     99.50%
 106  DENV4_DELIM-0x2f_THAILAND_DELIM-0x2f_2006_DELIM-0x2f_00617_DELIM-0x2f_06    0.07%    passed     96.05%
 107  DENV4_DELIM-0x2f_THAILAND_DELIM-0x2f_2005_DELIM-0x2f_00618_DELIM-0x2f_05    0.00%    passed    100.00%
 108  DENV4_DELIM-0x2f_THAILAND_DELIM-0x2f_2006_DELIM-0x2f_00619_DELIM-0x2f_06    0.00%    passed     99.92%
 109  DENV4_DELIM-0x2f_THAILAND_DELIM-0x2f_2004_DELIM-0x2f_00624_DELIM-0x2f_04    0.00%    passed     99.99%
 110  DENV4_DELIM-0x2f_THAILAND_DELIM-0x2f_2011_DELIM-0x2f_00630_DELIM-0x2f_11    0.00%    passed     98.05%
 111  DENV4_DELIM-0x2f_THAILAND_DELIM-0x2f_2006_DELIM-0x2f_00632_DELIM-0x2f_06    0.00%    passed     96.12%
 112  DENV4_DELIM-0x2f_THAILAND_DELIM-0x2f_2012_DELIM-0x2f_00637_DELIM-0x2f_12    0.00%    passed     97.36%
 113  DENV4_DELIM-0x2f_THAILAND_DELIM-0x2f_2003_DELIM-0x2f_00641_DELIM-0x2f_03    0.00%    passed     99.74%
 114  DENV4_DELIM-0x2f_THAILAND_DELIM-0x2f_2004_DELIM-0x2f_00641_DELIM-0x2f_04    0.00%    passed     99.22%
 115  DENV4_DELIM-0x2f_THAILAND_DELIM-0x2f_2005_DELIM-0x2f_00646_DELIM-0x2f_05    0.00%    passed     96.84%
 116  DENV4_DELIM-0x2f_THAILAND_DELIM-0x2f_2006_DELIM-0x2f_00650_DELIM-0x2f_06    0.00%    passed     96.12%
 117  DENV4_DELIM-0x2f_THAILAND_DELIM-0x2f_2005_DELIM-0x2f_00653_DELIM-0x2f_05    0.00%    passed     99.71%
 118  DENV4_DELIM-0x2f_THAILAND_DELIM-0x2f_2004_DELIM-0x2f_00674_DELIM-0x2f_04    0.00%    passed     99.82%
 119  DENV4_DELIM-0x2f_THAILAND_DELIM-0x2f_2004_DELIM-0x2f_00680_DELIM-0x2f_04    0.00%    passed     99.67%
 120  DENV4_DELIM-0x2f_THAILAND_DELIM-0x2f_2014_DELIM-0x2f_00685_DELIM-0x2f_14    0.00%    passed     96.17%
 121  DENV4_DELIM-0x2f_THAILAND_DELIM-0x2f_1995_DELIM-0x2f_00687_DELIM-0x2f_95    0.00%    passed     99.54%
 122  DENV4_DELIM-0x2f_THAILAND_DELIM-0x2f_1994_DELIM-0x2f_00690_DELIM-0x2f_94    0.00%    passed     99.92%
 123  DENV4_DELIM-0x2f_THAILAND_DELIM-0x2f_2013_DELIM-0x2f_00691_DELIM-0x2f_13    0.00%    passed     99.03%
 124  DENV4_DELIM-0x2f_THAILAND_DELIM-0x2f_2007_DELIM-0x2f_00694_DELIM-0x2f_07    0.00%    passed     99.68%
 125  DENV4_DELIM-0x2f_THAILAND_DELIM-0x2f_2011_DELIM-0x2f_00697_DELIM-0x2f_11    0.00%    passed     98.20%
 126  DENV4_DELIM-0x2f_THAILAND_DELIM-0x2f_2005_DELIM-0x2f_00700_DELIM-0x2f_05    0.00%    passed     98.81%
 127  DENV4_DELIM-0x2f_THAILAND_DELIM-0x2f_2006_DELIM-0x2f_00705_DELIM-0x2f_06    0.00%    passed     98.64%
 128  DENV4_DELIM-0x2f_THAILAND_DELIM-0x2f_2005_DELIM-0x2f_00714_DELIM-0x2f_05    0.00%    passed     99.98%
 129  DENV4_DELIM-0x2f_THAILAND_DELIM-0x2f_2004_DELIM-0x2f_00717_DELIM-0x2f_04    0.00%    passed     99.91%
 130  DENV4_DELIM-0x2f_THAILAND_DELIM-0x2f_1994_DELIM-0x2f_00719_DELIM-0x2f_94    0.00%    passed     99.97%
 131  DENV4_DELIM-0x2f_THAILAND_DELIM-0x2f_2014_DELIM-0x2f_00728_DELIM-0x2f_14    0.00%    passed     99.88%
 132  DENV4_DELIM-0x2f_THAILAND_DELIM-0x2f_1994_DELIM-0x2f_00737_DELIM-0x2f_94    0.00%    passed     98.98%
 133  DENV4_DELIM-0x2f_THAILAND_DELIM-0x2f_2008_DELIM-0x2f_00744_DELIM-0x2f_08    0.00%    passed     99.50%
 134  DENV4_DELIM-0x2f_THAILAND_DELIM-0x2f_2004_DELIM-0x2f_00746_DELIM-0x2f_04    0.00%    passed     99.68%
 135  DENV4_DELIM-0x2f_THAILAND_DELIM-0x2f_2014_DELIM-0x2f_00752_DELIM-0x2f_14    0.00%    passed     97.24%
 136  DENV4_DELIM-0x2f_THAILAND_DELIM-0x2f_1996_DELIM-0x2f_00756_DELIM-0x2f_96    0.00%    passed     99.68%
 137  DENV4_DELIM-0x2f_THAILAND_DELIM-0x2f_2006_DELIM-0x2f_00759_DELIM-0x2f_06    0.00%    passed     99.99%
 138  DENV4_DELIM-0x2f_THAILAND_DELIM-0x2f_2005_DELIM-0x2f_00762_DELIM-0x2f_05    0.07%    passed     99.80%
 139  DENV4_DELIM-0x2f_THAILAND_DELIM-0x2f_2005_DELIM-0x2f_00775_DELIM-0x2f_05    0.00%    passed     99.89%
 140  DENV4_DELIM-0x2f_THAILAND_DELIM-0x2f_2014_DELIM-0x2f_00777_DELIM-0x2f_14    0.00%    passed     99.93%
 141  DENV4_DELIM-0x2f_THAILAND_DELIM-0x2f_2006_DELIM-0x2f_00779_DELIM-0x2f_06    0.00%    passed     99.65%
 142  DENV4_DELIM-0x2f_THAILAND_DELIM-0x2f_2010_DELIM-0x2f_00780_DELIM-0x2f_10    0.00%    passed     99.24%
 143  DENV4_DELIM-0x2f_THAILAND_DELIM-0x2f_2009_DELIM-0x2f_00781_DELIM-0x2f_09    0.00%    passed     99.71%
 144  DENV4_DELIM-0x2f_THAILAND_DELIM-0x2f_2013_DELIM-0x2f_00789_DELIM-0x2f_13    0.00%    passed     99.28%
 145  DENV4_DELIM-0x2f_THAILAND_DELIM-0x2f_2014_DELIM-0x2f_00789_DELIM-0x2f_14    0.00%    passed     98.29%
 146  DENV4_DELIM-0x2f_THAILAND_DELIM-0x2f_1994_DELIM-0x2f_00794_DELIM-0x2f_94    0.00%    passed     99.99%
 147  DENV4_DELIM-0x2f_THAILAND_DELIM-0x2f_2013_DELIM-0x2f_00801_DELIM-0x2f_13    0.00%    passed     99.06%
 148  DENV4_DELIM-0x2f_THAILAND_DELIM-0x2f_2006_DELIM-0x2f_00810_DELIM-0x2f_06    0.00%    passed     99.67%
 149  DENV4_DELIM-0x2f_THAILAND_DELIM-0x2f_2005_DELIM-0x2f_00820_DELIM-0x2f_05    0.00%    passed     99.89%
 150  DENV4_DELIM-0x2f_THAILAND_DELIM-0x2f_2003_DELIM-0x2f_00823_DELIM-0x2f_03    0.00%    passed     99.73%
 151  DENV4_DELIM-0x2f_THAILAND_DELIM-0x2f_2013_DELIM-0x2f_00835_DELIM-0x2f_13    0.00%    passed     99.57%
 152  DENV4_DELIM-0x2f_THAILAND_DELIM-0x2f_2006_DELIM-0x2f_00837_DELIM-0x2f_06    0.00%    passed     99.89%
 153  DENV4_DELIM-0x2f_THAILAND_DELIM-0x2f_2006_DELIM-0x2f_00842_DELIM-0x2f_06    0.00%    passed     99.56%
 154  DENV4_DELIM-0x2f_THAILAND_DELIM-0x2f_1994_DELIM-0x2f_00846_DELIM-0x2f_94    0.00%    passed    100.00%
 155  DENV4_DELIM-0x2f_THAILAND_DELIM-0x2f_2005_DELIM-0x2f_00854_DELIM-0x2f_05    0.00%    passed     99.91%
 156  DENV4_DELIM-0x2f_THAILAND_DELIM-0x2f_1994_DELIM-0x2f_00867_DELIM-0x2f_94    0.00%    passed     99.98%
 157  DENV4_DELIM-0x2f_THAILAND_DELIM-0x2f_2003_DELIM-0x2f_00875_DELIM-0x2f_03    0.00%    passed     99.71%
 158  DENV4_DELIM-0x2f_THAILAND_DELIM-0x2f_1995_DELIM-0x2f_00877_DELIM-0x2f_95    0.00%    passed     99.89%
 159  DENV4_DELIM-0x2f_THAILAND_DELIM-0x2f_2005_DELIM-0x2f_00882_DELIM-0x2f_05    0.00%    passed     99.81%
 160  DENV4_DELIM-0x2f_THAILAND_DELIM-0x2f_2001_DELIM-0x2f_00886_DELIM-0x2f_01    0.07%    passed     98.76%
 161  DENV4_DELIM-0x2f_THAILAND_DELIM-0x2f_2001_DELIM-0x2f_00887_DELIM-0x2f_01    0.00%    passed     99.92%
 162  DENV4_DELIM-0x2f_THAILAND_DELIM-0x2f_1994_DELIM-0x2f_00890_DELIM-0x2f_94    0.00%    passed     99.97%
 163  DENV4_DELIM-0x2f_THAILAND_DELIM-0x2f_1994_DELIM-0x2f_00900_DELIM-0x2f_94    0.00%    passed    100.00%
 164  DENV4_DELIM-0x2f_THAILAND_DELIM-0x2f_2005_DELIM-0x2f_00943_DELIM-0x2f_05    0.00%    passed     99.71%
 165  DENV4_DELIM-0x2f_THAILAND_DELIM-0x2f_2004_DELIM-0x2f_00950_DELIM-0x2f_04    0.00%    passed     99.56%
 166  DENV4_DELIM-0x2f_THAILAND_DELIM-0x2f_2003_DELIM-0x2f_00964_DELIM-0x2f_03    0.00%    passed     99.77%
 167  DENV4_DELIM-0x2f_THAILAND_DELIM-0x2f_2004_DELIM-0x2f_00965_DELIM-0x2f_04    0.07%    passed     98.44%
 168  DENV4_DELIM-0x2f_THAILAND_DELIM-0x2f_1999_DELIM-0x2f_00984_DELIM-0x2f_99    0.00%    passed     99.99%
 169  DENV4_DELIM-0x2f_THAILAND_DELIM-0x2f_2003_DELIM-0x2f_00987_DELIM-0x2f_03    0.00%    passed     99.79%
 170  DENV4_DELIM-0x2f_THAILAND_DELIM-0x2f_2005_DELIM-0x2f_00993_DELIM-0x2f_05    0.00%    passed    100.00%
 171  DENV4_DELIM-0x2f_THAILAND_DELIM-0x2f_2004_DELIM-0x2f_00994_DELIM-0x2f_04    0.07%    passed     99.80%
 172  DENV4_DELIM-0x2f_THAILAND_DELIM-0x2f_2005_DELIM-0x2f_01009_DELIM-0x2f_05    0.00%    passed     98.98%
 173  DENV4_DELIM-0x2f_THAILAND_DELIM-0x2f_2013_DELIM-0x2f_01012_DELIM-0x2f_13    0.00%    passed     99.51%
 174  DENV4_DELIM-0x2f_THAILAND_DELIM-0x2f_2005_DELIM-0x2f_01055_DELIM-0x2f_05    0.00%    passed     99.71%
 175  DENV4_DELIM-0x2f_THAILAND_DELIM-0x2f_1994_DELIM-0x2f_01073_DELIM-0x2f_94    0.00%    passed     99.94%
 176  DENV4_DELIM-0x2f_THAILAND_DELIM-0x2f_1994_DELIM-0x2f_01074_DELIM-0x2f_94    0.00%    passed     99.68%
 177  DENV4_DELIM-0x2f_THAILAND_DELIM-0x2f_2007_DELIM-0x2f_01101_DELIM-0x2f_07    0.00%    passed     99.99%
 178  DENV4_DELIM-0x2f_THAILAND_DELIM-0x2f_2012_DELIM-0x2f_01104_DELIM-0x2f_12    0.00%    passed     99.34%
 179  DENV4_DELIM-0x2f_THAILAND_DELIM-0x2f_2006_DELIM-0x2f_01107_DELIM-0x2f_06    0.00%    passed     99.80%
 180  DENV4_DELIM-0x2f_THAILAND_DELIM-0x2f_2007_DELIM-0x2f_01118_DELIM-0x2f_07    0.00%    passed     99.67%
 181  DENV4_DELIM-0x2f_THAILAND_DELIM-0x2f_1994_DELIM-0x2f_01124_DELIM-0x2f_94    0.00%    passed     99.94%
 182  DENV4_DELIM-0x2f_THAILAND_DELIM-0x2f_1996_DELIM-0x2f_01129_DELIM-0x2f_96    0.00%    passed     99.98%
 183  DENV4_DELIM-0x2f_THAILAND_DELIM-0x2f_2007_DELIM-0x2f_01130_DELIM-0x2f_07    0.00%    passed     99.99%
 184  DENV4_DELIM-0x2f_THAILAND_DELIM-0x2f_2004_DELIM-0x2f_01170_DELIM-0x2f_04    0.00%    passed     98.81%
 185  DENV4_DELIM-0x2f_THAILAND_DELIM-0x2f_2006_DELIM-0x2f_01174_DELIM-0x2f_06    0.00%    passed     99.94%
 186  DENV4_DELIM-0x2f_THAILAND_DELIM-0x2f_1994_DELIM-0x2f_01201_DELIM-0x2f_94    0.00%    passed     99.99%
 187  DENV4_DELIM-0x2f_THAILAND_DELIM-0x2f_2013_DELIM-0x2f_01211_DELIM-0x2f_13    0.00%    passed     99.93%
 188  DENV4_DELIM-0x2f_THAILAND_DELIM-0x2f_2003_DELIM-0x2f_01216_DELIM-0x2f_03    0.00%    passed     99.75%
 189  DENV4_DELIM-0x2f_THAILAND_DELIM-0x2f_2002_DELIM-0x2f_01222_DELIM-0x2f_02    0.00%    passed     98.34%
 190  DENV4_DELIM-0x2f_THAILAND_DELIM-0x2f_2002_DELIM-0x2f_01227_DELIM-0x2f_02    0.00%    passed     99.97%
 191  DENV4_DELIM-0x2f_THAILAND_DELIM-0x2f_2000_DELIM-0x2f_01232_DELIM-0x2f_00    0.07%    passed     99.96%
 192  DENV4_DELIM-0x2f_THAILAND_DELIM-0x2f_2004_DELIM-0x2f_01234_DELIM-0x2f_04    0.07%    passed     99.55%
 193  DENV4_DELIM-0x2f_THAILAND_DELIM-0x2f_2006_DELIM-0x2f_01244_DELIM-0x2f_06    0.00%    passed     99.90%
 194  DENV4_DELIM-0x2f_THAILAND_DELIM-0x2f_2004_DELIM-0x2f_01258_DELIM-0x2f_04    0.00%    passed     99.85%
 195  DENV4_DELIM-0x2f_THAILAND_DELIM-0x2f_2006_DELIM-0x2f_01258_DELIM-0x2f_06    0.00%    passed     99.36%
 196  DENV4_DELIM-0x2f_THAILAND_DELIM-0x2f_2006_DELIM-0x2f_01261_DELIM-0x2f_06    0.00%    passed     99.94%
 197  DENV4_DELIM-0x2f_THAILAND_DELIM-0x2f_2008_DELIM-0x2f_01268_DELIM-0x2f_08    0.07%    passed     99.96%
 198  DENV4_DELIM-0x2f_THAILAND_DELIM-0x2f_2006_DELIM-0x2f_01270_DELIM-0x2f_06    0.00%    passed     99.71%
 199  DENV4_DELIM-0x2f_THAILAND_DELIM-0x2f_2010_DELIM-0x2f_01270_DELIM-0x2f_10    0.00%    passed     95.10%
 200  DENV4_DELIM-0x2f_THAILAND_DELIM-0x2f_2006_DELIM-0x2f_01271_DELIM-0x2f_06    0.00%    passed     99.99%
 201  DENV4_DELIM-0x2f_THAILAND_DELIM-0x2f_2000_DELIM-0x2f_01278_DELIM-0x2f_00    0.07%    passed     99.94%
 202  DENV4_DELIM-0x2f_THAILAND_DELIM-0x2f_2006_DELIM-0x2f_01278_DELIM-0x2f_06    0.00%    passed     99.98%
 203  DENV4_DELIM-0x2f_THAILAND_DELIM-0x2f_2008_DELIM-0x2f_01284_DELIM-0x2f_08    0.00%    passed     98.84%
 204  DENV4_DELIM-0x2f_THAILAND_DELIM-0x2f_2006_DELIM-0x2f_01295_DELIM-0x2f_06    0.00%    passed     99.26%
 205  DENV4_DELIM-0x2f_THAILAND_DELIM-0x2f_2004_DELIM-0x2f_01306_DELIM-0x2f_04    0.07%    passed     99.71%
 206  DENV4_DELIM-0x2f_THAILAND_DELIM-0x2f_2004_DELIM-0x2f_01315_DELIM-0x2f_04    0.00%    passed     99.24%
 207  DENV4_DELIM-0x2f_THAILAND_DELIM-0x2f_2005_DELIM-0x2f_01320_DELIM-0x2f_05    0.00%    passed     99.96%
 208  DENV4_DELIM-0x2f_THAILAND_DELIM-0x2f_2010_DELIM-0x2f_01344_DELIM-0x2f_10    0.00%    passed     99.50%
 209  DENV4_DELIM-0x2f_THAILAND_DELIM-0x2f_2004_DELIM-0x2f_01369_DELIM-0x2f_04    0.00%    passed     99.71%
 210  DENV4_DELIM-0x2f_THAILAND_DELIM-0x2f_2006_DELIM-0x2f_01374_DELIM-0x2f_06    0.00%    passed     99.60%
 211  DENV4_DELIM-0x2f_THAILAND_DELIM-0x2f_2008_DELIM-0x2f_01380_DELIM-0x2f_08    0.00%    passed     99.84%
 212  DENV4_DELIM-0x2f_THAILAND_DELIM-0x2f_2006_DELIM-0x2f_01382_DELIM-0x2f_06    0.00%    passed     98.98%
 213  DENV4_DELIM-0x2f_THAILAND_DELIM-0x2f_2010_DELIM-0x2f_01386_DELIM-0x2f_10    0.00%    passed     99.87%
 214  DENV4_DELIM-0x2f_THAILAND_DELIM-0x2f_2008_DELIM-0x2f_01387_DELIM-0x2f_08    0.00%    passed     99.92%
 215  DENV4_DELIM-0x2f_THAILAND_DELIM-0x2f_2004_DELIM-0x2f_01388_DELIM-0x2f_04    0.07%    passed     99.68%
 216  DENV4_DELIM-0x2f_THAILAND_DELIM-0x2f_2013_DELIM-0x2f_01389_DELIM-0x2f_13    0.00%    passed     99.34%
 217  DENV4_DELIM-0x2f_THAILAND_DELIM-0x2f_2007_DELIM-0x2f_01391_DELIM-0x2f_07    0.00%    passed     99.99%
 218  DENV4_DELIM-0x2f_THAILAND_DELIM-0x2f_2000_DELIM-0x2f_01394_DELIM-0x2f_00    0.00%    passed     99.89%
 219  DENV4_DELIM-0x2f_THAILAND_DELIM-0x2f_2007_DELIM-0x2f_01402_DELIM-0x2f_07    0.00%    passed     99.74%
 220  DENV4_DELIM-0x2f_THAILAND_DELIM-0x2f_2006_DELIM-0x2f_01405_DELIM-0x2f_06    0.00%    passed     99.17%
 221  DENV4_DELIM-0x2f_THAILAND_DELIM-0x2f_2009_DELIM-0x2f_01432_DELIM-0x2f_09    0.00%    passed     98.54%
 222  DENV4_DELIM-0x2f_THAILAND_DELIM-0x2f_2000_DELIM-0x2f_01441_DELIM-0x2f_00    0.00%    passed     99.99%
 223  DENV4_DELIM-0x2f_THAILAND_DELIM-0x2f_2007_DELIM-0x2f_01458_DELIM-0x2f_07    0.00%    passed     99.90%
 224  DENV4_DELIM-0x2f_THAILAND_DELIM-0x2f_2000_DELIM-0x2f_01477_DELIM-0x2f_00    0.00%    passed    100.00%
 225  DENV4_DELIM-0x2f_THAILAND_DELIM-0x2f_2006_DELIM-0x2f_01479_DELIM-0x2f_06    0.00%    passed     99.89%
 226  DENV4_DELIM-0x2f_THAILAND_DELIM-0x2f_2002_DELIM-0x2f_01480_DELIM-0x2f_02    0.00%    passed     99.91%
 227  DENV4_DELIM-0x2f_THAILAND_DELIM-0x2f_2005_DELIM-0x2f_01494_DELIM-0x2f_05    0.00%    passed    100.00%
 228  DENV4_DELIM-0x2f_THAILAND_DELIM-0x2f_2010_DELIM-0x2f_01513_DELIM-0x2f_10    0.00%    passed     99.28%
 229  DENV4_DELIM-0x2f_THAILAND_DELIM-0x2f_2004_DELIM-0x2f_01515_DELIM-0x2f_04    0.00%    passed     98.58%
 230  DENV4_DELIM-0x2f_THAILAND_DELIM-0x2f_1994_DELIM-0x2f_01534_DELIM-0x2f_94    0.00%    passed    100.00%
 231  DENV4_DELIM-0x2f_THAILAND_DELIM-0x2f_2004_DELIM-0x2f_01544_DELIM-0x2f_04    0.00%    passed     99.25%
 232  DENV4_DELIM-0x2f_THAILAND_DELIM-0x2f_2009_DELIM-0x2f_01559_DELIM-0x2f_09    0.00%    passed     99.97%
 233  DENV4_DELIM-0x2f_THAILAND_DELIM-0x2f_1995_DELIM-0x2f_01569_DELIM-0x2f_95    0.00%    passed     99.29%
 234  DENV4_DELIM-0x2f_THAILAND_DELIM-0x2f_2007_DELIM-0x2f_01570_DELIM-0x2f_07    0.00%    passed     98.21%
 235  DENV4_DELIM-0x2f_THAILAND_DELIM-0x2f_2006_DELIM-0x2f_01579_DELIM-0x2f_06    0.00%    passed     99.89%
 236  DENV4_DELIM-0x2f_THAILAND_DELIM-0x2f_2006_DELIM-0x2f_01594_DELIM-0x2f_06    0.00%    passed     99.84%
 237  DENV4_DELIM-0x2f_THAILAND_DELIM-0x2f_2002_DELIM-0x2f_01606_DELIM-0x2f_02    0.07%    passed     99.15%
 238  DENV4_DELIM-0x2f_THAILAND_DELIM-0x2f_2004_DELIM-0x2f_01622_DELIM-0x2f_04    0.07%    passed     99.92%
 239  DENV4_DELIM-0x2f_THAILAND_DELIM-0x2f_1996_DELIM-0x2f_01626_DELIM-0x2f_96    0.00%    passed     97.34%
 240  DENV4_DELIM-0x2f_THAILAND_DELIM-0x2f_2004_DELIM-0x2f_01639_DELIM-0x2f_04    0.00%    passed     99.97%
 241  DENV4_DELIM-0x2f_THAILAND_DELIM-0x2f_2000_DELIM-0x2f_01645_DELIM-0x2f_00    0.00%    passed     99.98%
 242  DENV4_DELIM-0x2f_THAILAND_DELIM-0x2f_2004_DELIM-0x2f_01645_DELIM-0x2f_04    0.00%    passed    100.00%
 243  DENV4_DELIM-0x2f_THAILAND_DELIM-0x2f_2006_DELIM-0x2f_01647_DELIM-0x2f_06    0.00%    passed     98.44%
 244  DENV4_DELIM-0x2f_THAILAND_DELIM-0x2f_2002_DELIM-0x2f_01648_DELIM-0x2f_02    0.00%    passed     99.41%
 245  DENV4_DELIM-0x2f_THAILAND_DELIM-0x2f_2004_DELIM-0x2f_01660_DELIM-0x2f_04    0.00%    passed     99.71%
 246  DENV4_DELIM-0x2f_THAILAND_DELIM-0x2f_2010_DELIM-0x2f_01677_DELIM-0x2f_10    0.07%    passed     99.46%
 247  DENV4_DELIM-0x2f_THAILAND_DELIM-0x2f_2000_DELIM-0x2f_01702_DELIM-0x2f_00    0.00%    passed     99.77%
 248  DENV4_DELIM-0x2f_THAILAND_DELIM-0x2f_2003_DELIM-0x2f_01710_DELIM-0x2f_03    0.00%    passed     99.98%
 249  DENV4_DELIM-0x2f_THAILAND_DELIM-0x2f_2006_DELIM-0x2f_01711_DELIM-0x2f_06    0.00%    passed     98.71%
 250  DENV4_DELIM-0x2f_THAILAND_DELIM-0x2f_2004_DELIM-0x2f_01719_DELIM-0x2f_04    0.00%    passed     99.82%
 251  DENV4_DELIM-0x2f_THAILAND_DELIM-0x2f_2003_DELIM-0x2f_01743_DELIM-0x2f_03    0.00%    passed     99.82%
 252  DENV4_DELIM-0x2f_THAILAND_DELIM-0x2f_2000_DELIM-0x2f_01757_DELIM-0x2f_00    0.00%    passed     99.96%
 253  DENV4_DELIM-0x2f_THAILAND_DELIM-0x2f_2004_DELIM-0x2f_01769_DELIM-0x2f_04    0.07%    passed     99.37%
 254  DENV4_DELIM-0x2f_THAILAND_DELIM-0x2f_2006_DELIM-0x2f_01782_DELIM-0x2f_06    0.00%    passed     99.99%
 255  DENV4_DELIM-0x2f_THAILAND_DELIM-0x2f_2003_DELIM-0x2f_01798_DELIM-0x2f_03    0.00%    passed     99.79%
 256  DENV4_DELIM-0x2f_THAILAND_DELIM-0x2f_2008_DELIM-0x2f_01810_DELIM-0x2f_08    0.00%    passed     99.88%
 257  DENV4_DELIM-0x2f_THAILAND_DELIM-0x2f_1995_DELIM-0x2f_01832_DELIM-0x2f_95    0.00%    passed     99.94%
 258  DENV4_DELIM-0x2f_THAILAND_DELIM-0x2f_2006_DELIM-0x2f_01837_DELIM-0x2f_06    0.07%    passed     99.73%
 259  DENV4_DELIM-0x2f_THAILAND_DELIM-0x2f_2007_DELIM-0x2f_01840_DELIM-0x2f_07    0.00%    passed     99.99%
 260  DENV4_DELIM-0x2f_THAILAND_DELIM-0x2f_2006_DELIM-0x2f_01862_DELIM-0x2f_06    0.00%    passed    100.00%
 261  DENV4_DELIM-0x2f_THAILAND_DELIM-0x2f_2006_DELIM-0x2f_01881_DELIM-0x2f_06    0.00%    passed     99.78%
 262  DENV4_DELIM-0x2f_THAILAND_DELIM-0x2f_2007_DELIM-0x2f_01923_DELIM-0x2f_07    0.00%    passed     98.44%
 263  DENV4_DELIM-0x2f_THAILAND_DELIM-0x2f_2006_DELIM-0x2f_01928_DELIM-0x2f_06    0.00%    passed     99.97%
 264  DENV4_DELIM-0x2f_THAILAND_DELIM-0x2f_2006_DELIM-0x2f_01938_DELIM-0x2f_06    0.00%    passed     99.69%
 265  DENV4_DELIM-0x2f_THAILAND_DELIM-0x2f_2006_DELIM-0x2f_01944_DELIM-0x2f_06    0.00%    passed     99.99%
 266  DENV4_DELIM-0x2f_THAILAND_DELIM-0x2f_2003_DELIM-0x2f_01947_DELIM-0x2f_03    0.00%    passed     99.85%
 267  DENV4_DELIM-0x2f_THAILAND_DELIM-0x2f_2007_DELIM-0x2f_01991_DELIM-0x2f_07    0.00%    passed     96.12%
 268  DENV4_DELIM-0x2f_THAILAND_DELIM-0x2f_2007_DELIM-0x2f_01993_DELIM-0x2f_07    0.00%    passed     99.50%
 269  DENV4_DELIM-0x2f_THAILAND_DELIM-0x2f_2003_DELIM-0x2f_02012_DELIM-0x2f_03    0.00%    passed     99.79%
 270  DENV4_DELIM-0x2f_THAILAND_DELIM-0x2f_2002_DELIM-0x2f_02020_DELIM-0x2f_02    0.00%    passed     99.94%
 271  DENV4_DELIM-0x2f_THAILAND_DELIM-0x2f_2000_DELIM-0x2f_02021_DELIM-0x2f_00    0.00%    passed     99.84%
 272  DENV4_DELIM-0x2f_THAILAND_DELIM-0x2f_2008_DELIM-0x2f_02023_DELIM-0x2f_08    0.00%    passed     96.20%
 273  DENV4_DELIM-0x2f_THAILAND_DELIM-0x2f_2003_DELIM-0x2f_02090_DELIM-0x2f_03    0.00%    passed    100.00%
 274  DENV4_DELIM-0x2f_THAILAND_DELIM-0x2f_2000_DELIM-0x2f_02098_DELIM-0x2f_00    0.00%    passed     99.84%
 275  DENV4_DELIM-0x2f_THAILAND_DELIM-0x2f_2000_DELIM-0x2f_02111_DELIM-0x2f_00    0.00%    passed     99.99%
 276  DENV4_DELIM-0x2f_THAILAND_DELIM-0x2f_2002_DELIM-0x2f_02131_DELIM-0x2f_02    0.00%    passed     99.67%
 277  DENV4_DELIM-0x2f_THAILAND_DELIM-0x2f_2000_DELIM-0x2f_02143_DELIM-0x2f_00    0.00%    passed     99.98%
 278  DENV4_DELIM-0x2f_THAILAND_DELIM-0x2f_2003_DELIM-0x2f_02168_DELIM-0x2f_03    0.00%    passed     99.77%
 279  DENV4_DELIM-0x2f_THAILAND_DELIM-0x2f_2006_DELIM-0x2f_02183_DELIM-0x2f_06    0.00%    passed     99.26%
 280  DENV4_DELIM-0x2f_THAILAND_DELIM-0x2f_2006_DELIM-0x2f_02187_DELIM-0x2f_06    0.00%    passed     99.99%
 281  DENV4_DELIM-0x2f_THAILAND_DELIM-0x2f_2006_DELIM-0x2f_02190_DELIM-0x2f_06    0.00%    passed     99.98%
 282  DENV4_DELIM-0x2f_THAILAND_DELIM-0x2f_2006_DELIM-0x2f_02192_DELIM-0x2f_06    0.00%    passed     99.68%
 283  DENV4_DELIM-0x2f_THAILAND_DELIM-0x2f_2006_DELIM-0x2f_02194_DELIM-0x2f_06    0.00%    passed     99.71%
 284  DENV4_DELIM-0x2f_THAILAND_DELIM-0x2f_2003_DELIM-0x2f_02197_DELIM-0x2f_03    0.00%    passed     99.79%
 285  DENV4_DELIM-0x2f_THAILAND_DELIM-0x2f_2006_DELIM-0x2f_02197_DELIM-0x2f_06    0.00%    passed     99.56%
 286  DENV4_DELIM-0x2f_THAILAND_DELIM-0x2f_2003_DELIM-0x2f_02198_DELIM-0x2f_03    0.07%    passed     99.55%
 287  DENV4_DELIM-0x2f_THAILAND_DELIM-0x2f_2006_DELIM-0x2f_02198_DELIM-0x2f_06    0.00%    passed     99.26%
 288  DENV4_DELIM-0x2f_THAILAND_DELIM-0x2f_2003_DELIM-0x2f_02201_DELIM-0x2f_03    0.00%    passed     99.98%
 289  DENV4_DELIM-0x2f_THAILAND_DELIM-0x2f_2007_DELIM-0x2f_02204_DELIM-0x2f_07    0.00%    passed     99.97%
 290  DENV4_DELIM-0x2f_THAILAND_DELIM-0x2f_2003_DELIM-0x2f_02207_DELIM-0x2f_03    0.07%    passed     99.90%
 291  DENV4_DELIM-0x2f_THAILAND_DELIM-0x2f_2002_DELIM-0x2f_02269_DELIM-0x2f_02    0.13%    passed     99.95%
 292  DENV4_DELIM-0x2f_THAILAND_DELIM-0x2f_2006_DELIM-0x2f_02286_DELIM-0x2f_06    0.00%    passed     99.67%
 293  DENV4_DELIM-0x2f_THAILAND_DELIM-0x2f_2003_DELIM-0x2f_02373_DELIM-0x2f_03    0.00%    passed     99.65%
 294  DENV4_DELIM-0x2f_THAILAND_DELIM-0x2f_2003_DELIM-0x2f_02377_DELIM-0x2f_03    0.20%    passed     99.77%
 295  DENV4_DELIM-0x2f_THAILAND_DELIM-0x2f_2006_DELIM-0x2f_02383_DELIM-0x2f_06    0.00%    passed     99.80%
 296  DENV4_DELIM-0x2f_THAILAND_DELIM-0x2f_2006_DELIM-0x2f_02385_DELIM-0x2f_06    0.00%    passed     99.17%
 297  DENV4_DELIM-0x2f_THAILAND_DELIM-0x2f_2007_DELIM-0x2f_02392_DELIM-0x2f_07    0.00%    passed     99.26%
 298  DENV4_DELIM-0x2f_THAILAND_DELIM-0x2f_2002_DELIM-0x2f_02412_DELIM-0x2f_02    0.00%    passed     99.96%
 299  DENV4_DELIM-0x2f_THAILAND_DELIM-0x2f_2002_DELIM-0x2f_02414_DELIM-0x2f_02    0.07%    passed     99.81%
 300  DENV4_DELIM-0x2f_THAILAND_DELIM-0x2f_2003_DELIM-0x2f_02452_DELIM-0x2f_03    0.00%    passed     99.66%
 301  DENV4_DELIM-0x2f_THAILAND_DELIM-0x2f_2006_DELIM-0x2f_02456_DELIM-0x2f_06    0.00%    passed     99.17%
 302  DENV4_DELIM-0x2f_THAILAND_DELIM-0x2f_2006_DELIM-0x2f_02498_DELIM-0x2f_06    0.00%    passed     99.82%
 303  DENV4_DELIM-0x2f_THAILAND_DELIM-0x2f_2006_DELIM-0x2f_02540_DELIM-0x2f_06    0.07%    passed     97.37%
 304  DENV4_DELIM-0x2f_THAILAND_DELIM-0x2f_2002_DELIM-0x2f_02572_DELIM-0x2f_02    0.00%    passed     99.84%
 305  DENV4_DELIM-0x2f_THAILAND_DELIM-0x2f_2006_DELIM-0x2f_02586_DELIM-0x2f_06    0.00%    passed     99.92%
 306  DENV4_DELIM-0x2f_THAILAND_DELIM-0x2f_2006_DELIM-0x2f_02606_DELIM-0x2f_06    0.00%    passed     99.96%
 307  DENV4_DELIM-0x2f_THAILAND_DELIM-0x2f_2001_DELIM-0x2f_02623_DELIM-0x2f_01    0.00%    passed     99.96%
 308  DENV4_DELIM-0x2f_THAILAND_DELIM-0x2f_2006_DELIM-0x2f_02674_DELIM-0x2f_06    0.00%    passed     97.53%
 309  DENV4_DELIM-0x2f_THAILAND_DELIM-0x2f_2006_DELIM-0x2f_02700_DELIM-0x2f_06    0.00%    passed     99.82%
 310  DENV4_DELIM-0x2f_THAILAND_DELIM-0x2f_2002_DELIM-0x2f_02705_DELIM-0x2f_02    0.00%    passed     98.83%
 311  DENV4_DELIM-0x2f_THAILAND_DELIM-0x2f_2006_DELIM-0x2f_02720_DELIM-0x2f_06    0.00%    passed     99.65%
 312  DENV4_DELIM-0x2f_THAILAND_DELIM-0x2f_1997_DELIM-0x2f_02739_DELIM-0x2f_97    0.07%    passed     96.89%
 313  DENV4_DELIM-0x2f_THAILAND_DELIM-0x2f_2006_DELIM-0x2f_02749_DELIM-0x2f_06    0.00%    passed     99.98%
 314  DENV4_DELIM-0x2f_THAILAND_DELIM-0x2f_2001_DELIM-0x2f_02765_DELIM-0x2f_01    0.00%    passed     99.98%
 315  DENV4_DELIM-0x2f_THAILAND_DELIM-0x2f_1999_DELIM-0x2f_02821_DELIM-0x2f_99    0.00%    passed     99.94%
 316  DENV4_DELIM-0x2f_THAILAND_DELIM-0x2f_1993_DELIM-0x2f_02838_DELIM-0x2f_93    0.00%    passed     98.55%
 317  DENV4_DELIM-0x2f_THAILAND_DELIM-0x2f_2006_DELIM-0x2f_02852_DELIM-0x2f_06    0.00%    passed     99.83%
 318  DENV4_DELIM-0x2f_THAILAND_DELIM-0x2f_2002_DELIM-0x2f_02862_DELIM-0x2f_02    0.13%    passed     99.89%
 319  DENV4_DELIM-0x2f_THAILAND_DELIM-0x2f_1999_DELIM-0x2f_02897_DELIM-0x2f_99    0.00%    passed     99.90%
 320  DENV4_DELIM-0x2f_THAILAND_DELIM-0x2f_2002_DELIM-0x2f_02899_DELIM-0x2f_02    0.00%    passed     99.96%
 321  DENV4_DELIM-0x2f_THAILAND_DELIM-0x2f_1999_DELIM-0x2f_02966_DELIM-0x2f_99    0.00%    passed     99.90%
 322  DENV4_DELIM-0x2f_THAILAND_DELIM-0x2f_2002_DELIM-0x2f_03060_DELIM-0x2f_02    0.00%    passed     99.99%
 323  DENV4_DELIM-0x2f_THAILAND_DELIM-0x2f_2001_DELIM-0x2f_03081_DELIM-0x2f_01    0.00%    passed    100.00%
 324  DENV4_DELIM-0x2f_THAILAND_DELIM-0x2f_2002_DELIM-0x2f_03096_DELIM-0x2f_02    0.07%    passed     99.99%
 325  DENV4_DELIM-0x2f_THAILAND_DELIM-0x2f_2002_DELIM-0x2f_03113_DELIM-0x2f_02    0.00%    passed     99.93%
 326  DENV4_DELIM-0x2f_THAILAND_DELIM-0x2f_2002_DELIM-0x2f_03169_DELIM-0x2f_02    0.00%    passed     99.94%
 327  DENV4_DELIM-0x2f_THAILAND_DELIM-0x2f_2001_DELIM-0x2f_03348_DELIM-0x2f_01    0.00%    passed    100.00%
 328  DENV4_DELIM-0x2f_THAILAND_DELIM-0x2f_1999_DELIM-0x2f_03401_DELIM-0x2f_99    0.00%    passed     99.98%
 329  DENV4_DELIM-0x2f_THAILAND_DELIM-0x2f_1999_DELIM-0x2f_03471_DELIM-0x2f_99    0.00%    passed     99.99%
 330  DENV4_DELIM-0x2f_THAILAND_DELIM-0x2f_1999_DELIM-0x2f_03494_DELIM-0x2f_99    0.00%    passed     99.68%
 331  DENV4_DELIM-0x2f_THAILAND_DELIM-0x2f_2001_DELIM-0x2f_03531_DELIM-0x2f_01    0.00%    passed     99.92%
 332  DENV4_DELIM-0x2f_THAILAND_DELIM-0x2f_1999_DELIM-0x2f_03541_DELIM-0x2f_99    0.00%    passed     99.98%
 333  DENV4_DELIM-0x2f_THAILAND_DELIM-0x2f_2001_DELIM-0x2f_03643_DELIM-0x2f_01    0.00%    passed     99.82%
 334  DENV4_DELIM-0x2f_THAILAND_DELIM-0x2f_2001_DELIM-0x2f_03843_DELIM-0x2f_01    0.00%    passed     99.99%
 335  DENV4_DELIM-0x2f_THAILAND_DELIM-0x2f_1999_DELIM-0x2f_04058_DELIM-0x2f_99    0.00%    passed     99.90%
 336  DENV4_DELIM-0x2f_THAILAND_DELIM-0x2f_2001_DELIM-0x2f_04094_DELIM-0x2f_01    0.00%    passed     97.07%
 337  DENV4_DELIM-0x2f_THAILAND_DELIM-0x2f_2001_DELIM-0x2f_04134_DELIM-0x2f_01    0.00%    passed     99.99%
 338  DENV4_DELIM-0x2f_THAILAND_DELIM-0x2f_1999_DELIM-0x2f_04390_DELIM-0x2f_99    0.00%    passed     98.10%
 339  DENV4_DELIM-0x2f_THAILAND_DELIM-0x2f_1999_DELIM-0x2f_04425_DELIM-0x2f_99    0.00%    passed     99.91%
 340  DENV4_DELIM-0x2f_THAILAND_DELIM-0x2f_1998_DELIM-0x2f_04444_DELIM-0x2f_98    0.00%    passed     99.69%
 341  DENV4_DELIM-0x2f_THAILAND_DELIM-0x2f_1998_DELIM-0x2f_04634_DELIM-0x2f_98    0.00%    passed     97.64%
 342  DENV4_DELIM-0x2f_THAILAND_DELIM-0x2f_2000_DELIM-0x2f_04784_DELIM-0x2f_00    0.07%    passed     99.92%
 343  DENV4_DELIM-0x2f_THAILAND_DELIM-0x2f_1998_DELIM-0x2f_04786_DELIM-0x2f_98    0.07%    passed     97.24%
 344  DENV4_DELIM-0x2f_THAILAND_DELIM-0x2f_2000_DELIM-0x2f_04854_DELIM-0x2f_00    0.07%    passed     99.99%
 345  DENV4_DELIM-0x2f_THAILAND_DELIM-0x2f_1999_DELIM-0x2f_05341_DELIM-0x2f_99    0.07%    passed     99.91%
 346  DENV4_DELIM-0x2f_THAILAND_DELIM-0x2f_2001_DELIM-0x2f_05386_DELIM-0x2f_01    0.00%    passed     99.92%
 347  DENV4_DELIM-0x2f_THAILAND_DELIM-0x2f_2001_DELIM-0x2f_05429_DELIM-0x2f_01    0.07%    passed     99.93%
 348  DENV4_DELIM-0x2f_THAILAND_DELIM-0x2f_2001_DELIM-0x2f_05432_DELIM-0x2f_01    0.00%    passed    100.00%
 349  DENV4_DELIM-0x2f_THAILAND_DELIM-0x2f_1999_DELIM-0x2f_05475_DELIM-0x2f_99    0.00%    passed     99.90%
 350  DENV4_DELIM-0x2f_THAILAND_DELIM-0x2f_2000_DELIM-0x2f_05496_DELIM-0x2f_00    0.00%    passed     92.97%
 351  DENV4_DELIM-0x2f_THAILAND_DELIM-0x2f_1999_DELIM-0x2f_05538_DELIM-0x2f_99    0.07%    passed     99.99%
 352  DENV4_DELIM-0x2f_THAILAND_DELIM-0x2f_2000_DELIM-0x2f_05548_DELIM-0x2f_00    0.00%    passed     99.99%
 353  DENV4_DELIM-0x2f_THAILAND_DELIM-0x2f_2000_DELIM-0x2f_05771_DELIM-0x2f_00    0.00%    passed     99.98%
 354  DENV4_DELIM-0x2f_THAILAND_DELIM-0x2f_2000_DELIM-0x2f_05782_DELIM-0x2f_00    0.00%    passed    100.00%
 355  DENV4_DELIM-0x2f_THAILAND_DELIM-0x2f_2001_DELIM-0x2f_05908_DELIM-0x2f_01    0.00%    passed     99.25%
 356  DENV4_DELIM-0x2f_THAILAND_DELIM-0x2f_2000_DELIM-0x2f_05984_DELIM-0x2f_00    0.00%    passed    100.00%
 357  DENV4_DELIM-0x2f_THAILAND_DELIM-0x2f_2000_DELIM-0x2f_05997_DELIM-0x2f_00    0.00%    passed    100.00%
 358  DENV4_DELIM-0x2f_THAILAND_DELIM-0x2f_2001_DELIM-0x2f_06019_DELIM-0x2f_01    0.00%    passed     99.99%
 359  DENV4_DELIM-0x2f_THAILAND_DELIM-0x2f_1998_DELIM-0x2f_06075_DELIM-0x2f_98    0.00%    passed     99.25%
 360  DENV4_DELIM-0x2f_THAILAND_DELIM-0x2f_2001_DELIM-0x2f_06122_DELIM-0x2f_01    0.00%    passed     99.75%
 361  DENV4_DELIM-0x2f_THAILAND_DELIM-0x2f_1998_DELIM-0x2f_06181_DELIM-0x2f_98    0.00%    passed     99.99%
 362  DENV4_DELIM-0x2f_THAILAND_DELIM-0x2f_1998_DELIM-0x2f_06523_DELIM-0x2f_98    0.07%    passed     98.56%
 363  DENV4_DELIM-0x2f_THAILAND_DELIM-0x2f_1998_DELIM-0x2f_06564_DELIM-0x2f_98    0.00%    passed     99.61%
 364  DENV4_DELIM-0x2f_THAILAND_DELIM-0x2f_2001_DELIM-0x2f_06575_DELIM-0x2f_01    0.00%    passed     99.94%
 365  DENV4_DELIM-0x2f_THAILAND_DELIM-0x2f_2001_DELIM-0x2f_06712_DELIM-0x2f_01    0.00%    passed     99.80%
 366  DENV4_DELIM-0x2f_THAILAND_DELIM-0x2f_2001_DELIM-0x2f_06949_DELIM-0x2f_01    0.00%    passed     99.96%
 367  DENV4_DELIM-0x2f_THAILAND_DELIM-0x2f_2001_DELIM-0x2f_06951_DELIM-0x2f_01    0.00%    passed     99.89%
 368  DENV4_DELIM-0x2f_THAILAND_DELIM-0x2f_1995_DELIM-0x2f_30035_DELIM-0x2f_95    0.00%    passed     99.94%
 369  DENV4_DELIM-0x2f_THAILAND_DELIM-0x2f_1995_DELIM-0x2f_30056_DELIM-0x2f_95    0.00%    passed     99.84%
 370  DENV4_DELIM-0x2f_THAILAND_DELIM-0x2f_1994_DELIM-0x2f_30071_DELIM-0x2f_94    0.00%    passed     99.89%
 371  DENV4_DELIM-0x2f_THAILAND_DELIM-0x2f_1994_DELIM-0x2f_30091_DELIM-0x2f_94    0.00%    passed     99.80%
 372  DENV4_DELIM-0x2f_THAILAND_DELIM-0x2f_1994_DELIM-0x2f_30127_DELIM-0x2f_94    0.00%    passed     99.97%
 373  DENV4_DELIM-0x2f_THAILAND_DELIM-0x2f_1994_DELIM-0x2f_30158_DELIM-0x2f_94    0.00%    passed     99.97%
 374  DENV4_DELIM-0x2f_THAILAND_DELIM-0x2f_1994_DELIM-0x2f_30292_DELIM-0x2f_94    0.00%    passed     99.99%
 375  DENV4_DELIM-0x2f_THAILAND_DELIM-0x2f_1994_DELIM-0x2f_30302_DELIM-0x2f_94    0.00%    passed     99.90%
 376  DENV4_DELIM-0x2f_THAILAND_DELIM-0x2f_1994_DELIM-0x2f_30324_DELIM-0x2f_94    0.00%    passed     99.99%
 377  DENV4_DELIM-0x2f_THAILAND_DELIM-0x2f_1994_DELIM-0x2f_30341_DELIM-0x2f_94    0.00%    passed     99.68%
 378  DENV4_DELIM-0x2f_THAILAND_DELIM-0x2f_1994_DELIM-0x2f_30343_DELIM-0x2f_94    0.00%    passed     99.97%
 379  DENV4_DELIM-0x2f_THAILAND_DELIM-0x2f_1994_DELIM-0x2f_30344_DELIM-0x2f_94    0.07%    passed     99.98%
 380  DENV4_DELIM-0x2f_THAILAND_DELIM-0x2f_1994_DELIM-0x2f_30446_DELIM-0x2f_94    0.00%    passed     99.97%
 381  DENV4_DELIM-0x2f_THAILAND_DELIM-0x2f_1994_DELIM-0x2f_30479_DELIM-0x2f_94    0.00%    passed     99.84%
 382  DENV4_DELIM-0x2f_THAILAND_DELIM-0x2f_1994_DELIM-0x2f_30540_DELIM-0x2f_94    0.00%    passed     99.97%
 383  DENV4_DELIM-0x2f_THAILAND_DELIM-0x2f_1994_DELIM-0x2f_30610_DELIM-0x2f_94    0.00%    passed     99.91%
 384  DENV4_DELIM-0x2f_BRAZIL_DELIM-0x2f_2012_DELIM-0x2f_BR-2                     0.00%    passed     99.64%
 385  DENV4_DELIM-0x2f_BRAZIL_DELIM-0x2f_2012_DELIM-0x2f_BR-23                    0.00%    passed     99.39%
 386  DENV4_DELIM-0x2f_BRAZIL_DELIM-0x2f_2012_DELIM-0x2f_BR-12                    0.00%    passed     99.23%
 387  DENV4_DELIM-0x2f_MYANMAR_DELIM-0x2f_2008_DELIM-0x2f_81087                   0.00%    passed     98.64%
 388  DENV4_DELIM-0x2f_DOMINICA_DELIM-0x2f_1981_DELIM-0x2f_42A                    0.00%    passed     95.12%
 389  DENV4_DELIM-0x2f_INDONESIA_DELIM-0x2f_1973_DELIM-0x2f_M30153-AC36           0.00%    passed     94.32%
 390  DENV4_DELIM-0x2f_NICARAGUA_DELIM-0x2f_1999_DELIM-0x2f_703                   0.00%    passed     94.12%
 391  DENV4_DELIM-0x2f_PUERTORICO_DELIM-0x2f_1998_DELIM-0x2f_347751               0.00%    passed     98.91%
 392  DENV4_DELIM-0x2f_PUERTORICO_DELIM-0x2f_1999_DELIM-0x2f_BID-V2446            0.00%    passed     96.78%
 393  DENV4_DELIM-0x2f_INDONESIA_DELIM-0x2f_1978_DELIM-0x2f_S1228                 0.47%    passed     93.96%
 394  DENV4_DELIM-0x2f_MALAYSIA_DELIM-0x2f_1973_DELIM-0x2f_P73-1120               0.00%    passed     60.61%
 395  DENV4_DELIM-0x2f_THAILAND_DELIM-0x2f_1985_DELIM-0x2f_D85-052                0.00%    passed     96.00%
 396  DENV4_DELIM-0x2f_CAMBODIA_DELIM-0x2f_2010_DELIM-0x2f_U0811386               0.00%    passed     98.95%
 397  DENV4_DELIM-0x2f_CAMBODIA_DELIM-0x2f_2010_DELIM-0x2f_U0811384               0.00%    passed     98.95%
 398  DENV4_DELIM-0x2f_CAMBODIA_DELIM-0x2f_2011_DELIM-0x2f_V0627305               0.00%    passed     99.95%
 399  DENV4_DELIM-0x2f_CAMBODIA_DELIM-0x2f_2011_DELIM-0x2f_V0624301               0.00%    passed     99.99%
 400  DENV4_DELIM-0x2f_CAMBODIA_DELIM-0x2f_2008_DELIM-0x2f_D4S0915182_KH08_PHP    0.00%    passed     99.92%
 401  DENV4_DELIM-0x2f_CAMBODIA_DELIM-0x2f_2008_DELIM-0x2f_D4S1215101_KH08_PHP    0.00%    passed     98.64%
 402  DENV4_DELIM-0x2f_CAMBODIA_DELIM-0x2f_2009_DELIM-0x2f_D4T0529172_KH09_KCH    0.00%    passed     99.94%
 403  DENV4_DELIM-0x2f_CAMBODIA_DELIM-0x2f_2009_DELIM-0x2f_D4T0615158_KH09_KCH    0.00%    passed     99.94%
****  TOTAL                                                                       0.01%  0 sequences failed composition chi2 test (p-value<5%; df=3)
NOTE: DENV4_DELIM-0x2f_THAILAND_DELIM-0x2f_1999_DELIM-0x2f_02966_DELIM-0x2f_99 is identical to DENV4_DELIM-0x2f_THAILAND_DELIM-0x2f_1999_DELIM-0x2f_00027_DELIM-0x2f_99 but kept for subsequent analysis
NOTE: DENV4_DELIM-0x2f_THAILAND_DELIM-0x2f_2001_DELIM-0x2f_02765_DELIM-0x2f_01 is identical to DENV4_DELIM-0x2f_THAILAND_DELIM-0x2f_2001_DELIM-0x2f_00044_DELIM-0x2f_01 but kept for subsequent analysis
NOTE: DENV4_DELIM-0x2f_THAILAND_DELIM-0x2f_2011_DELIM-0x2f_00251_DELIM-0x2f_11 is identical to DENV4_DELIM-0x2f_THAILAND_DELIM-0x2f_2012_DELIM-0x2f_00112_DELIM-0x2f_12 but kept for subsequent analysis
NOTE: DENV4_DELIM-0x2f_THAILAND_DELIM-0x2f_2000_DELIM-0x2f_00235_DELIM-0x2f_00 is identical to DENV4_DELIM-0x2f_THAILAND_DELIM-0x2f_2001_DELIM-0x2f_00114_DELIM-0x2f_01 but kept for subsequent analysis
NOTE: DENV4_DELIM-0x2f_THAILAND_DELIM-0x2f_2004_DELIM-0x2f_00680_DELIM-0x2f_04 is identical to DENV4_DELIM-0x2f_THAILAND_DELIM-0x2f_2003_DELIM-0x2f_00187_DELIM-0x2f_03 but kept for subsequent analysis
NOTE: DENV4_DELIM-0x2f_THAILAND_DELIM-0x2f_2002_DELIM-0x2f_01648_DELIM-0x2f_02 is identical to DENV4_DELIM-0x2f_THAILAND_DELIM-0x2f_2003_DELIM-0x2f_00205_DELIM-0x2f_03 but kept for subsequent analysis
NOTE: DENV4_DELIM-0x2f_THAILAND_DELIM-0x2f_2006_DELIM-0x2f_00356_DELIM-0x2f_06 is identical to DENV4_DELIM-0x2f_THAILAND_DELIM-0x2f_1999_DELIM-0x2f_00336_DELIM-0x2f_99 but kept for subsequent analysis
NOTE: DENV4_DELIM-0x2f_THAILAND_DELIM-0x2f_1999_DELIM-0x2f_00508_DELIM-0x2f_99 is identical to DENV4_DELIM-0x2f_THAILAND_DELIM-0x2f_1999_DELIM-0x2f_00362_DELIM-0x2f_99 but kept for subsequent analysis
NOTE: DENV4_DELIM-0x2f_THAILAND_DELIM-0x2f_2014_DELIM-0x2f_00385_DELIM-0x2f_14 is identical to DENV4_DELIM-0x2f_THAILAND_DELIM-0x2f_2014_DELIM-0x2f_00365_DELIM-0x2f_14 but kept for subsequent analysis
NOTE: DENV4_DELIM-0x2f_THAILAND_DELIM-0x2f_2006_DELIM-0x2f_00585_DELIM-0x2f_06 is identical to DENV4_DELIM-0x2f_THAILAND_DELIM-0x2f_2006_DELIM-0x2f_00394_DELIM-0x2f_06 but kept for subsequent analysis
NOTE: DENV4_DELIM-0x2f_THAILAND_DELIM-0x2f_2004_DELIM-0x2f_01369_DELIM-0x2f_04 is identical to DENV4_DELIM-0x2f_THAILAND_DELIM-0x2f_2004_DELIM-0x2f_00395_DELIM-0x2f_04 but kept for subsequent analysis
NOTE: DENV4_DELIM-0x2f_THAILAND_DELIM-0x2f_2006_DELIM-0x2f_02187_DELIM-0x2f_06 is identical to DENV4_DELIM-0x2f_THAILAND_DELIM-0x2f_2006_DELIM-0x2f_00395_DELIM-0x2f_06 but kept for subsequent analysis
NOTE: DENV4_DELIM-0x2f_THAILAND_DELIM-0x2f_2000_DELIM-0x2f_01477_DELIM-0x2f_00 is identical to DENV4_DELIM-0x2f_THAILAND_DELIM-0x2f_2000_DELIM-0x2f_00414_DELIM-0x2f_00 but kept for subsequent analysis
NOTE: DENV4_DELIM-0x2f_THAILAND_DELIM-0x2f_2004_DELIM-0x2f_00746_DELIM-0x2f_04 is identical to DENV4_DELIM-0x2f_THAILAND_DELIM-0x2f_2008_DELIM-0x2f_00471_DELIM-0x2f_08 but kept for subsequent analysis
NOTE: DENV4_DELIM-0x2f_THAILAND_DELIM-0x2f_2014_DELIM-0x2f_00615_DELIM-0x2f_14 is identical to DENV4_DELIM-0x2f_THAILAND_DELIM-0x2f_2014_DELIM-0x2f_00514_DELIM-0x2f_14 but kept for subsequent analysis
NOTE: DENV4_DELIM-0x2f_THAILAND_DELIM-0x2f_2006_DELIM-0x2f_00578_DELIM-0x2f_06 is identical to DENV4_DELIM-0x2f_THAILAND_DELIM-0x2f_2006_DELIM-0x2f_00533_DELIM-0x2f_06 but kept for subsequent analysis
NOTE: DENV4_DELIM-0x2f_THAILAND_DELIM-0x2f_2000_DELIM-0x2f_05782_DELIM-0x2f_00 is identical to DENV4_DELIM-0x2f_THAILAND_DELIM-0x2f_2001_DELIM-0x2f_00534_DELIM-0x2f_01 but kept for subsequent analysis
NOTE: DENV4_DELIM-0x2f_THAILAND_DELIM-0x2f_2006_DELIM-0x2f_00632_DELIM-0x2f_06 is identical to DENV4_DELIM-0x2f_THAILAND_DELIM-0x2f_2006_DELIM-0x2f_00584_DELIM-0x2f_06 but kept for subsequent analysis
NOTE: DENV4_DELIM-0x2f_THAILAND_DELIM-0x2f_2005_DELIM-0x2f_01055_DELIM-0x2f_05 is identical to DENV4_DELIM-0x2f_THAILAND_DELIM-0x2f_2005_DELIM-0x2f_00943_DELIM-0x2f_05 but kept for subsequent analysis
NOTE: DENV4_DELIM-0x2f_THAILAND_DELIM-0x2f_1998_DELIM-0x2f_06181_DELIM-0x2f_98 is identical to DENV4_DELIM-0x2f_THAILAND_DELIM-0x2f_1999_DELIM-0x2f_00984_DELIM-0x2f_99 but kept for subsequent analysis
NOTE: DENV4_DELIM-0x2f_THAILAND_DELIM-0x2f_2003_DELIM-0x2f_01798_DELIM-0x2f_03 is identical to DENV4_DELIM-0x2f_THAILAND_DELIM-0x2f_2003_DELIM-0x2f_00987_DELIM-0x2f_03 but kept for subsequent analysis
NOTE: DENV4_DELIM-0x2f_THAILAND_DELIM-0x2f_2006_DELIM-0x2f_02383_DELIM-0x2f_06 is identical to DENV4_DELIM-0x2f_THAILAND_DELIM-0x2f_2006_DELIM-0x2f_01107_DELIM-0x2f_06 but kept for subsequent analysis
NOTE: DENV4_DELIM-0x2f_THAILAND_DELIM-0x2f_2006_DELIM-0x2f_02190_DELIM-0x2f_06 is identical to DENV4_DELIM-0x2f_THAILAND_DELIM-0x2f_2006_DELIM-0x2f_01278_DELIM-0x2f_06 but kept for subsequent analysis
NOTE: DENV4_DELIM-0x2f_THAILAND_DELIM-0x2f_2007_DELIM-0x2f_02392_DELIM-0x2f_07 is identical to DENV4_DELIM-0x2f_THAILAND_DELIM-0x2f_2006_DELIM-0x2f_01295_DELIM-0x2f_06 but kept for subsequent analysis
NOTE: DENV4_DELIM-0x2f_THAILAND_DELIM-0x2f_2006_DELIM-0x2f_02385_DELIM-0x2f_06 is identical to DENV4_DELIM-0x2f_THAILAND_DELIM-0x2f_2006_DELIM-0x2f_01405_DELIM-0x2f_06 but kept for subsequent analysis
NOTE: DENV4_DELIM-0x2f_THAILAND_DELIM-0x2f_2000_DELIM-0x2f_02111_DELIM-0x2f_00 is identical to DENV4_DELIM-0x2f_THAILAND_DELIM-0x2f_2000_DELIM-0x2f_01441_DELIM-0x2f_00 but kept for subsequent analysis
NOTE: DENV4_DELIM-0x2f_THAILAND_DELIM-0x2f_2007_DELIM-0x2f_01923_DELIM-0x2f_07 is identical to DENV4_DELIM-0x2f_THAILAND_DELIM-0x2f_2006_DELIM-0x2f_01647_DELIM-0x2f_06 but kept for subsequent analysis
NOTE: DENV4_DELIM-0x2f_THAILAND_DELIM-0x2f_2003_DELIM-0x2f_02201_DELIM-0x2f_03 is identical to DENV4_DELIM-0x2f_THAILAND_DELIM-0x2f_2003_DELIM-0x2f_01710_DELIM-0x2f_03 but kept for subsequent analysis
NOTE: DENV4_DELIM-0x2f_THAILAND_DELIM-0x2f_2006_DELIM-0x2f_02198_DELIM-0x2f_06 is identical to DENV4_DELIM-0x2f_THAILAND_DELIM-0x2f_2006_DELIM-0x2f_02183_DELIM-0x2f_06 but kept for subsequent analysis
NOTE: DENV4_DELIM-0x2f_THAILAND_DELIM-0x2f_1999_DELIM-0x2f_04058_DELIM-0x2f_99 is identical to DENV4_DELIM-0x2f_THAILAND_DELIM-0x2f_1999_DELIM-0x2f_02897_DELIM-0x2f_99 but kept for subsequent analysis
NOTE: DENV4_DELIM-0x2f_THAILAND_DELIM-0x2f_2001_DELIM-0x2f_03348_DELIM-0x2f_01 is identical to DENV4_DELIM-0x2f_THAILAND_DELIM-0x2f_2001_DELIM-0x2f_03081_DELIM-0x2f_01 but kept for subsequent analysis
NOTE: DENV4_DELIM-0x2f_THAILAND_DELIM-0x2f_1999_DELIM-0x2f_03541_DELIM-0x2f_99 is identical to DENV4_DELIM-0x2f_THAILAND_DELIM-0x2f_1999_DELIM-0x2f_03401_DELIM-0x2f_99 but kept for subsequent analysis
NOTE: DENV4_DELIM-0x2f_THAILAND_DELIM-0x2f_1994_DELIM-0x2f_30446_DELIM-0x2f_94 is identical to DENV4_DELIM-0x2f_THAILAND_DELIM-0x2f_1994_DELIM-0x2f_30343_DELIM-0x2f_94 but kept for subsequent analysis
NOTE: DENV4_DELIM-0x2f_CAMBODIA_DELIM-0x2f_2010_DELIM-0x2f_U0811384 is identical to DENV4_DELIM-0x2f_CAMBODIA_DELIM-0x2f_2010_DELIM-0x2f_U0811386 but kept for subsequent analysis
NOTE: DENV4_DELIM-0x2f_CAMBODIA_DELIM-0x2f_2009_DELIM-0x2f_D4T0615158_KH09_KCH is identical to DENV4_DELIM-0x2f_CAMBODIA_DELIM-0x2f_2009_DELIM-0x2f_D4T0529172_KH09_KCH but kept for subsequent analysis
Checking for duplicate sequences: done in 0.00474599 secs using 1377% CPU
Identifying sites to remove: done in 0.00183312 secs using 1516% CPU
NOTE: 17 identical sequences (see below) will be ignored for subsequent analysis
NOTE: DENV4_DELIM-0x2f_THAILAND_DELIM-0x2f_2000_DELIM-0x2f_05771_DELIM-0x2f_00 (identical to DENV4_DELIM-0x2f_THAILAND_DELIM-0x2f_2001_DELIM-0x2f_00044_DELIM-0x2f_01) is ignored but added at the end
NOTE: DENV4_DELIM-0x2f_THAILAND_DELIM-0x2f_2011_DELIM-0x2f_00257_DELIM-0x2f_11 (identical to DENV4_DELIM-0x2f_THAILAND_DELIM-0x2f_2012_DELIM-0x2f_00112_DELIM-0x2f_12) is ignored but added at the end
NOTE: DENV4_DELIM-0x2f_THAILAND_DELIM-0x2f_2012_DELIM-0x2f_00637_DELIM-0x2f_12 (identical to DENV4_DELIM-0x2f_THAILAND_DELIM-0x2f_2012_DELIM-0x2f_00112_DELIM-0x2f_12) is ignored but added at the end
NOTE: DENV4_DELIM-0x2f_THAILAND_DELIM-0x2f_2005_DELIM-0x2f_01494_DELIM-0x2f_05 (identical to DENV4_DELIM-0x2f_THAILAND_DELIM-0x2f_1999_DELIM-0x2f_00336_DELIM-0x2f_99) is ignored but added at the end
NOTE: DENV4_DELIM-0x2f_THAILAND_DELIM-0x2f_2006_DELIM-0x2f_01862_DELIM-0x2f_06 (identical to DENV4_DELIM-0x2f_THAILAND_DELIM-0x2f_1999_DELIM-0x2f_00336_DELIM-0x2f_99) is ignored but added at the end
NOTE: DENV4_DELIM-0x2f_THAILAND_DELIM-0x2f_2014_DELIM-0x2f_00575_DELIM-0x2f_14 (identical to DENV4_DELIM-0x2f_THAILAND_DELIM-0x2f_2014_DELIM-0x2f_00365_DELIM-0x2f_14) is ignored but added at the end
NOTE: DENV4_DELIM-0x2f_THAILAND_DELIM-0x2f_2004_DELIM-0x2f_01660_DELIM-0x2f_04 (identical to DENV4_DELIM-0x2f_THAILAND_DELIM-0x2f_2004_DELIM-0x2f_00395_DELIM-0x2f_04) is ignored but added at the end
NOTE: DENV4_DELIM-0x2f_THAILAND_DELIM-0x2f_2006_DELIM-0x2f_02498_DELIM-0x2f_06 (identical to DENV4_DELIM-0x2f_THAILAND_DELIM-0x2f_2006_DELIM-0x2f_00533_DELIM-0x2f_06) is ignored but added at the end
NOTE: DENV4_DELIM-0x2f_THAILAND_DELIM-0x2f_2006_DELIM-0x2f_02700_DELIM-0x2f_06 (identical to DENV4_DELIM-0x2f_THAILAND_DELIM-0x2f_2006_DELIM-0x2f_00533_DELIM-0x2f_06) is ignored but added at the end
NOTE: DENV4_DELIM-0x2f_THAILAND_DELIM-0x2f_2000_DELIM-0x2f_05984_DELIM-0x2f_00 (identical to DENV4_DELIM-0x2f_THAILAND_DELIM-0x2f_2001_DELIM-0x2f_00534_DELIM-0x2f_01) is ignored but added at the end
NOTE: DENV4_DELIM-0x2f_THAILAND_DELIM-0x2f_2000_DELIM-0x2f_05997_DELIM-0x2f_00 (identical to DENV4_DELIM-0x2f_THAILAND_DELIM-0x2f_2001_DELIM-0x2f_00534_DELIM-0x2f_01) is ignored but added at the end
NOTE: DENV4_DELIM-0x2f_THAILAND_DELIM-0x2f_2006_DELIM-0x2f_00650_DELIM-0x2f_06 (identical to DENV4_DELIM-0x2f_THAILAND_DELIM-0x2f_2006_DELIM-0x2f_00584_DELIM-0x2f_06) is ignored but added at the end
NOTE: DENV4_DELIM-0x2f_THAILAND_DELIM-0x2f_2003_DELIM-0x2f_02012_DELIM-0x2f_03 (identical to DENV4_DELIM-0x2f_THAILAND_DELIM-0x2f_2003_DELIM-0x2f_00987_DELIM-0x2f_03) is ignored but added at the end
NOTE: DENV4_DELIM-0x2f_THAILAND_DELIM-0x2f_2003_DELIM-0x2f_02197_DELIM-0x2f_03 (identical to DENV4_DELIM-0x2f_THAILAND_DELIM-0x2f_2003_DELIM-0x2f_00987_DELIM-0x2f_03) is ignored but added at the end
NOTE: DENV4_DELIM-0x2f_THAILAND_DELIM-0x2f_2006_DELIM-0x2f_02749_DELIM-0x2f_06 (identical to DENV4_DELIM-0x2f_THAILAND_DELIM-0x2f_2006_DELIM-0x2f_01278_DELIM-0x2f_06) is ignored but added at the end
NOTE: DENV4_DELIM-0x2f_THAILAND_DELIM-0x2f_2006_DELIM-0x2f_02456_DELIM-0x2f_06 (identical to DENV4_DELIM-0x2f_THAILAND_DELIM-0x2f_2006_DELIM-0x2f_01405_DELIM-0x2f_06) is ignored but added at the end
NOTE: DENV4_DELIM-0x2f_THAILAND_DELIM-0x2f_1999_DELIM-0x2f_05475_DELIM-0x2f_99 (identical to DENV4_DELIM-0x2f_THAILAND_DELIM-0x2f_1999_DELIM-0x2f_02897_DELIM-0x2f_99) is ignored but added at the end
Alignment was printed to ../resources/experimental_data/cropped/E_DENV4-delim.fasta.uniqueseq.phy

For your convenience alignment with unique sequences printed to ../resources/experimental_data/cropped/E_DENV4-delim.fasta.uniqueseq.phy

Create initial parsimony tree by phylogenetic likelihood library (PLL)... 0.025 seconds

NOTE: 26 MB RAM (0 GB) is required!
Measuring multi-threading efficiency up to 16 CPU cores
Increase to 10 rounds for branch lengths
90 trees examined
Threads: 1 / Time: 16.123 sec / Speedup: 1.000 / Efficiency: 100% / LogL: -37387
Threads: 2 / Time: 9.938 sec / Speedup: 1.622 / Efficiency: 81% / LogL: -37387
Threads: 3 / Time: 8.432 sec / Speedup: 1.912 / Efficiency: 64% / LogL: -37387
Threads: 4 / Time: 7.616 sec / Speedup: 2.117 / Efficiency: 53% / LogL: -37387
Threads: 5 / Time: 7.186 sec / Speedup: 2.244 / Efficiency: 45% / LogL: -37387
Determining AUTO threadcount: done in 49.2969 secs using 253.4% CPU
BEST NUMBER OF THREADS: 4

Estimate model parameters (epsilon = 0.500)
1. Initial log-likelihood: -13333.606
2. Current log-likelihood: -11758.164
3. Current log-likelihood: -11742.550
Optimal log-likelihood: -11742.091
Rate parameters:  A-C: 2.26231  A-G: 31.09030  A-T: 3.54180  C-G: 0.66000  C-T: 79.35197  G-T: 1.00000
Base frequencies:  A: 0.303  C: 0.191  G: 0.274  T: 0.232
Gamma shape alpha: 0.249
Parameters optimization took 3 rounds (0.420 sec)
Wrote distance file to... 
Computing ML distances based on estimated model parameters...
Calculating distance matrix: done in 0.0796133 secs using 399.3% CPU
Computing ML distances took 0.079783 sec (of wall-clock time) 0.318692 sec (of CPU time)
Setting up auxiliary I and S matrices: done in 0.000833206 secs using 373.7% CPU
Constructing RapidNJ tree: done in 0.0662543 secs using 182.3% CPU
Computing RapidNJ tree took 0.067159 sec (of wall-clock time) 0.124130 sec (of CPU time)
Log-likelihood of RapidNJ tree: -11756.639
--------------------------------------------------------------------
|             INITIALIZING CANDIDATE TREE SET                      |
--------------------------------------------------------------------

Do NNI search on 2 best initial trees
Optimizing NNI: done in 0.108744 secs using 386.9% CPU
BETTER TREE FOUND at iteration 1: -11742.079
Optimizing NNI: done in 0.137962 secs using 386.3% CPU
Estimate model parameters (epsilon = 0.500)
BETTER TREE FOUND at iteration 2: -11729.271
Finish initializing candidate tree set (4)
Current best tree score: -11729.271 / CPU time: 0.305
Number of iterations: 2
TREE SEARCH COMPLETED AFTER 2 ITERATIONS / Time: 0h:0m:50s

--------------------------------------------------------------------
|                    FINALIZING TREE SEARCH                        |
--------------------------------------------------------------------
Performs final model parameters optimization
Estimate model parameters (epsilon = 0.050)
1. Initial log-likelihood: -11729.271
Optimal log-likelihood: -11729.270
Rate parameters:  A-C: 2.23565  A-G: 30.95639  A-T: 3.58029  C-G: 0.66263  C-T: 79.42561  G-T: 1.00000
Base frequencies:  A: 0.303  C: 0.191  G: 0.274  T: 0.232
Gamma shape alpha: 0.246
Parameters optimization took 1 rounds (0.032 sec)
BEST SCORE FOUND : -11729.270
Total tree length: 1.191

Total number of iterations: 2
CPU time used for tree search: 1.186 sec (0h:0m:1s)
Wall-clock time used for tree search: 0.305 sec (0h:0m:0s)
Total CPU time used: 128.752 sec (0h:2m:8s)
Total wall-clock time used: 50.314 sec (0h:0m:50s)

Analysis results written to: 
  IQ-TREE report:                ../resources/experimental_data/cropped/E_DENV4-delim.fasta.iqtree
  Maximum-likelihood tree:       ../resources/experimental_data/cropped/E_DENV4-delim.fasta.treefile
  Likelihood distances:          ../resources/experimental_data/cropped/E_DENV4-delim.fasta.mldist
  Screen log file:               ../resources/experimental_data/cropped/E_DENV4-delim.fasta.log

Date and Time: Tue Jul 14 17:29:47 2026
