IQ-TREE version 3.0.1 for Linux x86 64-bit built Jul  9 2025
Developed by Bui Quang Minh, Thomas Wong, Nhan Ly-Trong, Huaiyan Ren
Contributed by Lam-Tung Nguyen, Dominik Schrempf, Chris Bielow,
Olga Chernomor, Michael Woodhams, Diep Thi Hoang, Heiko Schmidt

Host:    dirreno-B650-AORUS-ELITE-AX (AVX512, FMA3, 30 GB RAM)
Command: iqtree3 --threads-max 16 -s ../resources/experimental_data/cropped/E_DENV2-delim.fasta -m GTR+G --ninit 2 -n 2 --epsilon 0.05 -T AUTO --redo
Seed:    853880 (Using SPRNG - Scalable Parallel Random Number Generator)
Time:    Wed Jul 15 14:22:37 2026
Kernel:  AVX+FMA - auto-detect threads (16 CPU cores detected)

Reading alignment file ../resources/experimental_data/cropped/E_DENV2-delim.fasta ... Fasta format detected
Reading fasta file: done in 0.0050659 secs using 98.56% CPU
Alignment most likely contains DNA/RNA sequences
Constructing alignment: done in 0.00353827 secs using 1230% CPU
Alignment has 456 sequences with 1485 columns, 567 distinct patterns
493 parsimony-informative, 102 singleton sites, 890 constant sites
                                                                          Gap/Ambiguity  Composition  p-value
Analyzing sequences: done in 0.00700929 secs using 1346% CPU
   1  DENV2_DELIM-0x2f_NEWGUINEA_DELIM-0x2f_1944_DELIM-0x2f_NEWGUINEAC            0.00%    passed     95.79%
   2  DENV2_DELIM-0x2f_THAILAND_DELIM-0x2f_2004_DELIM-0x2f_00004_DELIM-0x2f_04    0.00%    passed     99.71%
   3  DENV2_DELIM-0x2f_THAILAND_DELIM-0x2f_2003_DELIM-0x2f_02148_DELIM-0x2f_03    0.00%    passed     99.85%
   4  DENV2_DELIM-0x2f_THAILAND_DELIM-0x2f_2002_DELIM-0x2f_00060_DELIM-0x2f_02    0.00%    passed    100.00%
   5  DENV2_DELIM-0x2f_THAILAND_DELIM-0x2f_2002_DELIM-0x2f_00675_DELIM-0x2f_02    0.00%    passed     99.99%
   6  DENV2_DELIM-0x2f_THAILAND_DELIM-0x2f_2001_DELIM-0x2f_06793_DELIM-0x2f_01    0.00%    passed     99.95%
   7  DENV2_DELIM-0x2f_THAILAND_DELIM-0x2f_2002_DELIM-0x2f_00074_DELIM-0x2f_02    0.00%    passed     99.96%
   8  DENV2_DELIM-0x2f_THAILAND_DELIM-0x2f_2002_DELIM-0x2f_01770_DELIM-0x2f_02    0.00%    passed     99.89%
   9  DENV2_DELIM-0x2f_THAILAND_DELIM-0x2f_2001_DELIM-0x2f_05015_DELIM-0x2f_01    0.00%    passed     99.96%
  10  DENV2_DELIM-0x2f_THAILAND_DELIM-0x2f_2003_DELIM-0x2f_01082_DELIM-0x2f_03    0.00%    passed     99.87%
  11  DENV2_DELIM-0x2f_THAILAND_DELIM-0x2f_2002_DELIM-0x2f_03165_DELIM-0x2f_02    0.00%    passed     99.92%
  12  DENV2_DELIM-0x2f_THAILAND_DELIM-0x2f_2001_DELIM-0x2f_05012_DELIM-0x2f_01    0.00%    passed     99.82%
  13  DENV2_DELIM-0x2f_THAILAND_DELIM-0x2f_2001_DELIM-0x2f_05042_DELIM-0x2f_01    0.00%    passed     99.82%
  14  DENV2_DELIM-0x2f_THAILAND_DELIM-0x2f_2000_DELIM-0x2f_05855_DELIM-0x2f_00    0.00%    passed     99.48%
  15  DENV2_DELIM-0x2f_THAILAND_DELIM-0x2f_2000_DELIM-0x2f_06060_DELIM-0x2f_00    0.00%    passed     99.81%
  16  DENV2_DELIM-0x2f_THAILAND_DELIM-0x2f_2001_DELIM-0x2f_06096_DELIM-0x2f_01    0.00%    passed     99.96%
  17  DENV2_DELIM-0x2f_THAILAND_DELIM-0x2f_1996_DELIM-0x2f_00020_DELIM-0x2f_96    0.00%    passed     99.67%
  18  DENV2_DELIM-0x2f_THAILAND_DELIM-0x2f_1995_DELIM-0x2f_01636_DELIM-0x2f_95    0.00%    passed     99.97%
  19  DENV2_DELIM-0x2f_THAILAND_DELIM-0x2f_1995_DELIM-0x2f_00309_DELIM-0x2f_95    0.00%    passed     99.97%
  20  DENV2_DELIM-0x2f_THAILAND_DELIM-0x2f_1994_DELIM-0x2f_00612_DELIM-0x2f_94    0.00%    passed     99.96%
  21  DENV2_DELIM-0x2f_THAILAND_DELIM-0x2f_2000_DELIM-0x2f_00077_DELIM-0x2f_00    0.00%    passed     99.99%
  22  DENV2_DELIM-0x2f_THAILAND_DELIM-0x2f_2000_DELIM-0x2f_00333_DELIM-0x2f_00    0.00%    passed     99.94%
  23  DENV2_DELIM-0x2f_THAILAND_DELIM-0x2f_2000_DELIM-0x2f_05529_DELIM-0x2f_00    0.00%    passed     99.97%
  24  DENV2_DELIM-0x2f_THAILAND_DELIM-0x2f_2001_DELIM-0x2f_03921_DELIM-0x2f_01    0.00%    passed    100.00%
  25  DENV2_DELIM-0x2f_THAILAND_DELIM-0x2f_2001_DELIM-0x2f_04839_DELIM-0x2f_01    0.00%    passed    100.00%
  26  DENV2_DELIM-0x2f_THAILAND_DELIM-0x2f_2001_DELIM-0x2f_03564_DELIM-0x2f_01    0.00%    passed    100.00%
  27  DENV2_DELIM-0x2f_THAILAND_DELIM-0x2f_1998_DELIM-0x2f_00309_DELIM-0x2f_98    0.00%    passed     99.99%
  28  DENV2_DELIM-0x2f_THAILAND_DELIM-0x2f_1998_DELIM-0x2f_00441_DELIM-0x2f_98    0.00%    passed    100.00%
  29  DENV2_DELIM-0x2f_THAILAND_DELIM-0x2f_1998_DELIM-0x2f_00554_DELIM-0x2f_98    0.00%    passed    100.00%
  30  DENV2_DELIM-0x2f_THAILAND_DELIM-0x2f_1997_DELIM-0x2f_00494_DELIM-0x2f_97    0.00%    passed    100.00%
  31  DENV2_DELIM-0x2f_THAILAND_DELIM-0x2f_1998_DELIM-0x2f_00443_DELIM-0x2f_98    0.00%    passed    100.00%
  32  DENV2_DELIM-0x2f_THAILAND_DELIM-0x2f_1996_DELIM-0x2f_00742_DELIM-0x2f_96    0.00%    passed    100.00%
  33  DENV2_DELIM-0x2f_THAILAND_DELIM-0x2f_1995_DELIM-0x2f_00759_DELIM-0x2f_95    0.00%    passed    100.00%
  34  DENV2_DELIM-0x2f_THAILAND_DELIM-0x2f_1995_DELIM-0x2f_00856_DELIM-0x2f_95    0.00%    passed    100.00%
  35  DENV2_DELIM-0x2f_THAILAND_DELIM-0x2f_1998_DELIM-0x2f_06650_DELIM-0x2f_98    0.00%    passed     99.99%
  36  DENV2_DELIM-0x2f_THAILAND_DELIM-0x2f_1999_DELIM-0x2f_03680_DELIM-0x2f_99    0.00%    passed     99.92%
  37  DENV2_DELIM-0x2f_THAILAND_DELIM-0x2f_1998_DELIM-0x2f_06902_DELIM-0x2f_98    0.00%    passed     99.98%
  38  DENV2_DELIM-0x2f_THAILAND_DELIM-0x2f_1996_DELIM-0x2f_01865_DELIM-0x2f_96    0.00%    passed     99.99%
  39  DENV2_DELIM-0x2f_THAILAND_DELIM-0x2f_1998_DELIM-0x2f_00800_DELIM-0x2f_98    0.00%    passed    100.00%
  40  DENV2_DELIM-0x2f_THAILAND_DELIM-0x2f_1996_DELIM-0x2f_02234_DELIM-0x2f_96    0.00%    passed     99.92%
  41  DENV2_DELIM-0x2f_THAILAND_DELIM-0x2f_1997_DELIM-0x2f_00760_DELIM-0x2f_97    0.00%    passed     99.75%
  42  DENV2_DELIM-0x2f_THAILAND_DELIM-0x2f_1998_DELIM-0x2f_00425_DELIM-0x2f_98    0.07%    passed     99.89%
  43  DENV2_DELIM-0x2f_THAILAND_DELIM-0x2f_1997_DELIM-0x2f_02158_DELIM-0x2f_97    0.07%    passed     99.95%
  44  DENV2_DELIM-0x2f_THAILAND_DELIM-0x2f_1997_DELIM-0x2f_02174_DELIM-0x2f_97    0.00%    passed     99.96%
  45  DENV2_DELIM-0x2f_THAILAND_DELIM-0x2f_1998_DELIM-0x2f_02918_DELIM-0x2f_98    0.00%    passed    100.00%
  46  DENV2_DELIM-0x2f_THAILAND_DELIM-0x2f_1999_DELIM-0x2f_04156_DELIM-0x2f_99    0.00%    passed     99.97%
  47  DENV2_DELIM-0x2f_THAILAND_DELIM-0x2f_2001_DELIM-0x2f_03244_DELIM-0x2f_01    0.00%    passed     99.92%
  48  DENV2_DELIM-0x2f_THAILAND_DELIM-0x2f_1999_DELIM-0x2f_04056_DELIM-0x2f_99    0.00%    passed     99.98%
  49  DENV2_DELIM-0x2f_THAILAND_DELIM-0x2f_1997_DELIM-0x2f_07718_DELIM-0x2f_97    0.00%    passed     99.99%
  50  DENV2_DELIM-0x2f_THAILAND_DELIM-0x2f_1995_DELIM-0x2f_00773_DELIM-0x2f_95    0.00%    passed     99.90%
  51  DENV2_DELIM-0x2f_THAILAND_DELIM-0x2f_1996_DELIM-0x2f_01315_DELIM-0x2f_96    0.00%    passed     99.98%
  52  DENV2_DELIM-0x2f_THAILAND_DELIM-0x2f_1999_DELIM-0x2f_03844_DELIM-0x2f_99    0.00%    passed     99.16%
  53  DENV2_DELIM-0x2f_THAILAND_DELIM-0x2f_1998_DELIM-0x2f_02459_DELIM-0x2f_98    0.00%    passed     99.98%
  54  DENV2_DELIM-0x2f_THAILAND_DELIM-0x2f_1998_DELIM-0x2f_06668_DELIM-0x2f_98    0.00%    passed     99.99%
  55  DENV2_DELIM-0x2f_THAILAND_DELIM-0x2f_1999_DELIM-0x2f_02947_DELIM-0x2f_99    0.00%    passed     99.99%
  56  DENV2_DELIM-0x2f_THAILAND_DELIM-0x2f_2002_DELIM-0x2f_00444_DELIM-0x2f_02    0.00%    passed     99.93%
  57  DENV2_DELIM-0x2f_THAILAND_DELIM-0x2f_2001_DELIM-0x2f_00615_DELIM-0x2f_01    0.00%    passed     99.64%
  58  DENV2_DELIM-0x2f_THAILAND_DELIM-0x2f_2000_DELIM-0x2f_02212_DELIM-0x2f_00    0.00%    passed     99.84%
  59  DENV2_DELIM-0x2f_THAILAND_DELIM-0x2f_2001_DELIM-0x2f_03600_DELIM-0x2f_01    0.00%    passed     99.89%
  60  DENV2_DELIM-0x2f_THAILAND_DELIM-0x2f_2001_DELIM-0x2f_04221_DELIM-0x2f_01    0.07%    passed     99.25%
  61  DENV2_DELIM-0x2f_THAILAND_DELIM-0x2f_2001_DELIM-0x2f_02900_DELIM-0x2f_01    0.00%    passed     99.21%
  62  DENV2_DELIM-0x2f_THAILAND_DELIM-0x2f_2000_DELIM-0x2f_05882_DELIM-0x2f_00    0.00%    passed     99.66%
  63  DENV2_DELIM-0x2f_THAILAND_DELIM-0x2f_2001_DELIM-0x2f_02913_DELIM-0x2f_01    0.00%    passed     99.18%
  64  DENV2_DELIM-0x2f_THAILAND_DELIM-0x2f_2001_DELIM-0x2f_04451_DELIM-0x2f_01    0.00%    passed     99.79%
  65  DENV2_DELIM-0x2f_THAILAND_DELIM-0x2f_2001_DELIM-0x2f_04759_DELIM-0x2f_01    0.00%    passed     99.97%
  66  DENV2_DELIM-0x2f_THAILAND_DELIM-0x2f_2002_DELIM-0x2f_02094_DELIM-0x2f_02    0.07%    passed     99.25%
  67  DENV2_DELIM-0x2f_THAILAND_DELIM-0x2f_2001_DELIM-0x2f_05695_DELIM-0x2f_01    0.00%    passed     99.98%
  68  DENV2_DELIM-0x2f_THAILAND_DELIM-0x2f_2003_DELIM-0x2f_01693_DELIM-0x2f_03    0.00%    passed     98.88%
  69  DENV2_DELIM-0x2f_THAILAND_DELIM-0x2f_2002_DELIM-0x2f_01314_DELIM-0x2f_02    0.00%    passed     99.84%
  70  DENV2_DELIM-0x2f_THAILAND_DELIM-0x2f_1995_DELIM-0x2f_00760_DELIM-0x2f_95    0.00%    passed     99.88%
  71  DENV2_DELIM-0x2f_THAILAND_DELIM-0x2f_1997_DELIM-0x2f_03064_DELIM-0x2f_97    0.00%    passed     99.96%
  72  DENV2_DELIM-0x2f_THAILAND_DELIM-0x2f_1996_DELIM-0x2f_01816_DELIM-0x2f_96    0.00%    passed     97.85%
  73  DENV2_DELIM-0x2f_THAILAND_DELIM-0x2f_2001_DELIM-0x2f_00017_DELIM-0x2f_01    0.00%    passed     99.96%
  74  DENV2_DELIM-0x2f_THAILAND_DELIM-0x2f_1998_DELIM-0x2f_06903_DELIM-0x2f_98    0.00%    passed     99.96%
  75  DENV2_DELIM-0x2f_THAILAND_DELIM-0x2f_1996_DELIM-0x2f_02561_DELIM-0x2f_96    0.00%    passed     99.61%
  76  DENV2_DELIM-0x2f_THAILAND_DELIM-0x2f_1997_DELIM-0x2f_05107_DELIM-0x2f_97    0.00%    passed     99.85%
  77  DENV2_DELIM-0x2f_THAILAND_DELIM-0x2f_1999_DELIM-0x2f_02816_DELIM-0x2f_99    0.00%    passed     99.61%
  78  DENV2_DELIM-0x2f_THAILAND_DELIM-0x2f_1999_DELIM-0x2f_03093_DELIM-0x2f_99    0.00%    passed     98.91%
  79  DENV2_DELIM-0x2f_THAILAND_DELIM-0x2f_1999_DELIM-0x2f_03658_DELIM-0x2f_99    0.00%    passed     98.91%
  80  DENV2_DELIM-0x2f_THAILAND_DELIM-0x2f_1999_DELIM-0x2f_04177_DELIM-0x2f_99    0.00%    passed     99.85%
  81  DENV2_DELIM-0x2f_THAILAND_DELIM-0x2f_1998_DELIM-0x2f_06160_DELIM-0x2f_98    0.00%    passed     99.88%
  82  DENV2_DELIM-0x2f_THAILAND_DELIM-0x2f_1998_DELIM-0x2f_01550_DELIM-0x2f_98    0.00%    passed     99.99%
  83  DENV2_DELIM-0x2f_THAILAND_DELIM-0x2f_1999_DELIM-0x2f_03579_DELIM-0x2f_99    0.00%    passed     99.87%
  84  DENV2_DELIM-0x2f_THAILAND_DELIM-0x2f_2006_DELIM-0x2f_00016_DELIM-0x2f_06    0.00%    passed     99.72%
  85  DENV2_DELIM-0x2f_THAILAND_DELIM-0x2f_2005_DELIM-0x2f_01171_DELIM-0x2f_05    0.00%    passed     99.53%
  86  DENV2_DELIM-0x2f_THAILAND_DELIM-0x2f_2006_DELIM-0x2f_00678_DELIM-0x2f_06    0.00%    passed     98.57%
  87  DENV2_DELIM-0x2f_THAILAND_DELIM-0x2f_2006_DELIM-0x2f_00291_DELIM-0x2f_06    0.00%    passed     99.50%
  88  DENV2_DELIM-0x2f_THAILAND_DELIM-0x2f_2006_DELIM-0x2f_00495_DELIM-0x2f_06    0.00%    passed     99.28%
  89  DENV2_DELIM-0x2f_THAILAND_DELIM-0x2f_2002_DELIM-0x2f_00118_DELIM-0x2f_02    0.00%    passed     99.96%
  90  DENV2_DELIM-0x2f_THAILAND_DELIM-0x2f_2001_DELIM-0x2f_03693_DELIM-0x2f_01    0.00%    passed     99.92%
  91  DENV2_DELIM-0x2f_THAILAND_DELIM-0x2f_2001_DELIM-0x2f_04225_DELIM-0x2f_01    0.00%    passed     99.92%
  92  DENV2_DELIM-0x2f_THAILAND_DELIM-0x2f_2001_DELIM-0x2f_06383_DELIM-0x2f_01    0.00%    passed     99.99%
  93  DENV2_DELIM-0x2f_THAILAND_DELIM-0x2f_2002_DELIM-0x2f_02678_DELIM-0x2f_02    0.00%    passed     99.77%
  94  DENV2_DELIM-0x2f_THAILAND_DELIM-0x2f_2002_DELIM-0x2f_00569_DELIM-0x2f_02    0.00%    passed     99.71%
  95  DENV2_DELIM-0x2f_THAILAND_DELIM-0x2f_2004_DELIM-0x2f_00242_DELIM-0x2f_04    0.00%    passed     99.85%
  96  DENV2_DELIM-0x2f_THAILAND_DELIM-0x2f_2002_DELIM-0x2f_02934_DELIM-0x2f_02    0.07%    passed     99.82%
  97  DENV2_DELIM-0x2f_THAILAND_DELIM-0x2f_2003_DELIM-0x2f_00449_DELIM-0x2f_03    0.00%    passed     99.95%
  98  DENV2_DELIM-0x2f_THAILAND_DELIM-0x2f_2004_DELIM-0x2f_00290_DELIM-0x2f_04    0.07%    passed     99.91%
  99  DENV2_DELIM-0x2f_THAILAND_DELIM-0x2f_2003_DELIM-0x2f_01268_DELIM-0x2f_03    0.00%    passed     99.71%
 100  DENV2_DELIM-0x2f_THAILAND_DELIM-0x2f_2003_DELIM-0x2f_01549_DELIM-0x2f_03    0.00%    passed     99.71%
 101  DENV2_DELIM-0x2f_THAILAND_DELIM-0x2f_2004_DELIM-0x2f_01666_DELIM-0x2f_04    0.00%    passed     99.81%
 102  DENV2_DELIM-0x2f_THAILAND_DELIM-0x2f_2007_DELIM-0x2f_00538_DELIM-0x2f_07    0.00%    passed     99.48%
 103  DENV2_DELIM-0x2f_THAILAND_DELIM-0x2f_2005_DELIM-0x2f_01594_DELIM-0x2f_05    0.00%    passed     99.75%
 104  DENV2_DELIM-0x2f_THAILAND_DELIM-0x2f_2007_DELIM-0x2f_01849_DELIM-0x2f_07    0.00%    passed     99.46%
 105  DENV2_DELIM-0x2f_THAILAND_DELIM-0x2f_2006_DELIM-0x2f_02398_DELIM-0x2f_06    0.00%    passed     99.81%
 106  DENV2_DELIM-0x2f_THAILAND_DELIM-0x2f_2006_DELIM-0x2f_02518_DELIM-0x2f_06    0.00%    passed     99.82%
 107  DENV2_DELIM-0x2f_THAILAND_DELIM-0x2f_2002_DELIM-0x2f_02933_DELIM-0x2f_02    0.00%    passed     99.95%
 108  DENV2_DELIM-0x2f_THAILAND_DELIM-0x2f_2007_DELIM-0x2f_00511_DELIM-0x2f_07    0.00%    passed     99.89%
 109  DENV2_DELIM-0x2f_THAILAND_DELIM-0x2f_2011_DELIM-0x2f_00606_DELIM-0x2f_11    0.00%    passed     99.99%
 110  DENV2_DELIM-0x2f_THAILAND_DELIM-0x2f_2010_DELIM-0x2f_00791_DELIM-0x2f_10    0.00%    passed     99.72%
 111  DENV2_DELIM-0x2f_THAILAND_DELIM-0x2f_2004_DELIM-0x2f_01256_DELIM-0x2f_04    0.00%    passed     99.96%
 112  DENV2_DELIM-0x2f_THAILAND_DELIM-0x2f_2010_DELIM-0x2f_01384_DELIM-0x2f_10    0.00%    passed     99.92%
 113  DENV2_DELIM-0x2f_THAILAND_DELIM-0x2f_2007_DELIM-0x2f_00335_DELIM-0x2f_07    0.00%    passed     99.71%
 114  DENV2_DELIM-0x2f_THAILAND_DELIM-0x2f_2006_DELIM-0x2f_00525_DELIM-0x2f_06    0.07%    passed     99.82%
 115  DENV2_DELIM-0x2f_THAILAND_DELIM-0x2f_2005_DELIM-0x2f_01534_DELIM-0x2f_05    0.00%    passed     99.92%
 116  DENV2_DELIM-0x2f_THAILAND_DELIM-0x2f_2006_DELIM-0x2f_00720_DELIM-0x2f_06    0.00%    passed     99.99%
 117  DENV2_DELIM-0x2f_THAILAND_DELIM-0x2f_2006_DELIM-0x2f_01841_DELIM-0x2f_06    0.07%    passed     99.99%
 118  DENV2_DELIM-0x2f_THAILAND_DELIM-0x2f_2007_DELIM-0x2f_00496_DELIM-0x2f_07    0.00%    passed     99.61%
 119  DENV2_DELIM-0x2f_THAILAND_DELIM-0x2f_2007_DELIM-0x2f_01836_DELIM-0x2f_07    0.00%    passed     99.29%
 120  DENV2_DELIM-0x2f_THAILAND_DELIM-0x2f_2006_DELIM-0x2f_01597_DELIM-0x2f_06    0.00%    passed     99.28%
 121  DENV2_DELIM-0x2f_THAILAND_DELIM-0x2f_2003_DELIM-0x2f_00035_DELIM-0x2f_03    0.00%    passed     99.81%
 122  DENV2_DELIM-0x2f_THAILAND_DELIM-0x2f_2002_DELIM-0x2f_03130_DELIM-0x2f_02    0.00%    passed     99.81%
 123  DENV2_DELIM-0x2f_THAILAND_DELIM-0x2f_2001_DELIM-0x2f_00135_DELIM-0x2f_01    0.00%    passed     99.90%
 124  DENV2_DELIM-0x2f_THAILAND_DELIM-0x2f_2000_DELIM-0x2f_02113_DELIM-0x2f_00    0.00%    passed     99.90%
 125  DENV2_DELIM-0x2f_THAILAND_DELIM-0x2f_2001_DELIM-0x2f_00193_DELIM-0x2f_01    0.00%    passed     99.84%
 126  DENV2_DELIM-0x2f_THAILAND_DELIM-0x2f_2001_DELIM-0x2f_00285_DELIM-0x2f_01    0.07%    passed     99.98%
 127  DENV2_DELIM-0x2f_THAILAND_DELIM-0x2f_2001_DELIM-0x2f_00345_DELIM-0x2f_01    0.00%    passed     99.95%
 128  DENV2_DELIM-0x2f_THAILAND_DELIM-0x2f_2000_DELIM-0x2f_05894_DELIM-0x2f_00    0.00%    passed     99.95%
 129  DENV2_DELIM-0x2f_THAILAND_DELIM-0x2f_2000_DELIM-0x2f_06009_DELIM-0x2f_00    0.00%    passed     99.95%
 130  DENV2_DELIM-0x2f_THAILAND_DELIM-0x2f_2000_DELIM-0x2f_01326_DELIM-0x2f_00    0.00%    passed     99.83%
 131  DENV2_DELIM-0x2f_THAILAND_DELIM-0x2f_2000_DELIM-0x2f_01754_DELIM-0x2f_00    0.00%    passed     99.95%
 132  DENV2_DELIM-0x2f_THAILAND_DELIM-0x2f_2000_DELIM-0x2f_01636_DELIM-0x2f_00    0.00%    passed     99.95%
 133  DENV2_DELIM-0x2f_THAILAND_DELIM-0x2f_2000_DELIM-0x2f_01899_DELIM-0x2f_00    0.00%    passed     99.95%
 134  DENV2_DELIM-0x2f_THAILAND_DELIM-0x2f_2000_DELIM-0x2f_05511_DELIM-0x2f_00    0.00%    passed     99.83%
 135  DENV2_DELIM-0x2f_THAILAND_DELIM-0x2f_2000_DELIM-0x2f_04842_DELIM-0x2f_00    0.00%    passed     99.96%
 136  DENV2_DELIM-0x2f_THAILAND_DELIM-0x2f_2000_DELIM-0x2f_05492_DELIM-0x2f_00    0.00%    passed     99.83%
 137  DENV2_DELIM-0x2f_THAILAND_DELIM-0x2f_2001_DELIM-0x2f_00721_DELIM-0x2f_01    0.00%    passed     99.83%
 138  DENV2_DELIM-0x2f_THAILAND_DELIM-0x2f_2000_DELIM-0x2f_02022_DELIM-0x2f_00    0.00%    passed     99.83%
 139  DENV2_DELIM-0x2f_THAILAND_DELIM-0x2f_2000_DELIM-0x2f_05493_DELIM-0x2f_00    0.07%    passed     99.91%
 140  DENV2_DELIM-0x2f_THAILAND_DELIM-0x2f_2000_DELIM-0x2f_06013_DELIM-0x2f_00    0.07%    passed     99.90%
 141  DENV2_DELIM-0x2f_THAILAND_DELIM-0x2f_2001_DELIM-0x2f_01026_DELIM-0x2f_01    0.00%    passed     99.97%
 142  DENV2_DELIM-0x2f_THAILAND_DELIM-0x2f_2000_DELIM-0x2f_05692_DELIM-0x2f_00    0.00%    passed     99.99%
 143  DENV2_DELIM-0x2f_THAILAND_DELIM-0x2f_2000_DELIM-0x2f_05512_DELIM-0x2f_00    0.00%    passed     99.70%
 144  DENV2_DELIM-0x2f_THAILAND_DELIM-0x2f_2000_DELIM-0x2f_02180_DELIM-0x2f_00    0.00%    passed     99.96%
 145  DENV2_DELIM-0x2f_THAILAND_DELIM-0x2f_2003_DELIM-0x2f_00977_DELIM-0x2f_03    0.13%    passed     99.94%
 146  DENV2_DELIM-0x2f_THAILAND_DELIM-0x2f_2001_DELIM-0x2f_05885_DELIM-0x2f_01    0.00%    passed     99.73%
 147  DENV2_DELIM-0x2f_THAILAND_DELIM-0x2f_2001_DELIM-0x2f_06627_DELIM-0x2f_01    0.00%    passed     99.92%
 148  DENV2_DELIM-0x2f_THAILAND_DELIM-0x2f_2002_DELIM-0x2f_00786_DELIM-0x2f_02    0.00%    passed     99.99%
 149  DENV2_DELIM-0x2f_THAILAND_DELIM-0x2f_2002_DELIM-0x2f_01318_DELIM-0x2f_02    0.00%    passed     99.99%
 150  DENV2_DELIM-0x2f_THAILAND_DELIM-0x2f_2002_DELIM-0x2f_02935_DELIM-0x2f_02    0.00%    passed     99.85%
 151  DENV2_DELIM-0x2f_THAILAND_DELIM-0x2f_2001_DELIM-0x2f_04897_DELIM-0x2f_01    0.00%    passed     99.92%
 152  DENV2_DELIM-0x2f_THAILAND_DELIM-0x2f_2002_DELIM-0x2f_00750_DELIM-0x2f_02    0.00%    passed     99.83%
 153  DENV2_DELIM-0x2f_THAILAND_DELIM-0x2f_2002_DELIM-0x2f_01024_DELIM-0x2f_02    0.07%    passed     99.80%
 154  DENV2_DELIM-0x2f_THAILAND_DELIM-0x2f_2001_DELIM-0x2f_03993_DELIM-0x2f_01    0.00%    passed     98.96%
 155  DENV2_DELIM-0x2f_THAILAND_DELIM-0x2f_2001_DELIM-0x2f_06834_DELIM-0x2f_01    0.00%    passed     99.84%
 156  DENV2_DELIM-0x2f_THAILAND_DELIM-0x2f_2002_DELIM-0x2f_02321_DELIM-0x2f_02    0.00%    passed     98.89%
 157  DENV2_DELIM-0x2f_THAILAND_DELIM-0x2f_2002_DELIM-0x2f_02484_DELIM-0x2f_02    0.00%    passed     99.83%
 158  DENV2_DELIM-0x2f_THAILAND_DELIM-0x2f_2002_DELIM-0x2f_01636_DELIM-0x2f_02    0.00%    passed     99.95%
 159  DENV2_DELIM-0x2f_THAILAND_DELIM-0x2f_2002_DELIM-0x2f_01899_DELIM-0x2f_02    0.00%    passed     99.95%
 160  DENV2_DELIM-0x2f_THAILAND_DELIM-0x2f_2003_DELIM-0x2f_00050_DELIM-0x2f_03    0.00%    passed     99.83%
 161  DENV2_DELIM-0x2f_THAILAND_DELIM-0x2f_2003_DELIM-0x2f_01968_DELIM-0x2f_03    0.00%    passed     99.39%
 162  DENV2_DELIM-0x2f_THAILAND_DELIM-0x2f_2002_DELIM-0x2f_02461_DELIM-0x2f_02    0.00%    passed     99.84%
 163  DENV2_DELIM-0x2f_THAILAND_DELIM-0x2f_2002_DELIM-0x2f_01050_DELIM-0x2f_02    0.00%    passed     99.84%
 164  DENV2_DELIM-0x2f_THAILAND_DELIM-0x2f_2003_DELIM-0x2f_00270_DELIM-0x2f_03    0.00%    passed     99.97%
 165  DENV2_DELIM-0x2f_THAILAND_DELIM-0x2f_2001_DELIM-0x2f_06281_DELIM-0x2f_01    0.00%    passed     99.71%
 166  DENV2_DELIM-0x2f_THAILAND_DELIM-0x2f_2001_DELIM-0x2f_05353_DELIM-0x2f_01    0.00%    passed     99.96%
 167  DENV2_DELIM-0x2f_THAILAND_DELIM-0x2f_2002_DELIM-0x2f_01209_DELIM-0x2f_02    0.00%    passed     99.95%
 168  DENV2_DELIM-0x2f_THAILAND_DELIM-0x2f_2002_DELIM-0x2f_01009_DELIM-0x2f_02    0.00%    passed     99.83%
 169  DENV2_DELIM-0x2f_THAILAND_DELIM-0x2f_2002_DELIM-0x2f_02667_DELIM-0x2f_02    0.00%    passed     99.71%
 170  DENV2_DELIM-0x2f_THAILAND_DELIM-0x2f_2003_DELIM-0x2f_00227_DELIM-0x2f_03    0.00%    passed     99.85%
 171  DENV2_DELIM-0x2f_THAILAND_DELIM-0x2f_2003_DELIM-0x2f_00207_DELIM-0x2f_03    0.00%    passed     99.87%
 172  DENV2_DELIM-0x2f_THAILAND_DELIM-0x2f_2003_DELIM-0x2f_01707_DELIM-0x2f_03    0.00%    passed     99.73%
 173  DENV2_DELIM-0x2f_THAILAND_DELIM-0x2f_2003_DELIM-0x2f_00499_DELIM-0x2f_03    0.00%    passed     99.73%
 174  DENV2_DELIM-0x2f_THAILAND_DELIM-0x2f_2002_DELIM-0x2f_00590_DELIM-0x2f_02    0.00%    passed    100.00%
 175  DENV2_DELIM-0x2f_THAILAND_DELIM-0x2f_2002_DELIM-0x2f_01468_DELIM-0x2f_02    0.00%    passed     99.96%
 176  DENV2_DELIM-0x2f_THAILAND_DELIM-0x2f_2003_DELIM-0x2f_00070_DELIM-0x2f_03    0.00%    passed     99.90%
 177  DENV2_DELIM-0x2f_THAILAND_DELIM-0x2f_2002_DELIM-0x2f_02971_DELIM-0x2f_02    0.00%    passed     99.81%
 178  DENV2_DELIM-0x2f_THAILAND_DELIM-0x2f_2004_DELIM-0x2f_00037_DELIM-0x2f_04    0.00%    passed     99.90%
 179  DENV2_DELIM-0x2f_THAILAND_DELIM-0x2f_2003_DELIM-0x2f_00605_DELIM-0x2f_03    0.00%    passed     99.97%
 180  DENV2_DELIM-0x2f_THAILAND_DELIM-0x2f_2003_DELIM-0x2f_02322_DELIM-0x2f_03    0.00%    passed     99.61%
 181  DENV2_DELIM-0x2f_THAILAND_DELIM-0x2f_2003_DELIM-0x2f_00139_DELIM-0x2f_03    0.00%    passed     99.85%
 182  DENV2_DELIM-0x2f_THAILAND_DELIM-0x2f_2003_DELIM-0x2f_01888_DELIM-0x2f_03    0.00%    passed     99.90%
 183  DENV2_DELIM-0x2f_THAILAND_DELIM-0x2f_2004_DELIM-0x2f_00740_DELIM-0x2f_04    0.00%    passed     99.95%
 184  DENV2_DELIM-0x2f_THAILAND_DELIM-0x2f_2006_DELIM-0x2f_00695_DELIM-0x2f_06    0.00%    passed     99.85%
 185  DENV2_DELIM-0x2f_THAILAND_DELIM-0x2f_2004_DELIM-0x2f_01109_DELIM-0x2f_04    0.00%    passed     99.61%
 186  DENV2_DELIM-0x2f_THAILAND_DELIM-0x2f_2004_DELIM-0x2f_00205_DELIM-0x2f_04    0.07%    passed     99.54%
 187  DENV2_DELIM-0x2f_THAILAND_DELIM-0x2f_2004_DELIM-0x2f_00213_DELIM-0x2f_04    0.00%    passed     99.60%
 188  DENV2_DELIM-0x2f_THAILAND_DELIM-0x2f_2004_DELIM-0x2f_00248_DELIM-0x2f_04    0.00%    passed     99.60%
 189  DENV2_DELIM-0x2f_THAILAND_DELIM-0x2f_2004_DELIM-0x2f_00098_DELIM-0x2f_04    0.00%    passed     99.76%
 190  DENV2_DELIM-0x2f_THAILAND_DELIM-0x2f_2003_DELIM-0x2f_02339_DELIM-0x2f_03    0.00%    passed     99.58%
 191  DENV2_DELIM-0x2f_THAILAND_DELIM-0x2f_2003_DELIM-0x2f_02365_DELIM-0x2f_03    0.00%    passed     99.99%
 192  DENV2_DELIM-0x2f_THAILAND_DELIM-0x2f_2004_DELIM-0x2f_00159_DELIM-0x2f_04    0.00%    passed     99.83%
 193  DENV2_DELIM-0x2f_THAILAND_DELIM-0x2f_2004_DELIM-0x2f_00664_DELIM-0x2f_04    0.00%    passed     99.96%
 194  DENV2_DELIM-0x2f_THAILAND_DELIM-0x2f_2004_DELIM-0x2f_01006_DELIM-0x2f_04    0.00%    passed     99.96%
 195  DENV2_DELIM-0x2f_THAILAND_DELIM-0x2f_2004_DELIM-0x2f_01185_DELIM-0x2f_04    0.00%    passed     99.96%
 196  DENV2_DELIM-0x2f_THAILAND_DELIM-0x2f_2003_DELIM-0x2f_02455_DELIM-0x2f_03    0.00%    passed     99.94%
 197  DENV2_DELIM-0x2f_THAILAND_DELIM-0x2f_2005_DELIM-0x2f_00901_DELIM-0x2f_05    0.00%    passed     99.88%
 198  DENV2_DELIM-0x2f_THAILAND_DELIM-0x2f_2005_DELIM-0x2f_00903_DELIM-0x2f_05    0.00%    passed     99.88%
 199  DENV2_DELIM-0x2f_THAILAND_DELIM-0x2f_2004_DELIM-0x2f_01084_DELIM-0x2f_04    0.00%    passed     99.97%
 200  DENV2_DELIM-0x2f_THAILAND_DELIM-0x2f_2007_DELIM-0x2f_00045_DELIM-0x2f_07    0.00%    passed     98.93%
 201  DENV2_DELIM-0x2f_THAILAND_DELIM-0x2f_2006_DELIM-0x2f_01644_DELIM-0x2f_06    0.00%    passed     99.53%
 202  DENV2_DELIM-0x2f_THAILAND_DELIM-0x2f_2006_DELIM-0x2f_02337_DELIM-0x2f_06    0.00%    passed     99.84%
 203  DENV2_DELIM-0x2f_THAILAND_DELIM-0x2f_2010_DELIM-0x2f_01109_DELIM-0x2f_10    0.00%    passed     98.97%
 204  DENV2_DELIM-0x2f_THAILAND_DELIM-0x2f_2011_DELIM-0x2f_01220_DELIM-0x2f_11    0.00%    passed     96.78%
 205  DENV2_DELIM-0x2f_THAILAND_DELIM-0x2f_2014_DELIM-0x2f_00016_DELIM-0x2f_14    0.00%    passed     99.81%
 206  DENV2_DELIM-0x2f_THAILAND_DELIM-0x2f_2012_DELIM-0x2f_00334_DELIM-0x2f_12    0.00%    passed     99.92%
 207  DENV2_DELIM-0x2f_THAILAND_DELIM-0x2f_2013_DELIM-0x2f_00696_DELIM-0x2f_13    0.00%    passed     99.87%
 208  DENV2_DELIM-0x2f_THAILAND_DELIM-0x2f_2010_DELIM-0x2f_01624_DELIM-0x2f_10    0.00%    passed     99.85%
 209  DENV2_DELIM-0x2f_THAILAND_DELIM-0x2f_2011_DELIM-0x2f_01298_DELIM-0x2f_11    0.00%    passed     99.95%
 210  DENV2_DELIM-0x2f_THAILAND_DELIM-0x2f_2007_DELIM-0x2f_01726_DELIM-0x2f_07    0.00%    passed     99.71%
 211  DENV2_DELIM-0x2f_THAILAND_DELIM-0x2f_2012_DELIM-0x2f_00342_DELIM-0x2f_12    0.07%    passed     99.99%
 212  DENV2_DELIM-0x2f_THAILAND_DELIM-0x2f_2006_DELIM-0x2f_00036_DELIM-0x2f_06    0.00%    passed    100.00%
 213  DENV2_DELIM-0x2f_THAILAND_DELIM-0x2f_2005_DELIM-0x2f_01291_DELIM-0x2f_05    0.00%    passed    100.00%
 214  DENV2_DELIM-0x2f_THAILAND_DELIM-0x2f_2006_DELIM-0x2f_00390_DELIM-0x2f_06    0.00%    passed     99.49%
 215  DENV2_DELIM-0x2f_THAILAND_DELIM-0x2f_2006_DELIM-0x2f_00444_DELIM-0x2f_06    0.00%    passed     99.49%
 216  DENV2_DELIM-0x2f_THAILAND_DELIM-0x2f_2005_DELIM-0x2f_01334_DELIM-0x2f_05    0.00%    passed     99.86%
 217  DENV2_DELIM-0x2f_THAILAND_DELIM-0x2f_2005_DELIM-0x2f_01381_DELIM-0x2f_05    0.00%    passed     99.96%
 218  DENV2_DELIM-0x2f_THAILAND_DELIM-0x2f_2005_DELIM-0x2f_01441_DELIM-0x2f_05    0.00%    passed     99.97%
 219  DENV2_DELIM-0x2f_THAILAND_DELIM-0x2f_2006_DELIM-0x2f_02391_DELIM-0x2f_06    0.00%    passed     99.96%
 220  DENV2_DELIM-0x2f_THAILAND_DELIM-0x2f_2006_DELIM-0x2f_02617_DELIM-0x2f_06    0.00%    passed     99.85%
 221  DENV2_DELIM-0x2f_THAILAND_DELIM-0x2f_2007_DELIM-0x2f_00569_DELIM-0x2f_07    0.00%    passed     99.92%
 222  DENV2_DELIM-0x2f_THAILAND_DELIM-0x2f_2007_DELIM-0x2f_00576_DELIM-0x2f_07    0.00%    passed     99.92%
 223  DENV2_DELIM-0x2f_THAILAND_DELIM-0x2f_2012_DELIM-0x2f_00907_DELIM-0x2f_12    0.00%    passed     99.96%
 224  DENV2_DELIM-0x2f_THAILAND_DELIM-0x2f_2012_DELIM-0x2f_00258_DELIM-0x2f_12    0.00%    passed     99.85%
 225  DENV2_DELIM-0x2f_THAILAND_DELIM-0x2f_2013_DELIM-0x2f_00058_DELIM-0x2f_13    0.00%    passed     99.94%
 226  DENV2_DELIM-0x2f_THAILAND_DELIM-0x2f_2006_DELIM-0x2f_01212_DELIM-0x2f_06    0.00%    passed     99.84%
 227  DENV2_DELIM-0x2f_THAILAND_DELIM-0x2f_2011_DELIM-0x2f_00206_DELIM-0x2f_11    0.00%    passed     99.73%
 228  DENV2_DELIM-0x2f_THAILAND_DELIM-0x2f_2004_DELIM-0x2f_00673_DELIM-0x2f_04    0.00%    passed     99.91%
 229  DENV2_DELIM-0x2f_THAILAND_DELIM-0x2f_2004_DELIM-0x2f_00709_DELIM-0x2f_04    0.00%    passed     99.91%
 230  DENV2_DELIM-0x2f_THAILAND_DELIM-0x2f_2004_DELIM-0x2f_01007_DELIM-0x2f_04    0.00%    passed     99.91%
 231  DENV2_DELIM-0x2f_THAILAND_DELIM-0x2f_2004_DELIM-0x2f_01177_DELIM-0x2f_04    0.00%    passed     99.91%
 232  DENV2_DELIM-0x2f_THAILAND_DELIM-0x2f_2004_DELIM-0x2f_01316_DELIM-0x2f_04    0.00%    passed     99.91%
 233  DENV2_DELIM-0x2f_THAILAND_DELIM-0x2f_2004_DELIM-0x2f_01145_DELIM-0x2f_04    0.00%    passed     99.91%
 234  DENV2_DELIM-0x2f_THAILAND_DELIM-0x2f_2005_DELIM-0x2f_01495_DELIM-0x2f_05    0.00%    passed     99.64%
 235  DENV2_DELIM-0x2f_THAILAND_DELIM-0x2f_2007_DELIM-0x2f_02108_DELIM-0x2f_07    0.00%    passed     99.91%
 236  DENV2_DELIM-0x2f_THAILAND_DELIM-0x2f_2007_DELIM-0x2f_01496_DELIM-0x2f_07    0.00%    passed     99.69%
 237  DENV2_DELIM-0x2f_THAILAND_DELIM-0x2f_2011_DELIM-0x2f_00381_DELIM-0x2f_11    0.00%    passed     99.76%
 238  DENV2_DELIM-0x2f_THAILAND_DELIM-0x2f_2006_DELIM-0x2f_00051_DELIM-0x2f_06    0.00%    passed     99.23%
 239  DENV2_DELIM-0x2f_THAILAND_DELIM-0x2f_2000_DELIM-0x2f_00188_DELIM-0x2f_00    0.00%    passed     99.08%
 240  DENV2_DELIM-0x2f_THAILAND_DELIM-0x2f_2004_DELIM-0x2f_01646_DELIM-0x2f_04    0.00%    passed     98.57%
 241  DENV2_DELIM-0x2f_THAILAND_DELIM-0x2f_2011_DELIM-0x2f_00045_DELIM-0x2f_11    0.00%    passed     99.37%
 242  DENV2_DELIM-0x2f_THAILAND_DELIM-0x2f_2006_DELIM-0x2f_02393_DELIM-0x2f_06    0.00%    passed     99.99%
 243  DENV2_DELIM-0x2f_THAILAND_DELIM-0x2f_2006_DELIM-0x2f_00586_DELIM-0x2f_06    0.00%    passed    100.00%
 244  DENV2_DELIM-0x2f_THAILAND_DELIM-0x2f_2006_DELIM-0x2f_00697_DELIM-0x2f_06    0.00%    passed    100.00%
 245  DENV2_DELIM-0x2f_THAILAND_DELIM-0x2f_2013_DELIM-0x2f_00269_DELIM-0x2f_13    0.00%    passed     99.41%
 246  DENV2_DELIM-0x2f_THAILAND_DELIM-0x2f_2010_DELIM-0x2f_01066_DELIM-0x2f_10    0.00%    passed     99.96%
 247  DENV2_DELIM-0x2f_THAILAND_DELIM-0x2f_2011_DELIM-0x2f_01429_DELIM-0x2f_11    0.00%    passed     99.87%
 248  DENV2_DELIM-0x2f_THAILAND_DELIM-0x2f_2012_DELIM-0x2f_01090_DELIM-0x2f_12    0.07%    passed     99.67%
 249  DENV2_DELIM-0x2f_THAILAND_DELIM-0x2f_2011_DELIM-0x2f_00828_DELIM-0x2f_11    0.00%    passed     99.81%
 250  DENV2_DELIM-0x2f_THAILAND_DELIM-0x2f_2005_DELIM-0x2f_01465_DELIM-0x2f_05    0.00%    passed     99.41%
 251  DENV2_DELIM-0x2f_THAILAND_DELIM-0x2f_2006_DELIM-0x2f_00289_DELIM-0x2f_06    0.00%    passed     99.74%
 252  DENV2_DELIM-0x2f_THAILAND_DELIM-0x2f_2006_DELIM-0x2f_01929_DELIM-0x2f_06    0.00%    passed     97.50%
 253  DENV2_DELIM-0x2f_THAILAND_DELIM-0x2f_2006_DELIM-0x2f_02182_DELIM-0x2f_06    0.00%    passed     97.50%
 254  DENV2_DELIM-0x2f_THAILAND_DELIM-0x2f_2006_DELIM-0x2f_02660_DELIM-0x2f_06    0.00%    passed     97.52%
 255  DENV2_DELIM-0x2f_THAILAND_DELIM-0x2f_2012_DELIM-0x2f_00009_DELIM-0x2f_12    0.00%    passed     99.66%
 256  DENV2_DELIM-0x2f_THAILAND_DELIM-0x2f_2013_DELIM-0x2f_00078_DELIM-0x2f_13    0.00%    passed     96.44%
 257  DENV2_DELIM-0x2f_THAILAND_DELIM-0x2f_2013_DELIM-0x2f_00280_DELIM-0x2f_13    0.00%    passed     98.67%
 258  DENV2_DELIM-0x2f_THAILAND_DELIM-0x2f_2012_DELIM-0x2f_00669_DELIM-0x2f_12    0.00%    passed     97.99%
 259  DENV2_DELIM-0x2f_THAILAND_DELIM-0x2f_2012_DELIM-0x2f_00741_DELIM-0x2f_12    0.00%    passed     97.36%
 260  DENV2_DELIM-0x2f_THAILAND_DELIM-0x2f_2010_DELIM-0x2f_00911_DELIM-0x2f_10    0.00%    passed     97.33%
 261  DENV2_DELIM-0x2f_THAILAND_DELIM-0x2f_2010_DELIM-0x2f_01449_DELIM-0x2f_10    0.00%    passed     97.99%
 262  DENV2_DELIM-0x2f_THAILAND_DELIM-0x2f_2012_DELIM-0x2f_00273_DELIM-0x2f_12    0.07%    passed     99.73%
 263  DENV2_DELIM-0x2f_THAILAND_DELIM-0x2f_2012_DELIM-0x2f_00795_DELIM-0x2f_12    0.00%    passed     99.61%
 264  DENV2_DELIM-0x2f_THAILAND_DELIM-0x2f_2006_DELIM-0x2f_00111_DELIM-0x2f_06    0.00%    passed     99.47%
 265  DENV2_DELIM-0x2f_THAILAND_DELIM-0x2f_2007_DELIM-0x2f_00938_DELIM-0x2f_07    0.00%    passed     99.94%
 266  DENV2_DELIM-0x2f_THAILAND_DELIM-0x2f_2012_DELIM-0x2f_00118_DELIM-0x2f_12    0.00%    passed     99.94%
 267  DENV2_DELIM-0x2f_THAILAND_DELIM-0x2f_2011_DELIM-0x2f_00220_DELIM-0x2f_11    0.00%    passed     97.99%
 268  DENV2_DELIM-0x2f_THAILAND_DELIM-0x2f_2010_DELIM-0x2f_01340_DELIM-0x2f_10    0.00%    passed     99.47%
 269  DENV2_DELIM-0x2f_THAILAND_DELIM-0x2f_2011_DELIM-0x2f_00753_DELIM-0x2f_11    0.00%    passed     99.80%
 270  DENV2_DELIM-0x2f_THAILAND_DELIM-0x2f_2010_DELIM-0x2f_01549_DELIM-0x2f_10    0.00%    passed     98.88%
 271  DENV2_DELIM-0x2f_THAILAND_DELIM-0x2f_2011_DELIM-0x2f_00556_DELIM-0x2f_11    0.00%    passed     98.88%
 272  DENV2_DELIM-0x2f_THAILAND_DELIM-0x2f_2012_DELIM-0x2f_00144_DELIM-0x2f_12    0.00%    passed     98.76%
 273  DENV2_DELIM-0x2f_THAILAND_DELIM-0x2f_2013_DELIM-0x2f_00838_DELIM-0x2f_13    0.00%    passed     98.32%
 274  DENV2_DELIM-0x2f_THAILAND_DELIM-0x2f_2011_DELIM-0x2f_00825_DELIM-0x2f_11    0.00%    passed     98.99%
 275  DENV2_DELIM-0x2f_THAILAND_DELIM-0x2f_2012_DELIM-0x2f_00826_DELIM-0x2f_12    0.00%    passed     98.77%
 276  DENV2_DELIM-0x2f_THAILAND_DELIM-0x2f_2013_DELIM-0x2f_00225_DELIM-0x2f_13    0.00%    passed     98.88%
 277  DENV2_DELIM-0x2f_THAILAND_DELIM-0x2f_2013_DELIM-0x2f_00662_DELIM-0x2f_13    0.00%    passed     97.79%
 278  DENV2_DELIM-0x2f_THAILAND_DELIM-0x2f_2011_DELIM-0x2f_00647_DELIM-0x2f_11    0.00%    passed     99.97%
 279  DENV2_DELIM-0x2f_THAILAND_DELIM-0x2f_2012_DELIM-0x2f_00478_DELIM-0x2f_12    0.00%    passed     99.94%
 280  DENV2_DELIM-0x2f_THAILAND_DELIM-0x2f_2012_DELIM-0x2f_01092_DELIM-0x2f_12    0.00%    passed     99.94%
 281  DENV2_DELIM-0x2f_THAILAND_DELIM-0x2f_2012_DELIM-0x2f_01113_DELIM-0x2f_12    0.00%    passed     99.30%
 282  DENV2_DELIM-0x2f_THAILAND_DELIM-0x2f_2012_DELIM-0x2f_00376_DELIM-0x2f_12    0.00%    passed     97.49%
 283  DENV2_DELIM-0x2f_THAILAND_DELIM-0x2f_2011_DELIM-0x2f_00331_DELIM-0x2f_11    0.00%    passed     99.83%
 284  DENV2_DELIM-0x2f_THAILAND_DELIM-0x2f_2010_DELIM-0x2f_01206_DELIM-0x2f_10    0.00%    passed     99.84%
 285  DENV2_DELIM-0x2f_THAILAND_DELIM-0x2f_2010_DELIM-0x2f_01363_DELIM-0x2f_10    0.00%    passed     99.60%
 286  DENV2_DELIM-0x2f_THAILAND_DELIM-0x2f_2007_DELIM-0x2f_02195_DELIM-0x2f_07    0.00%    passed     98.91%
 287  DENV2_DELIM-0x2f_THAILAND_DELIM-0x2f_2004_DELIM-0x2f_01218_DELIM-0x2f_04    0.00%    passed     99.97%
 288  DENV2_DELIM-0x2f_THAILAND_DELIM-0x2f_2006_DELIM-0x2f_01625_DELIM-0x2f_06    0.00%    passed     98.81%
 289  DENV2_DELIM-0x2f_CAMBODIA_DELIM-0x2f_2007_DELIM-0x2f_FJ639717               0.00%    passed     99.44%
 290  DENV2_DELIM-0x2f_CAMBODIA_DELIM-0x2f_2008_DELIM-0x2f_GQ868638               0.00%    passed     98.94%
 291  DENV2_DELIM-0x2f_THAILAND_DELIM-0x2f_2011_DELIM-0x2f_00322_DELIM-0x2f_11    0.00%    passed     99.48%
 292  DENV2_DELIM-0x2f_THAILAND_DELIM-0x2f_2011_DELIM-0x2f_01454_DELIM-0x2f_11    0.00%    passed     99.40%
 293  DENV2_DELIM-0x2f_THAILAND_DELIM-0x2f_2007_DELIM-0x2f_02071_DELIM-0x2f_07    0.00%    passed     99.73%
 294  DENV2_DELIM-0x2f_CAMBODIA_DELIM-0x2f_2007_DELIM-0x2f_GU131927               0.00%    passed     99.91%
 295  DENV2_DELIM-0x2f_THAILAND_DELIM-0x2f_2013_DELIM-0x2f_01726_DELIM-0x2f_13    0.00%    passed     99.92%
 296  DENV2_DELIM-0x2f_THAILAND_DELIM-0x2f_1999_DELIM-0x2f_00015_DELIM-0x2f_99    0.00%    passed     99.17%
 297  DENV2_DELIM-0x2f_THAILAND_DELIM-0x2f_1998_DELIM-0x2f_06814_DELIM-0x2f_98    0.07%    passed     99.65%
 298  DENV2_DELIM-0x2f_THAILAND_DELIM-0x2f_1998_DELIM-0x2f_01376_DELIM-0x2f_98    0.00%    passed     99.96%
 299  DENV2_DELIM-0x2f_THAILAND_DELIM-0x2f_1998_DELIM-0x2f_01565_DELIM-0x2f_98    0.00%    passed     99.73%
 300  DENV2_DELIM-0x2f_THAILAND_DELIM-0x2f_1999_DELIM-0x2f_03333_DELIM-0x2f_99    0.00%    passed     99.73%
 301  DENV2_DELIM-0x2f_THAILAND_DELIM-0x2f_1998_DELIM-0x2f_00458_DELIM-0x2f_98    0.00%    passed     99.89%
 302  DENV2_DELIM-0x2f_THAILAND_DELIM-0x2f_2002_DELIM-0x2f_00035_DELIM-0x2f_02    0.00%    passed     99.37%
 303  DENV2_DELIM-0x2f_THAILAND_DELIM-0x2f_2001_DELIM-0x2f_04957_DELIM-0x2f_01    0.00%    passed     98.76%
 304  DENV2_DELIM-0x2f_THAILAND_DELIM-0x2f_2000_DELIM-0x2f_01368_DELIM-0x2f_00    0.00%    passed     97.84%
 305  DENV2_DELIM-0x2f_THAILAND_DELIM-0x2f_2000_DELIM-0x2f_00380_DELIM-0x2f_00    0.00%    passed     99.73%
 306  DENV2_DELIM-0x2f_THAILAND_DELIM-0x2f_2000_DELIM-0x2f_00430_DELIM-0x2f_00    0.00%    passed     99.12%
 307  DENV2_DELIM-0x2f_THAILAND_DELIM-0x2f_2000_DELIM-0x2f_01249_DELIM-0x2f_00    0.00%    passed     99.17%
 308  DENV2_DELIM-0x2f_THAILAND_DELIM-0x2f_1999_DELIM-0x2f_02866_DELIM-0x2f_99    0.00%    passed     99.52%
 309  DENV2_DELIM-0x2f_THAILAND_DELIM-0x2f_1999_DELIM-0x2f_03510_DELIM-0x2f_99    0.00%    passed     99.52%
 310  DENV2_DELIM-0x2f_THAILAND_DELIM-0x2f_2000_DELIM-0x2f_05888_DELIM-0x2f_00    0.00%    passed     98.76%
 311  DENV2_DELIM-0x2f_THAILAND_DELIM-0x2f_2001_DELIM-0x2f_04493_DELIM-0x2f_01    0.00%    passed     99.37%
 312  DENV2_DELIM-0x2f_THAILAND_DELIM-0x2f_2001_DELIM-0x2f_02860_DELIM-0x2f_01    0.07%    passed     99.63%
 313  DENV2_DELIM-0x2f_THAILAND_DELIM-0x2f_2001_DELIM-0x2f_05819_DELIM-0x2f_01    0.00%    passed     99.37%
 314  DENV2_DELIM-0x2f_THAILAND_DELIM-0x2f_2000_DELIM-0x2f_01695_DELIM-0x2f_00    0.00%    passed     98.65%
 315  DENV2_DELIM-0x2f_THAILAND_DELIM-0x2f_1997_DELIM-0x2f_00112_DELIM-0x2f_97    0.00%    passed     99.82%
 316  DENV2_DELIM-0x2f_THAILAND_DELIM-0x2f_1996_DELIM-0x2f_00945_DELIM-0x2f_96    0.00%    passed     99.72%
 317  DENV2_DELIM-0x2f_THAILAND_DELIM-0x2f_1996_DELIM-0x2f_01431_DELIM-0x2f_96    0.00%    passed     99.92%
 318  DENV2_DELIM-0x2f_THAILAND_DELIM-0x2f_1996_DELIM-0x2f_02199_DELIM-0x2f_96    0.00%    passed     99.89%
 319  DENV2_DELIM-0x2f_THAILAND_DELIM-0x2f_1996_DELIM-0x2f_01181_DELIM-0x2f_96    0.00%    passed     99.94%
 320  DENV2_DELIM-0x2f_THAILAND_DELIM-0x2f_1997_DELIM-0x2f_06036_DELIM-0x2f_97    0.00%    passed     99.84%
 321  DENV2_DELIM-0x2f_THAILAND_DELIM-0x2f_1997_DELIM-0x2f_07537_DELIM-0x2f_97    0.00%    passed     99.82%
 322  DENV2_DELIM-0x2f_THAILAND_DELIM-0x2f_1998_DELIM-0x2f_07035_DELIM-0x2f_98    0.00%    passed     99.19%
 323  DENV2_DELIM-0x2f_THAILAND_DELIM-0x2f_1998_DELIM-0x2f_00672_DELIM-0x2f_98    0.00%    passed     99.52%
 324  DENV2_DELIM-0x2f_THAILAND_DELIM-0x2f_1997_DELIM-0x2f_04732_DELIM-0x2f_97    0.00%    passed     99.16%
 325  DENV2_DELIM-0x2f_THAILAND_DELIM-0x2f_1995_DELIM-0x2f_00672_DELIM-0x2f_95    0.00%    passed     99.96%
 326  DENV2_DELIM-0x2f_THAILAND_DELIM-0x2f_1995_DELIM-0x2f_00895_DELIM-0x2f_95    0.00%    passed     99.98%
 327  DENV2_DELIM-0x2f_THAILAND_DELIM-0x2f_1995_DELIM-0x2f_00925_DELIM-0x2f_95    0.00%    passed     99.96%
 328  DENV2_DELIM-0x2f_THAILAND_DELIM-0x2f_1995_DELIM-0x2f_01019_DELIM-0x2f_95    0.00%    passed     99.96%
 329  DENV2_DELIM-0x2f_THAILAND_DELIM-0x2f_1998_DELIM-0x2f_06328_DELIM-0x2f_98    0.00%    passed     99.77%
 330  DENV2_DELIM-0x2f_THAILAND_DELIM-0x2f_1999_DELIM-0x2f_05539_DELIM-0x2f_99    0.00%    passed    100.00%
 331  DENV2_DELIM-0x2f_THAILAND_DELIM-0x2f_1997_DELIM-0x2f_03412_DELIM-0x2f_97    0.00%    passed    100.00%
 332  DENV2_DELIM-0x2f_THAILAND_DELIM-0x2f_2006_DELIM-0x2f_00127_DELIM-0x2f_06    0.07%    passed     99.99%
 333  DENV2_DELIM-0x2f_THAILAND_DELIM-0x2f_2000_DELIM-0x2f_01559_DELIM-0x2f_00    0.00%    passed     99.95%
 334  DENV2_DELIM-0x2f_THAILAND_DELIM-0x2f_1999_DELIM-0x2f_04539_DELIM-0x2f_99    0.00%    passed    100.00%
 335  DENV2_DELIM-0x2f_THAILAND_DELIM-0x2f_1998_DELIM-0x2f_06895_DELIM-0x2f_98    0.00%    passed     99.17%
 336  DENV2_DELIM-0x2f_THAILAND_DELIM-0x2f_1998_DELIM-0x2f_04334_DELIM-0x2f_98    0.00%    passed     99.92%
 337  DENV2_DELIM-0x2f_THAILAND_DELIM-0x2f_1997_DELIM-0x2f_05157_DELIM-0x2f_97    0.00%    passed     99.98%
 338  DENV2_DELIM-0x2f_THAILAND_DELIM-0x2f_1997_DELIM-0x2f_04952_DELIM-0x2f_97    0.00%    passed    100.00%
 339  DENV2_DELIM-0x2f_THAILAND_DELIM-0x2f_2002_DELIM-0x2f_03090_DELIM-0x2f_02    0.00%    passed     99.37%
 340  DENV2_DELIM-0x2f_THAILAND_DELIM-0x2f_1998_DELIM-0x2f_04648_DELIM-0x2f_98    0.00%    passed    100.00%
 341  DENV2_DELIM-0x2f_THAILAND_DELIM-0x2f_1998_DELIM-0x2f_06341_DELIM-0x2f_98    0.00%    passed     99.97%
 342  DENV2_DELIM-0x2f_THAILAND_DELIM-0x2f_1998_DELIM-0x2f_06771_DELIM-0x2f_98    0.00%    passed     99.84%
 343  DENV2_DELIM-0x2f_THAILAND_DELIM-0x2f_1995_DELIM-0x2f_00436_DELIM-0x2f_95    0.00%    passed     99.85%
 344  DENV2_DELIM-0x2f_THAILAND_DELIM-0x2f_1994_DELIM-0x2f_01488_DELIM-0x2f_94    0.00%    passed     99.89%
 345  DENV2_DELIM-0x2f_THAILAND_DELIM-0x2f_1996_DELIM-0x2f_00788_DELIM-0x2f_96    0.00%    passed     99.94%
 346  DENV2_DELIM-0x2f_THAILAND_DELIM-0x2f_1994_DELIM-0x2f_01536_DELIM-0x2f_94    0.00%    passed     99.69%
 347  DENV2_DELIM-0x2f_THAILAND_DELIM-0x2f_1996_DELIM-0x2f_00024_DELIM-0x2f_96    0.00%    passed     98.37%
 348  DENV2_DELIM-0x2f_THAILAND_DELIM-0x2f_1996_DELIM-0x2f_01175_DELIM-0x2f_96    0.00%    passed     96.86%
 349  DENV2_DELIM-0x2f_THAILAND_DELIM-0x2f_1996_DELIM-0x2f_01309_DELIM-0x2f_96    0.07%    passed     96.39%
 350  DENV2_DELIM-0x2f_THAILAND_DELIM-0x2f_1995_DELIM-0x2f_00233_DELIM-0x2f_95    0.00%    passed     99.31%
 351  DENV2_DELIM-0x2f_THAILAND_DELIM-0x2f_1995_DELIM-0x2f_00234_DELIM-0x2f_95    0.00%    passed     98.77%
 352  DENV2_DELIM-0x2f_THAILAND_DELIM-0x2f_1995_DELIM-0x2f_00775_DELIM-0x2f_95    0.00%    passed     98.80%
 353  DENV2_DELIM-0x2f_THAILAND_DELIM-0x2f_1994_DELIM-0x2f_01458_DELIM-0x2f_94    0.00%    passed     97.94%
 354  DENV2_DELIM-0x2f_THAILAND_DELIM-0x2f_1995_DELIM-0x2f_00777_DELIM-0x2f_95    0.00%    passed     99.77%
 355  DENV2_DELIM-0x2f_THAILAND_DELIM-0x2f_1995_DELIM-0x2f_00991_DELIM-0x2f_95    0.00%    passed     99.63%
 356  DENV2_DELIM-0x2f_THAILAND_DELIM-0x2f_1995_DELIM-0x2f_01088_DELIM-0x2f_95    0.00%    passed     99.81%
 357  DENV2_DELIM-0x2f_THAILAND_DELIM-0x2f_1995_DELIM-0x2f_01241_DELIM-0x2f_95    0.00%    passed     99.63%
 358  DENV2_DELIM-0x2f_THAILAND_DELIM-0x2f_1996_DELIM-0x2f_02126_DELIM-0x2f_96    0.00%    passed     99.55%
 359  DENV2_DELIM-0x2f_THAILAND_DELIM-0x2f_1997_DELIM-0x2f_03066_DELIM-0x2f_97    0.00%    passed     99.77%
 360  DENV2_DELIM-0x2f_THAILAND_DELIM-0x2f_1998_DELIM-0x2f_01199_DELIM-0x2f_98    0.00%    passed     98.93%
 361  DENV2_DELIM-0x2f_THAILAND_DELIM-0x2f_1997_DELIM-0x2f_02206_DELIM-0x2f_97    0.00%    passed     99.05%
 362  DENV2_DELIM-0x2f_THAILAND_DELIM-0x2f_1996_DELIM-0x2f_01940_DELIM-0x2f_96    0.00%    passed     99.81%
 363  DENV2_DELIM-0x2f_THAILAND_DELIM-0x2f_1994_DELIM-0x2f_00937_DELIM-0x2f_94    0.00%    passed     99.77%
 364  DENV2_DELIM-0x2f_THAILAND_DELIM-0x2f_1994_DELIM-0x2f_01429_DELIM-0x2f_94    0.00%    passed     99.77%
 365  DENV2_DELIM-0x2f_THAILAND_DELIM-0x2f_1996_DELIM-0x2f_02119_DELIM-0x2f_96    0.00%    passed     99.30%
 366  DENV2_DELIM-0x2f_THAILAND_DELIM-0x2f_1996_DELIM-0x2f_01163_DELIM-0x2f_96    0.00%    passed     98.77%
 367  DENV2_DELIM-0x2f_THAILAND_DELIM-0x2f_1999_DELIM-0x2f_00185_DELIM-0x2f_99    0.00%    passed     99.31%
 368  DENV2_DELIM-0x2f_THAILAND_DELIM-0x2f_2000_DELIM-0x2f_06109_DELIM-0x2f_00    0.00%    passed     99.81%
 369  DENV2_DELIM-0x2f_THAILAND_DELIM-0x2f_1997_DELIM-0x2f_05925_DELIM-0x2f_97    0.00%    passed     99.49%
 370  DENV2_DELIM-0x2f_THAILAND_DELIM-0x2f_1997_DELIM-0x2f_05493_DELIM-0x2f_97    0.00%    passed     98.54%
 371  DENV2_DELIM-0x2f_THAILAND_DELIM-0x2f_1994_DELIM-0x2f_01430_DELIM-0x2f_94    0.00%    passed     99.97%
 372  DENV2_DELIM-0x2f_THAILAND_DELIM-0x2f_1994_DELIM-0x2f_01497_DELIM-0x2f_94    0.00%    passed     99.92%
 373  DENV2_DELIM-0x2f_THAILAND_DELIM-0x2f_1996_DELIM-0x2f_00043_DELIM-0x2f_96    0.00%    passed     98.93%
 374  DENV2_DELIM-0x2f_THAILAND_DELIM-0x2f_1997_DELIM-0x2f_00084_DELIM-0x2f_97    0.00%    passed     98.35%
 375  DENV2_DELIM-0x2f_THAILAND_DELIM-0x2f_1997_DELIM-0x2f_03060_DELIM-0x2f_97    0.00%    passed     98.14%
 376  DENV2_DELIM-0x2f_THAILAND_DELIM-0x2f_1995_DELIM-0x2f_00298_DELIM-0x2f_95    0.00%    passed     99.60%
 377  DENV2_DELIM-0x2f_THAILAND_DELIM-0x2f_1995_DELIM-0x2f_00589_DELIM-0x2f_95    0.00%    passed     99.88%
 378  DENV2_DELIM-0x2f_THAILAND_DELIM-0x2f_1995_DELIM-0x2f_01261_DELIM-0x2f_95    0.00%    passed     99.88%
 379  DENV2_DELIM-0x2f_THAILAND_DELIM-0x2f_1995_DELIM-0x2f_01656_DELIM-0x2f_95    0.00%    passed     96.47%
 380  DENV2_DELIM-0x2f_THAILAND_DELIM-0x2f_1996_DELIM-0x2f_01182_DELIM-0x2f_96    0.00%    passed     95.01%
 381  DENV2_DELIM-0x2f_THAILAND_DELIM-0x2f_1996_DELIM-0x2f_02118_DELIM-0x2f_96    0.00%    passed     95.01%
 382  DENV2_DELIM-0x2f_THAILAND_DELIM-0x2f_1998_DELIM-0x2f_04726_DELIM-0x2f_98    0.00%    passed     99.85%
 383  DENV2_DELIM-0x2f_THAILAND_DELIM-0x2f_1994_DELIM-0x2f_00637_DELIM-0x2f_94    0.00%    passed     99.40%
 384  DENV2_DELIM-0x2f_THAILAND_DELIM-0x2f_1994_DELIM-0x2f_00921_DELIM-0x2f_94    0.00%    passed     99.59%
 385  DENV2_DELIM-0x2f_THAILAND_DELIM-0x2f_1994_DELIM-0x2f_01034_DELIM-0x2f_94    0.00%    passed     99.24%
 386  DENV2_DELIM-0x2f_THAILAND_DELIM-0x2f_1998_DELIM-0x2f_00295_DELIM-0x2f_98    0.00%    passed     99.54%
 387  DENV2_DELIM-0x2f_THAILAND_DELIM-0x2f_1997_DELIM-0x2f_07854_DELIM-0x2f_97    0.00%    passed     99.94%
 388  DENV2_DELIM-0x2f_THAILAND_DELIM-0x2f_2000_DELIM-0x2f_00342_DELIM-0x2f_00    0.00%    passed     99.66%
 389  DENV2_DELIM-0x2f_THAILAND_DELIM-0x2f_1999_DELIM-0x2f_00364_DELIM-0x2f_99    0.00%    passed     99.63%
 390  DENV2_DELIM-0x2f_THAILAND_DELIM-0x2f_1999_DELIM-0x2f_05342_DELIM-0x2f_99    0.00%    passed     99.81%
 391  DENV2_DELIM-0x2f_THAILAND_DELIM-0x2f_1999_DELIM-0x2f_05512_DELIM-0x2f_99    0.00%    passed     99.99%
 392  DENV2_DELIM-0x2f_THAILAND_DELIM-0x2f_1999_DELIM-0x2f_03657_DELIM-0x2f_99    0.00%    passed     99.90%
 393  DENV2_DELIM-0x2f_THAILAND_DELIM-0x2f_1999_DELIM-0x2f_04373_DELIM-0x2f_99    0.00%    passed     99.90%
 394  DENV2_DELIM-0x2f_THAILAND_DELIM-0x2f_2000_DELIM-0x2f_02164_DELIM-0x2f_00    0.00%    passed     99.92%
 395  DENV2_DELIM-0x2f_THAILAND_DELIM-0x2f_1999_DELIM-0x2f_04031_DELIM-0x2f_99    0.00%    passed     99.66%
 396  DENV2_DELIM-0x2f_THAILAND_DELIM-0x2f_2002_DELIM-0x2f_01005_DELIM-0x2f_02    0.00%    passed     99.31%
 397  DENV2_DELIM-0x2f_THAILAND_DELIM-0x2f_2001_DELIM-0x2f_04089_DELIM-0x2f_01    0.00%    passed     99.77%
 398  DENV2_DELIM-0x2f_THAILAND_DELIM-0x2f_1994_DELIM-0x2f_00662_DELIM-0x2f_94    0.07%    passed     99.33%
 399  DENV2_DELIM-0x2f_THAILAND_DELIM-0x2f_1994_DELIM-0x2f_00706_DELIM-0x2f_94    0.00%    passed     99.54%
 400  DENV2_DELIM-0x2f_THAILAND_DELIM-0x2f_1994_DELIM-0x2f_00849_DELIM-0x2f_94    0.00%    passed     99.54%
 401  DENV2_DELIM-0x2f_THAILAND_DELIM-0x2f_1995_DELIM-0x2f_00976_DELIM-0x2f_95    0.00%    passed     99.54%
 402  DENV2_DELIM-0x2f_THAILAND_DELIM-0x2f_1997_DELIM-0x2f_07130_DELIM-0x2f_97    0.00%    passed     97.35%
 403  DENV2_DELIM-0x2f_THAILAND_DELIM-0x2f_1998_DELIM-0x2f_01718_DELIM-0x2f_98    0.00%    passed     99.81%
 404  DENV2_DELIM-0x2f_THAILAND_DELIM-0x2f_1998_DELIM-0x2f_03042_DELIM-0x2f_98    0.00%    passed     99.05%
 405  DENV2_DELIM-0x2f_THAILAND_DELIM-0x2f_1995_DELIM-0x2f_01001_DELIM-0x2f_95    0.00%    passed     99.20%
 406  DENV2_DELIM-0x2f_THAILAND_DELIM-0x2f_1995_DELIM-0x2f_01082_DELIM-0x2f_95    0.00%    passed     99.20%
 407  DENV2_DELIM-0x2f_THAILAND_DELIM-0x2f_2000_DELIM-0x2f_01667_DELIM-0x2f_00    0.00%    passed     99.05%
 408  DENV2_DELIM-0x2f_THAILAND_DELIM-0x2f_2000_DELIM-0x2f_02247_DELIM-0x2f_00    0.00%    passed     99.05%
 409  DENV2_DELIM-0x2f_THAILAND_DELIM-0x2f_1999_DELIM-0x2f_04790_DELIM-0x2f_99    0.00%    passed     99.20%
 410  DENV2_DELIM-0x2f_THAILAND_DELIM-0x2f_2001_DELIM-0x2f_04834_DELIM-0x2f_01    0.00%    passed     99.20%
 411  DENV2_DELIM-0x2f_THAILAND_DELIM-0x2f_2001_DELIM-0x2f_03876_DELIM-0x2f_01    0.00%    passed     99.24%
 412  DENV2_DELIM-0x2f_THAILAND_DELIM-0x2f_1999_DELIM-0x2f_03684_DELIM-0x2f_99    0.00%    passed     99.05%
 413  DENV2_DELIM-0x2f_THAILAND_DELIM-0x2f_1998_DELIM-0x2f_01787_DELIM-0x2f_98    0.00%    passed     99.81%
 414  DENV2_DELIM-0x2f_THAILAND_DELIM-0x2f_1995_DELIM-0x2f_01800_DELIM-0x2f_95    0.00%    passed     99.95%
 415  DENV2_DELIM-0x2f_THAILAND_DELIM-0x2f_1997_DELIM-0x2f_07161_DELIM-0x2f_97    0.00%    passed     99.66%
 416  DENV2_DELIM-0x2f_THAILAND_DELIM-0x2f_1994_DELIM-0x2f_00523_DELIM-0x2f_94    0.00%    passed     98.27%
 417  DENV2_DELIM-0x2f_THAILAND_DELIM-0x2f_1995_DELIM-0x2f_01619_DELIM-0x2f_95    0.00%    passed     99.97%
 418  DENV2_DELIM-0x2f_THAILAND_DELIM-0x2f_1994_DELIM-0x2f_00489_DELIM-0x2f_94    0.00%    passed     94.83%
 419  DENV2_DELIM-0x2f_THAILAND_DELIM-0x2f_1997_DELIM-0x2f_00774_DELIM-0x2f_97    0.00%    passed     94.48%
 420  DENV2_DELIM-0x2f_THAILAND_DELIM-0x2f_1996_DELIM-0x2f_00974_DELIM-0x2f_96    0.00%    passed     95.45%
 421  DENV2_DELIM-0x2f_THAILAND_DELIM-0x2f_1996_DELIM-0x2f_00996_DELIM-0x2f_96    0.00%    passed     94.83%
 422  DENV2_DELIM-0x2f_THAILAND_DELIM-0x2f_1996_DELIM-0x2f_02136_DELIM-0x2f_96    0.00%    passed     93.93%
 423  DENV2_DELIM-0x2f_THAILAND_DELIM-0x2f_1998_DELIM-0x2f_01344_DELIM-0x2f_98    0.00%    passed     97.56%
 424  DENV2_DELIM-0x2f_THAILAND_DELIM-0x2f_1995_DELIM-0x2f_00033_DELIM-0x2f_95    0.00%    passed     99.92%
 425  DENV2_DELIM-0x2f_THAILAND_DELIM-0x2f_1994_DELIM-0x2f_01414_DELIM-0x2f_94    0.00%    passed     99.92%
 426  DENV2_DELIM-0x2f_THAILAND_DELIM-0x2f_1994_DELIM-0x2f_00327_DELIM-0x2f_94    0.00%    passed     99.92%
 427  DENV2_DELIM-0x2f_THAILAND_DELIM-0x2f_1995_DELIM-0x2f_00656_DELIM-0x2f_95    0.00%    passed     99.87%
 428  DENV2_DELIM-0x2f_THAILAND_DELIM-0x2f_1995_DELIM-0x2f_01281_DELIM-0x2f_95    0.00%    passed     99.87%
 429  DENV2_DELIM-0x2f_THAILAND_DELIM-0x2f_1994_DELIM-0x2f_00126_DELIM-0x2f_94    0.00%    passed     99.96%
 430  DENV2_DELIM-0x2f_THAILAND_DELIM-0x2f_1994_DELIM-0x2f_00997_DELIM-0x2f_94    0.00%    passed     99.97%
 431  DENV2_DELIM-0x2f_THAILAND_DELIM-0x2f_1997_DELIM-0x2f_00809_DELIM-0x2f_97    0.00%    passed     98.78%
 432  DENV2_DELIM-0x2f_THAILAND_DELIM-0x2f_2005_DELIM-0x2f_00420_DELIM-0x2f_05    0.00%    passed     99.96%
 433  DENV2_DELIM-0x2f_THAILAND_DELIM-0x2f_2004_DELIM-0x2f_00630_DELIM-0x2f_04    0.00%    passed     99.92%
 434  DENV2_DELIM-0x2f_THAILAND_DELIM-0x2f_2004_DELIM-0x2f_00560_DELIM-0x2f_04    0.00%    passed     99.28%
 435  DENV2_DELIM-0x2f_THAILAND_DELIM-0x2f_2004_DELIM-0x2f_00617_DELIM-0x2f_04    0.00%    passed     99.71%
 436  DENV2_DELIM-0x2f_THAILAND_DELIM-0x2f_2004_DELIM-0x2f_01462_DELIM-0x2f_04    0.00%    passed     99.99%
 437  DENV2_DELIM-0x2f_THAILAND_DELIM-0x2f_2004_DELIM-0x2f_01224_DELIM-0x2f_04    0.00%    passed     99.97%
 438  DENV2_DELIM-0x2f_THAILAND_DELIM-0x2f_2005_DELIM-0x2f_00953_DELIM-0x2f_05    0.00%    passed     99.71%
 439  DENV2_DELIM-0x2f_THAILAND_DELIM-0x2f_2005_DELIM-0x2f_01574_DELIM-0x2f_05    0.00%    passed     99.92%
 440  DENV2_DELIM-0x2f_THAILAND_DELIM-0x2f_2014_DELIM-0x2f_00740_DELIM-0x2f_14    0.00%    passed     99.92%
 441  DENV2_DELIM-0x2f_THAILAND_DELIM-0x2f_2006_DELIM-0x2f_00647_DELIM-0x2f_06    0.00%    passed     80.18%
 442  DENV2_DELIM-0x2f_THAILAND_DELIM-0x2f_2007_DELIM-0x2f_00408_DELIM-0x2f_07    0.00%    passed     69.26%
 443  DENV2_DELIM-0x2f_INDIA_DELIM-0x2f_1974_DELIM-0x2f_POONA-742295              0.00%    passed     92.70%
 444  DENV2_DELIM-0x2f_THAILAND_DELIM-0x2f_2007_DELIM-0x2f_02039_DELIM-0x2f_07    0.00%    passed     96.55%
 445  DENV2_DELIM-0x2f_VIETNAM_DELIM-0x2f_2006_DELIM-0x2f_32-135                  0.00%    passed     97.48%
 446  DENV2_DELIM-0x2f_THAILAND_DELIM-0x2f_1988_DELIM-0x2f_05470_DELIM-0x2f_88    0.00%    passed     90.97%
 447  DENV2_DELIM-0x2f_VIETNAM_DELIM-0x2f_2003_DELIM-0x2f_AC21                    0.07%    passed     65.80%
 448  DENV2_DELIM-0x2f_CAMBODIA_DELIM-0x2f_2003_DELIM-0x2f_FJ639703               0.00%    passed     89.70%
 449  DENV2_DELIM-0x2f_BRAZIL_DELIM-0x2f_2004_DELIM-0x2f_BR-161                   0.00%    passed     99.23%
 450  DENV2_DELIM-0x2f_NICARAGUA_DELIM-0x2f_2005_DELIM-0x2f_BID-V533              0.00%    passed     99.69%
 451  DENV2_DELIM-0x2f_NICARAGUA_DELIM-0x2f_2006_DELIM-0x2f_BID-V571              0.00%    passed     99.76%
 452  DENV2_DELIM-0x2f_GUYANA_DELIM-0x2f_2000_DELIM-0x2f_CAREC-00-08221           0.00%    passed     94.33%
 453  DENV2_DELIM-0x2f_PERU_DELIM-0x2f_1996_DELIM-0x2f_IQT2913                    0.00%    passed     97.66%
 454  DENV2_DELIM-0x2f_TONGA_DELIM-0x2f_1974_DELIM-0x2f_TONGA-74                  0.00%    passed     95.63%
 455  DENV2_DELIM-0x2f_MALAYSIA_DELIM-0x2f_2008_DELIM-0x2f_DKD-811                0.00%    passed     74.23%
 456  DENV2_DELIM-0x2f_SENEGAL_DELIM-0x2f_1970_DELIM-0x2f_SENDAK-HD-10674         0.00%    passed     60.98%
****  TOTAL                                                                       0.00%  0 sequences failed composition chi2 test (p-value<5%; df=3)
NOTE: DENV2_DELIM-0x2f_THAILAND_DELIM-0x2f_1998_DELIM-0x2f_00554_DELIM-0x2f_98 is identical to DENV2_DELIM-0x2f_THAILAND_DELIM-0x2f_1998_DELIM-0x2f_00441_DELIM-0x2f_98 but kept for subsequent analysis
NOTE: DENV2_DELIM-0x2f_THAILAND_DELIM-0x2f_1995_DELIM-0x2f_00759_DELIM-0x2f_95 is identical to DENV2_DELIM-0x2f_THAILAND_DELIM-0x2f_1996_DELIM-0x2f_00742_DELIM-0x2f_96 but kept for subsequent analysis
NOTE: DENV2_DELIM-0x2f_THAILAND_DELIM-0x2f_1998_DELIM-0x2f_06903_DELIM-0x2f_98 is identical to DENV2_DELIM-0x2f_THAILAND_DELIM-0x2f_2001_DELIM-0x2f_00017_DELIM-0x2f_01 but kept for subsequent analysis
NOTE: DENV2_DELIM-0x2f_THAILAND_DELIM-0x2f_1999_DELIM-0x2f_02816_DELIM-0x2f_99 is identical to DENV2_DELIM-0x2f_THAILAND_DELIM-0x2f_1996_DELIM-0x2f_02561_DELIM-0x2f_96 but kept for subsequent analysis
NOTE: DENV2_DELIM-0x2f_THAILAND_DELIM-0x2f_1999_DELIM-0x2f_03658_DELIM-0x2f_99 is identical to DENV2_DELIM-0x2f_THAILAND_DELIM-0x2f_1999_DELIM-0x2f_03093_DELIM-0x2f_99 but kept for subsequent analysis
NOTE: DENV2_DELIM-0x2f_THAILAND_DELIM-0x2f_2001_DELIM-0x2f_04225_DELIM-0x2f_01 is identical to DENV2_DELIM-0x2f_THAILAND_DELIM-0x2f_2001_DELIM-0x2f_03693_DELIM-0x2f_01 but kept for subsequent analysis
NOTE: DENV2_DELIM-0x2f_THAILAND_DELIM-0x2f_2003_DELIM-0x2f_01549_DELIM-0x2f_03 is identical to DENV2_DELIM-0x2f_THAILAND_DELIM-0x2f_2003_DELIM-0x2f_01268_DELIM-0x2f_03 but kept for subsequent analysis
NOTE: DENV2_DELIM-0x2f_THAILAND_DELIM-0x2f_2002_DELIM-0x2f_03130_DELIM-0x2f_02 is identical to DENV2_DELIM-0x2f_THAILAND_DELIM-0x2f_2003_DELIM-0x2f_00035_DELIM-0x2f_03 but kept for subsequent analysis
NOTE: DENV2_DELIM-0x2f_THAILAND_DELIM-0x2f_2000_DELIM-0x2f_02113_DELIM-0x2f_00 is identical to DENV2_DELIM-0x2f_THAILAND_DELIM-0x2f_2001_DELIM-0x2f_00135_DELIM-0x2f_01 but kept for subsequent analysis
NOTE: DENV2_DELIM-0x2f_THAILAND_DELIM-0x2f_2000_DELIM-0x2f_05894_DELIM-0x2f_00 is identical to DENV2_DELIM-0x2f_THAILAND_DELIM-0x2f_2001_DELIM-0x2f_00345_DELIM-0x2f_01 but kept for subsequent analysis
NOTE: DENV2_DELIM-0x2f_THAILAND_DELIM-0x2f_2000_DELIM-0x2f_05492_DELIM-0x2f_00 is identical to DENV2_DELIM-0x2f_THAILAND_DELIM-0x2f_2000_DELIM-0x2f_01326_DELIM-0x2f_00 but kept for subsequent analysis
NOTE: DENV2_DELIM-0x2f_THAILAND_DELIM-0x2f_2002_DELIM-0x2f_01318_DELIM-0x2f_02 is identical to DENV2_DELIM-0x2f_THAILAND_DELIM-0x2f_2002_DELIM-0x2f_00786_DELIM-0x2f_02 but kept for subsequent analysis
NOTE: DENV2_DELIM-0x2f_THAILAND_DELIM-0x2f_2004_DELIM-0x2f_00248_DELIM-0x2f_04 is identical to DENV2_DELIM-0x2f_THAILAND_DELIM-0x2f_2004_DELIM-0x2f_00213_DELIM-0x2f_04 but kept for subsequent analysis
NOTE: DENV2_DELIM-0x2f_THAILAND_DELIM-0x2f_2004_DELIM-0x2f_01006_DELIM-0x2f_04 is identical to DENV2_DELIM-0x2f_THAILAND_DELIM-0x2f_2004_DELIM-0x2f_00664_DELIM-0x2f_04 but kept for subsequent analysis
NOTE: DENV2_DELIM-0x2f_THAILAND_DELIM-0x2f_2005_DELIM-0x2f_00903_DELIM-0x2f_05 is identical to DENV2_DELIM-0x2f_THAILAND_DELIM-0x2f_2005_DELIM-0x2f_00901_DELIM-0x2f_05 but kept for subsequent analysis
NOTE: DENV2_DELIM-0x2f_THAILAND_DELIM-0x2f_2005_DELIM-0x2f_01291_DELIM-0x2f_05 is identical to DENV2_DELIM-0x2f_THAILAND_DELIM-0x2f_2006_DELIM-0x2f_00036_DELIM-0x2f_06 but kept for subsequent analysis
NOTE: DENV2_DELIM-0x2f_THAILAND_DELIM-0x2f_2006_DELIM-0x2f_00444_DELIM-0x2f_06 is identical to DENV2_DELIM-0x2f_THAILAND_DELIM-0x2f_2006_DELIM-0x2f_00390_DELIM-0x2f_06 but kept for subsequent analysis
NOTE: DENV2_DELIM-0x2f_THAILAND_DELIM-0x2f_2006_DELIM-0x2f_02391_DELIM-0x2f_06 is identical to DENV2_DELIM-0x2f_THAILAND_DELIM-0x2f_2005_DELIM-0x2f_01381_DELIM-0x2f_05 but kept for subsequent analysis
NOTE: DENV2_DELIM-0x2f_THAILAND_DELIM-0x2f_2007_DELIM-0x2f_00576_DELIM-0x2f_07 is identical to DENV2_DELIM-0x2f_THAILAND_DELIM-0x2f_2007_DELIM-0x2f_00569_DELIM-0x2f_07 but kept for subsequent analysis
NOTE: DENV2_DELIM-0x2f_THAILAND_DELIM-0x2f_2004_DELIM-0x2f_00709_DELIM-0x2f_04 is identical to DENV2_DELIM-0x2f_THAILAND_DELIM-0x2f_2004_DELIM-0x2f_00673_DELIM-0x2f_04 but kept for subsequent analysis
NOTE: DENV2_DELIM-0x2f_THAILAND_DELIM-0x2f_2006_DELIM-0x2f_00697_DELIM-0x2f_06 is identical to DENV2_DELIM-0x2f_THAILAND_DELIM-0x2f_2006_DELIM-0x2f_00586_DELIM-0x2f_06 but kept for subsequent analysis
NOTE: DENV2_DELIM-0x2f_THAILAND_DELIM-0x2f_2006_DELIM-0x2f_02182_DELIM-0x2f_06 is identical to DENV2_DELIM-0x2f_THAILAND_DELIM-0x2f_2006_DELIM-0x2f_01929_DELIM-0x2f_06 but kept for subsequent analysis
NOTE: DENV2_DELIM-0x2f_THAILAND_DELIM-0x2f_2012_DELIM-0x2f_01092_DELIM-0x2f_12 is identical to DENV2_DELIM-0x2f_THAILAND_DELIM-0x2f_2012_DELIM-0x2f_00478_DELIM-0x2f_12 but kept for subsequent analysis
NOTE: DENV2_DELIM-0x2f_THAILAND_DELIM-0x2f_1999_DELIM-0x2f_03510_DELIM-0x2f_99 is identical to DENV2_DELIM-0x2f_THAILAND_DELIM-0x2f_1999_DELIM-0x2f_02866_DELIM-0x2f_99 but kept for subsequent analysis
NOTE: DENV2_DELIM-0x2f_THAILAND_DELIM-0x2f_1995_DELIM-0x2f_01019_DELIM-0x2f_95 is identical to DENV2_DELIM-0x2f_THAILAND_DELIM-0x2f_1995_DELIM-0x2f_00925_DELIM-0x2f_95 but kept for subsequent analysis
NOTE: DENV2_DELIM-0x2f_THAILAND_DELIM-0x2f_1995_DELIM-0x2f_01241_DELIM-0x2f_95 is identical to DENV2_DELIM-0x2f_THAILAND_DELIM-0x2f_1995_DELIM-0x2f_00991_DELIM-0x2f_95 but kept for subsequent analysis
NOTE: DENV2_DELIM-0x2f_THAILAND_DELIM-0x2f_1996_DELIM-0x2f_02118_DELIM-0x2f_96 is identical to DENV2_DELIM-0x2f_THAILAND_DELIM-0x2f_1996_DELIM-0x2f_01182_DELIM-0x2f_96 but kept for subsequent analysis
NOTE: DENV2_DELIM-0x2f_THAILAND_DELIM-0x2f_1999_DELIM-0x2f_04373_DELIM-0x2f_99 is identical to DENV2_DELIM-0x2f_THAILAND_DELIM-0x2f_1999_DELIM-0x2f_03657_DELIM-0x2f_99 but kept for subsequent analysis
NOTE: DENV2_DELIM-0x2f_THAILAND_DELIM-0x2f_1994_DELIM-0x2f_00849_DELIM-0x2f_94 is identical to DENV2_DELIM-0x2f_THAILAND_DELIM-0x2f_1994_DELIM-0x2f_00706_DELIM-0x2f_94 but kept for subsequent analysis
NOTE: DENV2_DELIM-0x2f_THAILAND_DELIM-0x2f_2000_DELIM-0x2f_02247_DELIM-0x2f_00 is identical to DENV2_DELIM-0x2f_THAILAND_DELIM-0x2f_2000_DELIM-0x2f_01667_DELIM-0x2f_00 but kept for subsequent analysis
NOTE: DENV2_DELIM-0x2f_THAILAND_DELIM-0x2f_1994_DELIM-0x2f_01414_DELIM-0x2f_94 is identical to DENV2_DELIM-0x2f_THAILAND_DELIM-0x2f_1995_DELIM-0x2f_00033_DELIM-0x2f_95 but kept for subsequent analysis
NOTE: DENV2_DELIM-0x2f_THAILAND_DELIM-0x2f_1995_DELIM-0x2f_01281_DELIM-0x2f_95 is identical to DENV2_DELIM-0x2f_THAILAND_DELIM-0x2f_1995_DELIM-0x2f_00656_DELIM-0x2f_95 but kept for subsequent analysis
Checking for duplicate sequences: done in 0.0055758 secs using 1243% CPU
Identifying sites to remove: done in 0.00197988 secs using 823.5% CPU
NOTE: 14 identical sequences (see below) will be ignored for subsequent analysis
NOTE: DENV2_DELIM-0x2f_THAILAND_DELIM-0x2f_1997_DELIM-0x2f_00494_DELIM-0x2f_97 (identical to DENV2_DELIM-0x2f_THAILAND_DELIM-0x2f_1998_DELIM-0x2f_00441_DELIM-0x2f_98) is ignored but added at the end
NOTE: DENV2_DELIM-0x2f_THAILAND_DELIM-0x2f_1995_DELIM-0x2f_00856_DELIM-0x2f_95 (identical to DENV2_DELIM-0x2f_THAILAND_DELIM-0x2f_1996_DELIM-0x2f_00742_DELIM-0x2f_96) is ignored but added at the end
NOTE: DENV2_DELIM-0x2f_THAILAND_DELIM-0x2f_1998_DELIM-0x2f_00800_DELIM-0x2f_98 (identical to DENV2_DELIM-0x2f_THAILAND_DELIM-0x2f_1996_DELIM-0x2f_00742_DELIM-0x2f_96) is ignored but added at the end
NOTE: DENV2_DELIM-0x2f_THAILAND_DELIM-0x2f_2000_DELIM-0x2f_06009_DELIM-0x2f_00 (identical to DENV2_DELIM-0x2f_THAILAND_DELIM-0x2f_2001_DELIM-0x2f_00345_DELIM-0x2f_01) is ignored but added at the end
NOTE: DENV2_DELIM-0x2f_THAILAND_DELIM-0x2f_2000_DELIM-0x2f_01636_DELIM-0x2f_00 (identical to DENV2_DELIM-0x2f_THAILAND_DELIM-0x2f_2001_DELIM-0x2f_00345_DELIM-0x2f_01) is ignored but added at the end
NOTE: DENV2_DELIM-0x2f_THAILAND_DELIM-0x2f_2000_DELIM-0x2f_01899_DELIM-0x2f_00 (identical to DENV2_DELIM-0x2f_THAILAND_DELIM-0x2f_2001_DELIM-0x2f_00345_DELIM-0x2f_01) is ignored but added at the end
NOTE: DENV2_DELIM-0x2f_THAILAND_DELIM-0x2f_2002_DELIM-0x2f_01636_DELIM-0x2f_02 (identical to DENV2_DELIM-0x2f_THAILAND_DELIM-0x2f_2001_DELIM-0x2f_00345_DELIM-0x2f_01) is ignored but added at the end
NOTE: DENV2_DELIM-0x2f_THAILAND_DELIM-0x2f_2001_DELIM-0x2f_00721_DELIM-0x2f_01 (identical to DENV2_DELIM-0x2f_THAILAND_DELIM-0x2f_2000_DELIM-0x2f_01326_DELIM-0x2f_00) is ignored but added at the end
NOTE: DENV2_DELIM-0x2f_THAILAND_DELIM-0x2f_2004_DELIM-0x2f_01185_DELIM-0x2f_04 (identical to DENV2_DELIM-0x2f_THAILAND_DELIM-0x2f_2004_DELIM-0x2f_00664_DELIM-0x2f_04) is ignored but added at the end
NOTE: DENV2_DELIM-0x2f_THAILAND_DELIM-0x2f_2004_DELIM-0x2f_01007_DELIM-0x2f_04 (identical to DENV2_DELIM-0x2f_THAILAND_DELIM-0x2f_2004_DELIM-0x2f_00673_DELIM-0x2f_04) is ignored but added at the end
NOTE: DENV2_DELIM-0x2f_THAILAND_DELIM-0x2f_2004_DELIM-0x2f_01177_DELIM-0x2f_04 (identical to DENV2_DELIM-0x2f_THAILAND_DELIM-0x2f_2004_DELIM-0x2f_00673_DELIM-0x2f_04) is ignored but added at the end
NOTE: DENV2_DELIM-0x2f_THAILAND_DELIM-0x2f_2004_DELIM-0x2f_01316_DELIM-0x2f_04 (identical to DENV2_DELIM-0x2f_THAILAND_DELIM-0x2f_2004_DELIM-0x2f_00673_DELIM-0x2f_04) is ignored but added at the end
NOTE: DENV2_DELIM-0x2f_THAILAND_DELIM-0x2f_2004_DELIM-0x2f_01145_DELIM-0x2f_04 (identical to DENV2_DELIM-0x2f_THAILAND_DELIM-0x2f_2004_DELIM-0x2f_00673_DELIM-0x2f_04) is ignored but added at the end
NOTE: DENV2_DELIM-0x2f_THAILAND_DELIM-0x2f_1994_DELIM-0x2f_00327_DELIM-0x2f_94 (identical to DENV2_DELIM-0x2f_THAILAND_DELIM-0x2f_1995_DELIM-0x2f_00033_DELIM-0x2f_95) is ignored but added at the end
Alignment was printed to ../resources/experimental_data/cropped/E_DENV2-delim.fasta.uniqueseq.phy

For your convenience alignment with unique sequences printed to ../resources/experimental_data/cropped/E_DENV2-delim.fasta.uniqueseq.phy

Create initial parsimony tree by phylogenetic likelihood library (PLL)... 0.033 seconds

NOTE: 32 MB RAM (0 GB) is required!
Measuring multi-threading efficiency up to 16 CPU cores
Increase to 10 rounds for branch lengths
65 trees examined
Threads: 1 / Time: 16.234 sec / Speedup: 1.000 / Efficiency: 100% / LogL: -41332
Threads: 2 / Time: 10.665 sec / Speedup: 1.522 / Efficiency: 76% / LogL: -41332
Threads: 3 / Time: 8.924 sec / Speedup: 1.819 / Efficiency: 61% / LogL: -41332
Threads: 4 / Time: 8.630 sec / Speedup: 1.881 / Efficiency: 47% / LogL: -41332
Determining AUTO threadcount: done in 44.4569 secs using 218.3% CPU
BEST NUMBER OF THREADS: 3

Estimate model parameters (epsilon = 0.500)
1. Initial log-likelihood: -16614.477
2. Current log-likelihood: -14598.622
3. Current log-likelihood: -14553.140
4. Current log-likelihood: -14550.894
Optimal log-likelihood: -14550.564
Rate parameters:  A-C: 0.99187  A-G: 14.75091  A-T: 2.33131  C-G: 0.28570  C-T: 45.93866  G-T: 1.00000
Base frequencies:  A: 0.333  C: 0.200  G: 0.257  T: 0.209
Gamma shape alpha: 0.227
Parameters optimization took 4 rounds (0.939 sec)
Wrote distance file to... 
Computing ML distances based on estimated model parameters...
Calculating distance matrix: done in 0.124694 secs using 299.6% CPU
Computing ML distances took 0.124988 sec (of wall-clock time) 0.375817 sec (of CPU time)
Setting up auxiliary I and S matrices: done in 0.00118623 secs using 122.1% CPU
Constructing RapidNJ tree: done in 0.0524267 secs using 144.5% CPU
Computing RapidNJ tree took 0.053683 sec (of wall-clock time) 0.077331 sec (of CPU time)
Log-likelihood of RapidNJ tree: -14542.932
--------------------------------------------------------------------
|             INITIALIZING CANDIDATE TREE SET                      |
--------------------------------------------------------------------

Do NNI search on 2 best initial trees
Optimizing NNI: done in 0.217999 secs using 293.3% CPU
Estimate model parameters (epsilon = 0.500)
BETTER TREE FOUND at iteration 1: -14518.435
Optimizing NNI: done in 0.241802 secs using 294.6% CPU
Finish initializing candidate tree set (4)
Current best tree score: -14518.435 / CPU time: 0.570
Number of iterations: 2
TREE SEARCH COMPLETED AFTER 2 ITERATIONS / Time: 0h:0m:46s

--------------------------------------------------------------------
|                    FINALIZING TREE SEARCH                        |
--------------------------------------------------------------------
Performs final model parameters optimization
Estimate model parameters (epsilon = 0.050)
1. Initial log-likelihood: -14518.435
Optimal log-likelihood: -14518.421
Rate parameters:  A-C: 0.96145  A-G: 14.92125  A-T: 2.34416  C-G: 0.28885  C-T: 45.90564  G-T: 1.00000
Base frequencies:  A: 0.333  C: 0.200  G: 0.257  T: 0.209
Gamma shape alpha: 0.220
Parameters optimization took 1 rounds (0.063 sec)
BEST SCORE FOUND : -14518.421
Total tree length: 1.648

Total number of iterations: 2
CPU time used for tree search: 1.684 sec (0h:0m:1s)
Wall-clock time used for tree search: 0.571 sec (0h:0m:0s)
Total CPU time used: 102.717 sec (0h:1m:42s)
Total wall-clock time used: 46.384 sec (0h:0m:46s)

Analysis results written to: 
  IQ-TREE report:                ../resources/experimental_data/cropped/E_DENV2-delim.fasta.iqtree
  Maximum-likelihood tree:       ../resources/experimental_data/cropped/E_DENV2-delim.fasta.treefile
  Likelihood distances:          ../resources/experimental_data/cropped/E_DENV2-delim.fasta.mldist
  Screen log file:               ../resources/experimental_data/cropped/E_DENV2-delim.fasta.log

Date and Time: Wed Jul 15 14:23:24 2026
