IQ-TREE version 3.0.1 for Linux x86 64-bit built Jul  9 2025
Developed by Bui Quang Minh, Thomas Wong, Nhan Ly-Trong, Huaiyan Ren
Contributed by Lam-Tung Nguyen, Dominik Schrempf, Chris Bielow,
Olga Chernomor, Michael Woodhams, Diep Thi Hoang, Heiko Schmidt

Host:    dirreno-B650-AORUS-ELITE-AX (AVX512, FMA3, 30 GB RAM)
Command: iqtree3 --threads-max 16 -s ../resources/experimental_data/cropped/E_DENV2-delim.fasta -m GTR+G --ninit 2 -n 2 --epsilon 0.05 -T AUTO --redo
Seed:    244219 (Using SPRNG - Scalable Parallel Random Number Generator)
Time:    Mon May  4 00:35:39 2026
Kernel:  AVX+FMA - auto-detect threads (16 CPU cores detected)

Reading alignment file ../resources/experimental_data/cropped/E_DENV2-delim.fasta ... Fasta format detected
Reading fasta file: done in 0.00814649 secs using 99.86% CPU
Alignment most likely contains DNA/RNA sequences
Constructing alignment: done in 0.00527844 secs using 442.6% CPU
Alignment has 795 sequences with 1485 columns, 615 distinct patterns
509 parsimony-informative, 96 singleton sites, 880 constant sites
            Gap/Ambiguity  Composition  p-value
Analyzing sequences: done in 0.00453564 secs using 1513% CPU
   1  1974.5        0.00%    passed     97.61%
   2  1974.5_2      0.00%    passed     99.20%
   3  1974.5_3      0.00%    passed     99.20%
   4  1978.5        0.00%    passed     99.78%
   5  1979.5        0.00%    passed     99.12%
   6  1980.29       0.00%    passed     99.91%
   7  1980.538      0.00%    passed     96.35%
   8  1981.5        0.07%    passed     97.09%
   9  1982.5        0.00%    passed     89.22%
  10  1982.5_2      0.00%    passed     96.23%
  11  1982.5_3      0.07%    passed     97.56%
  12  1982.79       0.00%    passed     99.98%
  13  1982.956      0.00%    passed     99.31%
  14  1983.5        0.00%    passed     91.05%
  15  1983.5_2      0.00%    passed     99.31%
  16  1983.5_3      0.00%    passed     99.77%
  17  1983.622      0.00%    passed     99.02%
  18  1984.5        0.00%    passed     99.21%
  19  1984.5_2      0.00%    passed     99.31%
  20  1984.5_3      0.00%    passed     98.22%
  21  1984.5_4      0.07%    passed     92.84%
  22  1984.5_5      0.00%    passed     99.80%
  23  1984.623      0.00%    passed     91.98%
  24  1985.288      0.00%    passed     97.03%
  25  1985.288_2    0.07%    passed     97.92%
  26  1985.37       0.00%    passed     99.80%
  27  1985.37_2     0.00%    passed     99.31%
  28  1985.5        0.00%    passed     99.91%
  29  1985.5_2      0.00%    passed     86.60%
  30  1985.5_3      0.00%    passed     95.84%
  31  1985.5_4      0.00%    passed     92.01%
  32  1985.5_5      0.00%    passed     98.79%
  33  1985.5_6      0.07%    passed     96.83%
  34  1985.5_7      0.00%    passed     99.56%
  35  1985.5_8      0.00%    passed     98.79%
  36  1985.537      0.00%    passed     97.46%
  37  1985.537_2    0.00%    passed     96.23%
  38  1986.5        0.00%    passed     97.72%
  39  1986.5_2      0.00%    passed     97.06%
  40  1986.537      0.07%    passed     99.06%
  41  1986.622      0.13%    passed     99.10%
  42  1987.126      0.00%    passed     98.72%
  43  1987.288      0.00%    passed     99.57%
  44  1987.5        0.00%    passed     91.98%
  45  1987.5_2      0.00%    passed     98.40%
  46  1987.5_3      0.00%    passed     86.60%
  47  1987.5_4      0.00%    passed     86.54%
  48  1987.5_5      0.00%    passed     99.05%
  49  1987.5_6      0.00%    passed     97.03%
  50  1987.5_7      0.00%    passed     99.56%
  51  1987.5_8      0.07%    passed     97.67%
  52  1987.5_9      0.00%    passed     99.31%
  53  1988.5        0.00%    passed     98.06%
  54  1988.5_2      0.00%    passed     99.80%
  55  1988.5_3      0.00%    passed     93.73%
  56  1988.5_4      0.00%    passed     94.36%
  57  1988.708      0.00%    passed     98.79%
  58  1988.708_2    0.00%    passed     87.46%
  59  1988.708_3    0.07%    passed     99.93%
  60  1988.708_4    0.00%    passed     99.64%
  61  1988.708_5    0.00%    passed     99.93%
  62  1988.708_6    0.00%    passed     99.77%
  63  1988.79       0.00%    passed     99.21%
  64  1988.79_2     0.00%    passed     99.42%
  65  1994.036      0.00%    passed    100.00%
  66  1994.159      0.00%    passed     99.99%
  67  1994.334      0.00%    passed     93.18%
  68  1994.359      0.00%    passed     98.40%
  69  1994.386      0.07%    passed     98.80%
  70  1994.433      0.00%    passed     99.99%
  71  1994.449      0.00%    passed     99.45%
  72  1994.5        0.07%    passed     99.98%
  73  1994.5_2      0.00%    passed     99.98%
  74  1994.5_3      0.00%    passed     99.92%
  75  1994.5_4      0.00%    passed     99.56%
  76  1994.5_5      0.00%    passed     99.98%
  77  1994.5_6      0.00%    passed     99.58%
  78  1994.5_7      0.07%    passed     99.49%
  79  1994.5_8      0.00%    passed     99.63%
  80  1994.5_9      0.00%    passed     99.99%
  81  1994.5_10     0.00%    passed     99.32%
  82  1994.5_11     0.00%    passed     99.92%
  83  1994.5_12     0.00%    passed     99.40%
  84  1994.5_13     0.00%    passed     99.58%
  85  1994.5_14     0.00%    passed    100.00%
  86  1994.5_15     0.00%    passed    100.00%
  87  1994.5_16     0.00%    passed    100.00%
  88  1994.5_17     0.00%    passed     96.82%
  89  1994.616      0.00%    passed     99.12%
  90  1994.658      0.00%    passed     99.64%
  91  1994.663      0.00%    passed     99.70%
  92  1994.674      0.00%    passed     99.99%
  93  1994.69       0.00%    passed     99.31%
  94  1994.858      0.00%    passed     99.95%
  95  1994.871      0.00%    passed     99.99%
  96  1994.89       0.00%    passed     99.70%
  97  1994.907      0.00%    passed     99.89%
  98  1994.91       0.00%    passed     98.01%
  99  1994.948      0.00%    passed     99.91%
 100  1994.97       0.00%    passed     99.47%
 101  1994.989      0.00%    passed     99.99%
 102  1995.008      0.00%    passed     99.29%
 103  1995.049      0.00%    passed     99.29%
 104  1995.085      0.00%    passed     98.79%
 105  1995.107      0.00%    passed     99.58%
 106  1995.151      0.00%    passed     99.92%
 107  1995.181      0.00%    passed     99.94%
 108  1995.321      0.00%    passed     99.86%
 109  1995.326      0.00%    passed     99.72%
 110  1995.405      0.00%    passed     99.87%
 111  1995.43       0.00%    passed     99.87%
 112  1995.449      0.00%    passed     99.92%
 113  1995.449_2    0.00%    passed     99.81%
 114  1995.482      0.00%    passed     99.97%
 115  1995.485      0.00%    passed     99.97%
 116  1995.49       0.00%    passed     98.24%
 117  1995.493      0.00%    passed     99.89%
 118  1995.493_2    0.00%    passed     99.70%
 119  1995.5        0.00%    passed     99.96%
 120  1995.5_2      0.00%    passed     93.25%
 121  1995.518      0.00%    passed     99.58%
 122  1995.548      0.00%    passed     99.98%
 123  1995.564      0.00%    passed     99.92%
 124  1995.567      0.00%    passed     99.86%
 125  1995.578      0.00%    passed     99.84%
 126  1995.581      0.00%    passed     99.86%
 127  1995.584      0.00%    passed     99.56%
 128  1995.597      0.00%    passed     99.45%
 129  1995.605      0.00%    passed     99.92%
 130  1995.605_2    0.00%    passed     99.60%
 131  1995.616      0.00%    passed     99.71%
 132  1995.622      0.00%    passed     99.87%
 133  1995.625      0.00%    passed     99.45%
 134  1995.627      0.00%    passed     99.96%
 135  1995.63       0.00%    passed     99.80%
 136  1995.63_2     0.07%    passed     99.99%
 137  1995.649      0.00%    passed     99.58%
 138  1995.663      0.00%    passed     99.86%
 139  1995.668      0.00%    passed     99.94%
 140  1995.707      0.00%    passed     87.27%
 141  1995.795      0.00%    passed     99.76%
 142  1995.8        0.00%    passed     99.92%
 143  1995.805      0.07%    passed     96.52%
 144  1995.879      0.00%    passed     99.98%
 145  1995.918      0.00%    passed     99.89%
 146  1996.033      0.00%    passed     99.48%
 147  1996.038      0.00%    passed     97.61%
 148  1996.057      0.00%    passed     99.25%
 149  1996.137      0.00%    passed     99.87%
 150  1996.328      0.00%    passed     99.90%
 151  1996.391      0.00%    passed     99.97%
 152  1996.434      0.00%    passed     99.99%
 153  1996.434_2    0.00%    passed     99.98%
 154  1996.495      0.00%    passed     99.90%
 155  1996.5        0.00%    passed     82.41%
 156  1996.5_2      0.00%    passed     99.98%
 157  1996.5_3      0.00%    passed     98.81%
 158  1996.5_4      0.00%    passed     99.21%
 159  1996.5_5      0.00%    passed     99.89%
 160  1996.511      0.00%    passed     93.90%
 161  1996.516      0.00%    passed     93.18%
 162  1996.555      0.00%    passed     99.72%
 163  1996.593      0.00%    passed     98.79%
 164  1996.598      0.00%    passed     95.71%
 165  1996.601      0.00%    passed     99.89%
 166  1996.601_2    0.00%    passed     95.09%
 167  1996.648      0.07%    passed     95.17%
 168  1996.653      0.00%    passed     99.69%
 169  1996.656      0.00%    passed     99.90%
 170  1996.675      0.00%    passed     99.56%
 171  1996.71       0.00%    passed     99.66%
 172  1996.76       0.00%    passed     99.87%
 173  1996.798      0.00%    passed     99.45%
 174  1996.811      0.00%    passed     99.87%
 175  1996.842      0.00%    passed     99.56%
 176  1996.888      0.00%    passed     95.09%
 177  1996.888_2    0.00%    passed     99.24%
 178  1996.891      0.00%    passed     99.47%
 179  1996.893      0.00%    passed     93.18%
 180  1996.913      0.00%    passed     99.89%
 181  1996.926      0.00%    passed     99.95%
 182  1996.984      0.00%    passed     99.13%
 183  1997.033      0.00%    passed     97.54%
 184  1997.049      0.00%    passed     99.98%
 185  1997.148      0.00%    passed     99.95%
 186  1997.244      0.00%    passed     99.91%
 187  1997.252      0.00%    passed     92.72%
 188  1997.263      0.00%    passed     99.05%
 189  1997.479      0.07%    passed     99.90%
 190  1997.488      0.00%    passed     99.96%
 191  1997.504      0.00%    passed     99.12%
 192  1997.597      0.00%    passed     97.19%
 193  1997.597_2    0.00%    passed     99.99%
 194  1997.6        0.00%    passed     99.70%
 195  1997.641      0.00%    passed     99.98%
 196  1997.655      0.00%    passed     99.99%
 197  1997.679      0.00%    passed     99.87%
 198  1997.682      0.00%    passed     99.48%
 199  1997.701      0.00%    passed    100.00%
 200  1997.723      0.00%    passed     99.63%
 201  1997.732      0.00%    passed     99.98%
 202  1997.751      0.00%    passed     98.61%
 203  1997.808      0.00%    passed     99.36%
 204  1997.822      0.00%    passed     99.76%
 205  1997.827      0.00%    passed    100.00%
 206  1997.844      0.00%    passed     99.98%
 207  1997.852      0.00%    passed     99.04%
 208  1997.901      0.00%    passed     97.61%
 209  1997.907      0.00%    passed     98.63%
 210  1997.945      0.00%    passed     99.98%
 211  1997.964      0.00%    passed     99.86%
 212  1997.967      0.00%    passed     99.87%
 213  1997.97       0.00%    passed    100.00%
 214  1997.986      0.00%    passed     99.89%
 215  1998.033      0.00%    passed     99.12%
 216  1998.038      0.00%    passed     99.92%
 217  1998.055      0.07%    passed     99.91%
 218  1998.055_2    0.00%    passed     99.95%
 219  1998.058      0.00%    passed     99.97%
 220  1998.06       0.00%    passed     99.81%
 221  1998.06_2     0.00%    passed     99.76%
 222  1998.066      0.00%    passed     99.95%
 223  1998.09       0.00%    passed     99.71%
 224  1998.104      0.00%    passed     99.97%
 225  1998.112      0.00%    passed     98.86%
 226  1998.137      0.00%    passed     96.44%
 227  1998.137_2    0.00%    passed     99.92%
 228  1998.159      0.00%    passed    100.00%
 229  1998.164      0.00%    passed     99.59%
 230  1998.184      0.00%    passed     99.60%
 231  1998.184_2    0.00%    passed     97.19%
 232  1998.192      0.00%    passed     99.56%
 233  1998.29       0.00%    passed     99.89%
 234  1998.315      0.00%    passed     99.94%
 235  1998.342      0.00%    passed     99.90%
 236  1998.345      0.00%    passed     99.98%
 237  1998.373      0.00%    passed     99.87%
 238  1998.458      0.00%    passed     99.98%
 239  1998.474      0.00%    passed     99.73%
 240  1998.477      0.00%    passed     99.98%
 241  1998.477_2    0.07%    passed     99.87%
 242  1998.493      0.00%    passed     98.79%
 243  1998.499      0.00%    passed     99.98%
 244  1998.5        0.00%    passed     96.78%
 245  1998.523      0.00%    passed     98.40%
 246  1998.553      0.00%    passed     99.96%
 247  1998.592      0.00%    passed     99.91%
 248  1998.622      0.00%    passed     99.56%
 249  1998.633      0.00%    passed     99.63%
 250  1998.666      0.00%    passed    100.00%
 251  1998.682      0.00%    passed     99.64%
 252  1998.704      0.00%    passed     99.38%
 253  1998.792      0.00%    passed     99.87%
 254  1998.827      0.00%    passed     99.29%
 255  1998.836      0.00%    passed     99.95%
 256  1998.885      0.00%    passed    100.00%
 257  1998.885_2    0.00%    passed     99.89%
 258  1998.907      0.00%    passed     99.78%
 259  1998.926      0.07%    passed     99.48%
 260  1998.942      0.00%    passed     99.36%
 261  1998.945      0.00%    passed     99.96%
 262  1998.981      0.00%    passed     99.92%
 263  1999.011      0.00%    passed     99.21%
 264  1999.044      0.00%    passed     99.25%
 265  1999.068      0.00%    passed     98.79%
 266  1999.334      0.00%    passed     99.56%
 267  1999.353      0.00%    passed     99.13%
 268  1999.373      0.00%    passed     99.32%
 269  1999.381      0.00%    passed     99.56%
 270  1999.408      0.00%    passed     99.97%
 271  1999.436      0.00%    passed     99.29%
 272  1999.438      0.00%    passed     98.24%
 273  1999.452      0.00%    passed     99.59%
 274  1999.496      0.00%    passed     99.32%
 275  1999.5        0.00%    passed     67.71%
 276  1999.51       0.00%    passed     99.21%
 277  1999.512      0.00%    passed     99.25%
 278  1999.526      0.00%    passed     99.31%
 279  1999.526_2    0.00%    passed     98.24%
 280  1999.526_3    0.00%    passed     99.90%
 281  1999.529      0.00%    passed     99.12%
 282  1999.529_2    0.00%    passed     99.56%
 283  1999.54       0.00%    passed     99.56%
 284  1999.551      0.00%    passed     99.56%
 285  1999.559      0.00%    passed     99.98%
 286  1999.564      0.00%    passed     99.60%
 287  1999.564_2    0.00%    passed     99.98%
 288  1999.57       0.00%    passed     99.56%
 289  1999.573      0.00%    passed     99.38%
 290  1999.592      0.00%    passed     98.63%
 291  1999.597      0.00%    passed     99.98%
 292  1999.611      0.00%    passed     99.78%
 293  1999.619      0.00%    passed     99.39%
 294  1999.652      0.00%    passed     99.31%
 295  1999.71       0.00%    passed     99.87%
 296  1999.734      0.00%    passed     98.63%
 297  1999.814      0.00%    passed     99.12%
 298  1999.893      0.00%    passed     99.77%
 299  1999.907      0.00%    passed     99.94%
 300  2000.071      0.00%    passed     99.92%
 301  2000.115      0.00%    passed     99.94%
 302  2000.15       0.00%    passed     98.49%
 303  2000.175      0.00%    passed     99.96%
 304  2000.251      0.00%    passed     99.94%
 305  2000.26       0.00%    passed     99.05%
 306  2000.29       0.00%    passed     99.59%
 307  2000.336      0.00%    passed     98.83%
 308  2000.377      0.00%    passed     98.89%
 309  2000.413      0.00%    passed     99.72%
 310  2000.443      0.00%    passed     97.43%
 311  2000.47       0.00%    passed     99.78%
 312  2000.5        0.13%    passed     99.37%
 313  2000.5_2      0.00%    passed     93.70%
 314  2000.514      0.00%    passed     99.84%
 315  2000.53       0.00%    passed     99.74%
 316  2000.53_2     0.00%    passed     99.45%
 317  2000.544      0.00%    passed     99.98%
 318  2000.56       0.00%    passed     99.96%
 319  2000.566      0.00%    passed     99.84%
 320  2000.582      0.00%    passed     98.40%
 321  2000.582_2    0.00%    passed     98.27%
 322  2000.604      0.00%    passed     99.72%
 323  2000.612      0.00%    passed     99.87%
 324  2000.612_2    0.00%    passed     99.56%
 325  2000.631      0.00%    passed     99.84%
 326  2000.653      0.00%    passed     99.99%
 327  2000.667      0.00%    passed     99.63%
 328  2000.699      0.00%    passed     99.95%
 329  2000.708      0.00%    passed     99.68%
 330  2000.719      0.00%    passed     99.56%
 331  2000.727      0.00%    passed     99.96%
 332  2000.738      0.00%    passed     99.45%
 333  2000.757      0.00%    passed     98.40%
 334  2000.784      0.00%    passed     99.96%
 335  2000.806      0.00%    passed     99.71%
 336  2000.833      0.00%    passed     99.72%
 337  2000.833_2    0.07%    passed     99.92%
 338  2000.839      0.00%    passed     99.72%
 339  2000.839_2    0.00%    passed     99.40%
 340  2000.839_3    0.00%    passed     99.81%
 341  2000.85       0.00%    passed     99.95%
 342  2000.888      0.00%    passed     99.89%
 343  2000.934      0.00%    passed     99.87%
 344  2000.94       0.00%    passed     99.04%
 345  2000.943      0.00%    passed     99.16%
 346  2000.948      0.00%    passed     99.84%
 347  2000.967      0.00%    passed     99.86%
 348  2000.97       0.00%    passed     99.84%
 349  2000.973      0.07%    passed     99.71%
 350  2000.984      0.00%    passed     99.98%
 351  2000.989      0.00%    passed     99.58%
 352  2001.014      0.00%    passed     99.97%
 353  2001.038      0.00%    passed     99.76%
 354  2001.044      0.00%    passed     99.95%
 355  2001.058      0.00%    passed     99.86%
 356  2001.079      0.07%    passed     99.98%
 357  2001.09       0.00%    passed     99.84%
 358  2001.142      0.00%    passed     99.06%
 359  2001.142_2    0.00%    passed    100.00%
 360  2001.142_3    0.00%    passed     99.99%
 361  2001.159      0.00%    passed    100.00%
 362  2001.164      0.00%    passed     99.72%
 363  2001.192      0.00%    passed    100.00%
 364  2001.208      0.00%    passed    100.00%
 365  2001.225      0.00%    passed     99.20%
 366  2001.238      0.00%    passed     99.78%
 367  2001.315      0.07%    passed     99.47%
 368  2001.323      0.00%    passed     98.23%
 369  2001.323_2    0.00%    passed     99.99%
 370  2001.326      0.00%    passed     98.24%
 371  2001.334      0.00%    passed     98.04%
 372  2001.381      0.00%    passed     99.56%
 373  2001.381_2    0.00%    passed     99.60%
 374  2001.386      0.00%    passed     99.90%
 375  2001.403      0.00%    passed     99.29%
 376  2001.408      0.00%    passed     99.56%
 377  2001.414      0.00%    passed     99.66%
 378  2001.433      0.00%    passed     99.98%
 379  2001.436      0.00%    passed     99.99%
 380  2001.436_2    0.00%    passed     99.60%
 381  2001.444      0.00%    passed     99.95%
 382  2001.444_2    0.00%    passed     99.99%
 383  2001.449      0.00%    passed     99.60%
 384  2001.452      0.00%    passed     99.56%
 385  2001.46       0.00%    passed     99.84%
 386  2001.463      0.00%    passed     99.99%
 387  2001.466      0.00%    passed     99.63%
 388  2001.468      0.00%    passed     99.94%
 389  2001.474      0.00%    passed     99.99%
 390  2001.477      0.00%    passed     99.89%
 391  2001.482      0.00%    passed     99.60%
 392  2001.485      0.00%    passed     99.94%
 393  2001.488      0.00%    passed     98.72%
 394  2001.488_2    0.00%    passed     99.60%
 395  2001.496      0.00%    passed     99.69%
 396  2001.499      0.00%    passed    100.00%
 397  2001.5        0.00%    passed     93.65%
 398  2001.5_2      0.00%    passed     91.81%
 399  2001.5_3      0.00%    passed     86.80%
 400  2001.504      0.00%    passed     99.08%
 401  2001.515      0.00%    passed     99.29%
 402  2001.518      0.00%    passed     99.16%
 403  2001.529      0.07%    passed     98.29%
 404  2001.529_2    0.00%    passed     99.63%
 405  2001.545      0.00%    passed     99.99%
 406  2001.545_2    0.00%    passed     99.94%
 407  2001.548      0.00%    passed     99.77%
 408  2001.559      0.00%    passed     99.49%
 409  2001.559_2    0.00%    passed     99.16%
 410  2001.559_3    0.00%    passed     99.10%
 411  2001.559_4    0.00%    passed     99.60%
 412  2001.581      0.00%    passed     99.99%
 413  2001.589      0.00%    passed     99.84%
 414  2001.6        0.00%    passed     98.63%
 415  2001.6_2      0.00%    passed    100.00%
 416  2001.6_3      0.00%    passed     99.95%
 417  2001.605      0.00%    passed     99.60%
 418  2001.608      0.00%    passed     99.92%
 419  2001.616      0.00%    passed     98.46%
 420  2001.625      0.00%    passed     99.97%
 421  2001.625_2    0.00%    passed    100.00%
 422  2001.633      0.00%    passed     99.86%
 423  2001.647      0.00%    passed     99.99%
 424  2001.658      0.00%    passed     99.97%
 425  2001.668      0.00%    passed     99.86%
 426  2001.682      0.00%    passed     99.99%
 427  2001.718      0.00%    passed     99.96%
 428  2001.74       0.00%    passed     99.16%
 429  2001.74_2     0.00%    passed     99.60%
 430  2001.753      0.00%    passed     99.98%
 431  2001.759      0.00%    passed     99.99%
 432  2001.797      0.00%    passed     99.99%
 433  2001.838      0.00%    passed     99.05%
 434  2001.847      0.00%    passed     99.99%
 435  2001.847_2    0.00%    passed     99.99%
 436  2001.847_3    0.00%    passed     99.99%
 437  2001.849      0.00%    passed     99.99%
 438  2001.855      0.00%    passed     99.89%
 439  2001.899      0.00%    passed     99.94%
 440  2001.907      0.00%    passed     99.63%
 441  2001.945      0.00%    passed     99.84%
 442  2001.953      0.00%    passed     99.86%
 443  2002.019      0.00%    passed     99.16%
 444  2002.027      0.00%    passed     99.97%
 445  2002.036      0.00%    passed     99.73%
 446  2002.049      0.00%    passed     99.96%
 447  2002.079      0.00%    passed     99.85%
 448  2002.118      0.00%    passed     99.63%
 449  2002.121      0.00%    passed     99.98%
 450  2002.159      0.00%    passed     99.87%
 451  2002.181      0.00%    passed     99.72%
 452  2002.192      0.00%    passed     99.89%
 453  2002.219      0.00%    passed     98.79%
 454  2002.222      0.00%    passed     99.72%
 455  2002.23       0.07%    passed     99.88%
 456  2002.233      0.00%    passed     99.86%
 457  2002.277      0.00%    passed     99.84%
 458  2002.296      0.00%    passed     99.91%
 459  2002.307      0.00%    passed     99.47%
 460  2002.318      0.07%    passed     99.61%
 461  2002.332      0.00%    passed     99.42%
 462  2002.34       0.00%    passed     99.89%
 463  2002.351      0.00%    passed     99.84%
 464  2002.386      0.00%    passed     99.96%
 465  2002.403      0.00%    passed     99.96%
 466  2002.449      0.00%    passed     99.84%
 467  2002.452      0.00%    passed     99.87%
 468  2002.466      0.00%    passed     99.94%
 469  2002.471      0.00%    passed     98.22%
 470  2002.479      0.00%    passed     99.84%
 471  2002.482      0.00%    passed     99.04%
 472  2002.5        0.00%    passed     79.09%
 473  2002.5_2      0.00%    passed     92.18%
 474  2002.512      0.00%    passed     99.84%
 475  2002.559      0.07%    passed     98.29%
 476  2002.649      0.00%    passed     99.86%
 477  2002.71       0.00%    passed     99.86%
 478  2002.718      0.00%    passed     99.72%
 479  2002.781      0.00%    passed     99.86%
 480  2002.803      0.00%    passed     99.56%
 481  2002.816      0.00%    passed     99.89%
 482  2002.825      0.00%    passed     98.30%
 483  2002.83       0.00%    passed     99.35%
 484  2002.855      0.00%    passed     99.29%
 485  2002.923      0.00%    passed     99.84%
 486  2002.923_2    0.13%    passed     99.56%
 487  2002.926      0.00%    passed     99.56%
 488  2002.937      0.00%    passed     99.98%
 489  2002.975      0.00%    passed     99.32%
 490  2002.984      0.00%    passed     99.98%
 491  2002.992      0.00%    passed     99.81%
 492  2003.019      0.00%    passed     99.98%
 493  2003.025      0.00%    passed     99.86%
 494  2003.03       0.00%    passed     99.98%
 495  2003.055      0.00%    passed     99.63%
 496  2003.079      0.00%    passed     99.92%
 497  2003.088      0.00%    passed     99.56%
 498  2003.101      0.00%    passed     99.84%
 499  2003.173      0.00%    passed     99.84%
 500  2003.192      0.00%    passed     99.98%
 501  2003.216      0.00%    passed     99.68%
 502  2003.247      0.00%    passed     99.96%
 503  2003.362      0.13%    passed     99.83%
 504  2003.427      0.00%    passed     99.60%
 505  2003.427_2    0.00%    passed     99.56%
 506  2003.43       0.00%    passed     99.89%
 507  2003.43_2     0.00%    passed     99.45%
 508  2003.438      0.00%    passed     99.99%
 509  2003.438_2    0.00%    passed     98.49%
 510  2003.441      0.00%    passed     99.99%
 511  2003.5        0.00%    passed     99.42%
 512  2003.5_2      0.00%    passed     99.25%
 513  2003.523      0.00%    passed     99.10%
 514  2003.636      0.00%    passed     99.10%
 515  2003.693      0.00%    passed     97.76%
 516  2003.701      0.00%    passed     99.92%
 517  2003.751      0.00%    passed     99.29%
 518  2003.773      0.00%    passed     99.58%
 519  2003.775      0.00%    passed     99.95%
 520  2003.808      0.00%    passed     99.39%
 521  2003.866      0.00%    passed     99.84%
 522  2003.929      0.00%    passed     99.05%
 523  2003.948      0.00%    passed     99.66%
 524  2003.956      0.00%    passed     99.89%
 525  2003.981      0.00%    passed     99.97%
 526  2004          0.00%    passed    100.00%
 527  2004.005      0.00%    passed     99.89%
 528  2004.027      0.00%    passed     99.98%
 529  2004.057      0.00%    passed     99.59%
 530  2004.071      0.00%    passed     99.90%
 531  2004.098      0.00%    passed     99.58%
 532  2004.109      0.00%    passed     99.32%
 533  2004.112      0.00%    passed     99.27%
 534  2004.139      0.00%    passed     99.40%
 535  2004.15       0.07%    passed     99.89%
 536  2004.186      0.00%    passed     99.95%
 537  2004.21       0.07%    passed     99.68%
 538  2004.221      0.00%    passed     99.58%
 539  2004.224      0.00%    passed     99.66%
 540  2004.254      0.00%    passed     99.56%
 541  2004.254_2    0.00%    passed     99.89%
 542  2004.26       0.00%    passed     99.66%
 543  2004.292      0.07%    passed     99.85%
 544  2004.292_2    0.00%    passed     98.86%
 545  2004.5        0.00%    passed     93.73%
 546  2004.5_2      0.00%    passed     99.20%
 547  2004.5_3      0.00%    passed     60.86%
 548  2004.5_4      0.00%    passed     99.48%
 549  2004.525      0.00%    passed     99.13%
 550  2004.549      0.00%    passed     99.63%
 551  2004.557      0.00%    passed     99.89%
 552  2004.568      0.00%    passed     99.96%
 553  2004.571      0.00%    passed     99.70%
 554  2004.59       0.00%    passed     99.70%
 555  2004.598      0.00%    passed     99.84%
 556  2004.727      0.00%    passed     99.96%
 557  2004.727_2    0.00%    passed     99.80%
 558  2004.751      0.00%    passed     99.92%
 559  2004.754      0.00%    passed     99.05%
 560  2004.762      0.00%    passed     99.70%
 561  2004.779      0.07%    passed     99.77%
 562  2004.781      0.00%    passed     99.96%
 563  2004.79       0.00%    passed     99.84%
 564  2004.792      0.00%    passed     99.95%
 565  2004.798      0.00%    passed     99.96%
 566  2004.817      0.00%    passed     99.80%
 567  2004.861      0.00%    passed     99.98%
 568  2004.932      0.00%    passed     97.97%
 569  2004.948      0.00%    passed     99.26%
 570  2005.238      0.00%    passed     98.49%
 571  2005.293      0.00%    passed     99.84%
 572  2005.312      0.00%    passed     99.05%
 573  2005.323      0.00%    passed     99.86%
 574  2005.34       0.00%    passed     99.87%
 575  2005.342      0.00%    passed     99.65%
 576  2005.348      0.00%    passed     99.87%
 577  2005.356      0.00%    passed     99.87%
 578  2005.356_2    0.00%    passed     99.87%
 579  2005.375      0.07%    passed     99.71%
 580  2005.381      0.00%    passed     99.87%
 581  2005.386      0.07%    passed     98.23%
 582  2005.389      0.00%    passed     99.87%
 583  2005.395      0.00%    passed     99.47%
 584  2005.411      0.00%    passed     99.66%
 585  2005.427      0.00%    passed     99.96%
 586  2005.433      0.00%    passed     98.49%
 587  2005.433_2    0.00%    passed     98.49%
 588  2005.438      0.00%    passed     99.05%
 589  2005.441      0.00%    passed     99.94%
 590  2005.447      0.00%    passed     99.96%
 591  2005.449      0.07%    passed     99.89%
 592  2005.46       0.00%    passed     99.98%
 593  2005.471      0.00%    passed     99.89%
 594  2005.477      0.00%    passed     99.40%
 595  2005.479      0.00%    passed     99.72%
 596  2005.49       0.00%    passed     99.86%
 597  2005.512      0.07%    passed     76.98%
 598  2005.523      0.07%    passed     97.77%
 599  2005.537      0.00%    passed     98.86%
 600  2005.54       0.00%    passed     99.27%
 601  2005.54_2     0.00%    passed     99.78%
 602  2005.548      0.00%    passed     99.92%
 603  2005.559      0.00%    passed    100.00%
 604  2005.581      0.07%    passed     98.73%
 605  2005.619      0.07%    passed     99.89%
 606  2005.63       0.00%    passed     98.86%
 607  2005.63_2     0.00%    passed     99.36%
 608  2005.644      0.00%    passed     99.77%
 609  2005.644_2    0.00%    passed     99.77%
 610  2005.647      0.00%    passed     99.78%
 611  2005.668      0.07%    passed     99.22%
 612  2005.679      0.00%    passed     99.63%
 613  2005.685      0.00%    passed     99.98%
 614  2005.699      0.00%    passed     98.79%
 615  2005.712      0.00%    passed     99.92%
 616  2005.764      0.00%    passed    100.00%
 617  2005.789      0.00%    passed     99.42%
 618  2005.792      0.00%    passed     99.70%
 619  2005.811      0.00%    passed     99.93%
 620  2005.819      0.13%    passed     99.98%
 621  2005.836      0.00%    passed     99.45%
 622  2005.844      0.00%    passed     99.98%
 623  2005.847      0.00%    passed     99.96%
 624  2005.852      0.00%    passed     99.56%
 625  2005.863      0.00%    passed     99.60%
 626  2005.868      0.00%    passed     99.29%
 627  2005.879      0.00%    passed     99.78%
 628  2005.888      0.00%    passed     98.86%
 629  2005.896      0.00%    passed     99.09%
 630  2005.901      0.00%    passed     99.92%
 631  2005.915      0.00%    passed     99.40%
 632  2005.948      0.00%    passed     99.63%
 633  2005.967      0.00%    passed     99.89%
 634  2005.97       0.00%    passed     99.46%
 635  2005.995      0.00%    passed     99.98%
 636  2006.016      0.00%    passed     99.58%
 637  2006.047      0.00%    passed     99.72%
 638  2006.082      0.00%    passed     99.42%
 639  2006.088      0.07%    passed     99.83%
 640  2006.17       0.07%    passed     99.42%
 641  2006.173      0.00%    passed     99.73%
 642  2006.178      0.00%    passed    100.00%
 643  2006.216      0.00%    passed     99.58%
 644  2006.222      0.00%    passed     98.87%
 645  2006.258      0.00%    passed     99.98%
 646  2006.26       0.00%    passed     98.87%
 647  2006.285      0.00%    passed     98.34%
 648  2006.301      0.07%    passed     99.39%
 649  2006.345      0.00%    passed     99.98%
 650  2006.364      0.07%    passed    100.00%
 651  2006.378      0.00%    passed     81.18%
 652  2006.386      0.00%    passed     97.14%
 653  2006.397      0.00%    passed     99.84%
 654  2006.4        0.00%    passed     99.98%
 655  2006.408      0.00%    passed     99.73%
 656  2006.411      0.00%    passed     99.89%
 657  2006.444      0.00%    passed     99.98%
 658  2006.479      0.00%    passed     99.90%
 659  2006.479_2    0.00%    passed     99.98%
 660  2006.504      0.00%    passed     99.97%
 661  2006.54       0.00%    passed     99.97%
 662  2006.564      0.00%    passed     99.83%
 663  2006.564_2    0.00%    passed    100.00%
 664  2006.6        0.00%    passed     98.86%
 665  2006.63       0.00%    passed     98.34%
 666  2006.641      0.00%    passed     99.55%
 667  2006.644      0.00%    passed     98.78%
 668  2006.671      0.00%    passed     99.40%
 669  2006.685      0.00%    passed     99.04%
 670  2006.693      0.07%    passed     99.94%
 671  2006.721      0.00%    passed     95.63%
 672  2006.803      0.00%    passed     95.63%
 673  2006.836      0.00%    passed     99.84%
 674  2006.844      0.00%    passed     99.42%
 675  2006.863      0.00%    passed     99.26%
 676  2006.866      0.00%    passed     99.78%
 677  2006.904      0.00%    passed     99.10%
 678  2006.915      0.00%    passed     99.56%
 679  2006.923      0.00%    passed     95.58%
 680  2007.025      0.00%    passed     97.70%
 681  2007.2        0.00%    passed     99.13%
 682  2007.241      0.00%    passed     63.81%
 683  2007.332      0.00%    passed     99.05%
 684  2007.348      0.00%    passed     99.58%
 685  2007.348_2    0.00%    passed     99.86%
 686  2007.375      0.00%    passed     98.93%
 687  2007.395      0.00%    passed     99.60%
 688  2007.441      0.00%    passed     99.96%
 689  2007.458      0.13%    passed     99.85%
 690  2007.463      0.13%    passed     99.62%
 691  2007.5        0.00%    passed     99.66%
 692  2007.526      0.00%    passed     99.94%
 693  2007.671      0.00%    passed     99.52%
 694  2007.732      0.00%    passed     99.13%
 695  2007.764      0.00%    passed     98.30%
 696  2007.773      0.00%    passed     99.76%
 697  2007.822      0.00%    passed     95.95%
 698  2007.836      0.00%    passed     99.45%
 699  2007.847      0.00%    passed     99.80%
 700  2007.866      0.00%    passed     98.84%
 701  2008.623      0.00%    passed     93.35%
 702  2009.353      0.00%    passed     99.13%
 703  2009.367      0.00%    passed     98.42%
 704  2009.395      0.00%    passed     99.05%
 705  2009.416      0.00%    passed     99.10%
 706  2009.458      0.00%    passed     99.38%
 707  2009.485      0.07%    passed     99.28%
 708  2009.49       0.00%    passed     99.13%
 709  2009.5        0.00%    passed     96.99%
 710  2009.521      0.00%    passed     99.86%
 711  2009.553      0.00%    passed     99.53%
 712  2009.57       0.00%    passed     99.47%
 713  2009.633      0.00%    passed     99.86%
 714  2009.679      0.07%    passed     99.98%
 715  2009.699      0.00%    passed     99.71%
 716  2009.775      0.00%    passed     99.59%
 717  2009.849      0.00%    passed     98.75%
 718  2009.959      0.00%    passed     99.41%
 719  2010.104      0.00%    passed    100.00%
 720  2010.266      0.00%    passed     99.92%
 721  2010.326      0.00%    passed     98.95%
 722  2010.444      0.00%    passed     99.96%
 723  2010.477      0.00%    passed     99.78%
 724  2010.57       0.00%    passed     99.16%
 725  2010.622      0.00%    passed     98.26%
 726  2010.663      0.00%    passed     99.96%
 727  2010.682      0.00%    passed     97.80%
 728  2010.704      0.00%    passed     99.90%
 729  2010.773      0.00%    passed     99.39%
 730  2010.781      0.00%    passed     99.72%
 731  2010.797      0.00%    passed     99.56%
 732  2010.83       0.00%    passed     97.76%
 733  2010.89       0.00%    passed     98.74%
 734  2010.945      0.00%    passed     99.56%
 735  2011.03       0.00%    passed     99.70%
 736  2011.192      0.00%    passed     99.52%
 737  2011.205      0.00%    passed     97.76%
 738  2011.312      0.00%    passed     99.92%
 739  2011.323      0.00%    passed     99.90%
 740  2011.353      0.00%    passed     99.65%
 741  2011.438      0.00%    passed     98.74%
 742  2011.452      0.00%    passed    100.00%
 743  2011.466      0.00%    passed     99.99%
 744  2011.499      0.00%    passed     99.76%
 745  2011.5        0.00%    passed     97.28%
 746  2011.529      0.00%    passed     98.99%
 747  2011.529_2    0.00%    passed     99.98%
 748  2011.778      0.00%    passed     94.56%
 749  2011.838      0.00%    passed     99.84%
 750  2011.956      0.00%    passed     99.99%
 751  2011.975      0.00%    passed     99.91%
 752  2012.025      0.00%    passed     99.66%
 753  2012.197      0.00%    passed     99.87%
 754  2012.219      0.00%    passed     99.16%
 755  2012.451      0.00%    passed     99.56%
 756  2012.473      0.07%    passed     99.87%
 757  2012.563      0.00%    passed     99.63%
 758  2012.577      0.07%    passed     99.94%
 759  2012.607      0.00%    passed     98.46%
 760  2012.672      0.00%    passed     99.76%
 761  2012.814      0.00%    passed     97.76%
 762  2012.833      0.00%    passed     95.51%
 763  2012.858      0.00%    passed     99.80%
 764  2012.869      0.00%    passed     98.96%
 765  2012.907      0.00%    passed    100.00%
 766  2012.967      0.07%    passed     99.61%
 767  2012.967_2    0.00%    passed     99.76%
 768  2012.986      0.00%    passed     99.25%
 769  2013.011      0.00%    passed     99.76%
 770  2013.011_2    0.00%    passed     55.20%
 771  2013.027      0.00%    passed     97.57%
 772  2013.085      0.00%    passed     98.74%
 773  2013.112      0.00%    passed     99.72%
 774  2013.118      0.00%    passed     98.57%
 775  2013.49       0.00%    passed     97.78%
 776  2013.507      0.00%    passed    100.00%
 777  2013.581      0.00%    passed     98.26%
 778  2013.934      0.00%    passed     99.87%
 779  2013.978      0.00%    passed     99.98%
 780  2014.041      0.00%    passed     80.54%
 781  2014.203      0.00%    passed     89.96%
 782  2014.405      0.00%    passed     67.53%
 783  2014.5        0.00%    passed     90.86%
 784  2014.622      0.00%    passed     99.63%
 785  2014.918      0.00%    passed     99.98%
 786  2015.5        0.00%    passed     92.27%
 787  2016.708      0.00%    passed     99.87%
 788  2016.79       0.00%    passed     81.51%
 789  2016.79_2     0.00%    passed     84.69%
 790  2016.874      0.00%    passed     98.78%
 791  2016.956      0.00%    passed     99.60%
 792  2017.041      0.00%    passed     99.87%
 793  2017.126      0.00%    passed     85.22%
 794  2017.126_2    0.00%    passed     99.60%
 795  2017.192      0.00%    passed     89.96%
****  TOTAL         0.01%  0 sequences failed composition chi2 test (p-value<5%; df=3)
NOTE: 1974.5_3 is identical to 1974.5_2 but kept for subsequent analysis
NOTE: 1988.708_6 is identical to 1983.5_3 but kept for subsequent analysis
NOTE: 1987.5_9 is identical to 1984.5_2 but kept for subsequent analysis
NOTE: 1987.5 is identical to 1984.623 but kept for subsequent analysis
NOTE: 1988.5_2 is identical to 1985.37 but kept for subsequent analysis
NOTE: 1988.708 is identical to 1985.5_8 but kept for subsequent analysis
NOTE: 2004.5 is identical to 1988.5_3 but kept for subsequent analysis
NOTE: 1994.871 is identical to 1994.159 but kept for subsequent analysis
NOTE: 2003.43_2 is identical to 1994.449 but kept for subsequent analysis
NOTE: 2000.544 is identical to 1994.5_2 but kept for subsequent analysis
NOTE: 1994.5_13 is identical to 1994.5_6 but kept for subsequent analysis
NOTE: 2003.441 is identical to 1994.5_9 but kept for subsequent analysis
NOTE: 2004.109 is identical to 1994.5_10 but kept for subsequent analysis
NOTE: 2005.477 is identical to 1994.5_12 but kept for subsequent analysis
NOTE: 2001.403 is identical to 1995.008 but kept for subsequent analysis
NOTE: 1999.436 is identical to 1995.049 but kept for subsequent analysis
NOTE: 1995.567 is identical to 1995.321 but kept for subsequent analysis
NOTE: 1996.137 is identical to 1995.405 but kept for subsequent analysis
NOTE: 1995.622 is identical to 1995.43 but kept for subsequent analysis
NOTE: 1995.485 is identical to 1995.482 but kept for subsequent analysis
NOTE: 2010.444 is identical to 1995.5 but kept for subsequent analysis
NOTE: 1995.605 is identical to 1995.564 but kept for subsequent analysis
NOTE: 1999.564 is identical to 1995.605_2 but kept for subsequent analysis
NOTE: 1998.553 is identical to 1995.627 but kept for subsequent analysis
NOTE: 1996.888 is identical to 1996.601_2 but kept for subsequent analysis
NOTE: 2001.496 is identical to 1996.653 but kept for subsequent analysis
NOTE: 2001.414 is identical to 1996.71 but kept for subsequent analysis
NOTE: 1999.353 is identical to 1996.984 but kept for subsequent analysis
NOTE: 1998.055_2 is identical to 1997.148 but kept for subsequent analysis
NOTE: 1997.844 is identical to 1997.641 but kept for subsequent analysis
NOTE: 1998.06_2 is identical to 1997.822 but kept for subsequent analysis
NOTE: 2002.482 is identical to 1997.852 but kept for subsequent analysis
NOTE: 2005.49 is identical to 1997.964 but kept for subsequent analysis
NOTE: 2009.699 is identical to 1998.09 but kept for subsequent analysis
NOTE: 2001.468 is identical to 1998.315 but kept for subsequent analysis
NOTE: 2001.433 is identical to 1998.458 but kept for subsequent analysis
NOTE: 2002.803 is identical to 1999.334 but kept for subsequent analysis
NOTE: 1999.496 is identical to 1999.373 but kept for subsequent analysis
NOTE: 1999.526_2 is identical to 1999.438 but kept for subsequent analysis
NOTE: 1999.652 is identical to 1999.526 but kept for subsequent analysis
NOTE: 2000.612_2 is identical to 1999.529_2 but kept for subsequent analysis
NOTE: 2003.427_2 is identical to 1999.551 but kept for subsequent analysis
NOTE: 2002.466 is identical to 2000.115 but kept for subsequent analysis
NOTE: 2003.438_2 is identical to 2000.15 but kept for subsequent analysis
NOTE: 2005.847 is identical to 2000.175 but kept for subsequent analysis
NOTE: 2000.604 is identical to 2000.413 but kept for subsequent analysis
NOTE: 2000.631 is identical to 2000.566 but kept for subsequent analysis
NOTE: 2000.757 is identical to 2000.582 but kept for subsequent analysis
NOTE: 2001.444_2 is identical to 2000.653 but kept for subsequent analysis
NOTE: 2001.044 is identical to 2000.699 but kept for subsequent analysis
NOTE: 2003.216 is identical to 2000.708 but kept for subsequent analysis
NOTE: 2006.504 is identical to 2001.014 but kept for subsequent analysis
NOTE: 2001.159 is identical to 2001.142_2 but kept for subsequent analysis
NOTE: 2001.474 is identical to 2001.323_2 but kept for subsequent analysis
NOTE: 2001.408 is identical to 2001.381 but kept for subsequent analysis
NOTE: 2002.351 is identical to 2001.46 but kept for subsequent analysis
NOTE: 2001.529_2 is identical to 2001.466 but kept for subsequent analysis
NOTE: 2005.967 is identical to 2001.477 but kept for subsequent analysis
NOTE: 2001.847 is identical to 2001.581 but kept for subsequent analysis
NOTE: 2002.34 is identical to 2002.192 but kept for subsequent analysis
NOTE: 2005.395 is identical to 2002.307 but kept for subsequent analysis
NOTE: 2003.019 is identical to 2002.984 but kept for subsequent analysis
NOTE: 2003.636 is identical to 2003.523 but kept for subsequent analysis
NOTE: 2009.775 is identical to 2004.057 but kept for subsequent analysis
NOTE: 2004.221 is identical to 2004.098 but kept for subsequent analysis
NOTE: 2005.54 is identical to 2004.112 but kept for subsequent analysis
NOTE: 2004.26 is identical to 2004.224 but kept for subsequent analysis
NOTE: 2005.537 is identical to 2004.292_2 but kept for subsequent analysis
NOTE: 2004.727 is identical to 2004.568 but kept for subsequent analysis
NOTE: 2004.762 is identical to 2004.571 but kept for subsequent analysis
NOTE: 2004.817 is identical to 2004.727_2 but kept for subsequent analysis
NOTE: 2005.312 is identical to 2004.754 but kept for subsequent analysis
NOTE: 2005.433 is identical to 2005.238 but kept for subsequent analysis
NOTE: 2006.444 is identical to 2005.46 but kept for subsequent analysis
NOTE: 2005.644_2 is identical to 2005.644 but kept for subsequent analysis
NOTE: 2010.477 is identical to 2005.647 but kept for subsequent analysis
NOTE: 2006.564_2 is identical to 2005.764 but kept for subsequent analysis
NOTE: 2005.995 is identical to 2005.844 but kept for subsequent analysis
NOTE: 2006.866 is identical to 2005.879 but kept for subsequent analysis
NOTE: 2006.26 is identical to 2006.222 but kept for subsequent analysis
NOTE: 2006.479_2 is identical to 2006.258 but kept for subsequent analysis
NOTE: 2006.4 is identical to 2006.345 but kept for subsequent analysis
NOTE: 2006.803 is identical to 2006.721 but kept for subsequent analysis
NOTE: 2009.49 is identical to 2009.353 but kept for subsequent analysis
NOTE: 2014.622 is identical to 2012.563 but kept for subsequent analysis
NOTE: 2012.967_2 is identical to 2012.672 but kept for subsequent analysis
NOTE: 2017.126_2 is identical to 2016.956 but kept for subsequent analysis
Checking for duplicate sequences: done in 0.0066174 secs using 1297% CPU
Identifying sites to remove: done in 0.00324004 secs using 693.1% CPU
NOTE: 60 identical sequences (see below) will be ignored for subsequent analysis
NOTE: 1994.989 (identical to 1994.159) is ignored but added at the end
NOTE: 1995.518 (identical to 1994.5_6) is ignored but added at the end
NOTE: 1995.649 (identical to 1994.5_6) is ignored but added at the end
NOTE: 2003.773 (identical to 1994.5_6) is ignored but added at the end
NOTE: 2006.216 (identical to 1994.5_6) is ignored but added at the end
NOTE: 2006.671 (identical to 1994.5_12) is ignored but added at the end
NOTE: 2002.855 (identical to 1995.049) is ignored but added at the end
NOTE: 2003.751 (identical to 1995.049) is ignored but added at the end
NOTE: 2005.868 (identical to 1995.049) is ignored but added at the end
NOTE: 2000.967 (identical to 1995.321) is ignored but added at the end
NOTE: 2002.781 (identical to 1995.321) is ignored but added at the end
NOTE: 1996.76 (identical to 1995.405) is ignored but added at the end
NOTE: 1997.679 (identical to 1995.405) is ignored but added at the end
NOTE: 2000.612 (identical to 1995.405) is ignored but added at the end
NOTE: 2005.34 (identical to 1995.405) is ignored but added at the end
NOTE: 2005.348 (identical to 1995.405) is ignored but added at the end
NOTE: 2005.356 (identical to 1995.405) is ignored but added at the end
NOTE: 2005.356_2 (identical to 1995.405) is ignored but added at the end
NOTE: 2005.381 (identical to 1995.405) is ignored but added at the end
NOTE: 2005.389 (identical to 1995.405) is ignored but added at the end
NOTE: 1996.391 (identical to 1995.482) is ignored but added at the end
NOTE: 1998.104 (identical to 1995.482) is ignored but added at the end
NOTE: 2001.381_2 (identical to 1995.605_2) is ignored but added at the end
NOTE: 2001.436_2 (identical to 1995.605_2) is ignored but added at the end
NOTE: 2001.449 (identical to 1995.605_2) is ignored but added at the end
NOTE: 2001.482 (identical to 1995.605_2) is ignored but added at the end
NOTE: 2001.488_2 (identical to 1995.605_2) is ignored but added at the end
NOTE: 2001.559_4 (identical to 1995.605_2) is ignored but added at the end
NOTE: 2001.74_2 (identical to 1995.605_2) is ignored but added at the end
NOTE: 2003.427 (identical to 1995.605_2) is ignored but added at the end
NOTE: 2000.56 (identical to 1995.627) is ignored but added at the end
NOTE: 2002.403 (identical to 1995.627) is ignored but added at the end
NOTE: 2005.427 (identical to 1995.627) is ignored but added at the end
NOTE: 2005.447 (identical to 1995.627) is ignored but added at the end
NOTE: 1998.066 (identical to 1997.148) is ignored but added at the end
NOTE: 1998.499 (identical to 1997.641) is ignored but added at the end
NOTE: 2001.038 (identical to 1997.822) is ignored but added at the end
NOTE: 2009.521 (identical to 1997.964) is ignored but added at the end
NOTE: 2001.545_2 (identical to 1998.315) is ignored but added at the end
NOTE: 2000.833 (identical to 2000.413) is ignored but added at the end
NOTE: 2001.164 (identical to 2000.413) is ignored but added at the end
NOTE: 2000.948 (identical to 2000.566) is ignored but added at the end
NOTE: 2000.97 (identical to 2000.566) is ignored but added at the end
NOTE: 2001.09 (identical to 2000.566) is ignored but added at the end
NOTE: 2002.449 (identical to 2000.566) is ignored but added at the end
NOTE: 2001.545 (identical to 2000.653) is ignored but added at the end
NOTE: 2001.647 (identical to 2000.653) is ignored but added at the end
NOTE: 2001.682 (identical to 2000.653) is ignored but added at the end
NOTE: 2001.759 (identical to 2000.653) is ignored but added at the end
NOTE: 2001.192 (identical to 2001.142_2) is ignored but added at the end
NOTE: 2001.208 (identical to 2001.142_2) is ignored but added at the end
NOTE: 2006.178 (identical to 2001.142_2) is ignored but added at the end
NOTE: 2001.847_2 (identical to 2001.581) is ignored but added at the end
NOTE: 2001.849 (identical to 2001.581) is ignored but added at the end
NOTE: 2005.63 (identical to 2004.292_2) is ignored but added at the end
NOTE: 2005.888 (identical to 2004.292_2) is ignored but added at the end
NOTE: 2006.6 (identical to 2004.292_2) is ignored but added at the end
NOTE: 2004.781 (identical to 2004.568) is ignored but added at the end
NOTE: 2005.438 (identical to 2004.754) is ignored but added at the end
NOTE: 2005.433_2 (identical to 2005.238) is ignored but added at the end
Alignment was printed to ../resources/experimental_data/cropped/E_DENV2-delim.fasta.uniqueseq.phy

For your convenience alignment with unique sequences printed to ../resources/experimental_data/cropped/E_DENV2-delim.fasta.uniqueseq.phy

Create initial parsimony tree by phylogenetic likelihood library (PLL)... 0.076 seconds

NOTE: 59 MB RAM (0 GB) is required!
Measuring multi-threading efficiency up to 16 CPU cores
Increase to 10 rounds for branch lengths
32 trees examined
Threads: 1 / Time: 16.284 sec / Speedup: 1.000 / Efficiency: 100% / LogL: -71161
Threads: 2 / Time: 11.353 sec / Speedup: 1.434 / Efficiency: 72% / LogL: -71161
Threads: 3 / Time: 9.663 sec / Speedup: 1.685 / Efficiency: 56% / LogL: -71161
Threads: 4 / Time: 8.311 sec / Speedup: 1.959 / Efficiency: 49% / LogL: -71161
Determining AUTO threadcount: done in 45.6251 secs using 218.5% CPU
BEST NUMBER OF THREADS: 3

Estimate model parameters (epsilon = 0.500)
1. Initial log-likelihood: -20713.081
2. Current log-likelihood: -18271.723
3. Current log-likelihood: -18109.788
4. Current log-likelihood: -18090.753
5. Current log-likelihood: -18088.813
Optimal log-likelihood: -18088.503
Rate parameters:  A-C: 0.91786  A-G: 15.86100  A-T: 1.79756  C-G: 0.47630  C-T: 51.51377  G-T: 1.00000
Base frequencies:  A: 0.337  C: 0.204  G: 0.253  T: 0.206
Gamma shape alpha: 0.262
Parameters optimization took 5 rounds (1.537 sec)
Wrote distance file to... 
Computing ML distances based on estimated model parameters...
Calculating distance matrix: done in 0.353934 secs using 299.2% CPU
Computing ML distances took 0.356071 sec (of wall-clock time) 1.058966 sec (of CPU time)
Setting up auxiliary I and S matrices: done in 0.00318913 secs using 359% CPU
Constructing RapidNJ tree: done in 0.0970424 secs using 166.3% CPU
Computing RapidNJ tree took 0.100301 sec (of wall-clock time) 0.173026 sec (of CPU time)
Log-likelihood of RapidNJ tree: -18115.058
--------------------------------------------------------------------
|             INITIALIZING CANDIDATE TREE SET                      |
--------------------------------------------------------------------

Do NNI search on 2 best initial trees
Optimizing NNI: done in 0.517455 secs using 292.9% CPU
Estimate model parameters (epsilon = 0.500)
BETTER TREE FOUND at iteration 1: -18068.985
Optimizing NNI: done in 0.431173 secs using 290.4% CPU
Estimate model parameters (epsilon = 0.500)
BETTER TREE FOUND at iteration 2: -18055.076
Finish initializing candidate tree set (4)
Current best tree score: -18055.076 / CPU time: 1.290
Number of iterations: 2
TREE SEARCH COMPLETED AFTER 2 ITERATIONS / Time: 0h:0m:49s

--------------------------------------------------------------------
|                    FINALIZING TREE SEARCH                        |
--------------------------------------------------------------------
Performs final model parameters optimization
Estimate model parameters (epsilon = 0.050)
1. Initial log-likelihood: -18055.076
Optimal log-likelihood: -18055.076
Rate parameters:  A-C: 0.92121  A-G: 15.88253  A-T: 1.80398  C-G: 0.47810  C-T: 51.54296  G-T: 1.00000
Base frequencies:  A: 0.337  C: 0.204  G: 0.253  T: 0.206
Gamma shape alpha: 0.258
Parameters optimization took 1 rounds (0.098 sec)
BEST SCORE FOUND : -18055.076
Total tree length: 1.565

Total number of iterations: 2
CPU time used for tree search: 3.792 sec (0h:0m:3s)
Wall-clock time used for tree search: 1.291 sec (0h:0m:1s)
Total CPU time used: 110.389 sec (0h:1m:50s)
Total wall-clock time used: 49.365 sec (0h:0m:49s)

Analysis results written to: 
  IQ-TREE report:                ../resources/experimental_data/cropped/E_DENV2-delim.fasta.iqtree
  Maximum-likelihood tree:       ../resources/experimental_data/cropped/E_DENV2-delim.fasta.treefile
  Likelihood distances:          ../resources/experimental_data/cropped/E_DENV2-delim.fasta.mldist
  Screen log file:               ../resources/experimental_data/cropped/E_DENV2-delim.fasta.log

Date and Time: Mon May  4 00:36:28 2026
