IQ-TREE version 3.0.1 for Linux x86 64-bit built Jul  9 2025
Developed by Bui Quang Minh, Thomas Wong, Nhan Ly-Trong, Huaiyan Ren
Contributed by Lam-Tung Nguyen, Dominik Schrempf, Chris Bielow,
Olga Chernomor, Michael Woodhams, Diep Thi Hoang, Heiko Schmidt

Host:    dirreno-B650-AORUS-ELITE-AX (AVX512, FMA3, 30 GB RAM)
Command: iqtree3 --threads-max 16 -s ../resources/experimental_data/cropped/E_DENV1-delim.fasta -m GTR+G --ninit 2 -n 2 --epsilon 0.05 -T AUTO --redo
Seed:    772960 (Using SPRNG - Scalable Parallel Random Number Generator)
Time:    Mon May  4 02:07:42 2026
Kernel:  AVX+FMA - auto-detect threads (16 CPU cores detected)

Reading alignment file ../resources/experimental_data/cropped/E_DENV1-delim.fasta ... Fasta format detected
Reading fasta file: done in 0.0104057 secs using 96.34% CPU
Alignment most likely contains DNA/RNA sequences
Constructing alignment: done in 0.00667825 secs using 421.3% CPU
Alignment has 1027 sequences with 1485 columns, 668 distinct patterns
531 parsimony-informative, 137 singleton sites, 817 constant sites
             Gap/Ambiguity  Composition  p-value
Analyzing sequences: done in 0.000850685 secs using 1762% CPU
   1  NC_001477.1    0.00%    passed     84.20%
   2  2016.874       0.00%    passed     63.68%
   3  2016.79        0.00%    passed     63.68%
   4  2004.538       0.00%    passed     79.21%
   5  2004.5_3       0.00%    passed     83.16%
   6  2016.041       0.00%    passed     82.39%
   7  2002.707       0.00%    passed     78.17%
   8  2005.5_8       0.00%    passed     90.38%
   9  1960.5         0.00%    passed     93.60%
  10  2017.775       0.00%    passed     98.91%
  11  2017.315       0.00%    passed     98.85%
  12  2014.915       0.00%    passed     99.38%
  13  2016.669       0.00%    passed     99.91%
  14  2014.934       0.00%    passed     99.99%
  15  2017.288       0.00%    passed     99.99%
  16  2015.808       0.00%    passed     99.97%
  17  2013.688       0.07%    passed     99.53%
  18  2011.581       0.00%    passed     99.89%
  19  2011.321       0.00%    passed     99.66%
  20  2011.507       0.00%    passed     99.22%
  21  2011.003       0.00%    passed     99.66%
  22  2010.57        0.00%    passed     99.66%
  23  2002.463       0.00%    passed     99.69%
  24  2011.559       0.00%    passed     99.69%
  25  2011.474       0.07%    passed     99.53%
  26  2002.479       0.00%    passed     99.69%
  27  2011.501       0.00%    passed     99.69%
  28  2010.926       0.00%    passed     99.66%
  29  2010.86        0.00%    passed     99.66%
  30  2010.827       0.00%    passed     99.69%
  31  2011.036       0.00%    passed     99.66%
  32  2010.825       0.00%    passed     99.66%
  33  1997.584       0.00%    passed     98.86%
  34  2011.515       0.00%    passed     99.66%
  35  2011.378       0.00%    passed     99.69%
  36  2011.505       0.00%    passed     99.26%
  37  2011.986       0.00%    passed     99.64%
  38  2013.5         0.00%    passed     95.96%
  39  2011.974       0.00%    passed     98.49%
  40  2011.973       0.00%    passed     98.49%
  41  2011.912       0.00%    passed     98.49%
  42  2011.51        0.00%    passed     98.49%
  43  2013.027       0.00%    passed     95.96%
  44  2013.022       0.00%    passed     98.08%
  45  2012.913       0.00%    passed     97.42%
  46  2011.764       0.00%    passed     99.69%
  47  2013.26        0.00%    passed     99.26%
  48  2012.85        0.00%    passed     99.26%
  49  2009.625       0.00%    passed     99.99%
  50  2009.556       0.00%    passed     99.91%
  51  2007.622_2     0.00%    passed     99.92%
  52  2007.488       0.00%    passed     99.92%
  53  2007.419       0.00%    passed     99.92%
  54  2007.479       0.07%    passed     99.92%
  55  2006.97_3      0.00%    passed     99.97%
  56  2006.926_3     0.00%    passed     99.89%
  57  2006.921       0.00%    passed     99.97%
  58  2006.896       0.07%    passed     99.70%
  59  2006.863       0.00%    passed     99.84%
  60  2006.91        0.00%    passed     99.84%
  61  2006.66        0.00%    passed     99.97%
  62  2006.655       0.00%    passed     99.98%
  63  2006.638_2     0.00%    passed     99.97%
  64  2006.622       0.00%    passed     99.97%
  65  2006.6         0.00%    passed     99.93%
  66  2006.619       0.00%    passed     99.97%
  67  2006.638       0.00%    passed     99.97%
  68  2006.614       0.00%    passed     99.97%
  69  1995.685       0.00%    passed     99.97%
  70  2002.463_2     0.00%    passed     99.97%
  71  2006.589       0.00%    passed    100.00%
  72  2006.932       0.00%    passed     99.89%
  73  2007.436       0.00%    passed     99.97%
  74  2000.481       0.00%    passed     99.97%
  75  2006.871_2     0.00%    passed     99.96%
  76  2006.515_2     0.00%    passed     99.97%
  77  2006.696       0.00%    passed     99.97%
  78  2006.852       0.00%    passed     99.53%
  79  2006.649       0.00%    passed    100.00%
  80  2006.614_2     0.00%    passed     99.97%
  81  2006.6_2       0.00%    passed     99.97%
  82  2006.433       0.00%    passed     99.97%
  83  2006.644       0.00%    passed     99.97%
  84  2006.975       0.00%    passed    100.00%
  85  2006.901       0.00%    passed    100.00%
  86  2006.962       0.00%    passed    100.00%
  87  2006.899_3     0.00%    passed     99.97%
  88  2006.871_3     0.00%    passed     99.99%
  89  2006.740       0.00%    passed     99.97%
  90  2006.721_2     0.00%    passed     99.97%
  91  2006.721_3     0.00%    passed     99.97%
  92  2006.784       0.07%    passed     99.93%
  93  2006.819       0.00%    passed     99.97%
  94  2006.855       0.00%    passed     99.53%
  95  2006.611_2     0.00%    passed     99.84%
  96  2006.556       0.00%    passed     99.84%
  97  2006.54        0.07%    passed     99.70%
  98  2006.468       0.00%    passed     99.84%
  99  2006.622_3     0.00%    passed     99.97%
 100  2006.592       0.00%    passed     99.98%
 101  2009.608       0.00%    passed     99.54%
 102  2009.348       0.00%    passed     99.84%
 103  2009.5_3       0.07%    passed     99.82%
 104  2014.899       0.00%    passed     99.27%
 105  2014.83        0.00%    passed     98.54%
 106  2014.789       0.00%    passed     98.54%
 107  2013.655       0.00%    passed     97.27%
 108  2014.619       0.00%    passed     99.93%
 109  2014.753       0.13%    passed     97.21%
 110  2011.499       0.00%    passed    100.00%
 111  1999.378       0.13%    passed    100.00%
 112  2002.29        0.00%    passed    100.00%
 113  2002.244       0.00%    passed     99.99%
 114  1998.244_2     0.00%    passed    100.00%
 115  2002.605       0.00%    passed    100.00%
 116  2004.016       0.00%    passed    100.00%
 117  2001.866       0.00%    passed     99.98%
 118  2001.688       0.00%    passed     99.96%
 119  2001.647       0.00%    passed     99.96%
 120  2001.638       0.00%    passed     99.97%
 121  2001.449       0.00%    passed    100.00%
 122  2001.474_2     0.00%    passed    100.00%
 123  1998.616       0.00%    passed     99.99%
 124  2003.145       0.00%    passed     99.93%
 125  2003.137       0.00%    passed     99.93%
 126  2002.953_2     0.00%    passed     99.93%
 127  2002.953       0.00%    passed     99.93%
 128  2002.918       0.00%    passed     99.93%
 129  2002.923       0.00%    passed     99.98%
 130  2002.907       0.00%    passed     99.78%
 131  2003.134       0.00%    passed     99.84%
 132  2003.104       0.00%    passed     99.78%
 133  2002.564       0.00%    passed     99.93%
 134  2002.43        0.00%    passed     99.93%
 135  2002.389       0.00%    passed     99.93%
 136  2002.252       0.00%    passed    100.00%
 137  2002.175_2     0.00%    passed     99.97%
 138  2001.5         0.00%    passed     99.92%
 139  2001.356       0.00%    passed     99.99%
 140  2001.493       0.00%    passed    100.00%
 141  2001.025       0.00%    passed     99.99%
 142  2000.689_2     0.00%    passed     99.99%
 143  2000.943       0.00%    passed     99.97%
 144  2000.926       0.00%    passed     99.97%
 145  2001.334       0.00%    passed     99.99%
 146  2001.288_2     0.00%    passed     99.99%
 147  2001.485       0.07%    passed    100.00%
 148  2000.872_2     0.00%    passed     99.92%
 149  2001.353       0.00%    passed     99.92%
 150  2002.214       0.00%    passed    100.00%
 151  2004.623_2     0.00%    passed     99.63%
 152  2001.455       0.07%    passed    100.00%
 153  2001.203       0.00%    passed    100.00%
 154  2001.118       0.00%    passed     99.89%
 155  2000.934       0.00%    passed     99.66%
 156  2006.238       0.00%    passed     99.84%
 157  2001.811       0.00%    passed     99.91%
 158  1998.173       0.00%    passed     99.84%
 159  2001.658       0.00%    passed     99.94%
 160  2010.704       0.00%    passed     99.94%
 161  2002.57        0.00%    passed     99.81%
 162  2002.548       0.07%    passed     99.76%
 163  2001.288       0.00%    passed     99.87%
 164  2001.704       0.00%    passed     99.91%
 165  2002.345       0.00%    passed     99.98%
 166  2001.8         0.00%    passed     99.89%
 167  2001.37        0.00%    passed    100.00%
 168  2002.074       0.00%    passed    100.00%
 169  2003.17        0.00%    passed     99.91%
 170  2002.586       0.00%    passed     99.99%
 171  2002.09        0.20%    passed     99.99%
 172  2010.6         0.00%    passed     99.99%
 173  2010.545       0.00%    passed     99.99%
 174  2003.386_2     0.00%    passed     99.99%
 175  2003.192       0.00%    passed     99.92%
 176  2003.863       0.00%    passed     99.99%
 177  2003.041       0.00%    passed    100.00%
 178  2002.51        0.00%    passed    100.00%
 179  2002.132       0.00%    passed    100.00%
 180  2003.745       0.07%    passed     99.99%
 181  2002.915       0.00%    passed    100.00%
 182  2003.638       0.00%    passed     99.99%
 183  2002.378       0.00%    passed     99.99%
 184  2001.964       0.00%    passed    100.00%
 185  2001.416       0.00%    passed    100.00%
 186  2001.534       0.00%    passed     99.92%
 187  2003.244       0.07%    passed     99.98%
 188  2003.83        0.00%    passed     99.91%
 189  2003.762       0.00%    passed     99.96%
 190  2003.816       0.00%    passed     99.96%
 191  2003.06        0.00%    passed     99.96%
 192  2002.233       0.00%    passed    100.00%
 193  2001.496       0.00%    passed     99.97%
 194  2006.441       0.00%    passed     99.97%
 195  2004.041       0.00%    passed     99.98%
 196  2006.052       0.00%    passed     99.94%
 197  2005.449       0.00%    passed     99.98%
 198  2005.167       0.00%    passed     99.98%
 199  2004.609       0.00%    passed     99.98%
 200  2004.481       0.00%    passed     99.94%
 201  2005.14        0.00%    passed     99.97%
 202  2004.932       0.00%    passed     99.97%
 203  2005.063       0.00%    passed     99.98%
 204  2004.235       0.07%    passed     99.96%
 205  2004.044       0.00%    passed     99.98%
 206  2006.027       0.00%    passed     99.94%
 207  2006.008       0.00%    passed     99.94%
 208  2005.882       0.00%    passed     99.94%
 209  2005.863       0.00%    passed     99.94%
 210  2006.389       0.00%    passed     99.91%
 211  2005.493       0.00%    passed     99.99%
 212  2005.455       0.00%    passed     99.96%
 213  2005.356       0.07%    passed     99.97%
 214  2005.312       0.00%    passed     99.99%
 215  2005.405       0.00%    passed     99.99%
 216  2005.321       0.07%    passed    100.00%
 217  2005.332       0.13%    passed     99.99%
 218  2005.405_2     0.00%    passed     99.99%
 219  2004.883       0.00%    passed     99.99%
 220  2004.844       0.00%    passed     99.99%
 221  2004.803       0.00%    passed     99.99%
 222  2004.596       0.20%    passed     99.99%
 223  2003.241       0.00%    passed     99.99%
 224  2003.205       0.00%    passed     99.77%
 225  2001.827       0.07%    passed     99.73%
 226  2001.827_2     0.00%    passed     99.84%
 227  2005.422       0.07%    passed     99.55%
 228  2005.389       0.00%    passed     99.82%
 229  2005.375       0.00%    passed     99.82%
 230  2005.307       0.00%    passed     99.82%
 231  2005.085       0.07%    passed     99.71%
 232  2004.738       0.00%    passed     99.84%
 233  2003.964       0.00%    passed     99.84%
 234  2002.499_2     0.00%    passed     99.84%
 235  2002.762       0.00%    passed     99.84%
 236  2003.37        0.00%    passed     99.99%
 237  2006.97_2      0.00%    passed     98.93%
 238  2006.945_3     0.00%    passed     99.25%
 239  2006.942       0.00%    passed     97.93%
 240  2006.907_2     0.00%    passed     98.04%
 241  2006.899       0.00%    passed     98.04%
 242  2006.852_2     0.00%    passed     98.00%
 243  2006.773_2     0.00%    passed     99.50%
 244  2006.447       0.00%    passed     98.04%
 245  2006.688       0.00%    passed     97.93%
 246  2005.967_2     0.00%    passed     98.04%
 247  2006.658_2     0.00%    passed     98.04%
 248  2006.581_2     0.00%    passed     98.04%
 249  2006.901_2     0.07%    passed     99.83%
 250  2006.625_2     0.00%    passed     96.78%
 251  2006.504       0.00%    passed     96.74%
 252  2006.836       0.00%    passed     98.00%
 253  2006.011_2     0.00%    passed     99.98%
 254  2005.995       0.00%    passed     99.99%
 255  2005.901       0.00%    passed     99.96%
 256  2005.874       0.00%    passed     99.96%
 257  2005.208       0.00%    passed    100.00%
 258  2004.262       0.00%    passed     99.96%
 259  2005.447       0.00%    passed     99.89%
 260  2004.956       0.00%    passed    100.00%
 261  2003.271       0.00%    passed     99.82%
 262  2002.203       0.00%    passed     99.93%
 263  2001.658_2     0.00%    passed     99.50%
 264  2006.907       0.00%    passed     98.93%
 265  2006.759       0.00%    passed     98.93%
 266  2006.603_3     0.00%    passed     98.04%
 267  2006.597       0.00%    passed     98.93%
 268  2006.581       0.00%    passed     98.93%
 269  2006.567       0.00%    passed     98.93%
 270  2003.403_2     0.00%    passed     99.87%
 271  2003.386       0.00%    passed     99.87%
 272  2003.764       0.00%    passed     99.12%
 273  2002.493       0.00%    passed     99.99%
 274  2003.575       0.00%    passed     99.83%
 275  2003.455       0.00%    passed     99.92%
 276  2002.808       0.00%    passed     98.43%
 277  2002.989       0.00%    passed     99.70%
 278  2002.942       0.00%    passed     99.91%
 279  2003.211       0.00%    passed     99.99%
 280  2002.921       0.00%    passed     99.92%
 281  2002.384       0.00%    passed     99.98%
 282  2002.142       0.00%    passed     99.92%
 283  2003.488       0.00%    passed    100.00%
 284  1997.573       0.00%    passed     99.99%
 285  2004.678       0.00%    passed     99.91%
 286  2004.954       0.00%    passed     99.45%
 287  2006.181       0.00%    passed     99.82%
 288  2006.164       0.00%    passed     99.92%
 289  2005.975       0.00%    passed    100.00%
 290  2005.921       0.00%    passed     99.99%
 291  2005.907       0.00%    passed     99.99%
 292  2005.841       0.00%    passed     99.99%
 293  2005.833       0.00%    passed     99.99%
 294  2005.458       0.00%    passed     99.99%
 295  2005.466       0.00%    passed     99.99%
 296  2005.137       0.00%    passed     99.99%
 297  1999.636       0.00%    passed    100.00%
 298  1995.658_2     0.00%    passed    100.00%
 299  1997.477       0.00%    passed    100.00%
 300  1995.658       0.07%    passed    100.00%
 301  1998.718       0.00%    passed    100.00%
 302  2006.91_2      0.00%    passed     99.83%
 303  2006.581_4     0.00%    passed     99.64%
 304  2006.414       0.00%    passed     99.84%
 305  2006.279       0.00%    passed     99.59%
 306  2006.26        0.07%    passed     99.65%
 307  2006.2         0.00%    passed     99.59%
 308  2006.249       0.00%    passed     99.59%
 309  2006.255       0.00%    passed     99.59%
 310  2005.537_2     0.00%    passed     99.84%
 311  2006.197       0.07%    passed     99.90%
 312  2004.055       0.00%    passed     99.84%
 313  2006.852_3     0.00%    passed     99.83%
 314  2006.608       0.00%    passed     99.83%
 315  2006.685       0.07%    passed     99.69%
 316  2006.789_2     0.00%    passed     99.94%
 317  2006.203       0.00%    passed     99.96%
 318  2006.362       0.20%    passed     99.92%
 319  2006.482_2     0.00%    passed     99.94%
 320  2006.214       0.00%    passed     99.96%
 321  2003.395_2     0.00%    passed     99.97%
 322  2006.282       0.00%    passed     99.94%
 323  2006.277       0.00%    passed     99.84%
 324  2006.211       0.00%    passed     99.84%
 325  2006.016       0.07%    passed     99.51%
 326  2006.008_2     0.00%    passed     99.59%
 327  2004.989       0.00%    passed     99.96%
 328  2004.855       0.00%    passed     99.94%
 329  2004.915       0.00%    passed     99.94%
 330  2004.716       0.00%    passed     99.94%
 331  2004.475       0.00%    passed     99.99%
 332  2004.445       0.00%    passed     99.96%
 333  2009.542       0.00%    passed     99.89%
 334  2009.203       0.00%    passed     99.22%
 335  2009.118       0.00%    passed     99.22%
 336  2007.458       0.00%    passed     99.25%
 337  2006.929_2     0.00%    passed     99.69%
 338  2006.926       0.00%    passed     99.69%
 339  2006.57_3      0.00%    passed     99.91%
 340  2006.512       0.00%    passed     99.86%
 341  2006.225       0.00%    passed     99.86%
 342  2006.055       0.00%    passed     99.86%
 343  2006.899_2     0.00%    passed     99.83%
 344  2006.581_3     0.00%    passed     99.96%
 345  2006.397       0.07%    passed     99.91%
 346  2006.485       0.00%    passed     99.99%
 347  2006.129       0.00%    passed     99.99%
 348  2006.279_2     0.07%    passed     99.94%
 349  2005.479       0.00%    passed     99.69%
 350  2006.94        0.00%    passed     99.96%
 351  2006.792_2     0.00%    passed     99.96%
 352  2006.542       0.00%    passed     99.96%
 353  2006.945       0.00%    passed    100.00%
 354  2006.444       0.00%    passed     99.91%
 355  2006.26_2      0.00%    passed     99.86%
 356  2006.855_2     0.00%    passed     99.62%
 357  2006.647       0.00%    passed     99.86%
 358  2004.473       0.00%    passed     99.51%
 359  2004.372       0.00%    passed     99.92%
 360  2006.551       0.00%    passed     99.99%
 361  2006.23        0.07%    passed     99.93%
 362  2005.345       0.00%    passed     99.33%
 363  2005.123       0.00%    passed     99.22%
 364  2011.468       0.00%    passed     99.84%
 365  2006.679_2     0.00%    passed     99.84%
 366  2002.279       0.00%    passed     99.84%
 367  2006.299       0.00%    passed     99.84%
 368  2006.416       0.07%    passed     99.84%
 369  2006.403       0.00%    passed     99.84%
 370  2007.238       0.00%    passed     99.97%
 371  2007.216       0.00%    passed     99.97%
 372  2006.57        0.00%    passed     99.83%
 373  2006.082       0.00%    passed     99.84%
 374  2007.578       0.00%    passed     99.63%
 375  2006.907_4     0.00%    passed     99.93%
 376  1997.463       0.00%    passed     99.93%
 377  2006.827       0.00%    passed     99.98%
 378  2006.529_2     0.00%    passed     99.98%
 379  2006.515       0.00%    passed     99.98%
 380  2006.611       0.00%    passed     99.98%
 381  2006.482       0.00%    passed     99.97%
 382  2006.929       0.00%    passed     99.78%
 383  2005.37        0.00%    passed     99.97%
 384  2005.37_2      0.00%    passed     99.97%
 385  2008.593       0.00%    passed     99.89%
 386  2006.551_2     0.00%    passed     99.98%
 387  2006.518       0.07%    passed     99.97%
 388  2006.529       0.00%    passed     99.98%
 389  2005.959       0.00%    passed     99.98%
 390  2006.258       0.00%    passed     99.98%
 391  2006.115       0.13%    passed     99.88%
 392  2005.773       0.00%    passed     99.80%
 393  2006.038       0.00%    passed     99.88%
 394  2006.622_4     0.00%    passed     99.45%
 395  2007.5_3       0.00%    passed     98.80%
 396  1999.537_2     0.00%    passed     99.95%
 397  2006.893_2     0.00%    passed    100.00%
 398  2006.888       0.00%    passed    100.00%
 399  2007.512       0.00%    passed     99.94%
 400  2011.441       0.00%    passed     97.81%
 401  2010.871       0.00%    passed     98.43%
 402  2010.866       0.00%    passed     99.79%
 403  2010.764       0.00%    passed     99.79%
 404  2011.26        0.00%    passed     99.77%
 405  2014.732       0.00%    passed     99.88%
 406  2014.641       0.00%    passed     99.95%
 407  2012.53        0.00%    passed     99.48%
 408  2012.948       0.00%    passed    100.00%
 409  2013.658       0.00%    passed     99.41%
 410  2013.025       0.00%    passed     99.59%
 411  2011.345       0.00%    passed     99.99%
 412  2011.34        0.00%    passed     99.96%
 413  2010.792       0.00%    passed     99.77%
 414  2008.585       0.00%    passed     99.98%
 415  2006.871       0.00%    passed     99.94%
 416  2006.395       0.00%    passed     99.94%
 417  2003.307       0.00%    passed     99.94%
 418  2006.685_2     0.00%    passed     99.98%
 419  2006.773       0.00%    passed     99.94%
 420  2006.455       0.00%    passed     99.99%
 421  2006.058       0.00%    passed    100.00%
 422  2005.622       0.00%    passed     99.92%
 423  2009.5         0.00%    passed     99.69%
 424  2009.6         0.00%    passed     99.91%
 425  2006.184       0.13%    passed     99.94%
 426  2006.145       0.00%    passed     99.91%
 427  1999.46        0.00%    passed     98.94%
 428  2009.532       0.00%    passed     99.94%
 429  2009.501       0.00%    passed     99.80%
 430  2009.411       0.00%    passed     99.80%
 431  2008.516       0.00%    passed     99.80%
 432  2012.724       0.00%    passed     98.62%
 433  2010.362       0.00%    passed     98.18%
 434  2003.342       0.07%    passed     99.19%
 435  2007.666       0.00%    passed     98.86%
 436  2006.318       0.00%    passed     99.53%
 437  2011.945       0.00%    passed     99.68%
 438  2011.502       0.00%    passed     99.94%
 439  2004.295       0.00%    passed     99.94%
 440  2006.625       0.00%    passed     99.94%
 441  2008.943       0.00%    passed     99.87%
 442  2007.562       0.00%    passed     99.60%
 443  2005.707       0.00%    passed    100.00%
 444  2006.964       0.00%    passed     97.42%
 445  2006.614_3     0.00%    passed     99.06%
 446  2006.57_4      0.00%    passed     99.06%
 447  2006.559_2     0.00%    passed     99.06%
 448  2006.526_2     0.00%    passed     99.06%
 449  2006.403_3     0.07%    passed     99.35%
 450  2006.948       0.00%    passed     99.22%
 451  2006.945_2     0.00%    passed     99.22%
 452  2006.789_3     0.00%    passed     99.22%
 453  2006.907_3     0.00%    passed     99.54%
 454  2006.732       0.00%    passed     98.44%
 455  2006.926_2     0.07%    passed     99.35%
 456  2006.301       0.07%    passed     98.91%
 457  2006.126       0.00%    passed     99.66%
 458  2006.244       0.13%    passed     99.82%
 459  2006.923       0.00%    passed     99.32%
 460  2006.337       0.00%    passed     98.08%
 461  2006.192       0.00%    passed     98.08%
 462  2006.011       0.00%    passed     98.54%
 463  2004.852       0.00%    passed     99.69%
 464  2004.811       0.00%    passed     99.69%
 465  1995.507       0.00%    passed     99.99%
 466  2003.455_2     0.00%    passed     99.97%
 467  2002.499       0.00%    passed     99.93%
 468  2001.956       0.00%    passed     99.78%
 469  2000.79        0.00%    passed     99.78%
 470  2000.956       0.00%    passed     99.98%
 471  2002.077       0.00%    passed     99.97%
 472  2006.597_2     0.07%    passed     99.71%
 473  2006.066       0.13%    passed     99.68%
 474  2003.622       0.00%    passed     99.91%
 475  2006.575       0.00%    passed     99.93%
 476  2006.014       0.00%    passed    100.00%
 477  2006.674       0.00%    passed     99.89%
 478  2006.619_2     0.00%    passed     99.89%
 479  2006.236       0.00%    passed     99.89%
 480  2006.504_2     0.00%    passed     99.54%
 481  2006.49_2      0.00%    passed     99.54%
 482  2003.5_4       0.00%    passed    100.00%
 483  2003.5_5       0.00%    passed     99.98%
 484  2006.874       0.00%    passed     99.91%
 485  2003.5_6       0.00%    passed    100.00%
 486  2004.847       0.00%    passed     99.97%
 487  2002.37_2      0.00%    passed     99.99%
 488  2001.877       0.00%    passed     99.98%
 489  2006.814       0.00%    passed     99.91%
 490  1995.918       0.00%    passed     99.87%
 491  2006.581_5     0.00%    passed     98.18%
 492  2004.5_5       0.00%    passed     99.77%
 493  2003.5_2       0.00%    passed     99.69%
 494  2001.762       0.00%    passed     99.43%
 495  2001.5_5       0.00%    passed     99.82%
 496  2000.5_3       0.00%    passed     99.77%
 497  2005.5_9       0.00%    passed     99.91%
 498  2011.847       0.00%    passed     97.13%
 499  2008.757       0.00%    passed     99.30%
 500  2009.414       0.00%    passed     98.96%
 501  2006.97        0.00%    passed     98.54%
 502  2006.767       0.00%    passed     99.26%
 503  2006.932_2     0.00%    passed     97.42%
 504  2006.803       0.00%    passed     99.75%
 505  2006.721       0.00%    passed     98.46%
 506  2006.452       0.00%    passed     97.48%
 507  2006.638_3     0.00%    passed     99.26%
 508  2006.627       0.00%    passed     99.26%
 509  2006.548       0.00%    passed     99.26%
 510  2006.649_2     0.00%    passed     99.75%
 511  2006.49_3      0.07%    passed     99.66%
 512  2006.66_2      0.00%    passed     99.76%
 513  2006.605       0.00%    passed     99.87%
 514  2006.526       0.00%    passed     99.53%
 515  2006.255_2     0.13%    passed     99.80%
 516  2006.241       0.07%    passed     99.71%
 517  2006.608_2     0.00%    passed     99.26%
 518  2006.375       0.00%    passed     99.19%
 519  2006.323       0.13%    passed     98.47%
 520  2006.189       0.00%    passed     99.00%
 521  2005.364       0.07%    passed     98.96%
 522  2011.638       0.00%    passed     94.17%
 523  2011.504       0.00%    passed     94.17%
 524  2002.496       0.00%    passed     96.03%
 525  2006.433_2     0.00%    passed     95.15%
 526  2006.956       0.00%    passed     99.78%
 527  2004.626       0.00%    passed     99.93%
 528  2010.751       0.00%    passed     99.54%
 529  1999.474       0.00%    passed     99.98%
 530  2011.493       0.00%    passed     99.97%
 531  2011.455       0.00%    passed     99.93%
 532  1997.929       0.00%    passed     99.97%
 533  2000.678       0.00%    passed     99.77%
 534  2000.456       0.00%    passed     99.93%
 535  1998.405       0.00%    passed    100.00%
 536  1999.082       0.00%    passed     99.97%
 537  1999.671       0.00%    passed     99.95%
 538  1999.471       0.07%    passed     99.97%
 539  1997.797       0.00%    passed     99.88%
 540  1997.792       0.00%    passed     99.50%
 541  1996.907       0.00%    passed     99.80%
 542  1996.62        0.00%    passed     99.96%
 543  1997.112_2     0.07%    passed     99.87%
 544  1998.025       0.07%    passed     99.97%
 545  2003.825       0.00%    passed     99.81%
 546  1997.644       0.00%    passed     99.88%
 547  1999.477       0.00%    passed     99.80%
 548  1998.132       0.00%    passed     99.88%
 549  1999.521       0.00%    passed     99.48%
 550  1998.86        0.00%    passed     99.82%
 551  1999.556       0.00%    passed    100.00%
 552  1997.458       0.00%    passed     99.99%
 553  2001.948       0.00%    passed     99.99%
 554  2001.655       0.00%    passed     99.81%
 555  2001.589       0.00%    passed     99.81%
 556  2001.573       0.00%    passed     99.77%
 557  2001.332       0.00%    passed     99.99%
 558  2000.694       0.00%    passed     99.83%
 559  1999.97        0.00%    passed     99.94%
 560  2001.296       0.07%    passed     99.84%
 561  1998.742       0.00%    passed     99.96%
 562  1998.186_2     0.00%    passed     99.88%
 563  1997.351       0.00%    passed     99.99%
 564  1996.787       0.00%    passed     99.96%
 565  2000.904       0.00%    passed    100.00%
 566  2000.503       0.00%    passed    100.00%
 567  1999.537       0.00%    passed     99.99%
 568  2011.332       0.00%    passed     99.99%
 569  1997.433       0.00%    passed     99.99%
 570  1998.485       0.00%    passed     99.77%
 571  1997.707_2     0.00%    passed     99.89%
 572  1997.616       0.00%    passed     99.98%
 573  1995.71        0.00%    passed     99.99%
 574  1996.568       0.00%    passed     99.82%
 575  1995.885       0.00%    passed     99.95%
 576  1995.723       0.00%    passed     99.95%
 577  1995.589       0.07%    passed     99.89%
 578  1996.705       0.00%    passed     99.47%
 579  1997.373       0.00%    passed     99.84%
 580  1998.575       0.00%    passed     99.92%
 581  1997.652_2     0.00%    passed     99.80%
 582  1996.814       0.00%    passed     99.95%
 583  1996.579       0.00%    passed     99.95%
 584  1998.096       0.00%    passed     99.98%
 585  1994.707       0.00%    passed     99.99%
 586  1994.364       0.00%    passed     99.94%
 587  1994.5_11      0.13%    passed     99.75%
 588  1999.638_3     0.00%    passed     99.86%
 589  1998.255       0.00%    passed     99.62%
 590  1996.486       0.00%    passed     99.16%
 591  1998.016       0.00%    passed     99.95%
 592  1996.932_2     0.00%    passed     99.56%
 593  2003.795       0.00%    passed     98.94%
 594  1998.345       0.00%    passed     99.51%
 595  1998.367       0.00%    passed     98.96%
 596  1998.241       0.00%    passed     97.96%
 597  1997.052       0.00%    passed     98.31%
 598  1998.074       0.00%    passed     96.83%
 599  1997.304       0.00%    passed     99.88%
 600  1996.205       0.00%    passed     99.88%
 601  1996.781       0.07%    passed     99.97%
 602  1996.53        0.00%    passed     99.45%
 603  1995.304       0.00%    passed     99.98%
 604  1995.126       0.00%    passed     99.98%
 605  1995.197       0.13%    passed     99.98%
 606  1995.666_2     0.13%    passed     99.88%
 607  1995.595       0.00%    passed     99.88%
 608  1995.584_2     0.00%    passed     99.88%
 609  1995.63        0.13%    passed     99.88%
 610  1995.66        0.00%    passed     99.95%
 611  1995.638       0.13%    passed     99.90%
 612  1995.548       0.00%    passed     99.80%
 613  1994.926       0.00%    passed    100.00%
 614  1994.6         0.00%    passed     99.99%
 615  1994.5_10      0.00%    passed     99.72%
 616  1994.504       0.00%    passed    100.00%
 617  1998.052       0.20%    passed     96.70%
 618  1998.216       0.13%    passed     99.73%
 619  1996.574       0.00%    passed     99.82%
 620  1995.786       0.00%    passed     99.95%
 621  1998.055       0.00%    passed     99.98%
 622  1997.671       0.00%    passed    100.00%
 623  1997.559       0.00%    passed     99.99%
 624  2002.126       0.00%    passed     99.35%
 625  1997.5         0.07%    passed     99.96%
 626  1996.921       0.00%    passed     99.95%
 627  1998.926       0.00%    passed     99.50%
 628  1998.896       0.00%    passed     99.39%
 629  1998.173_2     0.00%    passed     99.53%
 630  1999.071       0.00%    passed     99.84%
 631  1999.06        0.00%    passed     99.84%
 632  2002.145       0.00%    passed     99.78%
 633  2000.929       0.00%    passed     99.93%
 634  2000.574       0.00%    passed     99.97%
 635  2001.638_2     0.00%    passed     98.63%
 636  2000.814       0.00%    passed     98.86%
 637  1999.521_2     0.07%    passed     99.69%
 638  1999.534       0.00%    passed     98.63%
 639  1998.797       0.00%    passed     99.26%
 640  2001.797       0.00%    passed     97.95%
 641  2001.704_2     0.00%    passed     97.95%
 642  2001.186       0.00%    passed     99.66%
 643  2000.388       0.00%    passed     99.54%
 644  1999.367       0.00%    passed     98.30%
 645  2000.907       0.00%    passed     99.10%
 646  2000.743       0.00%    passed     99.06%
 647  2000.661_2     0.00%    passed     99.06%
 648  2000.661       0.07%    passed     98.74%
 649  2000.593       0.00%    passed     99.06%
 650  2000.5         0.00%    passed     99.91%
 651  2000.134       0.07%    passed     99.88%
 652  2001.474       0.07%    passed     97.94%
 653  1997.71        0.00%    passed     99.89%
 654  1997.652       0.00%    passed     99.89%
 655  1998.879       0.00%    passed     97.96%
 656  1998.726       0.00%    passed     97.96%
 657  1998.205       0.00%    passed     96.80%
 658  1998.06        0.00%    passed     94.69%
 659  2006.603       0.00%    passed     99.16%
 660  2000.615       0.00%    passed     99.16%
 661  2001.375       0.00%    passed     99.16%
 662  2000.923       0.07%    passed     99.58%
 663  2000.874       0.00%    passed     99.62%
 664  2000.872       0.00%    passed     99.62%
 665  2000.609       0.00%    passed     99.62%
 666  2000.689       0.07%    passed     99.69%
 667  2001.595       0.00%    passed     99.22%
 668  2001.515       0.00%    passed     99.89%
 669  2001.493_2     0.00%    passed     99.88%
 670  2000.945       0.00%    passed     99.89%
 671  2000.363       0.00%    passed     99.89%
 672  2002.992       0.00%    passed     99.86%
 673  2002.992_2     0.00%    passed     99.86%
 674  2006.496       0.00%    passed     99.97%
 675  1996.945       0.00%    passed     99.97%
 676  1996.779       0.00%    passed     99.99%
 677  1996.56        0.00%    passed     99.98%
 678  1997.304_2     0.00%    passed     99.98%
 679  1997.729       0.00%    passed    100.00%
 680  1998.167       0.07%    passed     99.99%
 681  1998.104       0.00%    passed     99.99%
 682  1998.737       0.00%    passed     99.98%
 683  1998.923       0.00%    passed     99.87%
 684  1998.214       0.00%    passed    100.00%
 685  1999.074       0.00%    passed     99.92%
 686  1998.827       0.07%    passed     99.83%
 687  2011.367       0.00%    passed     99.92%
 688  1997.112       0.07%    passed     99.97%
 689  1996.549       0.07%    passed     99.96%
 690  2000.432       0.00%    passed     99.86%
 691  1999.17        0.00%    passed     99.86%
 692  2000.432_2     0.00%    passed     99.37%
 693  1999.479       0.00%    passed     99.55%
 694  1998.734       0.00%    passed     99.55%
 695  1998.09        0.00%    passed     99.67%
 696  1997.54        0.00%    passed     99.32%
 697  1998.496       0.00%    passed     99.90%
 698  1995.581       0.00%    passed     99.81%
 699  2006.559       0.00%    passed     99.94%
 700  1998.252       0.00%    passed     99.94%
 701  1997.444       0.00%    passed     99.43%
 702  1999.638_2     0.00%    passed     99.72%
 703  1998.315       0.00%    passed     99.43%
 704  1996.932       0.13%    passed     99.69%
 705  1998.5_3       0.00%    passed     98.79%
 706  2006.734       0.00%    passed     99.51%
 707  2001.89        0.00%    passed     99.94%
 708  2001.54        0.00%    passed     99.92%
 709  2001.54_2      0.00%    passed     99.92%
 710  2001.463       0.00%    passed     99.92%
 711  2001.452       0.00%    passed     99.96%
 712  2001.403       0.00%    passed     99.84%
 713  2000.866       0.07%    passed     99.97%
 714  2000.787       0.00%    passed     99.95%
 715  2000.495       0.00%    passed     99.95%
 716  2000.62        0.00%    passed     99.92%
 717  2001.14        0.00%    passed     99.95%
 718  2001.263       0.00%    passed     99.92%
 719  2001.356_2     0.00%    passed     99.94%
 720  2006.532       0.00%    passed     99.97%
 721  2005.967       0.00%    passed     99.97%
 722  2005.537       0.00%    passed     99.95%
 723  2005.721       0.13%    passed     99.94%
 724  2008.738       0.00%    passed     99.84%
 725  2006.5_4       0.00%    passed     98.94%
 726  2006.5_5       0.00%    passed     99.51%
 727  2005.5_4       0.00%    passed     99.40%
 728  2005.5_5       0.00%    passed     99.83%
 729  2005.5_6       0.00%    passed     99.49%
 730  2005.5_10      0.00%    passed     99.51%
 731  2011.811       0.00%    passed     97.05%
 732  2010.693       0.00%    passed     99.24%
 733  2010.619       0.07%    passed     99.26%
 734  2010.512       0.00%    passed     99.53%
 735  2008.246       0.00%    passed     99.91%
 736  2007.5_4       0.00%    passed     98.94%
 737  2011.411       0.00%    passed     99.96%
 738  2010.608       0.00%    passed     99.88%
 739  2006.784_2     0.07%    passed     99.92%
 740  2014.197       0.07%    passed     99.37%
 741  2013.405       0.00%    passed     99.50%
 742  2012.582       0.00%    passed     99.90%
 743  2012.361       0.00%    passed     98.96%
 744  2012.362       0.00%    passed     98.96%
 745  2011.033       0.00%    passed     99.41%
 746  2011.458       0.00%    passed     99.75%
 747  2007.419_3     0.00%    passed     97.25%
 748  2007.397       0.00%    passed     98.24%
 749  2001.126       0.00%    passed     95.72%
 750  2000.454       0.00%    passed     93.82%
 751  2000.363_2     0.00%    passed     99.45%
 752  1999.83        0.00%    passed     99.89%
 753  2000.568       0.00%    passed     99.89%
 754  1998.907       0.00%    passed     99.09%
 755  1999.132       0.07%    passed     99.97%
 756  1999.167       0.00%    passed     99.80%
 757  1998.603       0.00%    passed     99.99%
 758  2008.5_4       0.00%    passed     99.97%
 759  2008.5_5       0.00%    passed     99.72%
 760  2008.5_6       0.00%    passed     99.80%
 761  2001.241       0.00%    passed     99.80%
 762  2000.989       0.00%    passed     99.80%
 763  2000.795       0.00%    passed     99.80%
 764  2000.858       0.00%    passed     99.71%
 765  2000.847       0.00%    passed     99.71%
 766  2000.973       0.00%    passed     99.10%
 767  2000.623       0.13%    passed     99.68%
 768  2000.538       0.13%    passed     99.68%
 769  2000.986       0.00%    passed     99.62%
 770  2003.359_2     0.00%    passed     99.89%
 771  2003.118       0.00%    passed     99.89%
 772  2002.247       0.00%    passed     99.87%
 773  2001.214       0.07%    passed     99.63%
 774  2000.53        0.00%    passed     99.75%
 775  2000.527       0.00%    passed     99.75%
 776  2000.557       0.00%    passed     99.75%
 777  2000.511       0.00%    passed     99.48%
 778  1999.641       0.00%    passed     97.23%
 779  2010.647       0.07%    passed     99.79%
 780  2010.553       0.00%    passed     99.74%
 781  2010.455       0.00%    passed     99.74%
 782  2009.5_2       0.13%    passed     99.92%
 783  2008.566       0.13%    passed     99.26%
 784  2007.893       0.13%    passed     99.74%
 785  2007.633       0.00%    passed     99.89%
 786  2007.633_2     0.07%    passed     99.86%
 787  2007.392       0.00%    passed     99.89%
 788  2007.614       0.00%    passed     99.89%
 789  2006.926_4     0.00%    passed     99.89%
 790  2006.915       0.00%    passed     99.97%
 791  2006.364       0.00%    passed     99.89%
 792  2006.148_2     0.00%    passed     99.97%
 793  2005.932       0.00%    passed     99.97%
 794  2006.14_2      0.00%    passed     99.97%
 795  2006.137       0.00%    passed     99.97%
 796  2005.814       0.00%    passed     99.97%
 797  2005.811       0.00%    passed     99.97%
 798  2006.036       0.00%    passed     99.97%
 799  2006.29        0.00%    passed     99.97%
 800  2006.159       0.00%    passed     99.97%
 801  2006.789       0.00%    passed     99.97%
 802  2006.46        0.00%    passed     99.97%
 803  2006.403_2     0.00%    passed     99.97%
 804  2006.414_2     0.00%    passed     99.94%
 805  2005.978       0.00%    passed     99.93%
 806  2006.266       0.00%    passed     99.89%
 807  2006.304       0.00%    passed     99.89%
 808  2006.616       0.00%    passed     99.97%
 809  2002.175       0.00%    passed     99.94%
 810  2006.381       0.00%    passed     99.93%
 811  2006.91_3      0.00%    passed     99.93%
 812  2006.679       0.00%    passed     99.97%
 813  2006.668       0.00%    passed    100.00%
 814  2006.622_2     0.00%    passed     99.97%
 815  2006.603_2     0.00%    passed     99.97%
 816  2006.658       0.00%    passed     99.97%
 817  2006.808       0.00%    passed     99.97%
 818  2006.748       0.00%    passed     99.89%
 819  2006.792       0.00%    passed    100.00%
 820  2006.973       0.00%    passed     99.97%
 821  2006.893       0.00%    passed     99.98%
 822  2006.162       0.13%    passed     99.99%
 823  2006.148       0.07%    passed     99.98%
 824  2006.14        0.00%    passed     99.99%
 825  2006.521       0.00%    passed     99.59%
 826  2006.677       0.00%    passed     99.82%
 827  2006.641       0.00%    passed     99.82%
 828  2006.57_2      0.00%    passed     99.82%
 829  2005.14_2      0.00%    passed     99.82%
 830  2006.94_2      0.00%    passed     99.93%
 831  2007.622       0.00%    passed     99.60%
 832  2006.764       0.13%    passed     99.92%
 833  2006.271       0.07%    passed     99.96%
 834  2013.159       0.00%    passed     97.60%
 835  2012.842       0.00%    passed     97.60%
 836  2012.858       0.00%    passed     97.60%
 837  2012.762       0.00%    passed     97.60%
 838  2012.883       0.00%    passed     99.50%
 839  2012.697       0.00%    passed     99.47%
 840  2009.5_4       0.00%    passed     99.33%
 841  2008.5         0.00%    passed     99.43%
 842  2008.5_8       0.00%    passed     99.49%
 843  2006.5_6       0.00%    passed     99.32%
 844  2007.5_6       0.00%    passed     99.72%
 845  2008.5_7       0.00%    passed     99.33%
 846  2008.5_9       0.00%    passed     99.49%
 847  2007.5_5       0.00%    passed     98.96%
 848  2006.693       0.00%    passed     97.49%
 849  2005.5_13      0.00%    passed     97.75%
 850  2006.5_8       0.00%    passed     98.31%
 851  2013.11        0.00%    passed     99.77%
 852  2012.861       0.00%    passed     99.77%
 853  2005.5_11      0.00%    passed     99.53%
 854  2002.899       0.00%    passed     99.94%
 855  2013.066       0.00%    passed     99.63%
 856  2013.129       0.00%    passed     99.80%
 857  2008.5_3       0.00%    passed     99.80%
 858  2006.5_3       0.00%    passed     99.80%
 859  2007.5         0.00%    passed     99.88%
 860  2008.5_2       0.00%    passed     97.75%
 861  2006.5         0.00%    passed     94.61%
 862  2005.5         0.00%    passed     94.53%
 863  2006.5_2       0.00%    passed     97.65%
 864  2003.5_3       0.00%    passed     97.25%
 865  2002.5_3       0.00%    passed     97.49%
 866  2007.5_7       0.00%    passed     95.31%
 867  2006.5_7       0.00%    passed     95.72%
 868  2005.5_12      0.00%    passed     97.20%
 869  2007.5_2       0.00%    passed     97.49%
 870  2000.992       0.00%    passed     99.53%
 871  2000.637       0.00%    passed     99.97%
 872  2002.37        0.00%    passed     99.78%
 873  2013.279       0.00%    passed     99.66%
 874  2012.893       0.00%    passed     99.53%
 875  2005.5_7       0.07%    passed     99.66%
 876  2002.5         0.00%    passed     99.81%
 877  2001.5_2       0.00%    passed     99.77%
 878  2001.5_3       0.00%    passed     99.94%
 879  2001.5_4       0.00%    passed     99.44%
 880  2013.866       0.00%    passed     99.50%
 881  2012.598       0.00%    passed     99.75%
 882  2010.655       0.00%    passed     99.73%
 883  2009.827       0.00%    passed     99.69%
 884  2010.833       0.00%    passed     98.48%
 885  2013.69        0.00%    passed     93.74%
 886  2016.014       0.00%    passed     99.74%
 887  2014.745       0.00%    passed     99.53%
 888  2007.419_2     0.00%    passed     99.11%
 889  2003.326       0.00%    passed     98.35%
 890  1995.6         0.00%    passed     98.35%
 891  1995.6_2       0.07%    passed     97.94%
 892  1995.5         0.00%    passed     98.35%
 893  2004.074       0.00%    passed     98.35%
 894  1995.584       0.00%    passed     98.21%
 895  1995.641       0.00%    passed     98.21%
 896  1995.551       0.00%    passed     98.35%
 897  1998.244       0.00%    passed     99.84%
 898  1997.685       0.00%    passed     99.84%
 899  2003.353       0.00%    passed     99.00%
 900  1997.523       0.00%    passed     99.00%
 901  2003.315       0.00%    passed     98.21%
 902  1999.427       0.00%    passed     98.21%
 903  2002.236       0.00%    passed     99.00%
 904  2000.869       0.00%    passed     95.58%
 905  2000.549       0.00%    passed     98.21%
 906  1994.014       0.00%    passed     98.35%
 907  2001.093       0.00%    passed     98.76%
 908  2001.907       0.00%    passed     99.00%
 909  2001.055       0.00%    passed     98.21%
 910  2003.91        0.00%    passed     98.35%
 911  1999.638       0.00%    passed     99.11%
 912  1999.351       0.00%    passed     98.86%
 913  1999.348       0.00%    passed     98.35%
 914  1994.896       0.00%    passed     99.11%
 915  1994.847       0.00%    passed     99.11%
 916  1994.523       0.00%    passed     95.74%
 917  1995.666_3     0.00%    passed     99.10%
 918  1995.567       0.00%    passed     99.00%
 919  1994.663       0.00%    passed     99.46%
 920  1994.214       0.00%    passed     98.21%
 921  1994.167       0.00%    passed     99.50%
 922  2006.441_2     0.07%    passed     98.21%
 923  2001.37_2      0.00%    passed     95.23%
 924  2004.033       0.00%    passed     95.74%
 925  1995.688       0.00%    passed     95.74%
 926  1996.754       0.00%    passed     99.10%
 927  1996.393       0.00%    passed     99.10%
 928  1995.77        0.00%    passed     97.89%
 929  1994.816       0.00%    passed     99.29%
 930  2006.46_2      0.00%    passed     99.10%
 931  1998.189       0.07%    passed     99.88%
 932  1997.707       0.00%    passed     99.48%
 933  1997.471       0.00%    passed     99.48%
 934  2003.359       0.00%    passed     99.58%
 935  2001.279       0.00%    passed     99.94%
 936  1996.489       0.00%    passed     99.59%
 937  1997.833       0.00%    passed     99.76%
 938  1998.186       0.00%    passed     99.58%
 939  1997.488       0.00%    passed     99.10%
 940  1996.497       0.00%    passed     99.10%
 941  2004.623       0.07%    passed     97.50%
 942  2003.707       0.07%    passed     97.50%
 943  2003.403       0.00%    passed     99.57%
 944  1998.058       0.00%    passed     99.66%
 945  1997.69        0.00%    passed     99.81%
 946  1997.978       0.00%    passed     99.17%
 947  1994.088       0.00%    passed     99.30%
 948  2006.49        0.07%    passed     99.34%
 949  1995.225       0.00%    passed     97.93%
 950  1994.97        0.00%    passed     97.93%
 951  1994.805       0.00%    passed     97.93%
 952  1994.5_2       0.00%    passed     97.93%
 953  1994.5         0.00%    passed     98.76%
 954  1994.121       0.00%    passed     98.76%
 955  1995.107       0.13%    passed     98.55%
 956  1998.071       0.00%    passed     98.36%
 957  1994.956       0.07%    passed     99.00%
 958  1995.666       0.00%    passed     99.57%
 959  1996.544       0.07%    passed     99.00%
 960  1994.458       0.00%    passed     99.84%
 961  1994.058       0.00%    passed     99.76%
 962  1995.458       0.00%    passed     99.94%
 963  1998.167_2     0.07%    passed     98.22%
 964  1999.485       0.00%    passed     97.37%
 965  1995.37        0.07%    passed     98.85%
 966  1995.079       0.00%    passed     97.49%
 967  1995.030       0.00%    passed     97.49%
 968  1994.729       0.00%    passed     97.49%
 969  1994.5_5       0.00%    passed     99.00%
 970  1994.918       0.00%    passed     99.50%
 971  1995.411       0.13%    passed     99.63%
 972  1994.921       0.00%    passed     99.61%
 973  2006.479       0.07%    passed    100.00%
 974  2003.395       0.00%    passed    100.00%
 975  1999.455       0.00%    passed    100.00%
 976  1999.416       0.00%    passed     99.97%
 977  2004.5_4       0.00%    passed     97.91%
 978  2003.5_7       0.00%    passed     99.77%
 979  2003.5_9       0.00%    passed     98.20%
 980  2001.5_6       0.00%    passed     98.06%
 981  2000.5_2       0.00%    passed     99.69%
 982  2003.5_8       0.00%    passed     99.96%
 983  2005.5_2       0.00%    passed     99.50%
 984  2005.5_3       0.00%    passed     98.01%
 985  2003.5         0.00%    passed     98.01%
 986  2004.5         0.00%    passed     99.04%
 987  2004.5_2       0.00%    passed     99.14%
 988  1994.5_3       0.00%    passed     99.92%
 989  2004.12        0.00%    passed     99.49%
 990  2004.074_2     0.00%    passed     99.49%
 991  1995.321       0.00%    passed     99.55%
 992  1994.945       0.00%    passed     99.04%
 993  1994.592       0.00%    passed     99.59%
 994  1991.5         0.00%    passed     97.30%
 995  1995.186       0.00%    passed     95.46%
 996  1994.5_7       0.00%    passed     99.55%
 997  1994.5_9       0.00%    passed     99.55%
 998  1994.5_8       0.00%    passed     99.55%
 999  1994.5_13      0.00%    passed     98.47%
1000  1994.5_4       0.00%    passed     97.70%
1001  1988.5         0.00%    passed     98.45%
1002  1994.375       0.00%    passed     97.05%
1003  1996.904       0.00%    passed     93.22%
1004  1995.381       0.00%    passed     93.22%
1005  1995.326       0.00%    passed     94.76%
1006  1995.69        0.00%    passed     96.97%
1007  1985.455       0.00%    passed     97.93%
1008  1983.455       0.00%    passed     99.23%
1009  1982.5         0.00%    passed     99.77%
1010  1978.455       0.00%    passed     99.93%
1011  2002.5_2       0.00%    passed     96.01%
1012  1998.5_2       0.00%    passed     97.91%
1013  1995.258       0.00%    passed     99.25%
1014  1994.238       0.00%    passed     98.93%
1015  1994.805_2     0.00%    passed     99.89%
1016  1994.595       0.00%    passed     98.84%
1017  1994.5_6       0.00%    passed     98.87%
1018  1994.5_12      0.00%    passed     90.37%
1019  1998.5         0.00%    passed     55.25%
1020  1996.5         0.00%    passed     67.73%
1021  1987.126       0.00%    passed     72.86%
1022  1980.5_3       0.00%    passed     72.65%
1023  1980.5         0.00%    passed     79.55%
1024  1980.5_2       0.13%    passed     72.77%
1025  1980.372       0.00%    passed     79.55%
1026  1982.455       0.07%    passed     74.54%
1027  1983.5         0.00%    passed     70.17%
****  TOTAL          0.01%  0 sequences failed composition chi2 test (p-value<5%; df=3)
NOTE: 2016.79 is identical to 2016.874 but kept for subsequent analysis
NOTE: 2011.003 is identical to 2011.321 but kept for subsequent analysis
NOTE: 2002.479 is identical to 2011.559 but kept for subsequent analysis
NOTE: 2011.973 is identical to 2011.974 but kept for subsequent analysis
NOTE: 2007.488 is identical to 2007.622_2 but kept for subsequent analysis
NOTE: 2006.66 is identical to 2006.97_3 but kept for subsequent analysis
NOTE: 2006.91 is identical to 2006.863 but kept for subsequent analysis
NOTE: 2000.481 is identical to 2007.436 but kept for subsequent analysis
NOTE: 2006.901 is identical to 2006.975 but kept for subsequent analysis
NOTE: 2006.556 is identical to 2006.611_2 but kept for subsequent analysis
NOTE: 2014.789 is identical to 2014.83 but kept for subsequent analysis
NOTE: 2002.29 is identical to 2011.499 but kept for subsequent analysis
NOTE: 2001.474_2 is identical to 2001.449 but kept for subsequent analysis
NOTE: 2003.137 is identical to 2003.145 but kept for subsequent analysis
NOTE: 2002.43 is identical to 2002.564 but kept for subsequent analysis
NOTE: 2001.025 is identical to 2001.356 but kept for subsequent analysis
NOTE: 2003.455 is identical to 2000.872_2 but kept for subsequent analysis
NOTE: 1998.173 is identical to 2006.238 but kept for subsequent analysis
NOTE: 2010.545 is identical to 2010.6 but kept for subsequent analysis
NOTE: 2002.132 is identical to 2002.51 but kept for subsequent analysis
NOTE: 2003.816 is identical to 2003.762 but kept for subsequent analysis
NOTE: 2005.167 is identical to 2005.449 but kept for subsequent analysis
NOTE: 2004.932 is identical to 2005.14 but kept for subsequent analysis
NOTE: 2006.008 is identical to 2006.027 but kept for subsequent analysis
NOTE: 2005.312 is identical to 2005.493 but kept for subsequent analysis
NOTE: 2005.375 is identical to 2005.389 but kept for subsequent analysis
NOTE: 2003.964 is identical to 2004.738 but kept for subsequent analysis
NOTE: 2006.899 is identical to 2006.907_2 but kept for subsequent analysis
NOTE: 2005.874 is identical to 2005.901 but kept for subsequent analysis
NOTE: 2006.759 is identical to 2006.907 but kept for subsequent analysis
NOTE: 2003.386 is identical to 2003.403_2 but kept for subsequent analysis
NOTE: 2005.907 is identical to 2005.921 but kept for subsequent analysis
NOTE: 2005.137 is identical to 2005.466 but kept for subsequent analysis
NOTE: 1995.658_2 is identical to 1999.636 but kept for subsequent analysis
NOTE: 2006.2 is identical to 2006.279 but kept for subsequent analysis
NOTE: 2004.055 is identical to 2005.537_2 but kept for subsequent analysis
NOTE: 2006.608 is identical to 2006.852_3 but kept for subsequent analysis
NOTE: 2006.211 is identical to 2006.277 but kept for subsequent analysis
NOTE: 2004.915 is identical to 2004.855 but kept for subsequent analysis
NOTE: 2009.118 is identical to 2009.203 but kept for subsequent analysis
NOTE: 2006.926 is identical to 2006.929_2 but kept for subsequent analysis
NOTE: 2006.129 is identical to 2006.485 but kept for subsequent analysis
NOTE: 2006.792_2 is identical to 2006.94 but kept for subsequent analysis
NOTE: 2006.647 is identical to 2006.26_2 but kept for subsequent analysis
NOTE: 2006.679_2 is identical to 2011.468 but kept for subsequent analysis
NOTE: 2007.216 is identical to 2007.238 but kept for subsequent analysis
NOTE: 1997.463 is identical to 2006.907_4 but kept for subsequent analysis
NOTE: 2006.529_2 is identical to 2006.827 but kept for subsequent analysis
NOTE: 2005.37_2 is identical to 2005.37 but kept for subsequent analysis
NOTE: 2006.529 is identical to 2006.551_2 but kept for subsequent analysis
NOTE: 2006.888 is identical to 2006.893_2 but kept for subsequent analysis
NOTE: 2010.764 is identical to 2010.866 but kept for subsequent analysis
NOTE: 2006.395 is identical to 2006.871 but kept for subsequent analysis
NOTE: 2009.411 is identical to 2009.501 but kept for subsequent analysis
NOTE: 2004.295 is identical to 2011.502 but kept for subsequent analysis
NOTE: 2006.57_4 is identical to 2006.614_3 but kept for subsequent analysis
NOTE: 2006.526_2 is identical to 2006.559_2 but kept for subsequent analysis
NOTE: 2006.945_2 is identical to 2006.948 but kept for subsequent analysis
NOTE: 2006.192 is identical to 2006.337 but kept for subsequent analysis
NOTE: 2004.811 is identical to 2004.852 but kept for subsequent analysis
NOTE: 2000.79 is identical to 2001.956 but kept for subsequent analysis
NOTE: 2006.619_2 is identical to 2006.674 but kept for subsequent analysis
NOTE: 2006.49_2 is identical to 2006.504_2 but kept for subsequent analysis
NOTE: 2006.627 is identical to 2006.767 but kept for subsequent analysis
NOTE: 2011.504 is identical to 2011.638 but kept for subsequent analysis
NOTE: 2001.589 is identical to 2001.655 but kept for subsequent analysis
NOTE: 2000.503 is identical to 2000.904 but kept for subsequent analysis
NOTE: 1995.723 is identical to 1995.885 but kept for subsequent analysis
NOTE: 1996.579 is identical to 1996.814 but kept for subsequent analysis
NOTE: 1996.205 is identical to 1997.304 but kept for subsequent analysis
NOTE: 1995.126 is identical to 1995.304 but kept for subsequent analysis
NOTE: 1995.584_2 is identical to 1995.595 but kept for subsequent analysis
NOTE: 2001.704_2 is identical to 2001.797 but kept for subsequent analysis
NOTE: 2000.661_2 is identical to 2000.743 but kept for subsequent analysis
NOTE: 1997.652 is identical to 1997.71 but kept for subsequent analysis
NOTE: 1998.726 is identical to 1998.879 but kept for subsequent analysis
NOTE: 2000.615 is identical to 2006.603 but kept for subsequent analysis
NOTE: 2000.872 is identical to 2000.874 but kept for subsequent analysis
NOTE: 2000.945 is identical to 2001.515 but kept for subsequent analysis
NOTE: 2002.992_2 is identical to 2002.992 but kept for subsequent analysis
NOTE: 1996.945 is identical to 2006.496 but kept for subsequent analysis
NOTE: 1997.304_2 is identical to 1996.56 but kept for subsequent analysis
NOTE: 1998.734 is identical to 1999.479 but kept for subsequent analysis
NOTE: 2001.54_2 is identical to 2001.54 but kept for subsequent analysis
NOTE: 2001.14 is identical to 2000.495 but kept for subsequent analysis
NOTE: 2012.362 is identical to 2012.361 but kept for subsequent analysis
NOTE: 2000.989 is identical to 2001.241 but kept for subsequent analysis
NOTE: 2000.847 is identical to 2000.858 but kept for subsequent analysis
NOTE: 2000.538 is identical to 2000.623 but kept for subsequent analysis
NOTE: 2000.527 is identical to 2000.53 but kept for subsequent analysis
NOTE: 2007.614 is identical to 2007.392 but kept for subsequent analysis
NOTE: 2006.148_2 is identical to 2006.915 but kept for subsequent analysis
NOTE: 2006.46 is identical to 2006.789 but kept for subsequent analysis
NOTE: 2006.641 is identical to 2006.677 but kept for subsequent analysis
NOTE: 2012.842 is identical to 2013.159 but kept for subsequent analysis
NOTE: 2012.861 is identical to 2013.11 but kept for subsequent analysis
NOTE: 1994.896 is identical to 2007.419_2 but kept for subsequent analysis
NOTE: 1995.6 is identical to 2003.326 but kept for subsequent analysis
NOTE: 1995.551 is identical to 2004.074 but kept for subsequent analysis
NOTE: 1995.641 is identical to 1995.584 but kept for subsequent analysis
NOTE: 1997.685 is identical to 1998.244 but kept for subsequent analysis
NOTE: 1997.523 is identical to 2003.353 but kept for subsequent analysis
NOTE: 1999.427 is identical to 2003.315 but kept for subsequent analysis
NOTE: 1999.348 is identical to 2003.91 but kept for subsequent analysis
NOTE: 1995.688 is identical to 2004.033 but kept for subsequent analysis
NOTE: 1996.393 is identical to 1996.754 but kept for subsequent analysis
NOTE: 1997.471 is identical to 1997.707 but kept for subsequent analysis
NOTE: 1998.186 is identical to 2003.359 but kept for subsequent analysis
NOTE: 1994.97 is identical to 1995.225 but kept for subsequent analysis
NOTE: 1994.121 is identical to 1994.5 but kept for subsequent analysis
NOTE: 1995.030 is identical to 1995.079 but kept for subsequent analysis
NOTE: 1999.455 is identical to 2003.395 but kept for subsequent analysis
NOTE: 2004.074_2 is identical to 2004.12 but kept for subsequent analysis
NOTE: 1994.5_9 is identical to 1994.5_7 but kept for subsequent analysis
Checking for duplicate sequences: done in 0.00291054 secs using 1462% CPU
Identifying sites to remove: done in 0.00412369 secs using 907.6% CPU
NOTE: 111 identical sequences (see below) will be ignored for subsequent analysis
NOTE: 2010.57 (identical to 2011.321) is ignored but added at the end
NOTE: 2010.926 (identical to 2011.321) is ignored but added at the end
NOTE: 2010.86 (identical to 2011.321) is ignored but added at the end
NOTE: 2011.036 (identical to 2011.321) is ignored but added at the end
NOTE: 2010.825 (identical to 2011.321) is ignored but added at the end
NOTE: 2011.501 (identical to 2011.559) is ignored but added at the end
NOTE: 2011.912 (identical to 2011.974) is ignored but added at the end
NOTE: 2011.51 (identical to 2011.974) is ignored but added at the end
NOTE: 2007.419 (identical to 2007.622_2) is ignored but added at the end
NOTE: 2006.638_2 (identical to 2006.97_3) is ignored but added at the end
NOTE: 2006.622 (identical to 2006.97_3) is ignored but added at the end
NOTE: 2006.619 (identical to 2006.97_3) is ignored but added at the end
NOTE: 2006.638 (identical to 2006.97_3) is ignored but added at the end
NOTE: 2006.614 (identical to 2006.97_3) is ignored but added at the end
NOTE: 1995.685 (identical to 2006.97_3) is ignored but added at the end
NOTE: 2002.463_2 (identical to 2006.97_3) is ignored but added at the end
NOTE: 2006.515_2 (identical to 2006.97_3) is ignored but added at the end
NOTE: 2006.696 (identical to 2006.97_3) is ignored but added at the end
NOTE: 2006.614_2 (identical to 2006.97_3) is ignored but added at the end
NOTE: 2006.6_2 (identical to 2006.97_3) is ignored but added at the end
NOTE: 2006.433 (identical to 2006.97_3) is ignored but added at the end
NOTE: 2006.644 (identical to 2006.97_3) is ignored but added at the end
NOTE: 2006.740 (identical to 2006.97_3) is ignored but added at the end
NOTE: 2006.721_2 (identical to 2006.97_3) is ignored but added at the end
NOTE: 2006.721_3 (identical to 2006.97_3) is ignored but added at the end
NOTE: 2006.962 (identical to 2006.975) is ignored but added at the end
NOTE: 2006.468 (identical to 2006.611_2) is ignored but added at the end
NOTE: 1998.244_2 (identical to 2011.499) is ignored but added at the end
NOTE: 2002.605 (identical to 2011.499) is ignored but added at the end
NOTE: 2004.016 (identical to 2011.499) is ignored but added at the end
NOTE: 2002.953_2 (identical to 2003.145) is ignored but added at the end
NOTE: 2002.953 (identical to 2003.145) is ignored but added at the end
NOTE: 2002.918 (identical to 2003.145) is ignored but added at the end
NOTE: 2002.389 (identical to 2002.564) is ignored but added at the end
NOTE: 2000.689_2 (identical to 2001.356) is ignored but added at the end
NOTE: 2001.334 (identical to 2001.356) is ignored but added at the end
NOTE: 2003.386_2 (identical to 2010.6) is ignored but added at the end
NOTE: 2002.915 (identical to 2002.51) is ignored but added at the end
NOTE: 2001.964 (identical to 2002.51) is ignored but added at the end
NOTE: 2005.882 (identical to 2006.027) is ignored but added at the end
NOTE: 2005.863 (identical to 2006.027) is ignored but added at the end
NOTE: 2005.405 (identical to 2005.493) is ignored but added at the end
NOTE: 2005.405_2 (identical to 2005.493) is ignored but added at the end
NOTE: 2004.883 (identical to 2005.493) is ignored but added at the end
NOTE: 2004.844 (identical to 2005.493) is ignored but added at the end
NOTE: 2004.803 (identical to 2005.493) is ignored but added at the end
NOTE: 2005.307 (identical to 2005.389) is ignored but added at the end
NOTE: 2006.447 (identical to 2006.907_2) is ignored but added at the end
NOTE: 2005.967_2 (identical to 2006.907_2) is ignored but added at the end
NOTE: 2006.658_2 (identical to 2006.907_2) is ignored but added at the end
NOTE: 2006.581_2 (identical to 2006.907_2) is ignored but added at the end
NOTE: 2006.597 (identical to 2006.907) is ignored but added at the end
NOTE: 2006.581 (identical to 2006.907) is ignored but added at the end
NOTE: 2006.567 (identical to 2006.907) is ignored but added at the end
NOTE: 2005.841 (identical to 2005.921) is ignored but added at the end
NOTE: 2005.833 (identical to 2005.921) is ignored but added at the end
NOTE: 2005.458 (identical to 2005.921) is ignored but added at the end
NOTE: 1997.477 (identical to 1999.636) is ignored but added at the end
NOTE: 2006.249 (identical to 2006.279) is ignored but added at the end
NOTE: 2006.255 (identical to 2006.279) is ignored but added at the end
NOTE: 2004.716 (identical to 2004.855) is ignored but added at the end
NOTE: 2006.542 (identical to 2006.94) is ignored but added at the end
NOTE: 2002.279 (identical to 2011.468) is ignored but added at the end
NOTE: 2006.299 (identical to 2011.468) is ignored but added at the end
NOTE: 2006.403 (identical to 2011.468) is ignored but added at the end
NOTE: 2006.082 (identical to 2011.468) is ignored but added at the end
NOTE: 2006.515 (identical to 2006.827) is ignored but added at the end
NOTE: 2006.611 (identical to 2006.827) is ignored but added at the end
NOTE: 2005.959 (identical to 2006.551_2) is ignored but added at the end
NOTE: 2006.258 (identical to 2006.551_2) is ignored but added at the end
NOTE: 2003.307 (identical to 2006.871) is ignored but added at the end
NOTE: 2006.773 (identical to 2006.871) is ignored but added at the end
NOTE: 2006.625 (identical to 2011.502) is ignored but added at the end
NOTE: 2006.789_3 (identical to 2006.948) is ignored but added at the end
NOTE: 2006.236 (identical to 2006.674) is ignored but added at the end
NOTE: 2006.548 (identical to 2006.767) is ignored but added at the end
NOTE: 2006.608_2 (identical to 2006.767) is ignored but added at the end
NOTE: 1995.66 (identical to 1995.885) is ignored but added at the end
NOTE: 2000.593 (identical to 2000.743) is ignored but added at the end
NOTE: 2001.375 (identical to 2006.603) is ignored but added at the end
NOTE: 2000.609 (identical to 2000.874) is ignored but added at the end
NOTE: 2000.363 (identical to 2001.515) is ignored but added at the end
NOTE: 2001.463 (identical to 2001.54) is ignored but added at the end
NOTE: 2000.795 (identical to 2001.241) is ignored but added at the end
NOTE: 2000.557 (identical to 2000.53) is ignored but added at the end
NOTE: 2006.364 (identical to 2007.392) is ignored but added at the end
NOTE: 2005.932 (identical to 2006.915) is ignored but added at the end
NOTE: 2006.14_2 (identical to 2006.915) is ignored but added at the end
NOTE: 2006.137 (identical to 2006.915) is ignored but added at the end
NOTE: 2005.814 (identical to 2006.915) is ignored but added at the end
NOTE: 2005.811 (identical to 2006.915) is ignored but added at the end
NOTE: 2006.036 (identical to 2006.915) is ignored but added at the end
NOTE: 2006.29 (identical to 2006.915) is ignored but added at the end
NOTE: 2006.159 (identical to 2006.915) is ignored but added at the end
NOTE: 2006.616 (identical to 2006.915) is ignored but added at the end
NOTE: 2006.808 (identical to 2006.915) is ignored but added at the end
NOTE: 2006.403_2 (identical to 2006.789) is ignored but added at the end
NOTE: 2006.679 (identical to 2006.789) is ignored but added at the end
NOTE: 2006.622_2 (identical to 2006.789) is ignored but added at the end
NOTE: 2006.603_2 (identical to 2006.789) is ignored but added at the end
NOTE: 2006.658 (identical to 2006.789) is ignored but added at the end
NOTE: 2006.57_2 (identical to 2006.677) is ignored but added at the end
NOTE: 2012.858 (identical to 2013.159) is ignored but added at the end
NOTE: 2012.762 (identical to 2013.159) is ignored but added at the end
NOTE: 1994.847 (identical to 2007.419_2) is ignored but added at the end
NOTE: 1995.5 (identical to 2003.326) is ignored but added at the end
NOTE: 2001.055 (identical to 2003.315) is ignored but added at the end
NOTE: 1994.805 (identical to 1995.225) is ignored but added at the end
NOTE: 1994.5_2 (identical to 1995.225) is ignored but added at the end
NOTE: 1994.729 (identical to 1995.079) is ignored but added at the end
NOTE: 1994.5_8 (identical to 1994.5_7) is ignored but added at the end
Alignment was printed to ../resources/experimental_data/cropped/E_DENV1-delim.fasta.uniqueseq.phy

For your convenience alignment with unique sequences printed to ../resources/experimental_data/cropped/E_DENV1-delim.fasta.uniqueseq.phy

Create initial parsimony tree by phylogenetic likelihood library (PLL)... 0.121 seconds

NOTE: 79 MB RAM (0 GB) is required!
Measuring multi-threading efficiency up to 16 CPU cores
Increase to 10 rounds for branch lengths
26 trees examined
Threads: 1 / Time: 16.657 sec / Speedup: 1.000 / Efficiency: 100% / LogL: -74348
Threads: 2 / Time: 12.134 sec / Speedup: 1.373 / Efficiency: 69% / LogL: -74348
Threads: 3 / Time: 10.431 sec / Speedup: 1.597 / Efficiency: 53% / LogL: -74348
Threads: 4 / Time: 9.536 sec / Speedup: 1.747 / Efficiency: 44% / LogL: -74348
Determining AUTO threadcount: done in 48.7816 secs using 223.2% CPU
BEST NUMBER OF THREADS: 3

Estimate model parameters (epsilon = 0.500)
1. Initial log-likelihood: -21578.620
2. Current log-likelihood: -19279.227
3. Current log-likelihood: -19261.484
4. Current log-likelihood: -19260.256
Optimal log-likelihood: -19260.090
Rate parameters:  A-C: 0.76480  A-G: 9.62234  A-T: 1.44436  C-G: 0.37050  C-T: 28.35763  G-T: 1.00000
Base frequencies:  A: 0.329  C: 0.201  G: 0.258  T: 0.212
Gamma shape alpha: 0.338
Parameters optimization took 4 rounds (2.700 sec)
Wrote distance file to... 
Computing ML distances based on estimated model parameters...
Calculating distance matrix: done in 0.522803 secs using 300.1% CPU
Computing ML distances took 0.526330 sec (of wall-clock time) 1.570770 sec (of CPU time)
Setting up auxiliary I and S matrices: done in 0.00458187 secs using 320.9% CPU
Constructing RapidNJ tree: done in 0.132657 secs using 191.7% CPU
Computing RapidNJ tree took 0.137312 sec (of wall-clock time) 0.269108 sec (of CPU time)
Log-likelihood of RapidNJ tree: -19391.731
--------------------------------------------------------------------
|             INITIALIZING CANDIDATE TREE SET                      |
--------------------------------------------------------------------

Do NNI search on 2 best initial trees
Optimizing NNI: done in 0.513862 secs using 293.8% CPU
Estimate model parameters (epsilon = 0.500)
BETTER TREE FOUND at iteration 1: -19251.439
Optimizing NNI: done in 0.754784 secs using 293.6% CPU
Finish initializing candidate tree set (4)
Current best tree score: -19251.439 / CPU time: 1.495
Number of iterations: 2
TREE SEARCH COMPLETED AFTER 2 ITERATIONS / Time: 0h:0m:54s

--------------------------------------------------------------------
|                    FINALIZING TREE SEARCH                        |
--------------------------------------------------------------------
Performs final model parameters optimization
Estimate model parameters (epsilon = 0.050)
1. Initial log-likelihood: -19251.439
Optimal log-likelihood: -19251.433
Rate parameters:  A-C: 0.76523  A-G: 9.62454  A-T: 1.43707  C-G: 0.36261  C-T: 28.35691  G-T: 1.00000
Base frequencies:  A: 0.329  C: 0.201  G: 0.258  T: 0.212
Gamma shape alpha: 0.335
Parameters optimization took 1 rounds (0.164 sec)
BEST SCORE FOUND : -19251.433
Total tree length: 1.686

Total number of iterations: 2
CPU time used for tree search: 4.406 sec (0h:0m:4s)
Wall-clock time used for tree search: 1.496 sec (0h:0m:1s)
Total CPU time used: 124.825 sec (0h:2m:4s)
Total wall-clock time used: 54.329 sec (0h:0m:54s)

Analysis results written to: 
  IQ-TREE report:                ../resources/experimental_data/cropped/E_DENV1-delim.fasta.iqtree
  Maximum-likelihood tree:       ../resources/experimental_data/cropped/E_DENV1-delim.fasta.treefile
  Likelihood distances:          ../resources/experimental_data/cropped/E_DENV1-delim.fasta.mldist
  Screen log file:               ../resources/experimental_data/cropped/E_DENV1-delim.fasta.log

Date and Time: Mon May  4 02:08:37 2026
