IQ-TREE version 3.0.1 for Linux x86 64-bit built Jul  9 2025
Developed by Bui Quang Minh, Thomas Wong, Nhan Ly-Trong, Huaiyan Ren
Contributed by Lam-Tung Nguyen, Dominik Schrempf, Chris Bielow,
Olga Chernomor, Michael Woodhams, Diep Thi Hoang, Heiko Schmidt

Host:    dirreno-B650-AORUS-ELITE-AX (AVX512, FMA3, 30 GB RAM)
Command: iqtree3 --threads-max 16 -s ../resources/experimental_data/cropped/E_DENV3-delim.fasta -m GTR+G --ninit 2 -n 2 --epsilon 0.05 -T AUTO --redo
Seed:    939457 (Using SPRNG - Scalable Parallel Random Number Generator)
Time:    Wed Jul 15 14:23:48 2026
Kernel:  AVX+FMA - auto-detect threads (16 CPU cores detected)

Reading alignment file ../resources/experimental_data/cropped/E_DENV3-delim.fasta ... Fasta format detected
Reading fasta file: done in 0.00485858 secs using 94.02% CPU
Alignment most likely contains DNA/RNA sequences
Constructing alignment: done in 0.00348719 secs using 1514% CPU
Alignment has 472 sequences with 1479 columns, 526 distinct patterns
411 parsimony-informative, 121 singleton sites, 946 constant sites
                                                                          Gap/Ambiguity  Composition  p-value
Analyzing sequences: done in 0.000460525 secs using 451% CPU
   1  DENV3_DELIM-0x2f_THAILAND_DELIM-0x2f_2011_DELIM-0x2f_00007_DELIM-0x2f_11    0.00%    passed     95.94%
   2  DENV3_DELIM-0x2f_THAILAND_DELIM-0x2f_2011_DELIM-0x2f_00106_DELIM-0x2f_11    0.00%    passed     97.17%
   3  DENV3_DELIM-0x2f_THAILAND_DELIM-0x2f_2012_DELIM-0x2f_00639_DELIM-0x2f_12    0.00%    passed     96.96%
   4  DENV3_DELIM-0x2f_THAILAND_DELIM-0x2f_2012_DELIM-0x2f_00608_DELIM-0x2f_12    0.00%    passed     99.61%
   5  DENV3_DELIM-0x2f_THAILAND_DELIM-0x2f_2013_DELIM-0x2f_00695_DELIM-0x2f_13    0.00%    passed     98.53%
   6  DENV3_DELIM-0x2f_THAILAND_DELIM-0x2f_2011_DELIM-0x2f_00544_DELIM-0x2f_11    0.00%    passed     99.96%
   7  DENV3_DELIM-0x2f_THAILAND_DELIM-0x2f_2010_DELIM-0x2f_01385_DELIM-0x2f_10    0.00%    passed     99.86%
   8  DENV3_DELIM-0x2f_THAILAND_DELIM-0x2f_2010_DELIM-0x2f_01434_DELIM-0x2f_10    0.00%    passed     99.95%
   9  DENV3_DELIM-0x2f_THAILAND_DELIM-0x2f_2013_DELIM-0x2f_00709_DELIM-0x2f_13    0.00%    passed     99.12%
  10  DENV3_DELIM-0x2f_THAILAND_DELIM-0x2f_2013_DELIM-0x2f_01401_DELIM-0x2f_13    0.00%    passed     98.81%
  11  DENV3_DELIM-0x2f_THAILAND_DELIM-0x2f_2014_DELIM-0x2f_00146_DELIM-0x2f_14    0.00%    passed     99.27%
  12  DENV3_DELIM-0x2f_THAILAND_DELIM-0x2f_2012_DELIM-0x2f_00999_DELIM-0x2f_12    0.00%    passed     99.27%
  13  DENV3_DELIM-0x2f_THAILAND_DELIM-0x2f_2012_DELIM-0x2f_01094_DELIM-0x2f_12    0.00%    passed     99.27%
  14  DENV3_DELIM-0x2f_THAILAND_DELIM-0x2f_2013_DELIM-0x2f_00807_DELIM-0x2f_13    0.00%    passed     99.27%
  15  DENV3_DELIM-0x2f_THAILAND_DELIM-0x2f_2014_DELIM-0x2f_00432_DELIM-0x2f_14    0.00%    passed     98.62%
  16  DENV3_DELIM-0x2f_THAILAND_DELIM-0x2f_2014_DELIM-0x2f_00759_DELIM-0x2f_14    0.00%    passed     98.62%
  17  DENV3_DELIM-0x2f_THAILAND_DELIM-0x2f_2013_DELIM-0x2f_00731_DELIM-0x2f_13    0.00%    passed     99.27%
  18  DENV3_DELIM-0x2f_THAILAND_DELIM-0x2f_2012_DELIM-0x2f_01106_DELIM-0x2f_12    0.00%    passed     96.32%
  19  DENV3_DELIM-0x2f_THAILAND_DELIM-0x2f_2013_DELIM-0x2f_00910_DELIM-0x2f_13    0.00%    passed     98.62%
  20  DENV3_DELIM-0x2f_THAILAND_DELIM-0x2f_2014_DELIM-0x2f_00688_DELIM-0x2f_14    0.00%    passed     96.14%
  21  DENV3_DELIM-0x2f_THAILAND_DELIM-0x2f_2013_DELIM-0x2f_00957_DELIM-0x2f_13    0.00%    passed     99.27%
  22  DENV3_DELIM-0x2f_THAILAND_DELIM-0x2f_2014_DELIM-0x2f_00560_DELIM-0x2f_14    0.00%    passed     99.57%
  23  DENV3_DELIM-0x2f_THAILAND_DELIM-0x2f_2014_DELIM-0x2f_00542_DELIM-0x2f_14    0.00%    passed     99.36%
  24  DENV3_DELIM-0x2f_THAILAND_DELIM-0x2f_2014_DELIM-0x2f_00710_DELIM-0x2f_14    0.00%    passed     96.32%
  25  DENV3_DELIM-0x2f_THAILAND_DELIM-0x2f_2011_DELIM-0x2f_01035_DELIM-0x2f_11    0.00%    passed     99.66%
  26  DENV3_DELIM-0x2f_THAILAND_DELIM-0x2f_2014_DELIM-0x2f_00507_DELIM-0x2f_14    0.07%    passed     98.74%
  27  DENV3_DELIM-0x2f_THAILAND_DELIM-0x2f_2014_DELIM-0x2f_00521_DELIM-0x2f_14    0.00%    passed     97.65%
  28  DENV3_DELIM-0x2f_THAILAND_DELIM-0x2f_2013_DELIM-0x2f_00715_DELIM-0x2f_13    0.00%    passed     99.12%
  29  DENV3_DELIM-0x2f_THAILAND_DELIM-0x2f_2013_DELIM-0x2f_00693_DELIM-0x2f_13    0.00%    passed     99.57%
  30  DENV3_DELIM-0x2f_THAILAND_DELIM-0x2f_2014_DELIM-0x2f_00739_DELIM-0x2f_14    0.00%    passed     99.92%
  31  DENV3_DELIM-0x2f_THAILAND_DELIM-0x2f_2014_DELIM-0x2f_00749_DELIM-0x2f_14    0.00%    passed     98.72%
  32  DENV3_DELIM-0x2f_THAILAND_DELIM-0x2f_2002_DELIM-0x2f_00059_DELIM-0x2f_02    0.00%    passed     93.69%
  33  DENV3_DELIM-0x2f_THAILAND_DELIM-0x2f_2006_DELIM-0x2f_00588_DELIM-0x2f_06    0.00%    passed     94.62%
  34  DENV3_DELIM-0x2f_THAILAND_DELIM-0x2f_2006_DELIM-0x2f_02678_DELIM-0x2f_06    0.00%    passed     92.45%
  35  DENV3_DELIM-0x2f_THAILAND_DELIM-0x2f_2014_DELIM-0x2f_00654_DELIM-0x2f_14    0.00%    passed     97.49%
  36  DENV3_DELIM-0x2f_THAILAND_DELIM-0x2f_2014_DELIM-0x2f_00705_DELIM-0x2f_14    0.00%    passed     97.49%
  37  DENV3_DELIM-0x2f_THAILAND_DELIM-0x2f_2012_DELIM-0x2f_00833_DELIM-0x2f_12    0.00%    passed     94.85%
  38  DENV3_DELIM-0x2f_THAILAND_DELIM-0x2f_2012_DELIM-0x2f_00817_DELIM-0x2f_12    0.00%    passed     95.32%
  39  DENV3_DELIM-0x2f_NICARAGUA_DELIM-0x2f_2009_DELIM-0x2f_BID-V4753             0.00%    passed     96.59%
  40  DENV3_DELIM-0x2f_PUERTORICO_DELIM-0x2f_2006_DELIM-0x2f_429965               0.00%    passed     97.27%
  41  DENV3_DELIM-0x2f_THAILAND_DELIM-0x2f_2001_DELIM-0x2f_00005_DELIM-0x2f_01    0.00%    passed     99.99%
  42  DENV3_DELIM-0x2f_THAILAND_DELIM-0x2f_2001_DELIM-0x2f_00009_DELIM-0x2f_01    0.14%    passed     99.97%
  43  DENV3_DELIM-0x2f_THAILAND_DELIM-0x2f_2001_DELIM-0x2f_00779_DELIM-0x2f_01    0.00%    passed     99.97%
  44  DENV3_DELIM-0x2f_THAILAND_DELIM-0x2f_2003_DELIM-0x2f_00072_DELIM-0x2f_03    0.00%    passed     99.97%
  45  DENV3_DELIM-0x2f_THAILAND_DELIM-0x2f_2000_DELIM-0x2f_00334_DELIM-0x2f_00    0.00%    passed     99.86%
  46  DENV3_DELIM-0x2f_THAILAND_DELIM-0x2f_2000_DELIM-0x2f_00245_DELIM-0x2f_00    0.00%    passed     99.97%
  47  DENV3_DELIM-0x2f_THAILAND_DELIM-0x2f_1999_DELIM-0x2f_02983_DELIM-0x2f_99    0.00%    passed     99.98%
  48  DENV3_DELIM-0x2f_THAILAND_DELIM-0x2f_1998_DELIM-0x2f_00190_DELIM-0x2f_98    0.00%    passed     99.97%
  49  DENV3_DELIM-0x2f_THAILAND_DELIM-0x2f_2002_DELIM-0x2f_00430_DELIM-0x2f_02    0.00%    passed     99.97%
  50  DENV3_DELIM-0x2f_THAILAND_DELIM-0x2f_2000_DELIM-0x2f_05443_DELIM-0x2f_00    0.07%    passed     99.93%
  51  DENV3_DELIM-0x2f_THAILAND_DELIM-0x2f_2000_DELIM-0x2f_02029_DELIM-0x2f_00    0.00%    passed     99.97%
  52  DENV3_DELIM-0x2f_THAILAND_DELIM-0x2f_1998_DELIM-0x2f_01293_DELIM-0x2f_98    0.00%    passed     99.97%
  53  DENV3_DELIM-0x2f_THAILAND_DELIM-0x2f_1999_DELIM-0x2f_06047_DELIM-0x2f_99    0.00%    passed     99.97%
  54  DENV3_DELIM-0x2f_THAILAND_DELIM-0x2f_2001_DELIM-0x2f_04045_DELIM-0x2f_01    0.00%    passed     99.99%
  55  DENV3_DELIM-0x2f_THAILAND_DELIM-0x2f_2001_DELIM-0x2f_04945_DELIM-0x2f_01    0.00%    passed     99.99%
  56  DENV3_DELIM-0x2f_THAILAND_DELIM-0x2f_2003_DELIM-0x2f_02213_DELIM-0x2f_03    0.00%    passed     99.99%
  57  DENV3_DELIM-0x2f_THAILAND_DELIM-0x2f_1999_DELIM-0x2f_04557_DELIM-0x2f_99    0.00%    passed     99.99%
  58  DENV3_DELIM-0x2f_THAILAND_DELIM-0x2f_2005_DELIM-0x2f_00654_DELIM-0x2f_05    0.00%    passed     99.98%
  59  DENV3_DELIM-0x2f_THAILAND_DELIM-0x2f_1998_DELIM-0x2f_02016_DELIM-0x2f_98    0.07%    passed    100.00%
  60  DENV3_DELIM-0x2f_THAILAND_DELIM-0x2f_2001_DELIM-0x2f_00023_DELIM-0x2f_01    0.00%    passed     99.86%
  61  DENV3_DELIM-0x2f_THAILAND_DELIM-0x2f_2001_DELIM-0x2f_00152_DELIM-0x2f_01    0.00%    passed     99.86%
  62  DENV3_DELIM-0x2f_THAILAND_DELIM-0x2f_2002_DELIM-0x2f_00452_DELIM-0x2f_02    0.00%    passed     99.97%
  63  DENV3_DELIM-0x2f_THAILAND_DELIM-0x2f_1999_DELIM-0x2f_00557_DELIM-0x2f_99    0.00%    passed     99.86%
  64  DENV3_DELIM-0x2f_THAILAND_DELIM-0x2f_2001_DELIM-0x2f_00975_DELIM-0x2f_01    0.00%    passed     99.99%
  65  DENV3_DELIM-0x2f_THAILAND_DELIM-0x2f_2002_DELIM-0x2f_00104_DELIM-0x2f_02    0.00%    passed     99.86%
  66  DENV3_DELIM-0x2f_THAILAND_DELIM-0x2f_1999_DELIM-0x2f_00342_DELIM-0x2f_99    0.00%    passed     99.99%
  67  DENV3_DELIM-0x2f_THAILAND_DELIM-0x2f_2001_DELIM-0x2f_03879_DELIM-0x2f_01    0.14%    passed     99.99%
  68  DENV3_DELIM-0x2f_THAILAND_DELIM-0x2f_2004_DELIM-0x2f_00055_DELIM-0x2f_04    0.07%    passed     99.62%
  69  DENV3_DELIM-0x2f_THAILAND_DELIM-0x2f_2004_DELIM-0x2f_00441_DELIM-0x2f_04    0.07%    passed     99.40%
  70  DENV3_DELIM-0x2f_THAILAND_DELIM-0x2f_2002_DELIM-0x2f_00142_DELIM-0x2f_02    0.00%    passed     99.86%
  71  DENV3_DELIM-0x2f_THAILAND_DELIM-0x2f_2006_DELIM-0x2f_00651_DELIM-0x2f_06    0.00%    passed     99.86%
  72  DENV3_DELIM-0x2f_THAILAND_DELIM-0x2f_2002_DELIM-0x2f_00767_DELIM-0x2f_02    0.00%    passed     99.97%
  73  DENV3_DELIM-0x2f_THAILAND_DELIM-0x2f_1998_DELIM-0x2f_01250_DELIM-0x2f_98    0.00%    passed     99.97%
  74  DENV3_DELIM-0x2f_THAILAND_DELIM-0x2f_2002_DELIM-0x2f_01300_DELIM-0x2f_02    0.00%    passed     99.97%
  75  DENV3_DELIM-0x2f_THAILAND_DELIM-0x2f_2000_DELIM-0x2f_06028_DELIM-0x2f_00    0.00%    passed     99.99%
  76  DENV3_DELIM-0x2f_THAILAND_DELIM-0x2f_2001_DELIM-0x2f_00679_DELIM-0x2f_01    0.00%    passed     99.59%
  77  DENV3_DELIM-0x2f_THAILAND_DELIM-0x2f_2001_DELIM-0x2f_04680_DELIM-0x2f_01    0.07%    passed     99.83%
  78  DENV3_DELIM-0x2f_THAILAND_DELIM-0x2f_1996_DELIM-0x2f_00753_DELIM-0x2f_96    0.00%    passed     99.95%
  79  DENV3_DELIM-0x2f_THAILAND_DELIM-0x2f_2002_DELIM-0x2f_01166_DELIM-0x2f_02    0.00%    passed     99.90%
  80  DENV3_DELIM-0x2f_THAILAND_DELIM-0x2f_2002_DELIM-0x2f_00145_DELIM-0x2f_02    0.00%    passed     99.99%
  81  DENV3_DELIM-0x2f_THAILAND_DELIM-0x2f_1995_DELIM-0x2f_00631_DELIM-0x2f_95    0.00%    passed    100.00%
  82  DENV3_DELIM-0x2f_THAILAND_DELIM-0x2f_2002_DELIM-0x2f_01472_DELIM-0x2f_02    0.00%    passed    100.00%
  83  DENV3_DELIM-0x2f_THAILAND_DELIM-0x2f_1996_DELIM-0x2f_01828_DELIM-0x2f_96    0.00%    passed    100.00%
  84  DENV3_DELIM-0x2f_THAILAND_DELIM-0x2f_1996_DELIM-0x2f_01720_DELIM-0x2f_96    0.00%    passed    100.00%
  85  DENV3_DELIM-0x2f_THAILAND_DELIM-0x2f_1997_DELIM-0x2f_06406_DELIM-0x2f_97    0.00%    passed     99.80%
  86  DENV3_DELIM-0x2f_THAILAND_DELIM-0x2f_1998_DELIM-0x2f_04378_DELIM-0x2f_98    0.00%    passed     99.93%
  87  DENV3_DELIM-0x2f_THAILAND_DELIM-0x2f_1999_DELIM-0x2f_05480_DELIM-0x2f_99    0.00%    passed     99.99%
  88  DENV3_DELIM-0x2f_THAILAND_DELIM-0x2f_2002_DELIM-0x2f_00748_DELIM-0x2f_02    0.00%    passed     99.99%
  89  DENV3_DELIM-0x2f_THAILAND_DELIM-0x2f_2003_DELIM-0x2f_02208_DELIM-0x2f_03    0.00%    passed     99.78%
  90  DENV3_DELIM-0x2f_THAILAND_DELIM-0x2f_1997_DELIM-0x2f_07597_DELIM-0x2f_97    0.00%    passed     99.98%
  91  DENV3_DELIM-0x2f_THAILAND_DELIM-0x2f_2002_DELIM-0x2f_02006_DELIM-0x2f_02    0.00%    passed     99.86%
  92  DENV3_DELIM-0x2f_THAILAND_DELIM-0x2f_1998_DELIM-0x2f_00688_DELIM-0x2f_98    0.00%    passed     99.08%
  93  DENV3_DELIM-0x2f_THAILAND_DELIM-0x2f_2006_DELIM-0x2f_01257_DELIM-0x2f_06    0.00%    passed     98.93%
  94  DENV3_DELIM-0x2f_THAILAND_DELIM-0x2f_1999_DELIM-0x2f_04514_DELIM-0x2f_99    0.00%    passed     99.99%
  95  DENV3_DELIM-0x2f_THAILAND_DELIM-0x2f_1996_DELIM-0x2f_01552_DELIM-0x2f_96    0.00%    passed     99.88%
  96  DENV3_DELIM-0x2f_THAILAND_DELIM-0x2f_2003_DELIM-0x2f_01967_DELIM-0x2f_03    0.00%    passed     99.97%
  97  DENV3_DELIM-0x2f_THAILAND_DELIM-0x2f_1998_DELIM-0x2f_04996_DELIM-0x2f_98    0.14%    passed     99.35%
  98  DENV3_DELIM-0x2f_THAILAND_DELIM-0x2f_2004_DELIM-0x2f_00991_DELIM-0x2f_04    0.00%    passed     99.73%
  99  DENV3_DELIM-0x2f_THAILAND_DELIM-0x2f_2005_DELIM-0x2f_00806_DELIM-0x2f_05    0.00%    passed     99.80%
 100  DENV3_DELIM-0x2f_THAILAND_DELIM-0x2f_2005_DELIM-0x2f_01491_DELIM-0x2f_05    0.00%    passed     99.44%
 101  DENV3_DELIM-0x2f_THAILAND_DELIM-0x2f_2004_DELIM-0x2f_00317_DELIM-0x2f_04    0.00%    passed     99.65%
 102  DENV3_DELIM-0x2f_THAILAND_DELIM-0x2f_2001_DELIM-0x2f_00984_DELIM-0x2f_01    0.00%    passed     99.92%
 103  DENV3_DELIM-0x2f_THAILAND_DELIM-0x2f_2000_DELIM-0x2f_05456_DELIM-0x2f_00    0.00%    passed     99.97%
 104  DENV3_DELIM-0x2f_THAILAND_DELIM-0x2f_2000_DELIM-0x2f_05499_DELIM-0x2f_00    0.00%    passed     99.95%
 105  DENV3_DELIM-0x2f_CAMBODIA_DELIM-0x2f_2000_DELIM-0x2f_FJ639719               0.00%    passed     99.90%
 106  DENV3_DELIM-0x2f_CAMBODIA_DELIM-0x2f_2001_DELIM-0x2f_FJ639720               0.00%    passed     99.73%
 107  DENV3_DELIM-0x2f_CAMBODIA_DELIM-0x2f_2002_DELIM-0x2f_FJ639721               0.00%    passed     99.97%
 108  DENV3_DELIM-0x2f_CAMBODIA_DELIM-0x2f_2002_DELIM-0x2f_GQ868627               0.00%    passed     99.42%
 109  DENV3_DELIM-0x2f_THAILAND_DELIM-0x2f_1999_DELIM-0x2f_01187_DELIM-0x2f_99    0.00%    passed     99.96%
 110  DENV3_DELIM-0x2f_THAILAND_DELIM-0x2f_2006_DELIM-0x2f_00008_DELIM-0x2f_06    0.00%    passed     99.17%
 111  DENV3_DELIM-0x2f_THAILAND_DELIM-0x2f_2006_DELIM-0x2f_02701_DELIM-0x2f_06    0.00%    passed     99.17%
 112  DENV3_DELIM-0x2f_THAILAND_DELIM-0x2f_2006_DELIM-0x2f_01379_DELIM-0x2f_06    0.00%    passed     99.30%
 113  DENV3_DELIM-0x2f_THAILAND_DELIM-0x2f_2006_DELIM-0x2f_00372_DELIM-0x2f_06    0.00%    passed     98.62%
 114  DENV3_DELIM-0x2f_THAILAND_DELIM-0x2f_2006_DELIM-0x2f_00460_DELIM-0x2f_06    0.00%    passed     98.64%
 115  DENV3_DELIM-0x2f_THAILAND_DELIM-0x2f_2005_DELIM-0x2f_00739_DELIM-0x2f_05    0.00%    passed     97.61%
 116  DENV3_DELIM-0x2f_THAILAND_DELIM-0x2f_2005_DELIM-0x2f_01387_DELIM-0x2f_05    0.00%    passed     99.53%
 117  DENV3_DELIM-0x2f_THAILAND_DELIM-0x2f_2006_DELIM-0x2f_01559_DELIM-0x2f_06    0.00%    passed     98.54%
 118  DENV3_DELIM-0x2f_THAILAND_DELIM-0x2f_2006_DELIM-0x2f_02515_DELIM-0x2f_06    0.00%    passed     97.61%
 119  DENV3_DELIM-0x2f_THAILAND_DELIM-0x2f_2006_DELIM-0x2f_02632_DELIM-0x2f_06    0.00%    passed     97.61%
 120  DENV3_DELIM-0x2f_THAILAND_DELIM-0x2f_2006_DELIM-0x2f_02117_DELIM-0x2f_06    0.14%    passed     99.33%
 121  DENV3_DELIM-0x2f_THAILAND_DELIM-0x2f_2006_DELIM-0x2f_02380_DELIM-0x2f_06    0.00%    passed     97.96%
 122  DENV3_DELIM-0x2f_THAILAND_DELIM-0x2f_2006_DELIM-0x2f_00018_DELIM-0x2f_06    0.00%    passed     96.22%
 123  DENV3_DELIM-0x2f_THAILAND_DELIM-0x2f_2003_DELIM-0x2f_00576_DELIM-0x2f_03    0.00%    passed     97.64%
 124  DENV3_DELIM-0x2f_THAILAND_DELIM-0x2f_1997_DELIM-0x2f_07887_DELIM-0x2f_97    0.00%    passed     97.51%
 125  DENV3_DELIM-0x2f_THAILAND_DELIM-0x2f_2006_DELIM-0x2f_00676_DELIM-0x2f_06    0.00%    passed     98.64%
 126  DENV3_DELIM-0x2f_THAILAND_DELIM-0x2f_2001_DELIM-0x2f_04502_DELIM-0x2f_01    0.00%    passed     98.64%
 127  DENV3_DELIM-0x2f_THAILAND_DELIM-0x2f_2001_DELIM-0x2f_00936_DELIM-0x2f_01    0.00%    passed     98.64%
 128  DENV3_DELIM-0x2f_THAILAND_DELIM-0x2f_1998_DELIM-0x2f_01868_DELIM-0x2f_98    0.00%    passed     97.61%
 129  DENV3_DELIM-0x2f_THAILAND_DELIM-0x2f_2001_DELIM-0x2f_06123_DELIM-0x2f_01    0.00%    passed     99.32%
 130  DENV3_DELIM-0x2f_THAILAND_DELIM-0x2f_2000_DELIM-0x2f_06135_DELIM-0x2f_00    0.00%    passed     97.51%
 131  DENV3_DELIM-0x2f_THAILAND_DELIM-0x2f_2002_DELIM-0x2f_03135_DELIM-0x2f_02    0.00%    passed     97.64%
 132  DENV3_DELIM-0x2f_THAILAND_DELIM-0x2f_1999_DELIM-0x2f_03567_DELIM-0x2f_99    0.07%    passed     99.79%
 133  DENV3_DELIM-0x2f_THAILAND_DELIM-0x2f_2006_DELIM-0x2f_01177_DELIM-0x2f_06    0.00%    passed     99.23%
 134  DENV3_DELIM-0x2f_THAILAND_DELIM-0x2f_2000_DELIM-0x2f_01330_DELIM-0x2f_00    0.00%    passed     99.87%
 135  DENV3_DELIM-0x2f_THAILAND_DELIM-0x2f_2000_DELIM-0x2f_01671_DELIM-0x2f_00    0.00%    passed     99.92%
 136  DENV3_DELIM-0x2f_THAILAND_DELIM-0x2f_2000_DELIM-0x2f_05571_DELIM-0x2f_00    0.00%    passed     99.65%
 137  DENV3_DELIM-0x2f_THAILAND_DELIM-0x2f_2000_DELIM-0x2f_02080_DELIM-0x2f_00    0.00%    passed     99.87%
 138  DENV3_DELIM-0x2f_THAILAND_DELIM-0x2f_2000_DELIM-0x2f_05632_DELIM-0x2f_00    0.00%    passed     99.87%
 139  DENV3_DELIM-0x2f_THAILAND_DELIM-0x2f_2000_DELIM-0x2f_05815_DELIM-0x2f_00    0.00%    passed     99.87%
 140  DENV3_DELIM-0x2f_THAILAND_DELIM-0x2f_2001_DELIM-0x2f_04540_DELIM-0x2f_01    0.00%    passed     99.72%
 141  DENV3_DELIM-0x2f_THAILAND_DELIM-0x2f_2000_DELIM-0x2f_05969_DELIM-0x2f_00    0.00%    passed     99.95%
 142  DENV3_DELIM-0x2f_THAILAND_DELIM-0x2f_1998_DELIM-0x2f_07042_DELIM-0x2f_98    0.00%    passed     99.87%
 143  DENV3_DELIM-0x2f_THAILAND_DELIM-0x2f_1996_DELIM-0x2f_01528_DELIM-0x2f_96    0.00%    passed     98.64%
 144  DENV3_DELIM-0x2f_THAILAND_DELIM-0x2f_2003_DELIM-0x2f_02035_DELIM-0x2f_03    0.00%    passed     99.74%
 145  DENV3_DELIM-0x2f_THAILAND_DELIM-0x2f_2004_DELIM-0x2f_00979_DELIM-0x2f_04    0.00%    passed     99.98%
 146  DENV3_DELIM-0x2f_THAILAND_DELIM-0x2f_1998_DELIM-0x2f_00637_DELIM-0x2f_98    0.00%    passed     99.97%
 147  DENV3_DELIM-0x2f_THAILAND_DELIM-0x2f_2000_DELIM-0x2f_01720_DELIM-0x2f_00    0.00%    passed     99.85%
 148  DENV3_DELIM-0x2f_THAILAND_DELIM-0x2f_1998_DELIM-0x2f_02506_DELIM-0x2f_98    0.00%    passed     99.23%
 149  DENV3_DELIM-0x2f_THAILAND_DELIM-0x2f_1998_DELIM-0x2f_02553_DELIM-0x2f_98    0.14%    passed     99.52%
 150  DENV3_DELIM-0x2f_THAILAND_DELIM-0x2f_2001_DELIM-0x2f_04526_DELIM-0x2f_01    0.00%    passed     99.49%
 151  DENV3_DELIM-0x2f_THAILAND_DELIM-0x2f_2003_DELIM-0x2f_00664_DELIM-0x2f_03    0.00%    passed     99.32%
 152  DENV3_DELIM-0x2f_THAILAND_DELIM-0x2f_2000_DELIM-0x2f_01996_DELIM-0x2f_00    0.00%    passed     99.65%
 153  DENV3_DELIM-0x2f_THAILAND_DELIM-0x2f_1999_DELIM-0x2f_03818_DELIM-0x2f_99    0.00%    passed     99.47%
 154  DENV3_DELIM-0x2f_THAILAND_DELIM-0x2f_2006_DELIM-0x2f_00997_DELIM-0x2f_06    0.00%    passed     99.97%
 155  DENV3_DELIM-0x2f_THAILAND_DELIM-0x2f_1998_DELIM-0x2f_02283_DELIM-0x2f_98    0.00%    passed     99.85%
 156  DENV3_DELIM-0x2f_THAILAND_DELIM-0x2f_1998_DELIM-0x2f_06343_DELIM-0x2f_98    0.07%    passed     99.80%
 157  DENV3_DELIM-0x2f_THAILAND_DELIM-0x2f_2006_DELIM-0x2f_01041_DELIM-0x2f_06    0.00%    passed     99.43%
 158  DENV3_DELIM-0x2f_THAILAND_DELIM-0x2f_1999_DELIM-0x2f_05956_DELIM-0x2f_99    0.00%    passed     99.02%
 159  DENV3_DELIM-0x2f_THAILAND_DELIM-0x2f_2003_DELIM-0x2f_00523_DELIM-0x2f_03    0.00%    passed     99.91%
 160  DENV3_DELIM-0x2f_THAILAND_DELIM-0x2f_2006_DELIM-0x2f_00295_DELIM-0x2f_06    0.00%    passed     97.61%
 161  DENV3_DELIM-0x2f_THAILAND_DELIM-0x2f_2003_DELIM-0x2f_02141_DELIM-0x2f_03    0.00%    passed     97.64%
 162  DENV3_DELIM-0x2f_THAILAND_DELIM-0x2f_2005_DELIM-0x2f_01400_DELIM-0x2f_05    0.00%    passed     95.28%
 163  DENV3_DELIM-0x2f_THAILAND_DELIM-0x2f_1996_DELIM-0x2f_00011_DELIM-0x2f_96    0.00%    passed     99.90%
 164  DENV3_DELIM-0x2f_THAILAND_DELIM-0x2f_1995_DELIM-0x2f_00780_DELIM-0x2f_95    0.00%    passed     99.99%
 165  DENV3_DELIM-0x2f_THAILAND_DELIM-0x2f_1995_DELIM-0x2f_01486_DELIM-0x2f_95    0.00%    passed     99.98%
 166  DENV3_DELIM-0x2f_THAILAND_DELIM-0x2f_1995_DELIM-0x2f_00344_DELIM-0x2f_95    0.00%    passed     99.85%
 167  DENV3_DELIM-0x2f_THAILAND_DELIM-0x2f_1994_DELIM-0x2f_00705_DELIM-0x2f_94    0.00%    passed     99.87%
 168  DENV3_DELIM-0x2f_THAILAND_DELIM-0x2f_1994_DELIM-0x2f_01388_DELIM-0x2f_94    0.00%    passed     99.98%
 169  DENV3_DELIM-0x2f_THAILAND_DELIM-0x2f_1994_DELIM-0x2f_01146_DELIM-0x2f_94    0.00%    passed     99.85%
 170  DENV3_DELIM-0x2f_THAILAND_DELIM-0x2f_1996_DELIM-0x2f_02222_DELIM-0x2f_96    0.00%    passed     99.94%
 171  DENV3_DELIM-0x2f_THAILAND_DELIM-0x2f_1997_DELIM-0x2f_00495_DELIM-0x2f_97    0.00%    passed     99.99%
 172  DENV3_DELIM-0x2f_THAILAND_DELIM-0x2f_1997_DELIM-0x2f_01976_DELIM-0x2f_97    0.00%    passed     99.88%
 173  DENV3_DELIM-0x2f_THAILAND_DELIM-0x2f_1997_DELIM-0x2f_05718_DELIM-0x2f_97    0.00%    passed     99.99%
 174  DENV3_DELIM-0x2f_THAILAND_DELIM-0x2f_1997_DELIM-0x2f_02906_DELIM-0x2f_97    0.00%    passed     99.91%
 175  DENV3_DELIM-0x2f_THAILAND_DELIM-0x2f_1996_DELIM-0x2f_01037_DELIM-0x2f_96    0.00%    passed     99.02%
 176  DENV3_DELIM-0x2f_THAILAND_DELIM-0x2f_1996_DELIM-0x2f_01941_DELIM-0x2f_96    0.00%    passed     98.56%
 177  DENV3_DELIM-0x2f_THAILAND_DELIM-0x2f_1996_DELIM-0x2f_02161_DELIM-0x2f_96    0.00%    passed     99.87%
 178  DENV3_DELIM-0x2f_THAILAND_DELIM-0x2f_1995_DELIM-0x2f_00247_DELIM-0x2f_95    0.07%    passed     99.80%
 179  DENV3_DELIM-0x2f_THAILAND_DELIM-0x2f_2006_DELIM-0x2f_01062_DELIM-0x2f_06    0.00%    passed     99.94%
 180  DENV3_DELIM-0x2f_THAILAND_DELIM-0x2f_1999_DELIM-0x2f_02972_DELIM-0x2f_99    0.14%    passed     99.83%
 181  DENV3_DELIM-0x2f_THAILAND_DELIM-0x2f_1998_DELIM-0x2f_02993_DELIM-0x2f_98    0.00%    passed     99.85%
 182  DENV3_DELIM-0x2f_THAILAND_DELIM-0x2f_1997_DELIM-0x2f_06541_DELIM-0x2f_97    0.00%    passed     99.98%
 183  DENV3_DELIM-0x2f_THAILAND_DELIM-0x2f_1999_DELIM-0x2f_02902_DELIM-0x2f_99    0.00%    passed     97.99%
 184  DENV3_DELIM-0x2f_THAILAND_DELIM-0x2f_2001_DELIM-0x2f_03640_DELIM-0x2f_01    0.00%    passed     97.64%
 185  DENV3_DELIM-0x2f_THAILAND_DELIM-0x2f_1998_DELIM-0x2f_04331_DELIM-0x2f_98    0.00%    passed     98.18%
 186  DENV3_DELIM-0x2f_THAILAND_DELIM-0x2f_1999_DELIM-0x2f_01982_DELIM-0x2f_99    0.00%    passed     99.94%
 187  DENV3_DELIM-0x2f_THAILAND_DELIM-0x2f_2001_DELIM-0x2f_03240_DELIM-0x2f_01    0.00%    passed     98.56%
 188  DENV3_DELIM-0x2f_THAILAND_DELIM-0x2f_2003_DELIM-0x2f_00873_DELIM-0x2f_03    0.00%    passed     99.98%
 189  DENV3_DELIM-0x2f_THAILAND_DELIM-0x2f_1998_DELIM-0x2f_04187_DELIM-0x2f_98    0.00%    passed     99.87%
 190  DENV3_DELIM-0x2f_THAILAND_DELIM-0x2f_1998_DELIM-0x2f_02434_DELIM-0x2f_98    0.00%    passed     99.98%
 191  DENV3_DELIM-0x2f_THAILAND_DELIM-0x2f_1994_DELIM-0x2f_00255_DELIM-0x2f_94    0.00%    passed     99.79%
 192  DENV3_DELIM-0x2f_THAILAND_DELIM-0x2f_1994_DELIM-0x2f_00715_DELIM-0x2f_94    0.00%    passed     99.70%
 193  DENV3_DELIM-0x2f_THAILAND_DELIM-0x2f_1998_DELIM-0x2f_00317_DELIM-0x2f_98    0.00%    passed     99.93%
 194  DENV3_DELIM-0x2f_THAILAND_DELIM-0x2f_1997_DELIM-0x2f_07234_DELIM-0x2f_97    0.00%    passed     99.88%
 195  DENV3_DELIM-0x2f_THAILAND_DELIM-0x2f_2003_DELIM-0x2f_00466_DELIM-0x2f_03    0.00%    passed     99.97%
 196  DENV3_DELIM-0x2f_THAILAND_DELIM-0x2f_2002_DELIM-0x2f_02251_DELIM-0x2f_02    0.00%    passed     99.88%
 197  DENV3_DELIM-0x2f_THAILAND_DELIM-0x2f_1997_DELIM-0x2f_04945_DELIM-0x2f_97    0.00%    passed     99.88%
 198  DENV3_DELIM-0x2f_THAILAND_DELIM-0x2f_2001_DELIM-0x2f_06757_DELIM-0x2f_01    0.00%    passed     99.99%
 199  DENV3_DELIM-0x2f_THAILAND_DELIM-0x2f_2001_DELIM-0x2f_04236_DELIM-0x2f_01    0.00%    passed     99.92%
 200  DENV3_DELIM-0x2f_THAILAND_DELIM-0x2f_1997_DELIM-0x2f_07225_DELIM-0x2f_97    0.00%    passed     99.96%
 201  DENV3_DELIM-0x2f_THAILAND_DELIM-0x2f_1994_DELIM-0x2f_00515_DELIM-0x2f_94    0.00%    passed    100.00%
 202  DENV3_DELIM-0x2f_THAILAND_DELIM-0x2f_1998_DELIM-0x2f_00596_DELIM-0x2f_98    0.07%    passed     99.93%
 203  DENV3_DELIM-0x2f_THAILAND_DELIM-0x2f_1995_DELIM-0x2f_00657_DELIM-0x2f_95    0.00%    passed     99.99%
 204  DENV3_DELIM-0x2f_THAILAND_DELIM-0x2f_1995_DELIM-0x2f_01317_DELIM-0x2f_95    0.00%    passed    100.00%
 205  DENV3_DELIM-0x2f_THAILAND_DELIM-0x2f_1996_DELIM-0x2f_01421_DELIM-0x2f_96    0.00%    passed     99.99%
 206  DENV3_DELIM-0x2f_THAILAND_DELIM-0x2f_2002_DELIM-0x2f_01262_DELIM-0x2f_02    0.00%    passed     99.99%
 207  DENV3_DELIM-0x2f_THAILAND_DELIM-0x2f_2003_DELIM-0x2f_00708_DELIM-0x2f_03    0.00%    passed     99.96%
 208  DENV3_DELIM-0x2f_THAILAND_DELIM-0x2f_1997_DELIM-0x2f_02580_DELIM-0x2f_97    0.00%    passed     99.87%
 209  DENV3_DELIM-0x2f_THAILAND_DELIM-0x2f_2002_DELIM-0x2f_01182_DELIM-0x2f_02    0.07%    passed     99.97%
 210  DENV3_DELIM-0x2f_THAILAND_DELIM-0x2f_1997_DELIM-0x2f_05578_DELIM-0x2f_97    0.00%    passed     99.96%
 211  DENV3_DELIM-0x2f_THAILAND_DELIM-0x2f_1998_DELIM-0x2f_02224_DELIM-0x2f_98    0.00%    passed     99.97%
 212  DENV3_DELIM-0x2f_THAILAND_DELIM-0x2f_1998_DELIM-0x2f_02519_DELIM-0x2f_98    0.07%    passed     99.94%
 213  DENV3_DELIM-0x2f_THAILAND_DELIM-0x2f_1999_DELIM-0x2f_06060_DELIM-0x2f_99    0.00%    passed     99.98%
 214  DENV3_DELIM-0x2f_THAILAND_DELIM-0x2f_1997_DELIM-0x2f_02673_DELIM-0x2f_97    0.00%    passed     99.83%
 215  DENV3_DELIM-0x2f_THAILAND_DELIM-0x2f_2001_DELIM-0x2f_06419_DELIM-0x2f_01    0.00%    passed     99.51%
 216  DENV3_DELIM-0x2f_THAILAND_DELIM-0x2f_1998_DELIM-0x2f_06012_DELIM-0x2f_98    0.00%    passed     99.69%
 217  DENV3_DELIM-0x2f_THAILAND_DELIM-0x2f_1995_DELIM-0x2f_00541_DELIM-0x2f_95    0.00%    passed     99.87%
 218  DENV3_DELIM-0x2f_THAILAND_DELIM-0x2f_1994_DELIM-0x2f_01494_DELIM-0x2f_94    0.00%    passed     99.83%
 219  DENV3_DELIM-0x2f_THAILAND_DELIM-0x2f_1995_DELIM-0x2f_01509_DELIM-0x2f_95    0.07%    passed     99.94%
 220  DENV3_DELIM-0x2f_THAILAND_DELIM-0x2f_1995_DELIM-0x2f_00617_DELIM-0x2f_95    0.00%    passed     99.83%
 221  DENV3_DELIM-0x2f_THAILAND_DELIM-0x2f_1995_DELIM-0x2f_00520_DELIM-0x2f_95    0.07%    passed     99.52%
 222  DENV3_DELIM-0x2f_THAILAND_DELIM-0x2f_1995_DELIM-0x2f_00530_DELIM-0x2f_95    0.00%    passed     99.74%
 223  DENV3_DELIM-0x2f_THAILAND_DELIM-0x2f_1995_DELIM-0x2f_00772_DELIM-0x2f_95    0.00%    passed     99.99%
 224  DENV3_DELIM-0x2f_THAILAND_DELIM-0x2f_1995_DELIM-0x2f_01179_DELIM-0x2f_95    0.00%    passed     99.93%
 225  DENV3_DELIM-0x2f_THAILAND_DELIM-0x2f_1996_DELIM-0x2f_01487_DELIM-0x2f_96    0.00%    passed     99.87%
 226  DENV3_DELIM-0x2f_THAILAND_DELIM-0x2f_2003_DELIM-0x2f_00317_DELIM-0x2f_03    0.00%    passed     99.92%
 227  DENV3_DELIM-0x2f_THAILAND_DELIM-0x2f_2002_DELIM-0x2f_01263_DELIM-0x2f_02    0.00%    passed     99.84%
 228  DENV3_DELIM-0x2f_THAILAND_DELIM-0x2f_2002_DELIM-0x2f_02173_DELIM-0x2f_02    0.00%    passed     99.67%
 229  DENV3_DELIM-0x2f_THAILAND_DELIM-0x2f_2000_DELIM-0x2f_00246_DELIM-0x2f_00    0.00%    passed     99.92%
 230  DENV3_DELIM-0x2f_THAILAND_DELIM-0x2f_2000_DELIM-0x2f_01442_DELIM-0x2f_00    0.07%    passed     99.80%
 231  DENV3_DELIM-0x2f_THAILAND_DELIM-0x2f_2000_DELIM-0x2f_01455_DELIM-0x2f_00    0.00%    passed     99.87%
 232  DENV3_DELIM-0x2f_THAILAND_DELIM-0x2f_2000_DELIM-0x2f_05421_DELIM-0x2f_00    0.00%    passed     99.74%
 233  DENV3_DELIM-0x2f_THAILAND_DELIM-0x2f_2000_DELIM-0x2f_01654_DELIM-0x2f_00    0.00%    passed     99.65%
 234  DENV3_DELIM-0x2f_THAILAND_DELIM-0x2f_2000_DELIM-0x2f_01672_DELIM-0x2f_00    0.00%    passed     99.65%
 235  DENV3_DELIM-0x2f_THAILAND_DELIM-0x2f_2000_DELIM-0x2f_02242_DELIM-0x2f_00    0.00%    passed     99.64%
 236  DENV3_DELIM-0x2f_THAILAND_DELIM-0x2f_2000_DELIM-0x2f_05772_DELIM-0x2f_00    0.00%    passed     99.67%
 237  DENV3_DELIM-0x2f_THAILAND_DELIM-0x2f_2001_DELIM-0x2f_05308_DELIM-0x2f_01    0.00%    passed     99.49%
 238  DENV3_DELIM-0x2f_THAILAND_DELIM-0x2f_2003_DELIM-0x2f_02234_DELIM-0x2f_03    0.00%    passed     99.95%
 239  DENV3_DELIM-0x2f_THAILAND_DELIM-0x2f_1997_DELIM-0x2f_03058_DELIM-0x2f_97    0.00%    passed     99.95%
 240  DENV3_DELIM-0x2f_THAILAND_DELIM-0x2f_1995_DELIM-0x2f_01260_DELIM-0x2f_95    0.00%    passed     99.95%
 241  DENV3_DELIM-0x2f_THAILAND_DELIM-0x2f_1998_DELIM-0x2f_01700_DELIM-0x2f_98    0.07%    passed     99.87%
 242  DENV3_DELIM-0x2f_THAILAND_DELIM-0x2f_2003_DELIM-0x2f_01619_DELIM-0x2f_03    0.00%    passed     99.46%
 243  DENV3_DELIM-0x2f_THAILAND_DELIM-0x2f_1999_DELIM-0x2f_03767_DELIM-0x2f_99    0.00%    passed     99.46%
 244  DENV3_DELIM-0x2f_THAILAND_DELIM-0x2f_2000_DELIM-0x2f_00329_DELIM-0x2f_00    0.00%    passed     99.93%
 245  DENV3_DELIM-0x2f_THAILAND_DELIM-0x2f_1995_DELIM-0x2f_00031_DELIM-0x2f_95    0.00%    passed    100.00%
 246  DENV3_DELIM-0x2f_THAILAND_DELIM-0x2f_1995_DELIM-0x2f_00081_DELIM-0x2f_95    0.00%    passed    100.00%
 247  DENV3_DELIM-0x2f_THAILAND_DELIM-0x2f_1994_DELIM-0x2f_00950_DELIM-0x2f_94    0.00%    passed     99.98%
 248  DENV3_DELIM-0x2f_THAILAND_DELIM-0x2f_1995_DELIM-0x2f_30246_DELIM-0x2f_95    0.00%    passed     99.89%
 249  DENV3_DELIM-0x2f_THAILAND_DELIM-0x2f_1995_DELIM-0x2f_30457_DELIM-0x2f_95    0.00%    passed     99.90%
 250  DENV3_DELIM-0x2f_THAILAND_DELIM-0x2f_1994_DELIM-0x2f_01530_DELIM-0x2f_94    0.00%    passed     99.98%
 251  DENV3_DELIM-0x2f_THAILAND_DELIM-0x2f_1994_DELIM-0x2f_00092_DELIM-0x2f_94    0.00%    passed     99.99%
 252  DENV3_DELIM-0x2f_THAILAND_DELIM-0x2f_1996_DELIM-0x2f_00037_DELIM-0x2f_96    0.00%    passed     99.59%
 253  DENV3_DELIM-0x2f_THAILAND_DELIM-0x2f_1994_DELIM-0x2f_00831_DELIM-0x2f_94    0.00%    passed     99.99%
 254  DENV3_DELIM-0x2f_THAILAND_DELIM-0x2f_1994_DELIM-0x2f_01311_DELIM-0x2f_94    0.00%    passed     99.95%
 255  DENV3_DELIM-0x2f_THAILAND_DELIM-0x2f_1995_DELIM-0x2f_30071_DELIM-0x2f_95    0.00%    passed     99.44%
 256  DENV3_DELIM-0x2f_THAILAND_DELIM-0x2f_1994_DELIM-0x2f_01096_DELIM-0x2f_94    0.00%    passed     99.94%
 257  DENV3_DELIM-0x2f_THAILAND_DELIM-0x2f_1994_DELIM-0x2f_30590_DELIM-0x2f_94    0.00%    passed     99.94%
 258  DENV3_DELIM-0x2f_THAILAND_DELIM-0x2f_1995_DELIM-0x2f_30317_DELIM-0x2f_95    0.00%    passed     99.90%
 259  DENV3_DELIM-0x2f_THAILAND_DELIM-0x2f_1995_DELIM-0x2f_30460_DELIM-0x2f_95    0.00%    passed     99.75%
 260  DENV3_DELIM-0x2f_THAILAND_DELIM-0x2f_1995_DELIM-0x2f_30125_DELIM-0x2f_95    0.00%    passed     99.85%
 261  DENV3_DELIM-0x2f_THAILAND_DELIM-0x2f_1995_DELIM-0x2f_01658_DELIM-0x2f_95    0.07%    passed     99.02%
 262  DENV3_DELIM-0x2f_THAILAND_DELIM-0x2f_2002_DELIM-0x2f_00073_DELIM-0x2f_02    0.00%    passed     99.92%
 263  DENV3_DELIM-0x2f_THAILAND_DELIM-0x2f_1999_DELIM-0x2f_03749_DELIM-0x2f_99    0.00%    passed     99.92%
 264  DENV3_DELIM-0x2f_THAILAND_DELIM-0x2f_2001_DELIM-0x2f_05611_DELIM-0x2f_01    0.00%    passed     99.32%
 265  DENV3_DELIM-0x2f_THAILAND_DELIM-0x2f_2002_DELIM-0x2f_00503_DELIM-0x2f_02    0.00%    passed     99.87%
 266  DENV3_DELIM-0x2f_THAILAND_DELIM-0x2f_2002_DELIM-0x2f_00536_DELIM-0x2f_02    0.00%    passed     99.87%
 267  DENV3_DELIM-0x2f_THAILAND_DELIM-0x2f_2000_DELIM-0x2f_01906_DELIM-0x2f_00    0.00%    passed     99.32%
 268  DENV3_DELIM-0x2f_THAILAND_DELIM-0x2f_2000_DELIM-0x2f_05420_DELIM-0x2f_00    0.00%    passed     96.25%
 269  DENV3_DELIM-0x2f_THAILAND_DELIM-0x2f_1999_DELIM-0x2f_00165_DELIM-0x2f_99    0.00%    passed     99.98%
 270  DENV3_DELIM-0x2f_THAILAND_DELIM-0x2f_1999_DELIM-0x2f_03417_DELIM-0x2f_99    0.00%    passed     99.98%
 271  DENV3_DELIM-0x2f_THAILAND_DELIM-0x2f_2006_DELIM-0x2f_01251_DELIM-0x2f_06    0.00%    passed     99.87%
 272  DENV3_DELIM-0x2f_THAILAND_DELIM-0x2f_1996_DELIM-0x2f_01505_DELIM-0x2f_96    0.00%    passed     99.87%
 273  DENV3_DELIM-0x2f_THAILAND_DELIM-0x2f_2001_DELIM-0x2f_06198_DELIM-0x2f_01    0.00%    passed     98.64%
 274  DENV3_DELIM-0x2f_THAILAND_DELIM-0x2f_1998_DELIM-0x2f_01716_DELIM-0x2f_98    0.00%    passed     98.14%
 275  DENV3_DELIM-0x2f_THAILAND_DELIM-0x2f_2006_DELIM-0x2f_00710_DELIM-0x2f_06    0.00%    passed     99.83%
 276  DENV3_DELIM-0x2f_THAILAND_DELIM-0x2f_2000_DELIM-0x2f_05884_DELIM-0x2f_00    0.07%    passed     99.85%
 277  DENV3_DELIM-0x2f_THAILAND_DELIM-0x2f_1994_DELIM-0x2f_00125_DELIM-0x2f_94    0.00%    passed     99.97%
 278  DENV3_DELIM-0x2f_THAILAND_DELIM-0x2f_1994_DELIM-0x2f_30301_DELIM-0x2f_94    0.00%    passed     99.99%
 279  DENV3_DELIM-0x2f_THAILAND_DELIM-0x2f_1994_DELIM-0x2f_30551_DELIM-0x2f_94    0.00%    passed     99.96%
 280  DENV3_DELIM-0x2f_THAILAND_DELIM-0x2f_1994_DELIM-0x2f_30520_DELIM-0x2f_94    0.00%    passed     99.98%
 281  DENV3_DELIM-0x2f_THAILAND_DELIM-0x2f_1994_DELIM-0x2f_30621_DELIM-0x2f_94    0.00%    passed     99.98%
 282  DENV3_DELIM-0x2f_THAILAND_DELIM-0x2f_1994_DELIM-0x2f_30677_DELIM-0x2f_94    0.00%    passed     99.98%
 283  DENV3_DELIM-0x2f_THAILAND_DELIM-0x2f_1995_DELIM-0x2f_00422_DELIM-0x2f_95    0.00%    passed     99.97%
 284  DENV3_DELIM-0x2f_THAILAND_DELIM-0x2f_1995_DELIM-0x2f_30110_DELIM-0x2f_95    0.00%    passed     99.94%
 285  DENV3_DELIM-0x2f_THAILAND_DELIM-0x2f_1995_DELIM-0x2f_30175_DELIM-0x2f_95    0.00%    passed     99.94%
 286  DENV3_DELIM-0x2f_THAILAND_DELIM-0x2f_1995_DELIM-0x2f_30195_DELIM-0x2f_95    0.00%    passed     99.94%
 287  DENV3_DELIM-0x2f_THAILAND_DELIM-0x2f_1995_DELIM-0x2f_01042_DELIM-0x2f_95    0.00%    passed     99.99%
 288  DENV3_DELIM-0x2f_THAILAND_DELIM-0x2f_1996_DELIM-0x2f_01781_DELIM-0x2f_96    0.00%    passed     99.91%
 289  DENV3_DELIM-0x2f_THAILAND_DELIM-0x2f_1995_DELIM-0x2f_00965_DELIM-0x2f_95    0.07%    passed     99.99%
 290  DENV3_DELIM-0x2f_THAILAND_DELIM-0x2f_1996_DELIM-0x2f_01171_DELIM-0x2f_96    0.00%    passed    100.00%
 291  DENV3_DELIM-0x2f_THAILAND_DELIM-0x2f_2002_DELIM-0x2f_01313_DELIM-0x2f_02    0.00%    passed     99.37%
 292  DENV3_DELIM-0x2f_THAILAND_DELIM-0x2f_1996_DELIM-0x2f_01249_DELIM-0x2f_96    0.00%    passed     99.93%
 293  DENV3_DELIM-0x2f_THAILAND_DELIM-0x2f_2001_DELIM-0x2f_02916_DELIM-0x2f_01    0.00%    passed     99.75%
 294  DENV3_DELIM-0x2f_THAILAND_DELIM-0x2f_2001_DELIM-0x2f_04635_DELIM-0x2f_01    0.00%    passed     99.67%
 295  DENV3_DELIM-0x2f_THAILAND_DELIM-0x2f_1995_DELIM-0x2f_01296_DELIM-0x2f_95    0.00%    passed     99.75%
 296  DENV3_DELIM-0x2f_THAILAND_DELIM-0x2f_1995_DELIM-0x2f_01367_DELIM-0x2f_95    0.00%    passed     99.90%
 297  DENV3_DELIM-0x2f_THAILAND_DELIM-0x2f_1997_DELIM-0x2f_03080_DELIM-0x2f_97    0.00%    passed     99.73%
 298  DENV3_DELIM-0x2f_THAILAND_DELIM-0x2f_1996_DELIM-0x2f_00975_DELIM-0x2f_96    0.00%    passed     99.85%
 299  DENV3_DELIM-0x2f_THAILAND_DELIM-0x2f_2003_DELIM-0x2f_00566_DELIM-0x2f_03    0.00%    passed     99.56%
 300  DENV3_DELIM-0x2f_THAILAND_DELIM-0x2f_2006_DELIM-0x2f_01045_DELIM-0x2f_06    0.07%    passed     99.14%
 301  DENV3_DELIM-0x2f_THAILAND_DELIM-0x2f_1996_DELIM-0x2f_01245_DELIM-0x2f_96    0.00%    passed     99.07%
 302  DENV3_DELIM-0x2f_THAILAND_DELIM-0x2f_1997_DELIM-0x2f_07176_DELIM-0x2f_97    0.00%    passed     99.33%
 303  DENV3_DELIM-0x2f_THAILAND_DELIM-0x2f_2003_DELIM-0x2f_01393_DELIM-0x2f_03    0.00%    passed     99.66%
 304  DENV3_DELIM-0x2f_THAILAND_DELIM-0x2f_2003_DELIM-0x2f_01979_DELIM-0x2f_03    0.00%    passed     99.66%
 305  DENV3_DELIM-0x2f_THAILAND_DELIM-0x2f_2001_DELIM-0x2f_03291_DELIM-0x2f_01    0.20%    passed     98.49%
 306  DENV3_DELIM-0x2f_THAILAND_DELIM-0x2f_1994_DELIM-0x2f_00098_DELIM-0x2f_94    0.00%    passed     99.85%
 307  DENV3_DELIM-0x2f_THAILAND_DELIM-0x2f_1996_DELIM-0x2f_00833_DELIM-0x2f_96    0.00%    passed     99.85%
 308  DENV3_DELIM-0x2f_THAILAND_DELIM-0x2f_2002_DELIM-0x2f_01537_DELIM-0x2f_02    0.00%    passed     99.59%
 309  DENV3_DELIM-0x2f_THAILAND_DELIM-0x2f_1997_DELIM-0x2f_03353_DELIM-0x2f_97    0.00%    passed     99.98%
 310  DENV3_DELIM-0x2f_THAILAND_DELIM-0x2f_1995_DELIM-0x2f_01753_DELIM-0x2f_95    0.07%    passed     99.94%
 311  DENV3_DELIM-0x2f_THAILAND_DELIM-0x2f_2002_DELIM-0x2f_01802_DELIM-0x2f_02    0.00%    passed     99.74%
 312  DENV3_DELIM-0x2f_THAILAND_DELIM-0x2f_1997_DELIM-0x2f_04710_DELIM-0x2f_97    0.00%    passed     99.94%
 313  DENV3_DELIM-0x2f_THAILAND_DELIM-0x2f_1997_DELIM-0x2f_01956_DELIM-0x2f_97    0.00%    passed     99.63%
 314  DENV3_DELIM-0x2f_THAILAND_DELIM-0x2f_1994_DELIM-0x2f_00913_DELIM-0x2f_94    0.00%    passed     99.90%
 315  DENV3_DELIM-0x2f_THAILAND_DELIM-0x2f_1994_DELIM-0x2f_00800_DELIM-0x2f_94    0.00%    passed     99.43%
 316  DENV3_DELIM-0x2f_THAILAND_DELIM-0x2f_1994_DELIM-0x2f_00907_DELIM-0x2f_94    0.00%    passed     99.02%
 317  DENV3_DELIM-0x2f_THAILAND_DELIM-0x2f_1996_DELIM-0x2f_01318_DELIM-0x2f_96    0.00%    passed     99.90%
 318  DENV3_DELIM-0x2f_THAILAND_DELIM-0x2f_1996_DELIM-0x2f_01697_DELIM-0x2f_96    0.00%    passed     99.75%
 319  DENV3_DELIM-0x2f_THAILAND_DELIM-0x2f_1997_DELIM-0x2f_05746_DELIM-0x2f_97    0.00%    passed     99.02%
 320  DENV3_DELIM-0x2f_THAILAND_DELIM-0x2f_1999_DELIM-0x2f_01909_DELIM-0x2f_99    0.00%    passed     99.91%
 321  DENV3_DELIM-0x2f_THAILAND_DELIM-0x2f_1999_DELIM-0x2f_02864_DELIM-0x2f_99    0.00%    passed     99.91%
 322  DENV3_DELIM-0x2f_THAILAND_DELIM-0x2f_1997_DELIM-0x2f_07180_DELIM-0x2f_97    0.00%    passed     99.97%
 323  DENV3_DELIM-0x2f_THAILAND_DELIM-0x2f_1998_DELIM-0x2f_02000_DELIM-0x2f_98    0.00%    passed     99.87%
 324  DENV3_DELIM-0x2f_THAILAND_DELIM-0x2f_1998_DELIM-0x2f_01335_DELIM-0x2f_98    0.00%    passed     98.38%
 325  DENV3_DELIM-0x2f_THAILAND_DELIM-0x2f_1997_DELIM-0x2f_01425_DELIM-0x2f_97    0.00%    passed     98.69%
 326  DENV3_DELIM-0x2f_THAILAND_DELIM-0x2f_1999_DELIM-0x2f_05951_DELIM-0x2f_99    0.00%    passed     99.52%
 327  DENV3_DELIM-0x2f_THAILAND_DELIM-0x2f_1996_DELIM-0x2f_01908_DELIM-0x2f_96    0.00%    passed     99.96%
 328  DENV3_DELIM-0x2f_THAILAND_DELIM-0x2f_2003_DELIM-0x2f_01837_DELIM-0x2f_03    0.00%    passed     99.94%
 329  DENV3_DELIM-0x2f_THAILAND_DELIM-0x2f_1999_DELIM-0x2f_05364_DELIM-0x2f_99    0.00%    passed     99.80%
 330  DENV3_DELIM-0x2f_THAILAND_DELIM-0x2f_2012_DELIM-0x2f_00008_DELIM-0x2f_12    0.00%    passed     98.90%
 331  DENV3_DELIM-0x2f_THAILAND_DELIM-0x2f_2010_DELIM-0x2f_00075_DELIM-0x2f_10    0.00%    passed     98.69%
 332  DENV3_DELIM-0x2f_THAILAND_DELIM-0x2f_2012_DELIM-0x2f_00638_DELIM-0x2f_12    0.00%    passed     98.48%
 333  DENV3_DELIM-0x2f_THAILAND_DELIM-0x2f_2010_DELIM-0x2f_01601_DELIM-0x2f_10    0.00%    passed     99.06%
 334  DENV3_DELIM-0x2f_THAILAND_DELIM-0x2f_2013_DELIM-0x2f_00065_DELIM-0x2f_13    0.00%    passed     98.68%
 335  DENV3_DELIM-0x2f_THAILAND_DELIM-0x2f_2012_DELIM-0x2f_00519_DELIM-0x2f_12    0.00%    passed     98.48%
 336  DENV3_DELIM-0x2f_THAILAND_DELIM-0x2f_2011_DELIM-0x2f_00507_DELIM-0x2f_11    0.00%    passed     98.48%
 337  DENV3_DELIM-0x2f_THAILAND_DELIM-0x2f_2011_DELIM-0x2f_00541_DELIM-0x2f_11    0.00%    passed     98.68%
 338  DENV3_DELIM-0x2f_THAILAND_DELIM-0x2f_2011_DELIM-0x2f_01363_DELIM-0x2f_11    0.00%    passed     98.06%
 339  DENV3_DELIM-0x2f_THAILAND_DELIM-0x2f_2010_DELIM-0x2f_01575_DELIM-0x2f_10    0.00%    passed     98.68%
 340  DENV3_DELIM-0x2f_THAILAND_DELIM-0x2f_2011_DELIM-0x2f_01278_DELIM-0x2f_11    0.00%    passed     98.48%
 341  DENV3_DELIM-0x2f_THAILAND_DELIM-0x2f_2012_DELIM-0x2f_00749_DELIM-0x2f_12    0.00%    passed     98.68%
 342  DENV3_DELIM-0x2f_THAILAND_DELIM-0x2f_2011_DELIM-0x2f_00923_DELIM-0x2f_11    0.00%    passed     98.48%
 343  DENV3_DELIM-0x2f_THAILAND_DELIM-0x2f_2012_DELIM-0x2f_00266_DELIM-0x2f_12    0.00%    passed     97.95%
 344  DENV3_DELIM-0x2f_THAILAND_DELIM-0x2f_2011_DELIM-0x2f_00497_DELIM-0x2f_11    0.00%    passed     97.32%
 345  DENV3_DELIM-0x2f_THAILAND_DELIM-0x2f_2006_DELIM-0x2f_00112_DELIM-0x2f_06    0.00%    passed     99.80%
 346  DENV3_DELIM-0x2f_THAILAND_DELIM-0x2f_2006_DELIM-0x2f_01276_DELIM-0x2f_06    0.00%    passed     99.80%
 347  DENV3_DELIM-0x2f_THAILAND_DELIM-0x2f_2006_DELIM-0x2f_01333_DELIM-0x2f_06    0.00%    passed     99.80%
 348  DENV3_DELIM-0x2f_THAILAND_DELIM-0x2f_2006_DELIM-0x2f_00288_DELIM-0x2f_06    0.00%    passed     99.76%
 349  DENV3_DELIM-0x2f_THAILAND_DELIM-0x2f_2006_DELIM-0x2f_02763_DELIM-0x2f_06    0.00%    passed     99.76%
 350  DENV3_DELIM-0x2f_THAILAND_DELIM-0x2f_2006_DELIM-0x2f_00253_DELIM-0x2f_06    0.00%    passed     99.80%
 351  DENV3_DELIM-0x2f_THAILAND_DELIM-0x2f_2006_DELIM-0x2f_02384_DELIM-0x2f_06    0.00%    passed     99.80%
 352  DENV3_DELIM-0x2f_THAILAND_DELIM-0x2f_2006_DELIM-0x2f_01935_DELIM-0x2f_06    0.07%    passed     99.80%
 353  DENV3_DELIM-0x2f_THAILAND_DELIM-0x2f_2006_DELIM-0x2f_01423_DELIM-0x2f_06    0.00%    passed     99.80%
 354  DENV3_DELIM-0x2f_THAILAND_DELIM-0x2f_2002_DELIM-0x2f_00669_DELIM-0x2f_02    0.00%    passed     99.80%
 355  DENV3_DELIM-0x2f_THAILAND_DELIM-0x2f_2006_DELIM-0x2f_02812_DELIM-0x2f_06    0.00%    passed     99.46%
 356  DENV3_DELIM-0x2f_THAILAND_DELIM-0x2f_1998_DELIM-0x2f_04298_DELIM-0x2f_98    0.00%    passed     99.46%
 357  DENV3_DELIM-0x2f_THAILAND_DELIM-0x2f_2006_DELIM-0x2f_01128_DELIM-0x2f_06    0.00%    passed     99.76%
 358  DENV3_DELIM-0x2f_THAILAND_DELIM-0x2f_2006_DELIM-0x2f_01651_DELIM-0x2f_06    0.00%    passed     99.76%
 359  DENV3_DELIM-0x2f_THAILAND_DELIM-0x2f_2006_DELIM-0x2f_02341_DELIM-0x2f_06    0.00%    passed     99.80%
 360  DENV3_DELIM-0x2f_THAILAND_DELIM-0x2f_2003_DELIM-0x2f_00567_DELIM-0x2f_03    0.00%    passed     99.94%
 361  DENV3_DELIM-0x2f_THAILAND_DELIM-0x2f_2003_DELIM-0x2f_01468_DELIM-0x2f_03    0.00%    passed     99.94%
 362  DENV3_DELIM-0x2f_THAILAND_DELIM-0x2f_1999_DELIM-0x2f_05379_DELIM-0x2f_99    0.00%    passed     99.94%
 363  DENV3_DELIM-0x2f_THAILAND_DELIM-0x2f_2003_DELIM-0x2f_01847_DELIM-0x2f_03    0.00%    passed     99.91%
 364  DENV3_DELIM-0x2f_THAILAND_DELIM-0x2f_2004_DELIM-0x2f_01144_DELIM-0x2f_04    0.00%    passed     99.94%
 365  DENV3_DELIM-0x2f_THAILAND_DELIM-0x2f_2001_DELIM-0x2f_01022_DELIM-0x2f_01    0.00%    passed     99.98%
 366  DENV3_DELIM-0x2f_THAILAND_DELIM-0x2f_2003_DELIM-0x2f_01651_DELIM-0x2f_03    0.00%    passed     99.98%
 367  DENV3_DELIM-0x2f_THAILAND_DELIM-0x2f_2011_DELIM-0x2f_00209_DELIM-0x2f_11    0.00%    passed     98.74%
 368  DENV3_DELIM-0x2f_THAILAND_DELIM-0x2f_2011_DELIM-0x2f_00509_DELIM-0x2f_11    0.00%    passed     98.29%
 369  DENV3_DELIM-0x2f_THAILAND_DELIM-0x2f_2009_DELIM-0x2f_01231_DELIM-0x2f_09    0.00%    passed     98.96%
 370  DENV3_DELIM-0x2f_THAILAND_DELIM-0x2f_2009_DELIM-0x2f_00702_DELIM-0x2f_09    0.00%    passed     99.28%
 371  DENV3_DELIM-0x2f_THAILAND_DELIM-0x2f_2001_DELIM-0x2f_00273_DELIM-0x2f_01    0.00%    passed     99.90%
 372  DENV3_DELIM-0x2f_THAILAND_DELIM-0x2f_1996_DELIM-0x2f_01655_DELIM-0x2f_96    0.00%    passed     99.94%
 373  DENV3_DELIM-0x2f_THAILAND_DELIM-0x2f_2002_DELIM-0x2f_00501_DELIM-0x2f_02    0.00%    passed     99.98%
 374  DENV3_DELIM-0x2f_THAILAND_DELIM-0x2f_1996_DELIM-0x2f_02171_DELIM-0x2f_96    0.00%    passed     99.88%
 375  DENV3_DELIM-0x2f_THAILAND_DELIM-0x2f_2001_DELIM-0x2f_06503_DELIM-0x2f_01    0.00%    passed     99.88%
 376  DENV3_DELIM-0x2f_THAILAND_DELIM-0x2f_1999_DELIM-0x2f_03565_DELIM-0x2f_99    0.00%    passed     99.62%
 377  DENV3_DELIM-0x2f_THAILAND_DELIM-0x2f_2012_DELIM-0x2f_00368_DELIM-0x2f_12    0.00%    passed     97.04%
 378  DENV3_DELIM-0x2f_THAILAND_DELIM-0x2f_2012_DELIM-0x2f_00798_DELIM-0x2f_12    0.00%    passed     97.04%
 379  DENV3_DELIM-0x2f_THAILAND_DELIM-0x2f_2012_DELIM-0x2f_01131_DELIM-0x2f_12    0.00%    passed     98.96%
 380  DENV3_DELIM-0x2f_THAILAND_DELIM-0x2f_2011_DELIM-0x2f_00842_DELIM-0x2f_11    0.00%    passed     99.13%
 381  DENV3_DELIM-0x2f_THAILAND_DELIM-0x2f_2006_DELIM-0x2f_00156_DELIM-0x2f_06    0.00%    passed     99.90%
 382  DENV3_DELIM-0x2f_THAILAND_DELIM-0x2f_2006_DELIM-0x2f_00293_DELIM-0x2f_06    0.00%    passed     99.90%
 383  DENV3_DELIM-0x2f_THAILAND_DELIM-0x2f_2006_DELIM-0x2f_00583_DELIM-0x2f_06    0.00%    passed     99.90%
 384  DENV3_DELIM-0x2f_THAILAND_DELIM-0x2f_2005_DELIM-0x2f_00846_DELIM-0x2f_05    0.00%    passed     99.90%
 385  DENV3_DELIM-0x2f_THAILAND_DELIM-0x2f_2005_DELIM-0x2f_01404_DELIM-0x2f_05    0.00%    passed     99.90%
 386  DENV3_DELIM-0x2f_THAILAND_DELIM-0x2f_2005_DELIM-0x2f_00980_DELIM-0x2f_05    0.00%    passed     99.90%
 387  DENV3_DELIM-0x2f_THAILAND_DELIM-0x2f_2006_DELIM-0x2f_00618_DELIM-0x2f_06    0.00%    passed     99.86%
 388  DENV3_DELIM-0x2f_THAILAND_DELIM-0x2f_2005_DELIM-0x2f_01569_DELIM-0x2f_05    0.00%    passed     99.90%
 389  DENV3_DELIM-0x2f_THAILAND_DELIM-0x2f_2006_DELIM-0x2f_00708_DELIM-0x2f_06    0.00%    passed     99.97%
 390  DENV3_DELIM-0x2f_THAILAND_DELIM-0x2f_2006_DELIM-0x2f_00717_DELIM-0x2f_06    0.00%    passed     99.97%
 391  DENV3_DELIM-0x2f_THAILAND_DELIM-0x2f_2005_DELIM-0x2f_00872_DELIM-0x2f_05    0.00%    passed     99.90%
 392  DENV3_DELIM-0x2f_THAILAND_DELIM-0x2f_2001_DELIM-0x2f_06117_DELIM-0x2f_01    0.00%    passed     99.90%
 393  DENV3_DELIM-0x2f_THAILAND_DELIM-0x2f_2005_DELIM-0x2f_01565_DELIM-0x2f_05    0.00%    passed     99.90%
 394  DENV3_DELIM-0x2f_THAILAND_DELIM-0x2f_2002_DELIM-0x2f_00706_DELIM-0x2f_02    0.00%    passed     99.74%
 395  DENV3_DELIM-0x2f_THAILAND_DELIM-0x2f_2001_DELIM-0x2f_05838_DELIM-0x2f_01    0.07%    passed     99.76%
 396  DENV3_DELIM-0x2f_THAILAND_DELIM-0x2f_2006_DELIM-0x2f_01781_DELIM-0x2f_06    0.00%    passed     99.86%
 397  DENV3_DELIM-0x2f_THAILAND_DELIM-0x2f_2006_DELIM-0x2f_02292_DELIM-0x2f_06    0.00%    passed     99.86%
 398  DENV3_DELIM-0x2f_THAILAND_DELIM-0x2f_2006_DELIM-0x2f_02121_DELIM-0x2f_06    0.00%    passed     99.59%
 399  DENV3_DELIM-0x2f_THAILAND_DELIM-0x2f_2006_DELIM-0x2f_02277_DELIM-0x2f_06    0.00%    passed     99.86%
 400  DENV3_DELIM-0x2f_THAILAND_DELIM-0x2f_2006_DELIM-0x2f_02814_DELIM-0x2f_06    0.00%    passed     99.88%
 401  DENV3_DELIM-0x2f_THAILAND_DELIM-0x2f_2006_DELIM-0x2f_02174_DELIM-0x2f_06    0.00%    passed     99.86%
 402  DENV3_DELIM-0x2f_THAILAND_DELIM-0x2f_2006_DELIM-0x2f_01536_DELIM-0x2f_06    0.00%    passed     99.88%
 403  DENV3_DELIM-0x2f_THAILAND_DELIM-0x2f_2006_DELIM-0x2f_01691_DELIM-0x2f_06    0.00%    passed     99.88%
 404  DENV3_DELIM-0x2f_THAILAND_DELIM-0x2f_2005_DELIM-0x2f_00159_DELIM-0x2f_05    0.00%    passed     99.65%
 405  DENV3_DELIM-0x2f_THAILAND_DELIM-0x2f_2006_DELIM-0x2f_00557_DELIM-0x2f_06    0.00%    passed     99.86%
 406  DENV3_DELIM-0x2f_THAILAND_DELIM-0x2f_2004_DELIM-0x2f_01393_DELIM-0x2f_04    0.00%    passed     99.90%
 407  DENV3_DELIM-0x2f_THAILAND_DELIM-0x2f_2004_DELIM-0x2f_00602_DELIM-0x2f_04    0.00%    passed     99.95%
 408  DENV3_DELIM-0x2f_THAILAND_DELIM-0x2f_2004_DELIM-0x2f_01184_DELIM-0x2f_04    0.00%    passed     99.95%
 409  DENV3_DELIM-0x2f_THAILAND_DELIM-0x2f_1998_DELIM-0x2f_04763_DELIM-0x2f_98    0.00%    passed     99.88%
 410  DENV3_DELIM-0x2f_THAILAND_DELIM-0x2f_2003_DELIM-0x2f_01085_DELIM-0x2f_03    0.07%    passed     99.42%
 411  DENV3_DELIM-0x2f_THAILAND_DELIM-0x2f_2005_DELIM-0x2f_00852_DELIM-0x2f_05    0.00%    passed     99.74%
 412  DENV3_DELIM-0x2f_THAILAND_DELIM-0x2f_2006_DELIM-0x2f_02485_DELIM-0x2f_06    0.00%    passed     99.85%
 413  DENV3_DELIM-0x2f_CAMBODIA_DELIM-0x2f_2008_DELIM-0x2f_GU131905               0.00%    passed     99.99%
 414  DENV3_DELIM-0x2f_CAMBODIA_DELIM-0x2f_2007_DELIM-0x2f_FJ639713               0.00%    passed     99.88%
 415  DENV3_DELIM-0x2f_CAMBODIA_DELIM-0x2f_2007_DELIM-0x2f_FJ639714               0.00%    passed     99.79%
 416  DENV3_DELIM-0x2f_CAMBODIA_DELIM-0x2f_2007_DELIM-0x2f_FJ639731               0.00%    passed     99.08%
 417  DENV3_DELIM-0x2f_CAMBODIA_DELIM-0x2f_2008_DELIM-0x2f_FJ639716               0.00%    passed     99.92%
 418  DENV3_DELIM-0x2f_CAMBODIA_DELIM-0x2f_2008_DELIM-0x2f_HM631854               0.00%    passed     99.99%
 419  DENV3_DELIM-0x2f_VIETNAM_DELIM-0x2f_2006_DELIM-0x2f_BID-V1329               0.00%    passed     99.98%
 420  DENV3_DELIM-0x2f_VIETNAM_DELIM-0x2f_2007_DELIM-0x2f_BID-V1817               0.00%    passed     99.83%
 421  DENV3_DELIM-0x2f_THAILAND_DELIM-0x2f_2012_DELIM-0x2f_00088_DELIM-0x2f_12    0.00%    passed     94.93%
 422  DENV3_DELIM-0x2f_THAILAND_DELIM-0x2f_2010_DELIM-0x2f_01029_DELIM-0x2f_10    0.00%    passed     98.35%
 423  DENV3_DELIM-0x2f_THAILAND_DELIM-0x2f_2010_DELIM-0x2f_01508_DELIM-0x2f_10    0.00%    passed     98.32%
 424  DENV3_DELIM-0x2f_THAILAND_DELIM-0x2f_2013_DELIM-0x2f_00912_DELIM-0x2f_13    0.07%    passed     95.16%
 425  DENV3_DELIM-0x2f_THAILAND_DELIM-0x2f_2011_DELIM-0x2f_00323_DELIM-0x2f_11    0.00%    passed     98.85%
 426  DENV3_DELIM-0x2f_THAILAND_DELIM-0x2f_2011_DELIM-0x2f_00838_DELIM-0x2f_11    0.00%    passed     98.85%
 427  DENV3_DELIM-0x2f_THAILAND_DELIM-0x2f_2006_DELIM-0x2f_00633_DELIM-0x2f_06    0.00%    passed     98.78%
 428  DENV3_DELIM-0x2f_THAILAND_DELIM-0x2f_2006_DELIM-0x2f_01067_DELIM-0x2f_06    0.00%    passed     98.78%
 429  DENV3_DELIM-0x2f_THAILAND_DELIM-0x2f_2006_DELIM-0x2f_01285_DELIM-0x2f_06    0.00%    passed     98.78%
 430  DENV3_DELIM-0x2f_THAILAND_DELIM-0x2f_2006_DELIM-0x2f_01375_DELIM-0x2f_06    0.00%    passed     98.78%
 431  DENV3_DELIM-0x2f_THAILAND_DELIM-0x2f_2006_DELIM-0x2f_00778_DELIM-0x2f_06    0.00%    passed     98.78%
 432  DENV3_DELIM-0x2f_THAILAND_DELIM-0x2f_2006_DELIM-0x2f_00819_DELIM-0x2f_06    0.00%    passed     98.78%
 433  DENV3_DELIM-0x2f_THAILAND_DELIM-0x2f_2006_DELIM-0x2f_01262_DELIM-0x2f_06    0.00%    passed     98.78%
 434  DENV3_DELIM-0x2f_THAILAND_DELIM-0x2f_2006_DELIM-0x2f_01284_DELIM-0x2f_06    0.00%    passed     98.78%
 435  DENV3_DELIM-0x2f_THAILAND_DELIM-0x2f_2006_DELIM-0x2f_02038_DELIM-0x2f_06    0.00%    passed     99.31%
 436  DENV3_DELIM-0x2f_THAILAND_DELIM-0x2f_1998_DELIM-0x2f_06068_DELIM-0x2f_98    0.00%    passed     98.78%
 437  DENV3_DELIM-0x2f_THAILAND_DELIM-0x2f_2006_DELIM-0x2f_01372_DELIM-0x2f_06    0.00%    passed     98.78%
 438  DENV3_DELIM-0x2f_THAILAND_DELIM-0x2f_2006_DELIM-0x2f_01933_DELIM-0x2f_06    0.00%    passed     98.78%
 439  DENV3_DELIM-0x2f_THAILAND_DELIM-0x2f_1998_DELIM-0x2f_04946_DELIM-0x2f_98    0.00%    passed     98.78%
 440  DENV3_DELIM-0x2f_THAILAND_DELIM-0x2f_1998_DELIM-0x2f_06070_DELIM-0x2f_98    0.00%    passed     98.03%
 441  DENV3_DELIM-0x2f_THAILAND_DELIM-0x2f_2006_DELIM-0x2f_02704_DELIM-0x2f_06    0.00%    passed     98.78%
 442  DENV3_DELIM-0x2f_THAILAND_DELIM-0x2f_2006_DELIM-0x2f_00831_DELIM-0x2f_06    0.00%    passed     99.31%
 443  DENV3_DELIM-0x2f_THAILAND_DELIM-0x2f_2006_DELIM-0x2f_01253_DELIM-0x2f_06    0.00%    passed     99.31%
 444  DENV3_DELIM-0x2f_THAILAND_DELIM-0x2f_2006_DELIM-0x2f_02051_DELIM-0x2f_06    0.00%    passed     99.10%
 445  DENV3_DELIM-0x2f_THAILAND_DELIM-0x2f_2006_DELIM-0x2f_01369_DELIM-0x2f_06    0.00%    passed     99.31%
 446  DENV3_DELIM-0x2f_THAILAND_DELIM-0x2f_1998_DELIM-0x2f_06912_DELIM-0x2f_98    0.00%    passed     99.00%
 447  DENV3_DELIM-0x2f_THAILAND_DELIM-0x2f_2006_DELIM-0x2f_02042_DELIM-0x2f_06    0.00%    passed     99.10%
 448  DENV3_DELIM-0x2f_THAILAND_DELIM-0x2f_2006_DELIM-0x2f_02111_DELIM-0x2f_06    0.00%    passed     98.78%
 449  DENV3_DELIM-0x2f_MYANMAR_DELIM-0x2f_2008_DELIM-0x2f_80931                   0.00%    passed     98.10%
 450  DENV3_DELIM-0x2f_THAILAND_DELIM-0x2f_2010_DELIM-0x2f_01467_DELIM-0x2f_10    0.00%    passed     99.37%
 451  DENV3_DELIM-0x2f_THAILAND_DELIM-0x2f_2008_DELIM-0x2f_01398_DELIM-0x2f_08    0.00%    passed     95.39%
 452  DENV3_DELIM-0x2f_THAILAND_DELIM-0x2f_2006_DELIM-0x2f_02490_DELIM-0x2f_06    0.00%    passed     99.13%
 453  DENV3_DELIM-0x2f_THAILAND_DELIM-0x2f_2006_DELIM-0x2f_01373_DELIM-0x2f_06    0.00%    passed     98.35%
 454  DENV3_DELIM-0x2f_THAILAND_DELIM-0x2f_1998_DELIM-0x2f_02551_DELIM-0x2f_98    0.00%    passed     97.67%
 455  DENV3_DELIM-0x2f_THAILAND_DELIM-0x2f_2006_DELIM-0x2f_02784_DELIM-0x2f_06    0.00%    passed     97.67%
 456  DENV3_DELIM-0x2f_THAILAND_DELIM-0x2f_2006_DELIM-0x2f_02185_DELIM-0x2f_06    0.00%    passed     96.68%
 457  DENV3_DELIM-0x2f_THAILAND_DELIM-0x2f_2006_DELIM-0x2f_02202_DELIM-0x2f_06    0.00%    passed     96.68%
 458  DENV3_DELIM-0x2f_THAILAND_DELIM-0x2f_2010_DELIM-0x2f_01378_DELIM-0x2f_10    0.00%    passed     98.78%
 459  DENV3_DELIM-0x2f_THAILAND_DELIM-0x2f_2011_DELIM-0x2f_01445_DELIM-0x2f_11    0.00%    passed     98.85%
 460  DENV3_DELIM-0x2f_THAILAND_DELIM-0x2f_2005_DELIM-0x2f_01530_DELIM-0x2f_05    0.00%    passed     99.40%
 461  DENV3_DELIM-0x2f_THAILAND_DELIM-0x2f_1994_DELIM-0x2f_00128_DELIM-0x2f_94    0.00%    passed     98.79%
 462  DENV3_DELIM-0x2f_THAILAND_DELIM-0x2f_1994_DELIM-0x2f_00130_DELIM-0x2f_94    0.00%    passed     98.79%
 463  DENV3_DELIM-0x2f_THAILAND_DELIM-0x2f_1994_DELIM-0x2f_30055_DELIM-0x2f_94    0.00%    passed     99.71%
 464  DENV3_DELIM-0x2f_THAILAND_DELIM-0x2f_1994_DELIM-0x2f_30060_DELIM-0x2f_94    0.00%    passed     99.71%
 465  DENV3_DELIM-0x2f_THAILAND_DELIM-0x2f_1994_DELIM-0x2f_30017_DELIM-0x2f_94    0.00%    passed     99.37%
 466  DENV3_DELIM-0x2f_THAILAND_DELIM-0x2f_1994_DELIM-0x2f_30362_DELIM-0x2f_94    0.00%    passed     98.92%
 467  DENV3_DELIM-0x2f_THAILAND_DELIM-0x2f_1994_DELIM-0x2f_30334_DELIM-0x2f_94    0.00%    passed     98.96%
 468  DENV3_DELIM-0x2f_THAILAND_DELIM-0x2f_1997_DELIM-0x2f_05100_DELIM-0x2f_97    0.00%    passed     99.53%
 469  DENV3_DELIM-0x2f_THAILAND_DELIM-0x2f_2001_DELIM-0x2f_00929_DELIM-0x2f_01    0.00%    passed     63.19%
 470  DENV3_DELIM-0x2f_FIJI_DELIM-0x2f_1992_DELIM-0x2f_29472-L11422-I             0.07%    passed     91.98%
 471  DENV3_DELIM-0x2f_INDONESIA_DELIM-0x2f_1978_DELIM-0x2f_SLEMAN-1280-AC25      0.00%    passed     87.38%
 472  DENV3_DELIM-0x2f_PUERTO-RICO_DELIM-0x2f_1963_DELIM-0x2f_PRS-228762-AC27     0.00%    passed     98.69%
****  TOTAL                                                                       0.01%  0 sequences failed composition chi2 test (p-value<5%; df=3)
NOTE: DENV3_DELIM-0x2f_THAILAND_DELIM-0x2f_2012_DELIM-0x2f_00999_DELIM-0x2f_12 is identical to DENV3_DELIM-0x2f_THAILAND_DELIM-0x2f_2014_DELIM-0x2f_00146_DELIM-0x2f_14 but kept for subsequent analysis
NOTE: DENV3_DELIM-0x2f_THAILAND_DELIM-0x2f_2014_DELIM-0x2f_00759_DELIM-0x2f_14 is identical to DENV3_DELIM-0x2f_THAILAND_DELIM-0x2f_2014_DELIM-0x2f_00432_DELIM-0x2f_14 but kept for subsequent analysis
NOTE: DENV3_DELIM-0x2f_THAILAND_DELIM-0x2f_2014_DELIM-0x2f_00705_DELIM-0x2f_14 is identical to DENV3_DELIM-0x2f_THAILAND_DELIM-0x2f_2014_DELIM-0x2f_00654_DELIM-0x2f_14 but kept for subsequent analysis
NOTE: DENV3_DELIM-0x2f_THAILAND_DELIM-0x2f_2000_DELIM-0x2f_00245_DELIM-0x2f_00 is identical to DENV3_DELIM-0x2f_THAILAND_DELIM-0x2f_2003_DELIM-0x2f_00072_DELIM-0x2f_03 but kept for subsequent analysis
NOTE: DENV3_DELIM-0x2f_THAILAND_DELIM-0x2f_2002_DELIM-0x2f_00430_DELIM-0x2f_02 is identical to DENV3_DELIM-0x2f_THAILAND_DELIM-0x2f_1998_DELIM-0x2f_00190_DELIM-0x2f_98 but kept for subsequent analysis
NOTE: DENV3_DELIM-0x2f_THAILAND_DELIM-0x2f_2001_DELIM-0x2f_00152_DELIM-0x2f_01 is identical to DENV3_DELIM-0x2f_THAILAND_DELIM-0x2f_2001_DELIM-0x2f_00023_DELIM-0x2f_01 but kept for subsequent analysis
NOTE: DENV3_DELIM-0x2f_THAILAND_DELIM-0x2f_2006_DELIM-0x2f_00651_DELIM-0x2f_06 is identical to DENV3_DELIM-0x2f_THAILAND_DELIM-0x2f_2002_DELIM-0x2f_00142_DELIM-0x2f_02 but kept for subsequent analysis
NOTE: DENV3_DELIM-0x2f_THAILAND_DELIM-0x2f_1998_DELIM-0x2f_01250_DELIM-0x2f_98 is identical to DENV3_DELIM-0x2f_THAILAND_DELIM-0x2f_2002_DELIM-0x2f_00767_DELIM-0x2f_02 but kept for subsequent analysis
NOTE: DENV3_DELIM-0x2f_THAILAND_DELIM-0x2f_2002_DELIM-0x2f_01472_DELIM-0x2f_02 is identical to DENV3_DELIM-0x2f_THAILAND_DELIM-0x2f_1995_DELIM-0x2f_00631_DELIM-0x2f_95 but kept for subsequent analysis
NOTE: DENV3_DELIM-0x2f_THAILAND_DELIM-0x2f_2006_DELIM-0x2f_02701_DELIM-0x2f_06 is identical to DENV3_DELIM-0x2f_THAILAND_DELIM-0x2f_2006_DELIM-0x2f_00008_DELIM-0x2f_06 but kept for subsequent analysis
NOTE: DENV3_DELIM-0x2f_THAILAND_DELIM-0x2f_2006_DELIM-0x2f_02632_DELIM-0x2f_06 is identical to DENV3_DELIM-0x2f_THAILAND_DELIM-0x2f_2006_DELIM-0x2f_02515_DELIM-0x2f_06 but kept for subsequent analysis
NOTE: DENV3_DELIM-0x2f_THAILAND_DELIM-0x2f_2001_DELIM-0x2f_04502_DELIM-0x2f_01 is identical to DENV3_DELIM-0x2f_THAILAND_DELIM-0x2f_2006_DELIM-0x2f_00676_DELIM-0x2f_06 but kept for subsequent analysis
NOTE: DENV3_DELIM-0x2f_THAILAND_DELIM-0x2f_2000_DELIM-0x2f_02080_DELIM-0x2f_00 is identical to DENV3_DELIM-0x2f_THAILAND_DELIM-0x2f_2000_DELIM-0x2f_01330_DELIM-0x2f_00 but kept for subsequent analysis
NOTE: DENV3_DELIM-0x2f_THAILAND_DELIM-0x2f_1994_DELIM-0x2f_01146_DELIM-0x2f_94 is identical to DENV3_DELIM-0x2f_THAILAND_DELIM-0x2f_1995_DELIM-0x2f_00344_DELIM-0x2f_95 but kept for subsequent analysis
NOTE: DENV3_DELIM-0x2f_THAILAND_DELIM-0x2f_1997_DELIM-0x2f_04945_DELIM-0x2f_97 is identical to DENV3_DELIM-0x2f_THAILAND_DELIM-0x2f_2002_DELIM-0x2f_02251_DELIM-0x2f_02 but kept for subsequent analysis
NOTE: DENV3_DELIM-0x2f_THAILAND_DELIM-0x2f_1995_DELIM-0x2f_01317_DELIM-0x2f_95 is identical to DENV3_DELIM-0x2f_THAILAND_DELIM-0x2f_1994_DELIM-0x2f_00515_DELIM-0x2f_94 but kept for subsequent analysis
NOTE: DENV3_DELIM-0x2f_THAILAND_DELIM-0x2f_2000_DELIM-0x2f_01672_DELIM-0x2f_00 is identical to DENV3_DELIM-0x2f_THAILAND_DELIM-0x2f_2000_DELIM-0x2f_01654_DELIM-0x2f_00 but kept for subsequent analysis
NOTE: DENV3_DELIM-0x2f_THAILAND_DELIM-0x2f_1999_DELIM-0x2f_03767_DELIM-0x2f_99 is identical to DENV3_DELIM-0x2f_THAILAND_DELIM-0x2f_2003_DELIM-0x2f_01619_DELIM-0x2f_03 but kept for subsequent analysis
NOTE: DENV3_DELIM-0x2f_THAILAND_DELIM-0x2f_1995_DELIM-0x2f_00081_DELIM-0x2f_95 is identical to DENV3_DELIM-0x2f_THAILAND_DELIM-0x2f_1995_DELIM-0x2f_00031_DELIM-0x2f_95 but kept for subsequent analysis
NOTE: DENV3_DELIM-0x2f_THAILAND_DELIM-0x2f_1994_DELIM-0x2f_30590_DELIM-0x2f_94 is identical to DENV3_DELIM-0x2f_THAILAND_DELIM-0x2f_1994_DELIM-0x2f_01096_DELIM-0x2f_94 but kept for subsequent analysis
NOTE: DENV3_DELIM-0x2f_THAILAND_DELIM-0x2f_2002_DELIM-0x2f_00536_DELIM-0x2f_02 is identical to DENV3_DELIM-0x2f_THAILAND_DELIM-0x2f_2002_DELIM-0x2f_00503_DELIM-0x2f_02 but kept for subsequent analysis
NOTE: DENV3_DELIM-0x2f_THAILAND_DELIM-0x2f_1996_DELIM-0x2f_01505_DELIM-0x2f_96 is identical to DENV3_DELIM-0x2f_THAILAND_DELIM-0x2f_2006_DELIM-0x2f_01251_DELIM-0x2f_06 but kept for subsequent analysis
NOTE: DENV3_DELIM-0x2f_THAILAND_DELIM-0x2f_1994_DELIM-0x2f_30621_DELIM-0x2f_94 is identical to DENV3_DELIM-0x2f_THAILAND_DELIM-0x2f_1994_DELIM-0x2f_30520_DELIM-0x2f_94 but kept for subsequent analysis
NOTE: DENV3_DELIM-0x2f_THAILAND_DELIM-0x2f_1995_DELIM-0x2f_30175_DELIM-0x2f_95 is identical to DENV3_DELIM-0x2f_THAILAND_DELIM-0x2f_1995_DELIM-0x2f_30110_DELIM-0x2f_95 but kept for subsequent analysis
NOTE: DENV3_DELIM-0x2f_THAILAND_DELIM-0x2f_2003_DELIM-0x2f_01979_DELIM-0x2f_03 is identical to DENV3_DELIM-0x2f_THAILAND_DELIM-0x2f_2003_DELIM-0x2f_01393_DELIM-0x2f_03 but kept for subsequent analysis
NOTE: DENV3_DELIM-0x2f_THAILAND_DELIM-0x2f_1999_DELIM-0x2f_02864_DELIM-0x2f_99 is identical to DENV3_DELIM-0x2f_THAILAND_DELIM-0x2f_1999_DELIM-0x2f_01909_DELIM-0x2f_99 but kept for subsequent analysis
NOTE: DENV3_DELIM-0x2f_THAILAND_DELIM-0x2f_2011_DELIM-0x2f_01278_DELIM-0x2f_11 is identical to DENV3_DELIM-0x2f_THAILAND_DELIM-0x2f_2011_DELIM-0x2f_00507_DELIM-0x2f_11 but kept for subsequent analysis
NOTE: DENV3_DELIM-0x2f_THAILAND_DELIM-0x2f_2006_DELIM-0x2f_01276_DELIM-0x2f_06 is identical to DENV3_DELIM-0x2f_THAILAND_DELIM-0x2f_2006_DELIM-0x2f_00112_DELIM-0x2f_06 but kept for subsequent analysis
NOTE: DENV3_DELIM-0x2f_THAILAND_DELIM-0x2f_1998_DELIM-0x2f_04298_DELIM-0x2f_98 is identical to DENV3_DELIM-0x2f_THAILAND_DELIM-0x2f_2006_DELIM-0x2f_02812_DELIM-0x2f_06 but kept for subsequent analysis
NOTE: DENV3_DELIM-0x2f_THAILAND_DELIM-0x2f_2003_DELIM-0x2f_01468_DELIM-0x2f_03 is identical to DENV3_DELIM-0x2f_THAILAND_DELIM-0x2f_2003_DELIM-0x2f_00567_DELIM-0x2f_03 but kept for subsequent analysis
NOTE: DENV3_DELIM-0x2f_THAILAND_DELIM-0x2f_2003_DELIM-0x2f_01651_DELIM-0x2f_03 is identical to DENV3_DELIM-0x2f_THAILAND_DELIM-0x2f_2001_DELIM-0x2f_01022_DELIM-0x2f_01 but kept for subsequent analysis
NOTE: DENV3_DELIM-0x2f_THAILAND_DELIM-0x2f_2001_DELIM-0x2f_06503_DELIM-0x2f_01 is identical to DENV3_DELIM-0x2f_THAILAND_DELIM-0x2f_1996_DELIM-0x2f_02171_DELIM-0x2f_96 but kept for subsequent analysis
NOTE: DENV3_DELIM-0x2f_THAILAND_DELIM-0x2f_2012_DELIM-0x2f_00798_DELIM-0x2f_12 is identical to DENV3_DELIM-0x2f_THAILAND_DELIM-0x2f_2012_DELIM-0x2f_00368_DELIM-0x2f_12 but kept for subsequent analysis
NOTE: DENV3_DELIM-0x2f_THAILAND_DELIM-0x2f_2006_DELIM-0x2f_00293_DELIM-0x2f_06 is identical to DENV3_DELIM-0x2f_THAILAND_DELIM-0x2f_2006_DELIM-0x2f_00156_DELIM-0x2f_06 but kept for subsequent analysis
NOTE: DENV3_DELIM-0x2f_THAILAND_DELIM-0x2f_2006_DELIM-0x2f_01781_DELIM-0x2f_06 is identical to DENV3_DELIM-0x2f_THAILAND_DELIM-0x2f_2006_DELIM-0x2f_00618_DELIM-0x2f_06 but kept for subsequent analysis
NOTE: DENV3_DELIM-0x2f_THAILAND_DELIM-0x2f_2006_DELIM-0x2f_00717_DELIM-0x2f_06 is identical to DENV3_DELIM-0x2f_THAILAND_DELIM-0x2f_2006_DELIM-0x2f_00708_DELIM-0x2f_06 but kept for subsequent analysis
NOTE: DENV3_DELIM-0x2f_THAILAND_DELIM-0x2f_2006_DELIM-0x2f_01691_DELIM-0x2f_06 is identical to DENV3_DELIM-0x2f_THAILAND_DELIM-0x2f_2006_DELIM-0x2f_01536_DELIM-0x2f_06 but kept for subsequent analysis
NOTE: DENV3_DELIM-0x2f_THAILAND_DELIM-0x2f_2004_DELIM-0x2f_01184_DELIM-0x2f_04 is identical to DENV3_DELIM-0x2f_THAILAND_DELIM-0x2f_2004_DELIM-0x2f_00602_DELIM-0x2f_04 but kept for subsequent analysis
NOTE: DENV3_DELIM-0x2f_THAILAND_DELIM-0x2f_2006_DELIM-0x2f_01067_DELIM-0x2f_06 is identical to DENV3_DELIM-0x2f_THAILAND_DELIM-0x2f_2006_DELIM-0x2f_00633_DELIM-0x2f_06 but kept for subsequent analysis
NOTE: DENV3_DELIM-0x2f_THAILAND_DELIM-0x2f_2006_DELIM-0x2f_01253_DELIM-0x2f_06 is identical to DENV3_DELIM-0x2f_THAILAND_DELIM-0x2f_2006_DELIM-0x2f_00831_DELIM-0x2f_06 but kept for subsequent analysis
NOTE: DENV3_DELIM-0x2f_THAILAND_DELIM-0x2f_2006_DELIM-0x2f_02784_DELIM-0x2f_06 is identical to DENV3_DELIM-0x2f_THAILAND_DELIM-0x2f_1998_DELIM-0x2f_02551_DELIM-0x2f_98 but kept for subsequent analysis
NOTE: DENV3_DELIM-0x2f_THAILAND_DELIM-0x2f_2006_DELIM-0x2f_02202_DELIM-0x2f_06 is identical to DENV3_DELIM-0x2f_THAILAND_DELIM-0x2f_2006_DELIM-0x2f_02185_DELIM-0x2f_06 but kept for subsequent analysis
NOTE: DENV3_DELIM-0x2f_THAILAND_DELIM-0x2f_1994_DELIM-0x2f_00130_DELIM-0x2f_94 is identical to DENV3_DELIM-0x2f_THAILAND_DELIM-0x2f_1994_DELIM-0x2f_00128_DELIM-0x2f_94 but kept for subsequent analysis
NOTE: DENV3_DELIM-0x2f_THAILAND_DELIM-0x2f_1994_DELIM-0x2f_30060_DELIM-0x2f_94 is identical to DENV3_DELIM-0x2f_THAILAND_DELIM-0x2f_1994_DELIM-0x2f_30055_DELIM-0x2f_94 but kept for subsequent analysis
Checking for duplicate sequences: done in 0.0013091 secs using 1180% CPU
Identifying sites to remove: done in 0.00199266 secs using 1551% CPU
NOTE: 44 identical sequences (see below) will be ignored for subsequent analysis
NOTE: DENV3_DELIM-0x2f_THAILAND_DELIM-0x2f_2012_DELIM-0x2f_01094_DELIM-0x2f_12 (identical to DENV3_DELIM-0x2f_THAILAND_DELIM-0x2f_2014_DELIM-0x2f_00146_DELIM-0x2f_14) is ignored but added at the end
NOTE: DENV3_DELIM-0x2f_THAILAND_DELIM-0x2f_2000_DELIM-0x2f_02029_DELIM-0x2f_00 (identical to DENV3_DELIM-0x2f_THAILAND_DELIM-0x2f_1998_DELIM-0x2f_00190_DELIM-0x2f_98) is ignored but added at the end
NOTE: DENV3_DELIM-0x2f_THAILAND_DELIM-0x2f_1998_DELIM-0x2f_01293_DELIM-0x2f_98 (identical to DENV3_DELIM-0x2f_THAILAND_DELIM-0x2f_1998_DELIM-0x2f_00190_DELIM-0x2f_98) is ignored but added at the end
NOTE: DENV3_DELIM-0x2f_THAILAND_DELIM-0x2f_1999_DELIM-0x2f_06047_DELIM-0x2f_99 (identical to DENV3_DELIM-0x2f_THAILAND_DELIM-0x2f_1998_DELIM-0x2f_00190_DELIM-0x2f_98) is ignored but added at the end
NOTE: DENV3_DELIM-0x2f_THAILAND_DELIM-0x2f_1999_DELIM-0x2f_00557_DELIM-0x2f_99 (identical to DENV3_DELIM-0x2f_THAILAND_DELIM-0x2f_2001_DELIM-0x2f_00023_DELIM-0x2f_01) is ignored but added at the end
NOTE: DENV3_DELIM-0x2f_THAILAND_DELIM-0x2f_2002_DELIM-0x2f_01300_DELIM-0x2f_02 (identical to DENV3_DELIM-0x2f_THAILAND_DELIM-0x2f_2002_DELIM-0x2f_00767_DELIM-0x2f_02) is ignored but added at the end
NOTE: DENV3_DELIM-0x2f_THAILAND_DELIM-0x2f_1996_DELIM-0x2f_01828_DELIM-0x2f_96 (identical to DENV3_DELIM-0x2f_THAILAND_DELIM-0x2f_1995_DELIM-0x2f_00631_DELIM-0x2f_95) is ignored but added at the end
NOTE: DENV3_DELIM-0x2f_THAILAND_DELIM-0x2f_1996_DELIM-0x2f_01720_DELIM-0x2f_96 (identical to DENV3_DELIM-0x2f_THAILAND_DELIM-0x2f_1995_DELIM-0x2f_00631_DELIM-0x2f_95) is ignored but added at the end
NOTE: DENV3_DELIM-0x2f_THAILAND_DELIM-0x2f_2001_DELIM-0x2f_00936_DELIM-0x2f_01 (identical to DENV3_DELIM-0x2f_THAILAND_DELIM-0x2f_2006_DELIM-0x2f_00676_DELIM-0x2f_06) is ignored but added at the end
NOTE: DENV3_DELIM-0x2f_THAILAND_DELIM-0x2f_2000_DELIM-0x2f_05632_DELIM-0x2f_00 (identical to DENV3_DELIM-0x2f_THAILAND_DELIM-0x2f_2000_DELIM-0x2f_01330_DELIM-0x2f_00) is ignored but added at the end
NOTE: DENV3_DELIM-0x2f_THAILAND_DELIM-0x2f_2000_DELIM-0x2f_05815_DELIM-0x2f_00 (identical to DENV3_DELIM-0x2f_THAILAND_DELIM-0x2f_2000_DELIM-0x2f_01330_DELIM-0x2f_00) is ignored but added at the end
NOTE: DENV3_DELIM-0x2f_THAILAND_DELIM-0x2f_1994_DELIM-0x2f_30677_DELIM-0x2f_94 (identical to DENV3_DELIM-0x2f_THAILAND_DELIM-0x2f_1994_DELIM-0x2f_30520_DELIM-0x2f_94) is ignored but added at the end
NOTE: DENV3_DELIM-0x2f_THAILAND_DELIM-0x2f_1995_DELIM-0x2f_30195_DELIM-0x2f_95 (identical to DENV3_DELIM-0x2f_THAILAND_DELIM-0x2f_1995_DELIM-0x2f_30110_DELIM-0x2f_95) is ignored but added at the end
NOTE: DENV3_DELIM-0x2f_THAILAND_DELIM-0x2f_2011_DELIM-0x2f_00923_DELIM-0x2f_11 (identical to DENV3_DELIM-0x2f_THAILAND_DELIM-0x2f_2011_DELIM-0x2f_00507_DELIM-0x2f_11) is ignored but added at the end
NOTE: DENV3_DELIM-0x2f_THAILAND_DELIM-0x2f_2006_DELIM-0x2f_01333_DELIM-0x2f_06 (identical to DENV3_DELIM-0x2f_THAILAND_DELIM-0x2f_2006_DELIM-0x2f_00112_DELIM-0x2f_06) is ignored but added at the end
NOTE: DENV3_DELIM-0x2f_THAILAND_DELIM-0x2f_2006_DELIM-0x2f_00253_DELIM-0x2f_06 (identical to DENV3_DELIM-0x2f_THAILAND_DELIM-0x2f_2006_DELIM-0x2f_00112_DELIM-0x2f_06) is ignored but added at the end
NOTE: DENV3_DELIM-0x2f_THAILAND_DELIM-0x2f_2006_DELIM-0x2f_02384_DELIM-0x2f_06 (identical to DENV3_DELIM-0x2f_THAILAND_DELIM-0x2f_2006_DELIM-0x2f_00112_DELIM-0x2f_06) is ignored but added at the end
NOTE: DENV3_DELIM-0x2f_THAILAND_DELIM-0x2f_2002_DELIM-0x2f_00669_DELIM-0x2f_02 (identical to DENV3_DELIM-0x2f_THAILAND_DELIM-0x2f_2006_DELIM-0x2f_00112_DELIM-0x2f_06) is ignored but added at the end
NOTE: DENV3_DELIM-0x2f_THAILAND_DELIM-0x2f_2006_DELIM-0x2f_02341_DELIM-0x2f_06 (identical to DENV3_DELIM-0x2f_THAILAND_DELIM-0x2f_2006_DELIM-0x2f_00112_DELIM-0x2f_06) is ignored but added at the end
NOTE: DENV3_DELIM-0x2f_THAILAND_DELIM-0x2f_1999_DELIM-0x2f_05379_DELIM-0x2f_99 (identical to DENV3_DELIM-0x2f_THAILAND_DELIM-0x2f_2003_DELIM-0x2f_00567_DELIM-0x2f_03) is ignored but added at the end
NOTE: DENV3_DELIM-0x2f_THAILAND_DELIM-0x2f_2004_DELIM-0x2f_01144_DELIM-0x2f_04 (identical to DENV3_DELIM-0x2f_THAILAND_DELIM-0x2f_2003_DELIM-0x2f_00567_DELIM-0x2f_03) is ignored but added at the end
NOTE: DENV3_DELIM-0x2f_THAILAND_DELIM-0x2f_2006_DELIM-0x2f_00583_DELIM-0x2f_06 (identical to DENV3_DELIM-0x2f_THAILAND_DELIM-0x2f_2006_DELIM-0x2f_00156_DELIM-0x2f_06) is ignored but added at the end
NOTE: DENV3_DELIM-0x2f_THAILAND_DELIM-0x2f_2005_DELIM-0x2f_00846_DELIM-0x2f_05 (identical to DENV3_DELIM-0x2f_THAILAND_DELIM-0x2f_2006_DELIM-0x2f_00156_DELIM-0x2f_06) is ignored but added at the end
NOTE: DENV3_DELIM-0x2f_THAILAND_DELIM-0x2f_2005_DELIM-0x2f_01404_DELIM-0x2f_05 (identical to DENV3_DELIM-0x2f_THAILAND_DELIM-0x2f_2006_DELIM-0x2f_00156_DELIM-0x2f_06) is ignored but added at the end
NOTE: DENV3_DELIM-0x2f_THAILAND_DELIM-0x2f_2005_DELIM-0x2f_00980_DELIM-0x2f_05 (identical to DENV3_DELIM-0x2f_THAILAND_DELIM-0x2f_2006_DELIM-0x2f_00156_DELIM-0x2f_06) is ignored but added at the end
NOTE: DENV3_DELIM-0x2f_THAILAND_DELIM-0x2f_2005_DELIM-0x2f_01569_DELIM-0x2f_05 (identical to DENV3_DELIM-0x2f_THAILAND_DELIM-0x2f_2006_DELIM-0x2f_00156_DELIM-0x2f_06) is ignored but added at the end
NOTE: DENV3_DELIM-0x2f_THAILAND_DELIM-0x2f_2005_DELIM-0x2f_00872_DELIM-0x2f_05 (identical to DENV3_DELIM-0x2f_THAILAND_DELIM-0x2f_2006_DELIM-0x2f_00156_DELIM-0x2f_06) is ignored but added at the end
NOTE: DENV3_DELIM-0x2f_THAILAND_DELIM-0x2f_2001_DELIM-0x2f_06117_DELIM-0x2f_01 (identical to DENV3_DELIM-0x2f_THAILAND_DELIM-0x2f_2006_DELIM-0x2f_00156_DELIM-0x2f_06) is ignored but added at the end
NOTE: DENV3_DELIM-0x2f_THAILAND_DELIM-0x2f_2005_DELIM-0x2f_01565_DELIM-0x2f_05 (identical to DENV3_DELIM-0x2f_THAILAND_DELIM-0x2f_2006_DELIM-0x2f_00156_DELIM-0x2f_06) is ignored but added at the end
NOTE: DENV3_DELIM-0x2f_THAILAND_DELIM-0x2f_2004_DELIM-0x2f_01393_DELIM-0x2f_04 (identical to DENV3_DELIM-0x2f_THAILAND_DELIM-0x2f_2006_DELIM-0x2f_00156_DELIM-0x2f_06) is ignored but added at the end
NOTE: DENV3_DELIM-0x2f_THAILAND_DELIM-0x2f_2006_DELIM-0x2f_02292_DELIM-0x2f_06 (identical to DENV3_DELIM-0x2f_THAILAND_DELIM-0x2f_2006_DELIM-0x2f_00618_DELIM-0x2f_06) is ignored but added at the end
NOTE: DENV3_DELIM-0x2f_THAILAND_DELIM-0x2f_2006_DELIM-0x2f_02277_DELIM-0x2f_06 (identical to DENV3_DELIM-0x2f_THAILAND_DELIM-0x2f_2006_DELIM-0x2f_00618_DELIM-0x2f_06) is ignored but added at the end
NOTE: DENV3_DELIM-0x2f_THAILAND_DELIM-0x2f_2006_DELIM-0x2f_01285_DELIM-0x2f_06 (identical to DENV3_DELIM-0x2f_THAILAND_DELIM-0x2f_2006_DELIM-0x2f_00633_DELIM-0x2f_06) is ignored but added at the end
NOTE: DENV3_DELIM-0x2f_THAILAND_DELIM-0x2f_2006_DELIM-0x2f_01375_DELIM-0x2f_06 (identical to DENV3_DELIM-0x2f_THAILAND_DELIM-0x2f_2006_DELIM-0x2f_00633_DELIM-0x2f_06) is ignored but added at the end
NOTE: DENV3_DELIM-0x2f_THAILAND_DELIM-0x2f_2006_DELIM-0x2f_00778_DELIM-0x2f_06 (identical to DENV3_DELIM-0x2f_THAILAND_DELIM-0x2f_2006_DELIM-0x2f_00633_DELIM-0x2f_06) is ignored but added at the end
NOTE: DENV3_DELIM-0x2f_THAILAND_DELIM-0x2f_2006_DELIM-0x2f_00819_DELIM-0x2f_06 (identical to DENV3_DELIM-0x2f_THAILAND_DELIM-0x2f_2006_DELIM-0x2f_00633_DELIM-0x2f_06) is ignored but added at the end
NOTE: DENV3_DELIM-0x2f_THAILAND_DELIM-0x2f_2006_DELIM-0x2f_01262_DELIM-0x2f_06 (identical to DENV3_DELIM-0x2f_THAILAND_DELIM-0x2f_2006_DELIM-0x2f_00633_DELIM-0x2f_06) is ignored but added at the end
NOTE: DENV3_DELIM-0x2f_THAILAND_DELIM-0x2f_2006_DELIM-0x2f_01284_DELIM-0x2f_06 (identical to DENV3_DELIM-0x2f_THAILAND_DELIM-0x2f_2006_DELIM-0x2f_00633_DELIM-0x2f_06) is ignored but added at the end
NOTE: DENV3_DELIM-0x2f_THAILAND_DELIM-0x2f_1998_DELIM-0x2f_06068_DELIM-0x2f_98 (identical to DENV3_DELIM-0x2f_THAILAND_DELIM-0x2f_2006_DELIM-0x2f_00633_DELIM-0x2f_06) is ignored but added at the end
NOTE: DENV3_DELIM-0x2f_THAILAND_DELIM-0x2f_2006_DELIM-0x2f_01372_DELIM-0x2f_06 (identical to DENV3_DELIM-0x2f_THAILAND_DELIM-0x2f_2006_DELIM-0x2f_00633_DELIM-0x2f_06) is ignored but added at the end
NOTE: DENV3_DELIM-0x2f_THAILAND_DELIM-0x2f_2006_DELIM-0x2f_01933_DELIM-0x2f_06 (identical to DENV3_DELIM-0x2f_THAILAND_DELIM-0x2f_2006_DELIM-0x2f_00633_DELIM-0x2f_06) is ignored but added at the end
NOTE: DENV3_DELIM-0x2f_THAILAND_DELIM-0x2f_1998_DELIM-0x2f_04946_DELIM-0x2f_98 (identical to DENV3_DELIM-0x2f_THAILAND_DELIM-0x2f_2006_DELIM-0x2f_00633_DELIM-0x2f_06) is ignored but added at the end
NOTE: DENV3_DELIM-0x2f_THAILAND_DELIM-0x2f_2006_DELIM-0x2f_02704_DELIM-0x2f_06 (identical to DENV3_DELIM-0x2f_THAILAND_DELIM-0x2f_2006_DELIM-0x2f_00633_DELIM-0x2f_06) is ignored but added at the end
NOTE: DENV3_DELIM-0x2f_THAILAND_DELIM-0x2f_2006_DELIM-0x2f_01369_DELIM-0x2f_06 (identical to DENV3_DELIM-0x2f_THAILAND_DELIM-0x2f_2006_DELIM-0x2f_00831_DELIM-0x2f_06) is ignored but added at the end
Alignment was printed to ../resources/experimental_data/cropped/E_DENV3-delim.fasta.uniqueseq.phy

For your convenience alignment with unique sequences printed to ../resources/experimental_data/cropped/E_DENV3-delim.fasta.uniqueseq.phy

Create initial parsimony tree by phylogenetic likelihood library (PLL)... 0.035 seconds

NOTE: 29 MB RAM (0 GB) is required!
Measuring multi-threading efficiency up to 16 CPU cores
Increase to 10 rounds for branch lengths
83 trees examined
Threads: 1 / Time: 16.101 sec / Speedup: 1.000 / Efficiency: 100% / LogL: -48472
Threads: 2 / Time: 10.046 sec / Speedup: 1.603 / Efficiency: 80% / LogL: -48472
Threads: 3 / Time: 8.447 sec / Speedup: 1.906 / Efficiency: 64% / LogL: -48472
Threads: 4 / Time: 7.644 sec / Speedup: 2.106 / Efficiency: 53% / LogL: -48472
Threads: 5 / Time: 7.204 sec / Speedup: 2.235 / Efficiency: 45% / LogL: -48472
Determining AUTO threadcount: done in 49.4459 secs using 254.3% CPU
BEST NUMBER OF THREADS: 4

Estimate model parameters (epsilon = 0.500)
1. Initial log-likelihood: -12950.943
2. Current log-likelihood: -11562.197
3. Current log-likelihood: -11466.030
4. Current log-likelihood: -11465.042
Optimal log-likelihood: -11464.956
Rate parameters:  A-C: 0.74118  A-G: 16.36297  A-T: 2.40058  C-G: 0.53276  C-T: 52.27136  G-T: 1.00000
Base frequencies:  A: 0.313  C: 0.195  G: 0.273  T: 0.220
Gamma shape alpha: 0.273
Parameters optimization took 4 rounds (0.502 sec)
Wrote distance file to... 
Computing ML distances based on estimated model parameters...
Calculating distance matrix: done in 0.0981636 secs using 399.3% CPU
Computing ML distances took 0.098523 sec (of wall-clock time) 0.395282 sec (of CPU time)
Setting up auxiliary I and S matrices: done in 0.000802646 secs using 495.4% CPU
Constructing RapidNJ tree: done in 0.0714332 secs using 172.1% CPU
Computing RapidNJ tree took 0.072316 sec (of wall-clock time) 0.127173 sec (of CPU time)
Log-likelihood of RapidNJ tree: -11514.199
--------------------------------------------------------------------
|             INITIALIZING CANDIDATE TREE SET                      |
--------------------------------------------------------------------

Do NNI search on 2 best initial trees
Optimizing NNI: done in 0.148541 secs using 390.5% CPU
Estimate model parameters (epsilon = 0.500)
BETTER TREE FOUND at iteration 1: -11450.307
Optimizing NNI: done in 0.188768 secs using 392.1% CPU
Finish initializing candidate tree set (4)
Current best tree score: -11450.307 / CPU time: 0.407
Number of iterations: 2
TREE SEARCH COMPLETED AFTER 2 ITERATIONS / Time: 0h:0m:50s

--------------------------------------------------------------------
|                    FINALIZING TREE SEARCH                        |
--------------------------------------------------------------------
Performs final model parameters optimization
Estimate model parameters (epsilon = 0.050)
1. Initial log-likelihood: -11450.307
Optimal log-likelihood: -11450.303
Rate parameters:  A-C: 0.73777  A-G: 16.47862  A-T: 2.33948  C-G: 0.53422  C-T: 52.23682  G-T: 1.00000
Base frequencies:  A: 0.313  C: 0.195  G: 0.273  T: 0.220
Gamma shape alpha: 0.272
Parameters optimization took 1 rounds (0.041 sec)
BEST SCORE FOUND : -11450.303
Total tree length: 0.950

Total number of iterations: 2
CPU time used for tree search: 1.600 sec (0h:0m:1s)
Wall-clock time used for tree search: 0.407 sec (0h:0m:0s)
Total CPU time used: 130.475 sec (0h:2m:10s)
Total wall-clock time used: 50.711 sec (0h:0m:50s)

Analysis results written to: 
  IQ-TREE report:                ../resources/experimental_data/cropped/E_DENV3-delim.fasta.iqtree
  Maximum-likelihood tree:       ../resources/experimental_data/cropped/E_DENV3-delim.fasta.treefile
  Likelihood distances:          ../resources/experimental_data/cropped/E_DENV3-delim.fasta.mldist
  Screen log file:               ../resources/experimental_data/cropped/E_DENV3-delim.fasta.log

Date and Time: Wed Jul 15 14:24:39 2026
