IQ-TREE version 3.0.1 for Linux x86 64-bit built Jul  9 2025
Developed by Bui Quang Minh, Thomas Wong, Nhan Ly-Trong, Huaiyan Ren
Contributed by Lam-Tung Nguyen, Dominik Schrempf, Chris Bielow,
Olga Chernomor, Michael Woodhams, Diep Thi Hoang, Heiko Schmidt

Host:    dirreno-B650-AORUS-ELITE-AX (AVX512, FMA3, 30 GB RAM)
Command: iqtree3 --threads-max 16 -s ../resources/colombia_data/cropped/align_DENV4-delim.fasta -m GTR+G --ninit 2 -n 2 --epsilon 0.05 -T AUTO --redo
Seed:    105806 (Using SPRNG - Scalable Parallel Random Number Generator)
Time:    Sun May  3 23:00:51 2026
Kernel:  AVX+FMA - auto-detect threads (16 CPU cores detected)

Reading alignment file ../resources/colombia_data/cropped/align_DENV4-delim.fasta ... Fasta format detected
Reading fasta file: done in 0.000545306 secs using 56.85% CPU
Alignment most likely contains DNA/RNA sequences
Constructing alignment: done in 0.000997075 secs using 1311% CPU
Alignment has 54 sequences with 1485 columns, 179 distinct patterns
195 parsimony-informative, 39 singleton sites, 1251 constant sites
                                                                                Gap/Ambiguity  Composition  p-value
Analyzing sequences: done in 6.202e-06 secs using 80.62% CPU
   1  hDenV4_DELIM-0x2f_Colombia_DELIM-0x2f_un-WRAIR-00001_DELIM-0x2f_1982              0.00%    passed     94.65%
   2  hDenV4_DELIM-0x2f_Colombia_DELIM-0x2f_un-ICGEB-360_DELIM-0x2f_1982                0.00%    passed     98.73%
   3  DenV4_DELIM-0x2f_un_DELIM-0x2f_Colombia_DELIM-0x2f_un-WU-00001_DELIM-0x2f_1982    0.07%    passed     98.17%
   4  hDenV4_DELIM-0x2f_Colombia_DELIM-0x2f_un-Yale-DH129_DELIM-0x2f_1988               0.07%    passed     89.22%
   5  hDenV4_DELIM-0x2f_Colombia_DELIM-0x2f_SAN-BROAD-0000044_DELIM-0x2f_1997           0.00%    passed     97.68%
   6  hDenV4_DELIM-0x2f_Colombia_DELIM-0x2f_un-CDC-039_DELIM-0x2f_2006                  0.00%    passed     97.68%
   7  DenV4_DELIM-0x2f_un_DELIM-0x2f_Colombia_DELIM-0x2f_CSU-371813_DELIM-0x2f_1996     0.00%    passed     99.53%
   8  hDenV4_DELIM-0x2f_Colombia_DELIM-0x2f_un-OUCRU-401211_DELIM-0x2f_2013             0.00%    passed     98.48%
   9  hDenV4_DELIM-0x2f_Colombia_DELIM-0x2f_un-OUCRU-594_DELIM-0x2f_2013                0.00%    passed     98.48%
  10  hDenV4_DELIM-0x2f_Colombia_DELIM-0x2f_un-OUCRU-401213_DELIM-0x2f_2013             0.00%    passed     99.97%
  11  hDenV4_DELIM-0x2f_Colombia_DELIM-0x2f_un-OUCRU-595_DELIM-0x2f_2013                0.00%    passed     99.97%
  12  hDenV4_DELIM-0x2f_Colombia_DELIM-0x2f_SAN-UIS-0000042_DELIM-0x2f_2016             0.00%    passed     99.54%
  13  hDenV4_DELIM-0x2f_Colombia_DELIM-0x2f_SAN-UR-F14100091_DELIM-0x2f_2014            0.00%    passed     99.51%
  14  hDenV4_DELIM-0x2f_Colombia_DELIM-0x2f_SAN-UR-P202090076_DELIM-0x2f_2015           0.00%    passed     99.51%
  15  hDenV4_DELIM-0x2f_Colombia_DELIM-0x2f_SAN-UR-P200120105_DELIM-0x2f_2015           0.00%    passed     99.51%
  16  hDenV4_DELIM-0x2f_Colombia_DELIM-0x2f_CES-UR-P201080317_DELIM-0x2f_2015           0.00%    passed     99.51%
  17  hDenV4_DELIM-0x2f_Colombia_DELIM-0x2f_un-INS-480579_DELIM-0x2f_2016               0.00%    passed     99.94%
  18  hDenV4_DELIM-0x2f_Colombia_DELIM-0x2f_un-OUCRU-401215_DELIM-0x2f_2013             0.00%    passed     99.83%
  19  hDenV4_DELIM-0x2f_Colombia_DELIM-0x2f_un-OUCRU-596_DELIM-0x2f_2013                0.00%    passed     99.83%
  20  hDenV4_DELIM-0x2f_Colombia_DELIM-0x2f_NSA-BROAD-0000022_DELIM-0x2f_2005           0.00%    passed    100.00%
  21  hDenV4_DELIM-0x2f_Colombia_DELIM-0x2f_SAN-UIS-0000021_DELIM-0x2f_2004             0.00%    passed    100.00%
  22  hDenV4_DELIM-0x2f_Colombia_DELIM-0x2f_SAN-UIS-0000025_DELIM-0x2f_2004             0.00%    passed    100.00%
  23  hDenV4_DELIM-0x2f_Colombia_DELIM-0x2f_SAN-UR-LV141010_DELIM-0x2f_2010             0.00%    passed     99.73%
  24  hDenV4_DELIM-0x2f_Colombia_DELIM-0x2f_SAN-UR-LV141007_DELIM-0x2f_2010             0.00%    passed     99.73%
  25  hDenV4_DELIM-0x2f_Colombia_DELIM-0x2f_SAN-UR-LV111117_DELIM-0x2f_2014             0.00%    passed     99.73%
  26  hDenV4_DELIM-0x2f_Colombia_DELIM-0x2f_SAN-UR-LV121101_DELIM-0x2f_2010             0.00%    passed     99.73%
  27  hDenV4_DELIM-0x2f_Colombia_DELIM-0x2f_SAN-UR-LV141021_DELIM-0x2f_2010             0.00%    passed     99.78%
  28  hDenV4_DELIM-0x2f_Colombia_DELIM-0x2f_SAN-UR-LV192075_DELIM-0x2f_2009             0.00%    passed     99.78%
  29  hDenV4_DELIM-0x2f_Colombia_DELIM-0x2f_SAN-UR-LV122006_DELIM-0x2f_2009             0.00%    passed     99.78%
  30  hDenV4_DELIM-0x2f_Colombia_DELIM-0x2f_SAN-BROAD-0000047_DELIM-0x2f_2004           0.00%    passed     99.94%
  31  hDenV4_DELIM-0x2f_Colombia_DELIM-0x2f_SAN-BROAD-0000051_DELIM-0x2f_2004           0.00%    passed     99.92%
  32  hDenV4_DELIM-0x2f_Colombia_DELIM-0x2f_NSA-UIS-0000004_DELIM-0x2f_2005             0.00%    passed     99.94%
  33  hDenV4_DELIM-0x2f_Colombia_DELIM-0x2f_SAN-UIS-0000023_DELIM-0x2f_2000             0.00%    passed     99.92%
  34  hDenV4_DELIM-0x2f_Colombia_DELIM-0x2f_NSA-UIS-0000003_DELIM-0x2f_2005             0.00%    passed     99.99%
  35  hDenV4_DELIM-0x2f_Colombia_DELIM-0x2f_CUN-UEB-032_DELIM-0x2f_2014                 0.00%    passed     99.31%
  36  hDenV4_DELIM-0x2f_Colombia_DELIM-0x2f_ANT-UDS-0732600_DELIM-0x2f_2013             0.00%    passed     99.37%
  37  hDenV4_DELIM-0x2f_Colombia_DELIM-0x2f_ANT-UDS-0678597_DELIM-0x2f_2013             0.00%    passed     99.60%
  38  hDenV4_DELIM-0x2f_Colombia_DELIM-0x2f_ANT-UDS-0676596_DELIM-0x2f_2013             0.00%    passed     99.60%
  39  hDenV4_DELIM-0x2f_Colombia_DELIM-0x2f_ANT-UDS-0179595_DELIM-0x2f_2013             0.00%    passed     99.60%
  40  hDenV4_DELIM-0x2f_Colombia_DELIM-0x2f_ANT-UDS-0681598_DELIM-0x2f_2013            32.86%    passed     88.38%
  41  hDenV4_DELIM-0x2f_Colombia_DELIM-0x2f_ANT-UDS-0728599_DELIM-0x2f_2013            29.23%    passed     87.37%
  42  hDenV4_DELIM-0x2f_Colombia_DELIM-0x2f_ANT-UDS-1723601_DELIM-0x2f_2013             0.00%    passed     99.73%
  43  hDenV4_DELIM-0x2f_Colombia_DELIM-0x2f_SAN-BROAD-0000056_DELIM-0x2f_2001           0.00%    passed     99.40%
  44  hDenV4_DELIM-0x2f_Colombia_DELIM-0x2f_SAN-BROAD-0000039_DELIM-0x2f_2001           0.00%    passed     99.40%
  45  hDenV4_DELIM-0x2f_Colombia_DELIM-0x2f_SAN-BROAD-0000028_DELIM-0x2f_2001           0.00%    passed     99.40%
  46  hDenV4_DELIM-0x2f_Colombia_DELIM-0x2f_SAN-BROAD-0000027_DELIM-0x2f_2001           0.00%    passed     99.14%
  47  hDenV4_DELIM-0x2f_Colombia_DELIM-0x2f_SAN-UIS-0000022_DELIM-0x2f_2001             0.00%    passed     99.40%
  48  hDenV4_DELIM-0x2f_Colombia_DELIM-0x2f_SAN-UIS-0000024_DELIM-0x2f_2004             0.00%    passed     99.40%
  49  hDenV4_DELIM-0x2f_Colombia_DELIM-0x2f_SAN-UIS-0000027_DELIM-0x2f_2001             0.00%    passed     99.14%
  50  hDenV4_DELIM-0x2f_Colombia_DELIM-0x2f_SAN-UIS-0000026_DELIM-0x2f_2001             0.00%    passed     98.80%
  51  hDenV4_DELIM-0x2f_Colombia_DELIM-0x2f_VAC-LSPVAC-2401630_DELIM-0x2f_2024          0.00%    passed     99.92%
  52  hDenV4_DELIM-0x2f_Colombia_DELIM-0x2f_VAC-LSPVAC-2403871_DELIM-0x2f_2024          0.00%    passed     96.72%
  53  hDenV4_DELIM-0x2f_Colombia_DELIM-0x2f_SAN-UIS-0000035_DELIM-0x2f_2015             0.00%    passed     99.00%
  54  hDenV4_DELIM-0x2f_Colombia_DELIM-0x2f_SAN-UIS-0000039_DELIM-0x2f_2016             0.00%    passed     99.00%
****  TOTAL                                                                             1.15%  0 sequences failed composition chi2 test (p-value<5%; df=3)
NOTE: hDenV4_DELIM-0x2f_Colombia_DELIM-0x2f_un-CDC-039_DELIM-0x2f_2006 is identical to hDenV4_DELIM-0x2f_Colombia_DELIM-0x2f_SAN-BROAD-0000044_DELIM-0x2f_1997 but kept for subsequent analysis
NOTE: hDenV4_DELIM-0x2f_Colombia_DELIM-0x2f_un-OUCRU-594_DELIM-0x2f_2013 is identical to hDenV4_DELIM-0x2f_Colombia_DELIM-0x2f_un-OUCRU-401211_DELIM-0x2f_2013 but kept for subsequent analysis
NOTE: hDenV4_DELIM-0x2f_Colombia_DELIM-0x2f_un-OUCRU-595_DELIM-0x2f_2013 is identical to hDenV4_DELIM-0x2f_Colombia_DELIM-0x2f_un-OUCRU-401213_DELIM-0x2f_2013 but kept for subsequent analysis
NOTE: hDenV4_DELIM-0x2f_Colombia_DELIM-0x2f_SAN-UR-P202090076_DELIM-0x2f_2015 is identical to hDenV4_DELIM-0x2f_Colombia_DELIM-0x2f_SAN-UR-F14100091_DELIM-0x2f_2014 but kept for subsequent analysis
NOTE: hDenV4_DELIM-0x2f_Colombia_DELIM-0x2f_un-OUCRU-596_DELIM-0x2f_2013 is identical to hDenV4_DELIM-0x2f_Colombia_DELIM-0x2f_un-OUCRU-401215_DELIM-0x2f_2013 but kept for subsequent analysis
NOTE: hDenV4_DELIM-0x2f_Colombia_DELIM-0x2f_SAN-UIS-0000021_DELIM-0x2f_2004 is identical to hDenV4_DELIM-0x2f_Colombia_DELIM-0x2f_NSA-BROAD-0000022_DELIM-0x2f_2005 but kept for subsequent analysis
NOTE: hDenV4_DELIM-0x2f_Colombia_DELIM-0x2f_SAN-UR-LV141007_DELIM-0x2f_2010 is identical to hDenV4_DELIM-0x2f_Colombia_DELIM-0x2f_SAN-UR-LV141010_DELIM-0x2f_2010 but kept for subsequent analysis
NOTE: hDenV4_DELIM-0x2f_Colombia_DELIM-0x2f_SAN-UR-LV192075_DELIM-0x2f_2009 is identical to hDenV4_DELIM-0x2f_Colombia_DELIM-0x2f_SAN-UR-LV141021_DELIM-0x2f_2010 but kept for subsequent analysis
NOTE: hDenV4_DELIM-0x2f_Colombia_DELIM-0x2f_NSA-UIS-0000004_DELIM-0x2f_2005 is identical to hDenV4_DELIM-0x2f_Colombia_DELIM-0x2f_SAN-BROAD-0000047_DELIM-0x2f_2004 but kept for subsequent analysis
NOTE: hDenV4_DELIM-0x2f_Colombia_DELIM-0x2f_SAN-UIS-0000023_DELIM-0x2f_2000 is identical to hDenV4_DELIM-0x2f_Colombia_DELIM-0x2f_SAN-BROAD-0000051_DELIM-0x2f_2004 but kept for subsequent analysis
NOTE: hDenV4_DELIM-0x2f_Colombia_DELIM-0x2f_ANT-UDS-0676596_DELIM-0x2f_2013 is identical to hDenV4_DELIM-0x2f_Colombia_DELIM-0x2f_ANT-UDS-0678597_DELIM-0x2f_2013 but kept for subsequent analysis
NOTE: hDenV4_DELIM-0x2f_Colombia_DELIM-0x2f_SAN-BROAD-0000039_DELIM-0x2f_2001 is identical to hDenV4_DELIM-0x2f_Colombia_DELIM-0x2f_SAN-BROAD-0000056_DELIM-0x2f_2001 but kept for subsequent analysis
NOTE: hDenV4_DELIM-0x2f_Colombia_DELIM-0x2f_SAN-UIS-0000027_DELIM-0x2f_2001 is identical to hDenV4_DELIM-0x2f_Colombia_DELIM-0x2f_SAN-BROAD-0000027_DELIM-0x2f_2001 but kept for subsequent analysis
NOTE: hDenV4_DELIM-0x2f_Colombia_DELIM-0x2f_SAN-UIS-0000039_DELIM-0x2f_2016 is identical to hDenV4_DELIM-0x2f_Colombia_DELIM-0x2f_SAN-UIS-0000035_DELIM-0x2f_2015 but kept for subsequent analysis
Checking for duplicate sequences: done in 0.000141139 secs using 152.3% CPU
Identifying sites to remove: done in 0.000358091 secs using 99.7% CPU
NOTE: 10 identical sequences (see below) will be ignored for subsequent analysis
NOTE: hDenV4_DELIM-0x2f_Colombia_DELIM-0x2f_SAN-UR-P200120105_DELIM-0x2f_2015 (identical to hDenV4_DELIM-0x2f_Colombia_DELIM-0x2f_SAN-UR-F14100091_DELIM-0x2f_2014) is ignored but added at the end
NOTE: hDenV4_DELIM-0x2f_Colombia_DELIM-0x2f_CES-UR-P201080317_DELIM-0x2f_2015 (identical to hDenV4_DELIM-0x2f_Colombia_DELIM-0x2f_SAN-UR-F14100091_DELIM-0x2f_2014) is ignored but added at the end
NOTE: hDenV4_DELIM-0x2f_Colombia_DELIM-0x2f_SAN-UIS-0000025_DELIM-0x2f_2004 (identical to hDenV4_DELIM-0x2f_Colombia_DELIM-0x2f_NSA-BROAD-0000022_DELIM-0x2f_2005) is ignored but added at the end
NOTE: hDenV4_DELIM-0x2f_Colombia_DELIM-0x2f_SAN-UR-LV111117_DELIM-0x2f_2014 (identical to hDenV4_DELIM-0x2f_Colombia_DELIM-0x2f_SAN-UR-LV141010_DELIM-0x2f_2010) is ignored but added at the end
NOTE: hDenV4_DELIM-0x2f_Colombia_DELIM-0x2f_SAN-UR-LV121101_DELIM-0x2f_2010 (identical to hDenV4_DELIM-0x2f_Colombia_DELIM-0x2f_SAN-UR-LV141010_DELIM-0x2f_2010) is ignored but added at the end
NOTE: hDenV4_DELIM-0x2f_Colombia_DELIM-0x2f_SAN-UR-LV122006_DELIM-0x2f_2009 (identical to hDenV4_DELIM-0x2f_Colombia_DELIM-0x2f_SAN-UR-LV141021_DELIM-0x2f_2010) is ignored but added at the end
NOTE: hDenV4_DELIM-0x2f_Colombia_DELIM-0x2f_ANT-UDS-0179595_DELIM-0x2f_2013 (identical to hDenV4_DELIM-0x2f_Colombia_DELIM-0x2f_ANT-UDS-0678597_DELIM-0x2f_2013) is ignored but added at the end
NOTE: hDenV4_DELIM-0x2f_Colombia_DELIM-0x2f_SAN-BROAD-0000028_DELIM-0x2f_2001 (identical to hDenV4_DELIM-0x2f_Colombia_DELIM-0x2f_SAN-BROAD-0000056_DELIM-0x2f_2001) is ignored but added at the end
NOTE: hDenV4_DELIM-0x2f_Colombia_DELIM-0x2f_SAN-UIS-0000022_DELIM-0x2f_2001 (identical to hDenV4_DELIM-0x2f_Colombia_DELIM-0x2f_SAN-BROAD-0000056_DELIM-0x2f_2001) is ignored but added at the end
NOTE: hDenV4_DELIM-0x2f_Colombia_DELIM-0x2f_SAN-UIS-0000024_DELIM-0x2f_2004 (identical to hDenV4_DELIM-0x2f_Colombia_DELIM-0x2f_SAN-BROAD-0000056_DELIM-0x2f_2001) is ignored but added at the end
Alignment was printed to ../resources/colombia_data/cropped/align_DENV4-delim.fasta.uniqueseq.phy

For your convenience alignment with unique sequences printed to ../resources/colombia_data/cropped/align_DENV4-delim.fasta.uniqueseq.phy

Create initial parsimony tree by phylogenetic likelihood library (PLL)... 0.001 seconds

NOTE: 1 MB RAM (0 GB) is required!
Measuring multi-threading efficiency up to 16 CPU cores
Increase to 10 rounds for branch lengths
3430 trees examined
Threads: 1 / Time: 16.004 sec / Speedup: 1.000 / Efficiency: 100% / LogL: -7253
Threads: 2 / Time: 12.369 sec / Speedup: 1.294 / Efficiency: 65% / LogL: -7253
Threads: 3 / Time: 10.662 sec / Speedup: 1.501 / Efficiency: 50% / LogL: -7253
Threads: 4 / Time: 10.550 sec / Speedup: 1.517 / Efficiency: 38% / LogL: -7253
Determining AUTO threadcount: done in 49.5848 secs using 223.9% CPU
BEST NUMBER OF THREADS: 3

Estimate model parameters (epsilon = 0.500)
1. Initial log-likelihood: -4112.322
2. Current log-likelihood: -3875.438
3. Current log-likelihood: -3836.846
Optimal log-likelihood: -3836.689
Rate parameters:  A-C: 0.66967  A-G: 10.25412  A-T: 1.04128  C-G: 0.40420  C-T: 32.16928  G-T: 1.00000
Base frequencies:  A: 0.306  C: 0.190  G: 0.273  T: 0.231
Gamma shape alpha: 0.304
Parameters optimization took 3 rounds (0.023 sec)
Wrote distance file to... 
Computing ML distances based on estimated model parameters...
Calculating distance matrix: done in 0.00163522 secs using 409% CPU
Computing ML distances took 0.001657 sec (of wall-clock time) 0.006710 sec (of CPU time)
Setting up auxiliary I and S matrices: done in 0.000121311 secs using 254.7% CPU
Constructing RapidNJ tree: done in 0.00320022 secs using 183.5% CPU
Computing RapidNJ tree took 0.003352 sec (of wall-clock time) 0.006261 sec (of CPU time)
Log-likelihood of RapidNJ tree: -3838.386
--------------------------------------------------------------------
|             INITIALIZING CANDIDATE TREE SET                      |
--------------------------------------------------------------------

Do NNI search on 2 best initial trees
Optimizing NNI: done in 0.00323065 secs using 347.6% CPU
BETTER TREE FOUND at iteration 1: -3836.689
Optimizing NNI: done in 0.00487628 secs using 244.3% CPU
Finish initializing candidate tree set (4)
Current best tree score: -3836.689 / CPU time: 0.009
Number of iterations: 2
TREE SEARCH COMPLETED AFTER 2 ITERATIONS / Time: 0h:0m:49s

--------------------------------------------------------------------
|                    FINALIZING TREE SEARCH                        |
--------------------------------------------------------------------
Performs final model parameters optimization
Estimate model parameters (epsilon = 0.050)
1. Initial log-likelihood: -3836.689
Optimal log-likelihood: -3836.688
Rate parameters:  A-C: 0.68096  A-G: 10.25222  A-T: 1.03217  C-G: 0.39990  C-T: 32.17006  G-T: 1.00000
Base frequencies:  A: 0.306  C: 0.190  G: 0.273  T: 0.231
Gamma shape alpha: 0.304
Parameters optimization took 1 rounds (0.002 sec)
BEST SCORE FOUND : -3836.688
Total tree length: 0.224

Total number of iterations: 2
CPU time used for tree search: 0.024 sec (0h:0m:0s)
Wall-clock time used for tree search: 0.009 sec (0h:0m:0s)
Total CPU time used: 111.226 sec (0h:1m:51s)
Total wall-clock time used: 49.633 sec (0h:0m:49s)

Analysis results written to: 
  IQ-TREE report:                ../resources/colombia_data/cropped/align_DENV4-delim.fasta.iqtree
  Maximum-likelihood tree:       ../resources/colombia_data/cropped/align_DENV4-delim.fasta.treefile
  Likelihood distances:          ../resources/colombia_data/cropped/align_DENV4-delim.fasta.mldist
  Screen log file:               ../resources/colombia_data/cropped/align_DENV4-delim.fasta.log

Date and Time: Sun May  3 23:01:40 2026
