IQ-TREE version 3.0.1 for Linux x86 64-bit built Jul  9 2025
Developed by Bui Quang Minh, Thomas Wong, Nhan Ly-Trong, Huaiyan Ren
Contributed by Lam-Tung Nguyen, Dominik Schrempf, Chris Bielow,
Olga Chernomor, Michael Woodhams, Diep Thi Hoang, Heiko Schmidt

Host:    dirreno-B650-AORUS-ELITE-AX (AVX512, FMA3, 30 GB RAM)
Command: iqtree3 --threads-max 16 -s ../resources/colombia_data/cropped/align_DENV3-delim.fasta -m GTR+G --ninit 2 -n 2 --epsilon 0.05 -T AUTO --redo
Seed:    585718 (Using SPRNG - Scalable Parallel Random Number Generator)
Time:    Sun May  3 22:59:46 2026
Kernel:  AVX+FMA - auto-detect threads (16 CPU cores detected)

Reading alignment file ../resources/colombia_data/cropped/align_DENV3-delim.fasta ... Fasta format detected
Reading fasta file: done in 0.00244386 secs using 43.7% CPU
Alignment most likely contains DNA/RNA sequences
Constructing alignment: done in 0.00214598 secs using 1224% CPU
Alignment has 242 sequences with 1479 columns, 388 distinct patterns
248 parsimony-informative, 134 singleton sites, 1097 constant sites
                                                                                    Gap/Ambiguity  Composition  p-value
Analyzing sequences: done in 0.00216144 secs using 1374% CPU
   1  hDenV3_DELIM-0x2f_Colombia_DELIM-0x2f_un-OUCRU-30121_DELIM-0x2f_2012                  0.00%    passed     99.67%
   2  hDenV3_DELIM-0x2f_Colombia_DELIM-0x2f_un-OUCRU-603_DELIM-0x2f_2012                    0.00%    passed     99.67%
   3  hDenV3_DELIM-0x2f_Colombia_DELIM-0x2f_un-OUCRU-0000108_DELIM-0x2f_2012                0.00%    passed     99.48%
   4  hDenV3_DELIM-0x2f_Colombia_DELIM-0x2f_un-OUCRU-0000112_DELIM-0x2f_2013                0.00%    passed     99.76%
   5  hDenV3_DELIM-0x2f_Colombia_DELIM-0x2f_un-OUCRU-0000059_DELIM-0x2f_2013                0.00%    passed     99.86%
   6  hDenV3_DELIM-0x2f_Colombia_DELIM-0x2f_un-OUCRU-0000057_DELIM-0x2f_2013                0.00%    passed     99.45%
   7  hDenV3_DELIM-0x2f_Colombia_DELIM-0x2f_NSA-UIDS-562_DELIM-0x2f_2015                    0.00%    passed     99.96%
   8  hDenV3_DELIM-0x2f_Colombia_DELIM-0x2f_NSA-UIDS-563_DELIM-0x2f_2014                    0.00%    passed     99.99%
   9  hDenV3_DELIM-0x2f_Colombia_DELIM-0x2f_un-OUCRU-0000110_DELIM-0x2f_2013                0.00%    passed     99.62%
  10  hDenV3_DELIM-0x2f_Colombia_DELIM-0x2f_un-OUCRU-0000111_DELIM-0x2f_2013                0.00%    passed     99.49%
  11  hDenV3_DELIM-0x2f_Colombia_DELIM-0x2f_un-OUCRU-0000054_DELIM-0x2f_2013                0.00%    passed     99.37%
  12  hDenV3_DELIM-0x2f_Colombia_DELIM-0x2f_un-OUCRU-0000056_DELIM-0x2f_2013                0.00%    passed     99.48%
  13  hDenV3_DELIM-0x2f_Colombia_DELIM-0x2f_un-OUCRU-0000055_DELIM-0x2f_2013                0.00%    passed     99.76%
  14  hDenV3_DELIM-0x2f_Colombia_DELIM-0x2f_ANT-UDS-0221590_DELIM-0x2f_2013                 0.00%    passed     99.87%
  15  hDenV3_DELIM-0x2f_Colombia_DELIM-0x2f_ANT-UDS-0690589_DELIM-0x2f_2013                 0.00%    passed     99.62%
  16  hDenV3_DELIM-0x2f_Colombia_DELIM-0x2f_ANT-UDS-0671588_DELIM-0x2f_2012                 0.00%    passed     99.62%
  17  hDenV3_DELIM-0x2f_Colombia_DELIM-0x2f_ANT-UDS-0109587_DELIM-0x2f_2012                 0.00%    passed     99.62%
  18  hDenV3_DELIM-0x2f_Colombia_DELIM-0x2f_ANT-UDS-0757593_DELIM-0x2f_2013                 0.00%    passed     99.81%
  19  hDenV3_DELIM-0x2f_Colombia_DELIM-0x2f_un-CIET-00017_DELIM-0x2f_2007                   0.00%    passed     99.55%
  20  hDenV3_DELIM-0x2f_Colombia_DELIM-0x2f_NSA-UIDS-306_DELIM-0x2f_2009                    0.00%    passed     99.32%
  21  hDenV3_DELIM-0x2f_Colombia_DELIM-0x2f_NSA-UIDS-308_DELIM-0x2f_2009                    0.00%    passed     99.67%
  22  hDenV3_DELIM-0x2f_Colombia_DELIM-0x2f_NSA-UIDS-313_DELIM-0x2f_2010                    0.00%    passed     99.81%
  23  hDenV3_DELIM-0x2f_Colombia_DELIM-0x2f_NSA-UIDS-310_DELIM-0x2f_2010                    0.00%    passed     99.55%
  24  hDenV3_DELIM-0x2f_Colombia_DELIM-0x2f_NSA-UIDS-311_DELIM-0x2f_2010                    0.00%    passed     99.55%
  25  hDenV3_DELIM-0x2f_Colombia_DELIM-0x2f_NSA-UIDS-312_DELIM-0x2f_2010                    0.00%    passed     99.55%
  26  hDenV3_DELIM-0x2f_Colombia_DELIM-0x2f_NSA-UIDS-318_DELIM-0x2f_2010                    0.00%    passed     99.55%
  27  hDenV3_DELIM-0x2f_Colombia_DELIM-0x2f_NSA-UIDS-319_DELIM-0x2f_2010                    0.00%    passed     99.55%
  28  hDenV3_DELIM-0x2f_Colombia_DELIM-0x2f_NSA-UIDS-315_DELIM-0x2f_2010                    0.00%    passed     99.81%
  29  hDenV3_DELIM-0x2f_Colombia_DELIM-0x2f_NSA-UIDS-317_DELIM-0x2f_2010                    0.00%    passed     98.62%
  30  hDenV3_DELIM-0x2f_Colombia_DELIM-0x2f_NSA-UIDS-309_DELIM-0x2f_2010                    0.00%    passed     99.25%
  31  hDenV3_DELIM-0x2f_Colombia_DELIM-0x2f_ANT-UIDS-1080215_DELIM-0x2f_2015                0.00%    passed     99.89%
  32  hDenV3_DELIM-0x2f_Colombia_DELIM-0x2f_NSA-UIDS-291_DELIM-0x2f_2015                    0.00%    passed     99.88%
  33  hDenV3_DELIM-0x2f_Colombia_DELIM-0x2f_SAN-UIS-0000045_DELIM-0x2f_2016                 0.00%    passed     99.89%
  34  hDenV3_DELIM-0x2f_Colombia_DELIM-0x2f_SUC-UDS-Cz19583_DELIM-0x2f_2013                 0.00%    passed     99.49%
  35  hDenV3_DELIM-0x2f_Colombia_DELIM-0x2f_SUC-UDS-Cz08584_DELIM-0x2f_2013                 0.00%    passed     98.04%
  36  hDenV3_DELIM-0x2f_Colombia_DELIM-0x2f_SUC-UDS-Si36585_DELIM-0x2f_2013                 0.00%    passed     98.48%
  37  hDenV3_DELIM-0x2f_Colombia_DELIM-0x2f_SAN-UIS-0000053_DELIM-0x2f_2014                 0.00%    passed     96.32%
  38  hDenV3_DELIM-0x2f_Colombia_DELIM-0x2f_un-OUCRU-301222_DELIM-0x2f_2013                 0.00%    passed     98.54%
  39  hDenV3_DELIM-0x2f_Colombia_DELIM-0x2f_un-OUCRU-605_DELIM-0x2f_2013                    0.00%    passed     98.54%
  40  hDenV3_DELIM-0x2f_Colombia_DELIM-0x2f_un-OUCRU-0000013_DELIM-0x2f_2013                0.00%    passed     99.23%
  41  hDenV3_DELIM-0x2f_Colombia_DELIM-0x2f_un-OUCRU-0000004_DELIM-0x2f_2013                0.00%    passed     99.23%
  42  hDenV3_DELIM-0x2f_Colombia_DELIM-0x2f_un-OUCRU-0000084_DELIM-0x2f_2013                0.00%    passed     99.23%
  43  hDenV3_DELIM-0x2f_Colombia_DELIM-0x2f_un-OUCRU-0000017_DELIM-0x2f_2012                0.00%    passed     99.23%
  44  hDenV3_DELIM-0x2f_Colombia_DELIM-0x2f_un-OUCRU-0000034_DELIM-0x2f_2012                0.00%    passed     99.23%
  45  hDenV3_DELIM-0x2f_Colombia_DELIM-0x2f_un-OUCRU-0000041_DELIM-0x2f_2012                0.00%    passed     99.23%
  46  hDenV3_DELIM-0x2f_Colombia_DELIM-0x2f_un-OUCRU-0000032_DELIM-0x2f_2013                0.00%    passed     99.55%
  47  hDenV3_DELIM-0x2f_Colombia_DELIM-0x2f_un-OUCRU-0000021_DELIM-0x2f_2012                0.00%    passed     99.55%
  48  hDenV3_DELIM-0x2f_Colombia_DELIM-0x2f_un-OUCRU-0000026_DELIM-0x2f_2013                0.00%    passed     99.81%
  49  hDenV3_DELIM-0x2f_Colombia_DELIM-0x2f_un-OUCRU-0000033_DELIM-0x2f_2013                0.00%    passed     99.23%
  50  hDenV3_DELIM-0x2f_Colombia_DELIM-0x2f_un-OUCRU-0000027_DELIM-0x2f_2013                0.00%    passed     99.26%
  51  hDenV3_DELIM-0x2f_Colombia_DELIM-0x2f_un-OUCRU-0000025_DELIM-0x2f_2012                0.00%    passed     99.23%
  52  hDenV3_DELIM-0x2f_Colombia_DELIM-0x2f_un-OUCRU-0000001_DELIM-0x2f_2013                0.00%    passed     99.55%
  53  hDenV3_DELIM-0x2f_Colombia_DELIM-0x2f_un-OUCRU-0000037_DELIM-0x2f_2012                0.00%    passed     99.35%
  54  hDenV3_DELIM-0x2f_Colombia_DELIM-0x2f_un-OUCRU-0000019_DELIM-0x2f_2013                0.00%    passed     99.44%
  55  hDenV3_DELIM-0x2f_Colombia_DELIM-0x2f_un-OUCRU-0000020_DELIM-0x2f_2013                0.00%    passed     99.44%
  56  hDenV3_DELIM-0x2f_Colombia_DELIM-0x2f_un-OUCRU-0000106_DELIM-0x2f_2013                0.00%    passed     99.45%
  57  hDenV3_DELIM-0x2f_Colombia_DELIM-0x2f_un-OUCRU-0000024_DELIM-0x2f_2013                0.00%    passed     99.35%
  58  hDenV3_DELIM-0x2f_Colombia_DELIM-0x2f_un-OUCRU-0000038_DELIM-0x2f_2013                0.00%    passed     99.07%
  59  hDenV3_DELIM-0x2f_Colombia_DELIM-0x2f_un-OUCRU-0000101_DELIM-0x2f_2013                0.00%    passed     99.55%
  60  hDenV3_DELIM-0x2f_Colombia_DELIM-0x2f_un-OUCRU-0000028_DELIM-0x2f_2013                0.00%    passed     99.23%
  61  hDenV3_DELIM-0x2f_Colombia_DELIM-0x2f_un-OUCRU-0000100_DELIM-0x2f_2013                0.00%    passed     99.23%
  62  hDenV3_DELIM-0x2f_Colombia_DELIM-0x2f_un-OUCRU-0000103_DELIM-0x2f_2012                0.00%    passed     99.26%
  63  hDenV3_DELIM-0x2f_Colombia_DELIM-0x2f_un-OUCRU-0000099_DELIM-0x2f_2012                0.00%    passed     99.07%
  64  hDenV3_DELIM-0x2f_Colombia_DELIM-0x2f_un-OUCRU-0000039_DELIM-0x2f_2012                0.00%    passed     99.72%
  65  hDenV3_DELIM-0x2f_Colombia_DELIM-0x2f_un-OUCRU-0000083_DELIM-0x2f_2013                0.00%    passed     99.72%
  66  hDenV3_DELIM-0x2f_Colombia_DELIM-0x2f_un-OUCRU-0000022_DELIM-0x2f_2012                0.00%    passed     99.72%
  67  hDenV3_DELIM-0x2f_Colombia_DELIM-0x2f_un-OUCRU-0000007_DELIM-0x2f_2013                0.00%    passed     99.44%
  68  hDenV3_DELIM-0x2f_Colombia_DELIM-0x2f_un-OUCRU-0000105_DELIM-0x2f_2013                0.00%    passed     99.97%
  69  hDenV3_DELIM-0x2f_Colombia_DELIM-0x2f_un-OUCRU-0000036_DELIM-0x2f_2013                0.00%    passed     99.78%
  70  hDenV3_DELIM-0x2f_Colombia_DELIM-0x2f_un-OUCRU-0000082_DELIM-0x2f_2013                0.00%    passed     99.32%
  71  hDenV3_DELIM-0x2f_Colombia_DELIM-0x2f_un-OUCRU-0000002_DELIM-0x2f_2012                0.00%    passed     99.70%
  72  hDenV3_DELIM-0x2f_Colombia_DELIM-0x2f_un-OUCRU-0000030_DELIM-0x2f_2012                0.00%    passed     98.49%
  73  hDenV3_DELIM-0x2f_Colombia_DELIM-0x2f_un-OUCRU-0000089_DELIM-0x2f_2012                0.00%    passed     98.30%
  74  hDenV3_DELIM-0x2f_Colombia_DELIM-0x2f_un-OUCRU-0000009_DELIM-0x2f_2013                0.00%    passed     97.80%
  75  hDenV3_DELIM-0x2f_Colombia_DELIM-0x2f_un-OUCRU-0000035_DELIM-0x2f_2013                0.00%    passed     99.81%
  76  hDenV3_DELIM-0x2f_Colombia_DELIM-0x2f_un-OUCRU-0000018_DELIM-0x2f_2012                0.00%    passed     98.30%
  77  hDenV3_DELIM-0x2f_Colombia_DELIM-0x2f_un-UWM-JAC_DELIM-0x2f_2009                      0.00%    passed     98.51%
  78  hDenV3_DELIM-0x2f_Colombia_DELIM-0x2f_un-UIS-0000002_DELIM-0x2f_2015                  0.00%    passed     99.82%
  79  hDenV3_DELIM-0x2f_Colombia_DELIM-0x2f_un-HCB-3123670_DELIM-0x2f_2016                  0.00%    passed     99.55%
  80  hDenV3_DELIM-0x2f_Colombia_DELIM-0x2f_un-INS-449255_DELIM-0x2f_2015                   0.00%    passed     99.77%
  81  hDenV3_DELIM-0x2f_Colombia_DELIM-0x2f_RIS-INS-449683_DELIM-0x2f_2015                  0.00%    passed     99.89%
  82  hDenV3_DELIM-0x2f_Colombia_DELIM-0x2f_un-CNIH-449335_DELIM-0x2f_2015                  0.00%    passed     99.89%
  83  hDenV3_DELIM-0x2f_Colombia_DELIM-0x2f_RIS-INS-483948_DELIM-0x2f_2016                  0.00%    passed     99.89%
  84  hDenV3_DELIM-0x2f_Colombia_DELIM-0x2f_un-CNIH-476947_DELIM-0x2f_2016                  0.00%    passed     99.89%
  85  hDenV3_DELIM-0x2f_Colombia_DELIM-0x2f_un-INS-484832_DELIM-0x2f_2016                   0.00%    passed     99.98%
  86  hDenV3_DELIM-0x2f_Colombia_DELIM-0x2f_RIS-INS-459860_DELIM-0x2f_2016                  0.07%    passed     98.69%
  87  hDenV3_DELIM-0x2f_Colombia_DELIM-0x2f_CUN-UEB-007_DELIM-0x2f_2014                     0.00%    passed     99.72%
  88  hDenV3_DELIM-0x2f_Colombia_DELIM-0x2f_un-CIET-00019_DELIM-0x2f_2004                   0.00%    passed     99.77%
  89  hDenV3_DELIM-0x2f_Colombia_DELIM-0x2f_un-UWM-7370_DELIM-0x2f_2006                     0.00%    passed     96.17%
  90  hDenV3_DELIM-0x2f_Colombia_DELIM-0x2f_un-UWM-2836_DELIM-0x2f_2003                     0.07%    passed     99.62%
  91  hDenV3_DELIM-0x2f_Colombia_DELIM-0x2f_un-FNSP-110490373_DELIM-0x2f_2003               0.00%    passed     99.55%
  92  hDenV3_DELIM-0x2f_Colombia_DELIM-0x2f_un-FNSP-312330474_DELIM-0x2f_2004               0.00%    passed     98.80%
  93  hDenV3_DELIM-0x2f_Colombia_DELIM-0x2f_un-UWM-2731_DELIM-0x2f_2007                     0.00%    passed     99.79%
  94  hDenV3_DELIM-0x2f_Colombia_DELIM-0x2f_un-FNSP-182060578_DELIM-0x2f_2005               0.00%    passed     99.35%
  95  hDenV3_DELIM-0x2f_Colombia_DELIM-0x2f_un-FNSP-34540776_DELIM-0x2f_2007                0.00%    passed     98.85%
  96  hDenV3_DELIM-0x2f_Colombia_DELIM-0x2f_un-FNSP-38320677_DELIM-0x2f_2006                0.00%    passed     98.80%
  97  hDenV3_DELIM-0x2f_Colombia_DELIM-0x2f_un-UWM-12363_DELIM-0x2f_2005                    0.00%    passed     99.45%
  98  hDenV3_DELIM-0x2f_Colombia_DELIM-0x2f_un-UWM-2754_DELIM-0x2f_2007                     0.00%    passed     99.65%
  99  hDenV3_DELIM-0x2f_Colombia_DELIM-0x2f_NSA-UIDS-304_DELIM-0x2f_2007                    0.00%    passed     99.26%
 100  hDenV3_DELIM-0x2f_Colombia_DELIM-0x2f_un-FNSP-49430675_DELIM-0x2f_2006                0.00%    passed     99.51%
 101  hDenV3_DELIM-0x2f_Colombia_DELIM-0x2f_NSA-UIDS-305_DELIM-0x2f_2008                    0.00%    passed     99.48%
 102  hDenV3_DELIM-0x2f_Colombia_DELIM-0x2f_ANT-UDS-0758592_DELIM-0x2f_2013                 0.00%    passed     99.98%
 103  hDenV3_DELIM-0x2f_Colombia_DELIM-0x2f_un-CIET-00020_DELIM-0x2f_2005                   0.00%    passed     99.89%
 104  hDenV3_DELIM-0x2f_Colombia_DELIM-0x2f_NSA-UIDS-292_DELIM-0x2f_2014                    0.00%    passed     97.70%
 105  hDenV3_DELIM-0x2f_Colombia_DELIM-0x2f_ANT-UDS-0267594_DELIM-0x2f_2014                 0.00%    passed     97.23%
 106  hDenV3_DELIM-0x2f_Colombia_DELIM-0x2f_SAN-BROAD-3012_DELIM-0x2f_2001                  0.00%    passed     99.94%
 107  hDenV3_DELIM-0x2f_Colombia_DELIM-0x2f_SAN-BROAD-2978_DELIM-0x2f_2001                  0.00%    passed     99.94%
 108  hDenV3_DELIM-0x2f_Colombia_DELIM-0x2f_SAN-BROAD-0000052_DELIM-0x2f_2001               0.00%    passed     99.94%
 109  hDenV3_DELIM-0x2f_Colombia_DELIM-0x2f_SAN-BROAD-0000049_DELIM-0x2f_2002               0.00%    passed    100.00%
 110  hDenV3_DELIM-0x2f_Colombia_DELIM-0x2f_SAN-BROAD-0000035_DELIM-0x2f_2003               0.00%    passed     99.67%
 111  hDenV3_DELIM-0x2f_Colombia_DELIM-0x2f_SAN-BROAD-0000054_DELIM-0x2f_2003               0.00%    passed    100.00%
 112  hDenV3_DELIM-0x2f_Colombia_DELIM-0x2f_SAN-BROAD-0000042_DELIM-0x2f_2003               0.00%    passed     99.99%
 113  hDenV3_DELIM-0x2f_Colombia_DELIM-0x2f_SAN-BROAD-0000034_DELIM-0x2f_2003               0.00%    passed     99.99%
 114  hDenV3_DELIM-0x2f_Colombia_DELIM-0x2f_SAN-BROAD-0000040_DELIM-0x2f_2004               0.00%    passed    100.00%
 115  hDenV3_DELIM-0x2f_Colombia_DELIM-0x2f_SAN-BROAD-0000059_DELIM-0x2f_2003               0.00%    passed     99.88%
 116  hDenV3_DELIM-0x2f_Colombia_DELIM-0x2f_un-Yale-DH163_DELIM-0x2f_2003                   0.00%    passed     99.88%
 117  hDenV3_DELIM-0x2f_Colombia_DELIM-0x2f_SAN-BROAD-0000038_DELIM-0x2f_2007               0.00%    passed     99.30%
 118  hDenV3_DELIM-0x2f_Colombia_DELIM-0x2f_SAN-BROAD-0000045_DELIM-0x2f_2004               0.00%    passed     99.99%
 119  hDenV3_DELIM-0x2f_Colombia_DELIM-0x2f_SAN-BROAD-0000057_DELIM-0x2f_2003               0.00%    passed     99.97%
 120  hDenV3_DELIM-0x2f_Colombia_DELIM-0x2f_NSA-BROAD-0000016_DELIM-0x2f_2005               0.00%    passed     97.80%
 121  hDenV3_DELIM-0x2f_Colombia_DELIM-0x2f_NSA-BROAD-0000026_DELIM-0x2f_2005               0.00%    passed     97.80%
 122  hDenV3_DELIM-0x2f_Colombia_DELIM-0x2f_NSA-BROAD-0000017_DELIM-0x2f_2005               0.00%    passed     99.96%
 123  hDenV3_DELIM-0x2f_Colombia_DELIM-0x2f_SAN-BROAD-0000043_DELIM-0x2f_2007               0.00%    passed     99.96%
 124  hDenV3_DELIM-0x2f_Colombia_DELIM-0x2f_NSA-BROAD-0000018_DELIM-0x2f_2006               0.00%    passed    100.00%
 125  hDenV3_DELIM-0x2f_Colombia_DELIM-0x2f_un-CDC-029_DELIM-0x2f_2007                      0.00%    passed     99.30%
 126  hDenV3_DELIM-0x2f_Colombia_DELIM-0x2f_NSA-UIDS-303_DELIM-0x2f_2007                    0.00%    passed     99.30%
 127  hDenV3_DELIM-0x2f_Colombia_DELIM-0x2f_un-CIET-00018_DELIM-0x2f_2007                   0.00%    passed     99.42%
 128  hDenV3_DELIM-0x2f_Colombia_DELIM-0x2f_un-CIET-00010_DELIM-0x2f_2003                   0.00%    passed     99.99%
 129  hDenV3_DELIM-0x2f_Colombia_DELIM-0x2f_un-CIET-00002_DELIM-0x2f_2001                   0.00%    passed     99.99%
 130  hDenV3_DELIM-0x2f_Colombia_DELIM-0x2f_NSA-UIDS-294_DELIM-0x2f_2002                    0.00%    passed     99.99%
 131  hDenV3_DELIM-0x2f_Colombia_DELIM-0x2f_NSA-UIDS-295_DELIM-0x2f_2002                    0.00%    passed     99.92%
 132  hDenV3_DELIM-0x2f_Colombia_DELIM-0x2f_NSA-UIDS-298_DELIM-0x2f_2003                    0.00%    passed     99.97%
 133  hDenV3_DELIM-0x2f_Colombia_DELIM-0x2f_NSA-UIDS-299_DELIM-0x2f_2003                    0.00%    passed     99.88%
 134  hDenV3_DELIM-0x2f_Colombia_DELIM-0x2f_NSA-UIDS-301_DELIM-0x2f_2003                    0.00%    passed     99.88%
 135  hDenV3_DELIM-0x2f_Colombia_DELIM-0x2f_NSA-UIDS-296_DELIM-0x2f_2003                    0.00%    passed     99.96%
 136  hDenV3_DELIM-0x2f_Colombia_DELIM-0x2f_NSA-UIDS-297_DELIM-0x2f_2003                    0.00%    passed     99.94%
 137  hDenV3_DELIM-0x2f_Colombia_DELIM-0x2f_NSA-UIDS-300_DELIM-0x2f_2003                    0.00%    passed     99.94%
 138  hDenV3_DELIM-0x2f_Colombia_DELIM-0x2f_un-CIET-00009_DELIM-0x2f_2003                   0.00%    passed     99.88%
 139  hDenV3_DELIM-0x2f_Colombia_DELIM-0x2f_un-CIET-00022_DELIM-0x2f_2002                   0.00%    passed     99.96%
 140  hDenV3_DELIM-0x2f_Colombia_DELIM-0x2f_un-CIET-00011_DELIM-0x2f_2004                   0.00%    passed     99.66%
 141  hDenV3_DELIM-0x2f_Colombia_DELIM-0x2f_un-CIET-00012_DELIM-0x2f_2004                   0.00%    passed     99.99%
 142  hDenV3_DELIM-0x2f_Colombia_DELIM-0x2f_un-CIET-00013_DELIM-0x2f_2004                   0.00%    passed     99.99%
 143  hDenV3_DELIM-0x2f_Colombia_DELIM-0x2f_un-CIET-00004_DELIM-0x2f_2002                   0.00%    passed     99.92%
 144  hDenV3_DELIM-0x2f_Colombia_DELIM-0x2f_un-CIET-00008_DELIM-0x2f_2003                   0.00%    passed     99.90%
 145  hDenV3_DELIM-0x2f_Colombia_DELIM-0x2f_NSA-UIDS-293_DELIM-0x2f_2002                    0.00%    passed     99.70%
 146  hDenV3_DELIM-0x2f_Colombia_DELIM-0x2f_un-CIET-00015_DELIM-0x2f_2006                   0.00%    passed     99.67%
 147  hDenV3_DELIM-0x2f_Colombia_DELIM-0x2f_NSA-UIDS-302_DELIM-0x2f_2007                    0.00%    passed     99.81%
 148  hDenV3_DELIM-0x2f_Colombia_DELIM-0x2f_un-CIET-00016_DELIM-0x2f_2006                   0.00%    passed    100.00%
 149  hDenV3_DELIM-0x2f_Colombia_DELIM-0x2f_un-CIET-00006_DELIM-0x2f_2003                   0.00%    passed     99.67%
 150  hDenV3_DELIM-0x2f_Colombia_DELIM-0x2f_NSA-UIDS-314_DELIM-0x2f_2010                    0.00%    passed     99.95%
 151  hDenV3_DELIM-0x2f_Colombia_DELIM-0x2f_NSA-UIDS-316_DELIM-0x2f_2010                    0.00%    passed     99.99%
 152  hDenV3_DELIM-0x2f_Colombia_DELIM-0x2f_un-CIET-00005_DELIM-0x2f_2003                   0.00%    passed     99.97%
 153  hDenV3_DELIM-0x2f_Colombia_DELIM-0x2f_un-CIET-00003_DELIM-0x2f_2001                   0.00%    passed     99.84%
 154  hDenV3_DELIM-0x2f_Colombia_DELIM-0x2f_un-CIET-00007_DELIM-0x2f_2003                   0.00%    passed     99.84%
 155  hDenV3_DELIM-0x2f_Colombia_DELIM-0x2f_un-UWM-5952_DELIM-0x2f_2003                     0.00%    passed     99.49%
 156  hDenV3_DELIM-0x2f_Colombia_DELIM-0x2f_un-UWM-5379_DELIM-0x2f_2003                     0.00%    passed     99.81%
 157  hDenV3_DELIM-0x2f_Colombia_DELIM-0x2f_un-FNSP-52920369_DELIM-0x2f_2003                0.00%    passed     99.81%
 158  hDenV3_DELIM-0x2f_Colombia_DELIM-0x2f_un-UWM-28888_DELIM-0x2f_2006                    0.00%    passed     99.66%
 159  hDenV3_DELIM-0x2f_Colombia_DELIM-0x2f_un-FNSP-34190768_DELIM-0x2f_2007                0.00%    passed     99.83%
 160  hDenV3_DELIM-0x2f_Colombia_DELIM-0x2f_un-FNSP-223790472_DELIM-0x2f_2004               0.00%    passed     99.99%
 161  hDenV3_DELIM-0x2f_Colombia_DELIM-0x2f_un-FNSP-158590270_DELIM-0x2f_2002               0.00%    passed     99.99%
 162  hDenV3_DELIM-0x2f_Colombia_DELIM-0x2f_un-UWM-6003_DELIM-0x2f_2007                     0.00%    passed     99.99%
 163  hDenV3_DELIM-0x2f_Colombia_DELIM-0x2f_un-FNSP-164070271_DELIM-0x2f_2002               0.00%    passed     99.98%
 164  hDenV3_DELIM-0x2f_Colombia_DELIM-0x2f_NSA-UIDS-307_DELIM-0x2f_2009                    0.00%    passed     98.27%
 165  hDenV3_DELIM-0x2f_Colombia_DELIM-0x2f_un-CIET-00023_DELIM-0x2f_2006                   0.00%    passed     99.81%
 166  hDenV3_DELIM-0x2f_Colombia_DELIM-0x2f_un-CIET-00014_DELIM-0x2f_2005                   0.00%    passed     97.80%
 167  hDenV3_DELIM-0x2f_Colombia_DELIM-0x2f_SAN-UIS-0000038_DELIM-0x2f_2016                24.95%    passed     53.82%
 168  hDenV3_DELIM-0x2f_Colombia_DELIM-0x2f_SAN-UIS-0000044_DELIM-0x2f_2016                 0.00%    passed     99.98%
 169  hDenV3_DELIM-0x2f_Colombia_DELIM-0x2f_SAN-UIS-0000049_DELIM-0x2f_2016                 0.00%    passed     99.60%
 170  hDenV3_DELIM-0x2f_Colombia_DELIM-0x2f_un-INS-449241_DELIM-0x2f_2015                   0.00%    passed     99.89%
 171  hDenV3_DELIM-0x2f_Colombia_DELIM-0x2f_un-INS-449334_DELIM-0x2f_2015                   0.00%    passed     99.89%
 172  hDenV3_DELIM-0x2f_Colombia_DELIM-0x2f_un-CNIH-449686_DELIM-0x2f_2015                  0.00%    passed     99.69%
 173  hDenV3_DELIM-0x2f_Colombia_DELIM-0x2f_RIS-INS-449959_DELIM-0x2f_2015                  0.00%    passed     98.04%
 174  hDenV3_DELIM-0x2f_Colombia_DELIM-0x2f_un-CNIH-449982_DELIM-0x2f_2015                  0.00%    passed     99.89%
 175  hDenV3_DELIM-0x2f_Colombia_DELIM-0x2f_un-OUCRU-0000102_DELIM-0x2f_2013                0.00%    passed     99.65%
 176  hDenV3_DELIM-0x2f_Colombia_DELIM-0x2f_un-OUCRU-0000079_DELIM-0x2f_2013                0.00%    passed     99.87%
 177  hDenV3_DELIM-0x2f_Colombia_DELIM-0x2f_NSA-UIDS-561_DELIM-0x2f_2015                    0.00%    passed     99.99%
 178  hDenV3_DELIM-0x2f_Colombia_DELIM-0x2f_NSA-UIDS-564_DELIM-0x2f_2014                    0.00%    passed     99.96%
 179  hDenV3_DELIM-0x2f_Colombia_DELIM-0x2f_ANT-UDS-0751591_DELIM-0x2f_2013                 0.00%    passed     99.96%
 180  hDenV3_DELIM-0x2f_Colombia_DELIM-0x2f_VAC-LSPVAC-2306902_DELIM-0x2f_2023              0.00%    passed     99.72%
 181  hDenV3_DELIM-0x2f_Colombia_DELIM-0x2f_VAC-LSPVAC-2306514_DELIM-0x2f_2023              0.00%    passed     99.36%
 182  hDenV3_DELIM-0x2f_Colombia_DELIM-0x2f_VAC-LSPVAC-06515-VI_DELIM-0x2f_2023             0.00%    passed     98.74%
 183  hDenV3_DELIM-0x2f_Colombia_DELIM-0x2f_VAC-LSPVAC-08706-2-VI_DELIM-0x2f_2023           0.00%    passed     99.36%
 184  hDenV3_DELIM-0x2f_Colombia_DELIM-0x2f_VAC-LSPVAC-2404366_DELIM-0x2f_2024              0.00%    passed     99.72%
 185  hDenV3_DELIM-0x2f_Colombia_DELIM-0x2f_VAC-LSPVAC-2400189_DELIM-0x2f_2024              0.14%    passed     99.16%
 186  hDenV3_DELIM-0x2f_Colombia_DELIM-0x2f_un-Yale-DN02581_DELIM-0x2f_2024                 0.00%    passed     99.36%
 187  hDenV3_DELIM-0x2f_Colombia_DELIM-0x2f_un-Yale-DN02561_DELIM-0x2f_2024                 0.00%    passed     99.17%
 188  hDenV3_DELIM-0x2f_Colombia_DELIM-0x2f_un-Yale-DN02798_DELIM-0x2f_2024                 0.00%    passed     99.67%
 189  hDenV3_DELIM-0x2f_Colombia_DELIM-0x2f_un-Yale-DN02580_DELIM-0x2f_2024                 0.00%    passed     99.37%
 190  hDenV3_DELIM-0x2f_Colombia_DELIM-0x2f_VAC-LSPVAC-2306512_DELIM-0x2f_2023              0.00%    passed     99.57%
 191  hDenV3_DELIM-0x2f_Colombia_DELIM-0x2f_VAC-LSPVAC-0220-2479-VIG_DELIM-0x2f_2025        0.00%    passed     99.59%
 192  hDenV3_DELIM-0x2f_Colombia_DELIM-0x2f_VAC-LSPVAC-20250220-2479-VIG_DELIM-0x2f_2025    0.00%    passed     99.59%
 193  hDenV3_DELIM-0x2f_Colombia_DELIM-0x2f_un-Yale-DN02716_DELIM-0x2f_2024                 0.00%    passed     98.82%
 194  hDenV3_DELIM-0x2f_Colombia_DELIM-0x2f_un-Yale-DN02415_DELIM-0x2f_2023                 0.00%    passed     99.78%
 195  hDenV3_DELIM-0x2f_Colombia_DELIM-0x2f_VAC-LSPVAC-06340-VI_DELIM-0x2f_2023             0.00%    passed     97.83%
 196  hDenV3_DELIM-0x2f_Colombia_DELIM-0x2f_VAC-LSPVAC-08766-2-VI_DELIM-0x2f_2023           0.00%    passed     98.48%
 197  hDenV3_DELIM-0x2f_Colombia_DELIM-0x2f_VAC-LSPVAC-0209-1758-VIG_DELIM-0x2f_2025        0.00%    passed     99.66%
 198  hDenV3_DELIM-0x2f_Colombia_DELIM-0x2f_VAC-LSPVAC-20250209-1758-VIG_DELIM-0x2f_2025    0.00%    passed     99.66%
 199  hDenV3_DELIM-0x2f_Colombia_DELIM-0x2f_VAC-LSPVAC-0210-1769-VIG_DELIM-0x2f_2025        0.00%    passed     98.02%
 200  hDenV3_DELIM-0x2f_Colombia_DELIM-0x2f_VAC-LSPVAC-20250210-1769-VIG_DELIM-0x2f_2025    0.00%    passed     98.02%
 201  hDenV3_DELIM-0x2f_Colombia_DELIM-0x2f_VAC-LSPVAC-2401928_DELIM-0x2f_2024              0.00%    passed     98.42%
 202  hDenV3_DELIM-0x2f_Colombia_DELIM-0x2f_VAC-LSPVAC-2404622_DELIM-0x2f_2024              0.00%    passed     98.42%
 203  hDenV3_DELIM-0x2f_Colombia_DELIM-0x2f_VAC-LSPVAC-2405830_DELIM-0x2f_2024              0.00%    passed     97.55%
 204  hDenV3_DELIM-0x2f_Colombia_DELIM-0x2f_VAC-LSPVAC-2402565_DELIM-0x2f_2024              0.00%    passed     99.01%
 205  hDenV3_DELIM-0x2f_Colombia_DELIM-0x2f_VAC-LSPVAC-2402864_DELIM-0x2f_2024              0.00%    passed     98.42%
 206  hDenV3_DELIM-0x2f_Colombia_DELIM-0x2f_un-Yale-DN02335_DELIM-0x2f_2023                 0.00%    passed     97.83%
 207  hDenV3_DELIM-0x2f_Colombia_DELIM-0x2f_un-Yale-DN02514_DELIM-0x2f_2024                 0.00%    passed     97.83%
 208  hDenV3_DELIM-0x2f_Colombia_DELIM-0x2f_un-Yale-DN02783_DELIM-0x2f_2024                 0.00%    passed     97.83%
 209  hDenV3_DELIM-0x2f_Colombia_DELIM-0x2f_un-Yale-DN02539_DELIM-0x2f_2024                 0.00%    passed     99.01%
 210  hDenV3_DELIM-0x2f_Colombia_DELIM-0x2f_un-Yale-DN02773_DELIM-0x2f_2024                 0.00%    passed     98.83%
 211  hDenV3_DELIM-0x2f_Colombia_DELIM-0x2f_un-Yale-DN02780_DELIM-0x2f_2024                 0.00%    passed     97.55%
 212  hDenV3_DELIM-0x2f_Colombia_DELIM-0x2f_un-Yale-DN02850_DELIM-0x2f_2024                 0.07%    passed     98.74%
 213  hDenV3_DELIM-0x2f_Colombia_DELIM-0x2f_VAC-LSPVAC-2404889_DELIM-0x2f_2024              0.00%    passed     94.92%
 214  hDenV3_DELIM-0x2f_Colombia_DELIM-0x2f_un-Yale-DN02462_DELIM-0x2f_2023                 0.00%    passed     98.42%
 215  hDenV3_DELIM-0x2f_Colombia_DELIM-0x2f_un-Yale-DN02848_DELIM-0x2f_2024                 0.00%    passed     98.42%
 216  hDenV3_DELIM-0x2f_Colombia_DELIM-0x2f_un-Yale-DN02785_DELIM-0x2f_2024                 0.00%    passed     96.33%
 217  hDenV3_DELIM-0x2f_Colombia_DELIM-0x2f_un-Yale-DN02374_DELIM-0x2f_2023                 0.00%    passed     97.55%
 218  hDenV3_DELIM-0x2f_Colombia_DELIM-0x2f_un-Yale-DN02782_DELIM-0x2f_2024                 0.00%    passed     97.75%
 219  hDenV3_DELIM-0x2f_Colombia_DELIM-0x2f_VAC-LSPVAC-08627-2-VI_DELIM-0x2f_2023           0.00%    passed     99.54%
 220  hDenV3_DELIM-0x2f_Colombia_DELIM-0x2f_VAC-LSPVAC-08909-2-VI_DELIM-0x2f_2023           0.00%    passed     99.58%
 221  hDenV3_DELIM-0x2f_Colombia_DELIM-0x2f_un-Yale-DN02433_DELIM-0x2f_2023                 0.00%    passed     99.94%
 222  hDenV3_DELIM-0x2f_Colombia_DELIM-0x2f_un-Yale-DN02422_DELIM-0x2f_2023                 0.00%    passed     99.80%
 223  hDenV3_DELIM-0x2f_Colombia_DELIM-0x2f_un-Yale-DN02564_DELIM-0x2f_2024                 0.00%    passed     99.80%
 224  hDenV3_DELIM-0x2f_Colombia_DELIM-0x2f_un-Yale-DN02576_DELIM-0x2f_2024                 0.07%    passed     97.98%
 225  hDenV3_DELIM-0x2f_Colombia_DELIM-0x2f_un-Yale-DN02469_DELIM-0x2f_2023                 0.00%    passed     98.21%
 226  hDenV3_DELIM-0x2f_Colombia_DELIM-0x2f_un-Yale-DN02586_DELIM-0x2f_2024                 0.14%    passed     97.41%
 227  hDenV3_DELIM-0x2f_Colombia_DELIM-0x2f_un-Yale-DN02852_DELIM-0x2f_2024                 0.00%    passed     96.88%
 228  hDenV3_DELIM-0x2f_Colombia_DELIM-0x2f_un-Yale-DN02824_DELIM-0x2f_2024                 0.00%    passed     98.44%
 229  hDenV3_DELIM-0x2f_Colombia_DELIM-0x2f_un-Yale-DN02760_DELIM-0x2f_2024                 0.07%    passed     97.18%
 230  hDenV3_DELIM-0x2f_Colombia_DELIM-0x2f_VAC-LSPVAC-2407449-VI_DELIM-0x2f_2024           0.00%    passed     96.88%
 231  hDenV3_DELIM-0x2f_Colombia_DELIM-0x2f_VAC-LSPVAC-2407697-VI_DELIM-0x2f_2024           0.07%    passed     99.23%
 232  hDenV3_DELIM-0x2f_Colombia_DELIM-0x2f_VAC-LSPVAC-2407990-VI_DELIM-0x2f_2024           0.00%    passed     99.31%
 233  hDenV3_DELIM-0x2f_Colombia_DELIM-0x2f_un-Yale-DN02343_DELIM-0x2f_2023                 0.00%    passed     99.36%
 234  hDenV3_DELIM-0x2f_Colombia_DELIM-0x2f_un-Yale-DN02502_DELIM-0x2f_2024                 0.00%    passed     99.43%
 235  hDenV3_DELIM-0x2f_Colombia_DELIM-0x2f_CAS-INS-458997_DELIM-0x2f_2015                  0.00%    passed     99.03%
 236  hDenV3_DELIM-0x2f_Colombia_DELIM-0x2f_RIS-INS-476944_DELIM-0x2f_2016                  0.61%    passed     99.04%
 237  hDenV3_DELIM-0x2f_Colombia_DELIM-0x2f_SAN-UIS-0000010_DELIM-0x2f_2015                 0.00%    passed     96.54%
 238  hDenV3_DELIM-0x2f_Colombia_DELIM-0x2f_un-UIS-0000001_DELIM-0x2f_2014                  0.00%    passed     99.62%
 239  hDenV3_DELIM-0x2f_Colombia_DELIM-0x2f_SAN-UIS-0000037_DELIM-0x2f_2015                 0.14%    passed     97.30%
 240  hDenV3_DELIM-0x2f_Colombia_DELIM-0x2f_CAS-INS-450397_DELIM-0x2f_2015                  5.21%    passed     99.59%
 241  hDenV3_DELIM-0x2f_Colombia_DELIM-0x2f_VAC-LSPVAC-0925-12517_DELIM-0x2f_2025          17.85%    passed     84.39%
 242  hDenV3_DELIM-0x2f_Colombia_DELIM-0x2f_VAC-LSPVAC-1006-12943_DELIM-0x2f_2025          17.78%    passed     88.17%
****  TOTAL                                                                                 0.28%  0 sequences failed composition chi2 test (p-value<5%; df=3)
NOTE: hDenV3_DELIM-0x2f_Colombia_DELIM-0x2f_un-OUCRU-603_DELIM-0x2f_2012 is identical to hDenV3_DELIM-0x2f_Colombia_DELIM-0x2f_un-OUCRU-30121_DELIM-0x2f_2012 but kept for subsequent analysis
NOTE: hDenV3_DELIM-0x2f_Colombia_DELIM-0x2f_ANT-UDS-0690589_DELIM-0x2f_2013 is identical to hDenV3_DELIM-0x2f_Colombia_DELIM-0x2f_un-OUCRU-0000110_DELIM-0x2f_2013 but kept for subsequent analysis
NOTE: hDenV3_DELIM-0x2f_Colombia_DELIM-0x2f_NSA-UIDS-311_DELIM-0x2f_2010 is identical to hDenV3_DELIM-0x2f_Colombia_DELIM-0x2f_NSA-UIDS-310_DELIM-0x2f_2010 but kept for subsequent analysis
NOTE: hDenV3_DELIM-0x2f_Colombia_DELIM-0x2f_un-OUCRU-605_DELIM-0x2f_2013 is identical to hDenV3_DELIM-0x2f_Colombia_DELIM-0x2f_un-OUCRU-301222_DELIM-0x2f_2013 but kept for subsequent analysis
NOTE: hDenV3_DELIM-0x2f_Colombia_DELIM-0x2f_un-OUCRU-0000004_DELIM-0x2f_2013 is identical to hDenV3_DELIM-0x2f_Colombia_DELIM-0x2f_un-OUCRU-0000013_DELIM-0x2f_2013 but kept for subsequent analysis
NOTE: hDenV3_DELIM-0x2f_Colombia_DELIM-0x2f_un-OUCRU-0000034_DELIM-0x2f_2012 is identical to hDenV3_DELIM-0x2f_Colombia_DELIM-0x2f_un-OUCRU-0000017_DELIM-0x2f_2012 but kept for subsequent analysis
NOTE: hDenV3_DELIM-0x2f_Colombia_DELIM-0x2f_un-OUCRU-0000103_DELIM-0x2f_2012 is identical to hDenV3_DELIM-0x2f_Colombia_DELIM-0x2f_un-OUCRU-0000027_DELIM-0x2f_2013 but kept for subsequent analysis
NOTE: hDenV3_DELIM-0x2f_Colombia_DELIM-0x2f_un-OUCRU-0000020_DELIM-0x2f_2013 is identical to hDenV3_DELIM-0x2f_Colombia_DELIM-0x2f_un-OUCRU-0000019_DELIM-0x2f_2013 but kept for subsequent analysis
NOTE: hDenV3_DELIM-0x2f_Colombia_DELIM-0x2f_un-CNIH-449335_DELIM-0x2f_2015 is identical to hDenV3_DELIM-0x2f_Colombia_DELIM-0x2f_RIS-INS-449683_DELIM-0x2f_2015 but kept for subsequent analysis
NOTE: hDenV3_DELIM-0x2f_Colombia_DELIM-0x2f_un-CNIH-476947_DELIM-0x2f_2016 is identical to hDenV3_DELIM-0x2f_Colombia_DELIM-0x2f_RIS-INS-483948_DELIM-0x2f_2016 but kept for subsequent analysis
NOTE: hDenV3_DELIM-0x2f_Colombia_DELIM-0x2f_SAN-BROAD-2978_DELIM-0x2f_2001 is identical to hDenV3_DELIM-0x2f_Colombia_DELIM-0x2f_SAN-BROAD-3012_DELIM-0x2f_2001 but kept for subsequent analysis
NOTE: hDenV3_DELIM-0x2f_Colombia_DELIM-0x2f_un-CIET-00006_DELIM-0x2f_2003 is identical to hDenV3_DELIM-0x2f_Colombia_DELIM-0x2f_SAN-BROAD-0000035_DELIM-0x2f_2003 but kept for subsequent analysis
NOTE: hDenV3_DELIM-0x2f_Colombia_DELIM-0x2f_SAN-BROAD-0000034_DELIM-0x2f_2003 is identical to hDenV3_DELIM-0x2f_Colombia_DELIM-0x2f_SAN-BROAD-0000042_DELIM-0x2f_2003 but kept for subsequent analysis
NOTE: hDenV3_DELIM-0x2f_Colombia_DELIM-0x2f_un-Yale-DH163_DELIM-0x2f_2003 is identical to hDenV3_DELIM-0x2f_Colombia_DELIM-0x2f_SAN-BROAD-0000059_DELIM-0x2f_2003 but kept for subsequent analysis
NOTE: hDenV3_DELIM-0x2f_Colombia_DELIM-0x2f_un-CDC-029_DELIM-0x2f_2007 is identical to hDenV3_DELIM-0x2f_Colombia_DELIM-0x2f_SAN-BROAD-0000038_DELIM-0x2f_2007 but kept for subsequent analysis
NOTE: hDenV3_DELIM-0x2f_Colombia_DELIM-0x2f_un-CIET-00012_DELIM-0x2f_2004 is identical to hDenV3_DELIM-0x2f_Colombia_DELIM-0x2f_SAN-BROAD-0000045_DELIM-0x2f_2004 but kept for subsequent analysis
NOTE: hDenV3_DELIM-0x2f_Colombia_DELIM-0x2f_un-CIET-00005_DELIM-0x2f_2003 is identical to hDenV3_DELIM-0x2f_Colombia_DELIM-0x2f_SAN-BROAD-0000057_DELIM-0x2f_2003 but kept for subsequent analysis
NOTE: hDenV3_DELIM-0x2f_Colombia_DELIM-0x2f_NSA-BROAD-0000026_DELIM-0x2f_2005 is identical to hDenV3_DELIM-0x2f_Colombia_DELIM-0x2f_NSA-BROAD-0000016_DELIM-0x2f_2005 but kept for subsequent analysis
NOTE: hDenV3_DELIM-0x2f_Colombia_DELIM-0x2f_un-CIET-00016_DELIM-0x2f_2006 is identical to hDenV3_DELIM-0x2f_Colombia_DELIM-0x2f_NSA-BROAD-0000018_DELIM-0x2f_2006 but kept for subsequent analysis
NOTE: hDenV3_DELIM-0x2f_Colombia_DELIM-0x2f_NSA-UIDS-301_DELIM-0x2f_2003 is identical to hDenV3_DELIM-0x2f_Colombia_DELIM-0x2f_NSA-UIDS-299_DELIM-0x2f_2003 but kept for subsequent analysis
NOTE: hDenV3_DELIM-0x2f_Colombia_DELIM-0x2f_un-CIET-00007_DELIM-0x2f_2003 is identical to hDenV3_DELIM-0x2f_Colombia_DELIM-0x2f_un-CIET-00003_DELIM-0x2f_2001 but kept for subsequent analysis
NOTE: hDenV3_DELIM-0x2f_Colombia_DELIM-0x2f_un-FNSP-52920369_DELIM-0x2f_2003 is identical to hDenV3_DELIM-0x2f_Colombia_DELIM-0x2f_un-UWM-5379_DELIM-0x2f_2003 but kept for subsequent analysis
NOTE: hDenV3_DELIM-0x2f_Colombia_DELIM-0x2f_un-FNSP-158590270_DELIM-0x2f_2002 is identical to hDenV3_DELIM-0x2f_Colombia_DELIM-0x2f_un-FNSP-223790472_DELIM-0x2f_2004 but kept for subsequent analysis
NOTE: hDenV3_DELIM-0x2f_Colombia_DELIM-0x2f_un-INS-449334_DELIM-0x2f_2015 is identical to hDenV3_DELIM-0x2f_Colombia_DELIM-0x2f_un-INS-449241_DELIM-0x2f_2015 but kept for subsequent analysis
NOTE: hDenV3_DELIM-0x2f_Colombia_DELIM-0x2f_un-Yale-DN02343_DELIM-0x2f_2023 is identical to hDenV3_DELIM-0x2f_Colombia_DELIM-0x2f_VAC-LSPVAC-08706-2-VI_DELIM-0x2f_2023 but kept for subsequent analysis
NOTE: hDenV3_DELIM-0x2f_Colombia_DELIM-0x2f_VAC-LSPVAC-20250220-2479-VIG_DELIM-0x2f_2025 is identical to hDenV3_DELIM-0x2f_Colombia_DELIM-0x2f_VAC-LSPVAC-0220-2479-VIG_DELIM-0x2f_2025 but kept for subsequent analysis
NOTE: hDenV3_DELIM-0x2f_Colombia_DELIM-0x2f_un-Yale-DN02335_DELIM-0x2f_2023 is identical to hDenV3_DELIM-0x2f_Colombia_DELIM-0x2f_VAC-LSPVAC-06340-VI_DELIM-0x2f_2023 but kept for subsequent analysis
NOTE: hDenV3_DELIM-0x2f_Colombia_DELIM-0x2f_VAC-LSPVAC-20250209-1758-VIG_DELIM-0x2f_2025 is identical to hDenV3_DELIM-0x2f_Colombia_DELIM-0x2f_VAC-LSPVAC-0209-1758-VIG_DELIM-0x2f_2025 but kept for subsequent analysis
NOTE: hDenV3_DELIM-0x2f_Colombia_DELIM-0x2f_VAC-LSPVAC-20250210-1769-VIG_DELIM-0x2f_2025 is identical to hDenV3_DELIM-0x2f_Colombia_DELIM-0x2f_VAC-LSPVAC-0210-1769-VIG_DELIM-0x2f_2025 but kept for subsequent analysis
NOTE: hDenV3_DELIM-0x2f_Colombia_DELIM-0x2f_VAC-LSPVAC-2404622_DELIM-0x2f_2024 is identical to hDenV3_DELIM-0x2f_Colombia_DELIM-0x2f_VAC-LSPVAC-2401928_DELIM-0x2f_2024 but kept for subsequent analysis
NOTE: hDenV3_DELIM-0x2f_Colombia_DELIM-0x2f_un-Yale-DN02780_DELIM-0x2f_2024 is identical to hDenV3_DELIM-0x2f_Colombia_DELIM-0x2f_VAC-LSPVAC-2405830_DELIM-0x2f_2024 but kept for subsequent analysis
NOTE: hDenV3_DELIM-0x2f_Colombia_DELIM-0x2f_un-Yale-DN02539_DELIM-0x2f_2024 is identical to hDenV3_DELIM-0x2f_Colombia_DELIM-0x2f_VAC-LSPVAC-2402565_DELIM-0x2f_2024 but kept for subsequent analysis
Checking for duplicate sequences: done in 0.0055 secs using 1371% CPU
Identifying sites to remove: done in 0.0010138 secs using 1469% CPU
NOTE: 16 identical sequences (see below) will be ignored for subsequent analysis
NOTE: hDenV3_DELIM-0x2f_Colombia_DELIM-0x2f_ANT-UDS-0671588_DELIM-0x2f_2012 (identical to hDenV3_DELIM-0x2f_Colombia_DELIM-0x2f_un-OUCRU-0000110_DELIM-0x2f_2013) is ignored but added at the end
NOTE: hDenV3_DELIM-0x2f_Colombia_DELIM-0x2f_ANT-UDS-0109587_DELIM-0x2f_2012 (identical to hDenV3_DELIM-0x2f_Colombia_DELIM-0x2f_un-OUCRU-0000110_DELIM-0x2f_2013) is ignored but added at the end
NOTE: hDenV3_DELIM-0x2f_Colombia_DELIM-0x2f_NSA-UIDS-312_DELIM-0x2f_2010 (identical to hDenV3_DELIM-0x2f_Colombia_DELIM-0x2f_NSA-UIDS-310_DELIM-0x2f_2010) is ignored but added at the end
NOTE: hDenV3_DELIM-0x2f_Colombia_DELIM-0x2f_un-OUCRU-0000084_DELIM-0x2f_2013 (identical to hDenV3_DELIM-0x2f_Colombia_DELIM-0x2f_un-OUCRU-0000013_DELIM-0x2f_2013) is ignored but added at the end
NOTE: hDenV3_DELIM-0x2f_Colombia_DELIM-0x2f_un-OUCRU-0000028_DELIM-0x2f_2013 (identical to hDenV3_DELIM-0x2f_Colombia_DELIM-0x2f_un-OUCRU-0000017_DELIM-0x2f_2012) is ignored but added at the end
NOTE: hDenV3_DELIM-0x2f_Colombia_DELIM-0x2f_un-OUCRU-0000100_DELIM-0x2f_2013 (identical to hDenV3_DELIM-0x2f_Colombia_DELIM-0x2f_un-OUCRU-0000017_DELIM-0x2f_2012) is ignored but added at the end
NOTE: hDenV3_DELIM-0x2f_Colombia_DELIM-0x2f_SAN-BROAD-0000052_DELIM-0x2f_2001 (identical to hDenV3_DELIM-0x2f_Colombia_DELIM-0x2f_SAN-BROAD-3012_DELIM-0x2f_2001) is ignored but added at the end
NOTE: hDenV3_DELIM-0x2f_Colombia_DELIM-0x2f_un-CIET-00009_DELIM-0x2f_2003 (identical to hDenV3_DELIM-0x2f_Colombia_DELIM-0x2f_SAN-BROAD-0000059_DELIM-0x2f_2003) is ignored but added at the end
NOTE: hDenV3_DELIM-0x2f_Colombia_DELIM-0x2f_NSA-UIDS-303_DELIM-0x2f_2007 (identical to hDenV3_DELIM-0x2f_Colombia_DELIM-0x2f_SAN-BROAD-0000038_DELIM-0x2f_2007) is ignored but added at the end
NOTE: hDenV3_DELIM-0x2f_Colombia_DELIM-0x2f_un-CIET-00013_DELIM-0x2f_2004 (identical to hDenV3_DELIM-0x2f_Colombia_DELIM-0x2f_SAN-BROAD-0000045_DELIM-0x2f_2004) is ignored but added at the end
NOTE: hDenV3_DELIM-0x2f_Colombia_DELIM-0x2f_un-CIET-00014_DELIM-0x2f_2005 (identical to hDenV3_DELIM-0x2f_Colombia_DELIM-0x2f_NSA-BROAD-0000016_DELIM-0x2f_2005) is ignored but added at the end
NOTE: hDenV3_DELIM-0x2f_Colombia_DELIM-0x2f_un-Yale-DN02514_DELIM-0x2f_2024 (identical to hDenV3_DELIM-0x2f_Colombia_DELIM-0x2f_VAC-LSPVAC-06340-VI_DELIM-0x2f_2023) is ignored but added at the end
NOTE: hDenV3_DELIM-0x2f_Colombia_DELIM-0x2f_un-Yale-DN02783_DELIM-0x2f_2024 (identical to hDenV3_DELIM-0x2f_Colombia_DELIM-0x2f_VAC-LSPVAC-06340-VI_DELIM-0x2f_2023) is ignored but added at the end
NOTE: hDenV3_DELIM-0x2f_Colombia_DELIM-0x2f_VAC-LSPVAC-2402864_DELIM-0x2f_2024 (identical to hDenV3_DELIM-0x2f_Colombia_DELIM-0x2f_VAC-LSPVAC-2401928_DELIM-0x2f_2024) is ignored but added at the end
NOTE: hDenV3_DELIM-0x2f_Colombia_DELIM-0x2f_un-Yale-DN02462_DELIM-0x2f_2023 (identical to hDenV3_DELIM-0x2f_Colombia_DELIM-0x2f_VAC-LSPVAC-2401928_DELIM-0x2f_2024) is ignored but added at the end
NOTE: hDenV3_DELIM-0x2f_Colombia_DELIM-0x2f_un-Yale-DN02848_DELIM-0x2f_2024 (identical to hDenV3_DELIM-0x2f_Colombia_DELIM-0x2f_VAC-LSPVAC-2401928_DELIM-0x2f_2024) is ignored but added at the end
Alignment was printed to ../resources/colombia_data/cropped/align_DENV3-delim.fasta.uniqueseq.phy

For your convenience alignment with unique sequences printed to ../resources/colombia_data/cropped/align_DENV3-delim.fasta.uniqueseq.phy

Create initial parsimony tree by phylogenetic likelihood library (PLL)... 0.008 seconds

NOTE: 11 MB RAM (0 GB) is required!
Measuring multi-threading efficiency up to 16 CPU cores
Increase to 10 rounds for branch lengths
208 trees examined
Threads: 1 / Time: 16.004 sec / Speedup: 1.000 / Efficiency: 100% / LogL: -22904
Threads: 2 / Time: 11.353 sec / Speedup: 1.410 / Efficiency: 70% / LogL: -22904
Threads: 3 / Time: 9.761 sec / Speedup: 1.640 / Efficiency: 55% / LogL: -22904
Threads: 4 / Time: 8.961 sec / Speedup: 1.786 / Efficiency: 45% / LogL: -22904
Determining AUTO threadcount: done in 46.0817 secs using 220.8% CPU
BEST NUMBER OF THREADS: 3

Estimate model parameters (epsilon = 0.500)
1. Initial log-likelihood: -7478.367
2. Current log-likelihood: -7040.388
3. Current log-likelihood: -6921.635
Optimal log-likelihood: -6921.275
Rate parameters:  A-C: 1.50138  A-G: 10.70956  A-T: 2.32502  C-G: 0.90339  C-T: 34.73677  G-T: 1.00000
Base frequencies:  A: 0.317  C: 0.197  G: 0.270  T: 0.216
Gamma shape alpha: 0.286
Parameters optimization took 3 rounds (0.215 sec)
Wrote distance file to... 
Computing ML distances based on estimated model parameters...
Calculating distance matrix: done in 0.0341954 secs using 302.6% CPU
Computing ML distances took 0.034354 sec (of wall-clock time) 0.103645 sec (of CPU time)
Setting up auxiliary I and S matrices: done in 0.000448903 secs using 268.2% CPU
Constructing RapidNJ tree: done in 0.0246446 secs using 129.1% CPU
Computing RapidNJ tree took 0.025153 sec (of wall-clock time) 0.033103 sec (of CPU time)
Log-likelihood of RapidNJ tree: -6950.983
--------------------------------------------------------------------
|             INITIALIZING CANDIDATE TREE SET                      |
--------------------------------------------------------------------

Do NNI search on 2 best initial trees
Optimizing NNI: done in 0.0804348 secs using 291.3% CPU
Estimate model parameters (epsilon = 0.500)
BETTER TREE FOUND at iteration 1: -6915.093
Optimizing NNI: done in 0.121434 secs using 290.9% CPU
Estimate model parameters (epsilon = 0.500)
BETTER TREE FOUND at iteration 2: -6884.902
Finish initializing candidate tree set (4)
Current best tree score: -6884.902 / CPU time: 0.247
Number of iterations: 2
TREE SEARCH COMPLETED AFTER 2 ITERATIONS / Time: 0h:0m:46s

--------------------------------------------------------------------
|                    FINALIZING TREE SEARCH                        |
--------------------------------------------------------------------
Performs final model parameters optimization
Estimate model parameters (epsilon = 0.050)
1. Initial log-likelihood: -6884.902
Optimal log-likelihood: -6884.899
Rate parameters:  A-C: 1.51862  A-G: 10.76446  A-T: 2.34559  C-G: 0.83978  C-T: 34.71730  G-T: 1.00000
Base frequencies:  A: 0.317  C: 0.197  G: 0.270  T: 0.216
Gamma shape alpha: 0.289
Parameters optimization took 1 rounds (0.017 sec)
BEST SCORE FOUND : -6884.899
Total tree length: 0.507

Total number of iterations: 2
CPU time used for tree search: 0.722 sec (0h:0m:0s)
Wall-clock time used for tree search: 0.247 sec (0h:0m:0s)
Total CPU time used: 103.450 sec (0h:1m:43s)
Total wall-clock time used: 46.668 sec (0h:0m:46s)

Analysis results written to: 
  IQ-TREE report:                ../resources/colombia_data/cropped/align_DENV3-delim.fasta.iqtree
  Maximum-likelihood tree:       ../resources/colombia_data/cropped/align_DENV3-delim.fasta.treefile
  Likelihood distances:          ../resources/colombia_data/cropped/align_DENV3-delim.fasta.mldist
  Screen log file:               ../resources/colombia_data/cropped/align_DENV3-delim.fasta.log

Date and Time: Sun May  3 23:00:33 2026
