IQ-TREE version 3.0.1 for Linux x86 64-bit built Jul  9 2025
Developed by Bui Quang Minh, Thomas Wong, Nhan Ly-Trong, Huaiyan Ren
Contributed by Lam-Tung Nguyen, Dominik Schrempf, Chris Bielow,
Olga Chernomor, Michael Woodhams, Diep Thi Hoang, Heiko Schmidt

Host:    dirreno-B650-AORUS-ELITE-AX (AVX512, FMA3, 30 GB RAM)
Command: iqtree3 --threads-max 16 -s ../resources/merged_data/cropped/align_DENV4-delim.fasta -m GTR+G --ninit 2 -n 2 --epsilon 0.05 -T AUTO --redo
Seed:    550508 (Using SPRNG - Scalable Parallel Random Number Generator)
Time:    Wed Jul 15 14:59:16 2026
Kernel:  AVX+FMA - auto-detect threads (16 CPU cores detected)

Reading alignment file ../resources/merged_data/cropped/align_DENV4-delim.fasta ... Fasta format detected
Reading fasta file: done in 0.00456184 secs using 80.21% CPU
Alignment most likely contains DNA/RNA sequences
Constructing alignment: done in 0.0033143 secs using 1330% CPU
Alignment has 442 sequences with 1485 columns, 555 distinct patterns
450 parsimony-informative, 95 singleton sites, 940 constant sites
                                                                          Gap/Ambiguity  Composition  p-value
Analyzing sequences: done in 0.00601259 secs using 1485% CPU
   1  hDenV4_DELIM-0x2f_Colombia_DELIM-0x2f_un-OUCRU-401211_DELIM-0x2f_2013       0.00%    passed     98.53%
   2  hDenV4_DELIM-0x2f_Colombia_DELIM-0x2f_un-OUCRU-594_DELIM-0x2f_2013          0.00%    passed     98.53%
   3  hDenV4_DELIM-0x2f_Colombia_DELIM-0x2f_un-OUCRU-401213_DELIM-0x2f_2013       0.00%    passed     99.17%
   4  hDenV4_DELIM-0x2f_Colombia_DELIM-0x2f_un-OUCRU-595_DELIM-0x2f_2013          0.00%    passed     99.17%
   5  hDenV4_DELIM-0x2f_Colombia_DELIM-0x2f_SAN-UIS-0000042_DELIM-0x2f_2016       0.00%    passed     98.10%
   6  hDenV4_DELIM-0x2f_Colombia_DELIM-0x2f_SAN-UR-F14100091_DELIM-0x2f_2014      0.00%    passed     97.68%
   7  hDenV4_DELIM-0x2f_Colombia_DELIM-0x2f_SAN-UR-P202090076_DELIM-0x2f_2015     0.00%    passed     97.68%
   8  hDenV4_DELIM-0x2f_Colombia_DELIM-0x2f_SAN-UR-P200120105_DELIM-0x2f_2015     0.00%    passed     97.68%
   9  hDenV4_DELIM-0x2f_Colombia_DELIM-0x2f_CES-UR-P201080317_DELIM-0x2f_2015     0.00%    passed     97.68%
  10  hDenV4_DELIM-0x2f_Colombia_DELIM-0x2f_un-INS-480579_DELIM-0x2f_2016         0.00%    passed     98.96%
  11  hDenV4_DELIM-0x2f_Colombia_DELIM-0x2f_un-OUCRU-401215_DELIM-0x2f_2013       0.00%    passed     99.43%
  12  hDenV4_DELIM-0x2f_Colombia_DELIM-0x2f_un-OUCRU-596_DELIM-0x2f_2013          0.00%    passed     99.43%
  13  hDenV4_DELIM-0x2f_Colombia_DELIM-0x2f_NSA-BROAD-0000022_DELIM-0x2f_2005     0.00%    passed     99.59%
  14  hDenV4_DELIM-0x2f_Colombia_DELIM-0x2f_SAN-UIS-0000021_DELIM-0x2f_2004       0.00%    passed     99.59%
  15  hDenV4_DELIM-0x2f_Colombia_DELIM-0x2f_SAN-UIS-0000025_DELIM-0x2f_2004       0.00%    passed     99.59%
  16  hDenV4_DELIM-0x2f_Colombia_DELIM-0x2f_SAN-UR-LV141010_DELIM-0x2f_2010       0.00%    passed     98.04%
  17  hDenV4_DELIM-0x2f_Colombia_DELIM-0x2f_SAN-UR-LV141007_DELIM-0x2f_2010       0.00%    passed     98.04%
  18  hDenV4_DELIM-0x2f_Colombia_DELIM-0x2f_SAN-UR-LV111117_DELIM-0x2f_2014       0.00%    passed     98.04%
  19  hDenV4_DELIM-0x2f_Colombia_DELIM-0x2f_SAN-UR-LV121101_DELIM-0x2f_2010       0.00%    passed     98.04%
  20  hDenV4_DELIM-0x2f_Colombia_DELIM-0x2f_SAN-UR-LV141021_DELIM-0x2f_2010       0.00%    passed     99.98%
  21  hDenV4_DELIM-0x2f_Colombia_DELIM-0x2f_SAN-UR-LV192075_DELIM-0x2f_2009       0.00%    passed     99.98%
  22  hDenV4_DELIM-0x2f_Colombia_DELIM-0x2f_SAN-UR-LV122006_DELIM-0x2f_2009       0.00%    passed     99.98%
  23  hDenV4_DELIM-0x2f_Colombia_DELIM-0x2f_SAN-BROAD-0000047_DELIM-0x2f_2004     0.00%    passed     98.96%
  24  hDenV4_DELIM-0x2f_Colombia_DELIM-0x2f_SAN-BROAD-0000051_DELIM-0x2f_2004     0.00%    passed     99.26%
  25  hDenV4_DELIM-0x2f_Colombia_DELIM-0x2f_NSA-UIS-0000004_DELIM-0x2f_2005       0.00%    passed     98.96%
  26  hDenV4_DELIM-0x2f_Colombia_DELIM-0x2f_NSA-UIS-0000003_DELIM-0x2f_2005       0.00%    passed     99.24%
  27  hDenV4_DELIM-0x2f_Colombia_DELIM-0x2f_CUN-UEB-032_DELIM-0x2f_2014           0.00%    passed     99.77%
  28  hDenV4_DELIM-0x2f_Colombia_DELIM-0x2f_ANT-UDS-0732600_DELIM-0x2f_2013       0.00%    passed     99.51%
  29  hDenV4_DELIM-0x2f_Colombia_DELIM-0x2f_ANT-UDS-0678597_DELIM-0x2f_2013       0.00%    passed     99.45%
  30  hDenV4_DELIM-0x2f_Colombia_DELIM-0x2f_ANT-UDS-0676596_DELIM-0x2f_2013       0.00%    passed     99.45%
  31  hDenV4_DELIM-0x2f_Colombia_DELIM-0x2f_ANT-UDS-0179595_DELIM-0x2f_2013       0.00%    passed     99.45%
  32  hDenV4_DELIM-0x2f_Colombia_DELIM-0x2f_ANT-UDS-0681598_DELIM-0x2f_2013      32.86%    passed     92.59%
  33  hDenV4_DELIM-0x2f_Colombia_DELIM-0x2f_ANT-UDS-0728599_DELIM-0x2f_2013      29.23%    passed     89.64%
  34  hDenV4_DELIM-0x2f_Colombia_DELIM-0x2f_ANT-UDS-1723601_DELIM-0x2f_2013       0.00%    passed     98.04%
  35  hDenV4_DELIM-0x2f_Colombia_DELIM-0x2f_SAN-BROAD-0000056_DELIM-0x2f_2001     0.00%    passed     96.25%
  36  hDenV4_DELIM-0x2f_Colombia_DELIM-0x2f_SAN-BROAD-0000039_DELIM-0x2f_2001     0.00%    passed     96.25%
  37  hDenV4_DELIM-0x2f_Colombia_DELIM-0x2f_SAN-BROAD-0000028_DELIM-0x2f_2001     0.00%    passed     96.25%
  38  hDenV4_DELIM-0x2f_Colombia_DELIM-0x2f_SAN-BROAD-0000027_DELIM-0x2f_2001     0.00%    passed     98.61%
  39  hDenV4_DELIM-0x2f_Colombia_DELIM-0x2f_SAN-UIS-0000022_DELIM-0x2f_2001       0.00%    passed     96.25%
  40  hDenV4_DELIM-0x2f_Colombia_DELIM-0x2f_SAN-UIS-0000024_DELIM-0x2f_2004       0.00%    passed     96.25%
  41  hDenV4_DELIM-0x2f_Colombia_DELIM-0x2f_SAN-UIS-0000027_DELIM-0x2f_2001       0.00%    passed     98.61%
  42  hDenV4_DELIM-0x2f_Colombia_DELIM-0x2f_SAN-UIS-0000026_DELIM-0x2f_2001       0.00%    passed     98.30%
  43  hDenV4_DELIM-0x2f_Colombia_DELIM-0x2f_un-CDC-039_DELIM-0x2f_2006            0.00%    passed     97.09%
  44  hDenV4_DELIM-0x2f_Colombia_DELIM-0x2f_VAC-LSPVAC-2401630_DELIM-0x2f_2024    0.00%    passed     99.26%
  45  hDenV4_DELIM-0x2f_Colombia_DELIM-0x2f_VAC-LSPVAC-2403871_DELIM-0x2f_2024    0.00%    passed     96.08%
  46  hDenV4_DELIM-0x2f_Colombia_DELIM-0x2f_RIS-INS-426553_DELIM-0x2f_2013        8.96%    passed     95.24%
  47  hDenV4_DELIM-0x2f_Colombia_DELIM-0x2f_SAN-UIS-0000035_DELIM-0x2f_2015       0.00%    passed     96.88%
  48  hDenV4_DELIM-0x2f_Colombia_DELIM-0x2f_SAN-UIS-0000039_DELIM-0x2f_2016       0.00%    passed     96.88%
  49  DENV4_DELIM-0x2f_DOMINICA_DELIM-0x2f_1981_DELIM-0x2f_42A                    0.00%    passed     95.30%
  50  DENV4_DELIM-0x2f_NICARAGUA_DELIM-0x2f_1999_DELIM-0x2f_703                   0.00%    passed     94.47%
  51  DENV4_DELIM-0x2f_PUERTORICO_DELIM-0x2f_1998_DELIM-0x2f_347751               0.00%    passed     99.14%
  52  DENV4_DELIM-0x2f_PUERTORICO_DELIM-0x2f_1999_DELIM-0x2f_BID-V2446            0.00%    passed     97.17%
  53  DENV4_DELIM-0x2f_BRAZIL_DELIM-0x2f_2012_DELIM-0x2f_BR-2                     0.00%    passed     99.67%
  54  DENV4_DELIM-0x2f_BRAZIL_DELIM-0x2f_2012_DELIM-0x2f_BR-23                    0.00%    passed     99.51%
  55  DENV4_DELIM-0x2f_BRAZIL_DELIM-0x2f_2012_DELIM-0x2f_BR-12                    0.00%    passed     99.27%
  56  DENV4_DELIM-0x2f_THAILAND_DELIM-0x2f_2000_DELIM-0x2f_05496_DELIM-0x2f_00    0.00%    passed     93.41%
  57  DENV4_DELIM-0x2f_INDONESIA_DELIM-0x2f_1973_DELIM-0x2f_M30153-AC36           0.00%    passed     94.78%
  58  DENV4_DELIM-0x2f_THAILAND_DELIM-0x2f_1999_DELIM-0x2f_00003_DELIM-0x2f_99    0.00%    passed     98.72%
  59  DENV4_DELIM-0x2f_THAILAND_DELIM-0x2f_1999_DELIM-0x2f_00261_DELIM-0x2f_99    0.00%    passed     99.88%
  60  DENV4_DELIM-0x2f_THAILAND_DELIM-0x2f_1998_DELIM-0x2f_04444_DELIM-0x2f_98    0.00%    passed     99.63%
  61  DENV4_DELIM-0x2f_THAILAND_DELIM-0x2f_1998_DELIM-0x2f_06075_DELIM-0x2f_98    0.00%    passed     99.15%
  62  DENV4_DELIM-0x2f_THAILAND_DELIM-0x2f_1998_DELIM-0x2f_06564_DELIM-0x2f_98    0.00%    passed     99.51%
  63  DENV4_DELIM-0x2f_THAILAND_DELIM-0x2f_1999_DELIM-0x2f_04425_DELIM-0x2f_99    0.00%    passed     99.88%
  64  DENV4_DELIM-0x2f_THAILAND_DELIM-0x2f_1995_DELIM-0x2f_00036_DELIM-0x2f_95    0.07%    passed     99.83%
  65  DENV4_DELIM-0x2f_THAILAND_DELIM-0x2f_1994_DELIM-0x2f_00500_DELIM-0x2f_94    0.00%    passed     99.69%
  66  DENV4_DELIM-0x2f_THAILAND_DELIM-0x2f_1994_DELIM-0x2f_00690_DELIM-0x2f_94    0.00%    passed     99.93%
  67  DENV4_DELIM-0x2f_THAILAND_DELIM-0x2f_1994_DELIM-0x2f_00095_DELIM-0x2f_94    0.00%    passed     99.93%
  68  DENV4_DELIM-0x2f_THAILAND_DELIM-0x2f_1994_DELIM-0x2f_00794_DELIM-0x2f_94    0.00%    passed     99.99%
  69  DENV4_DELIM-0x2f_THAILAND_DELIM-0x2f_1994_DELIM-0x2f_01201_DELIM-0x2f_94    0.00%    passed     99.99%
  70  DENV4_DELIM-0x2f_THAILAND_DELIM-0x2f_1994_DELIM-0x2f_30344_DELIM-0x2f_94    0.07%    passed     99.96%
  71  DENV4_DELIM-0x2f_THAILAND_DELIM-0x2f_1994_DELIM-0x2f_01534_DELIM-0x2f_94    0.00%    passed    100.00%
  72  DENV4_DELIM-0x2f_THAILAND_DELIM-0x2f_1994_DELIM-0x2f_00900_DELIM-0x2f_94    0.00%    passed    100.00%
  73  DENV4_DELIM-0x2f_THAILAND_DELIM-0x2f_1994_DELIM-0x2f_30324_DELIM-0x2f_94    0.00%    passed     99.99%
  74  DENV4_DELIM-0x2f_THAILAND_DELIM-0x2f_1994_DELIM-0x2f_00867_DELIM-0x2f_94    0.00%    passed     99.97%
  75  DENV4_DELIM-0x2f_THAILAND_DELIM-0x2f_1994_DELIM-0x2f_30071_DELIM-0x2f_94    0.00%    passed     99.92%
  76  DENV4_DELIM-0x2f_THAILAND_DELIM-0x2f_1994_DELIM-0x2f_30292_DELIM-0x2f_94    0.00%    passed     99.97%
  77  DENV4_DELIM-0x2f_THAILAND_DELIM-0x2f_1994_DELIM-0x2f_30302_DELIM-0x2f_94    0.00%    passed     99.89%
  78  DENV4_DELIM-0x2f_THAILAND_DELIM-0x2f_1994_DELIM-0x2f_30341_DELIM-0x2f_94    0.00%    passed     99.68%
  79  DENV4_DELIM-0x2f_THAILAND_DELIM-0x2f_1994_DELIM-0x2f_00307_DELIM-0x2f_94    0.00%    passed     99.93%
  80  DENV4_DELIM-0x2f_THAILAND_DELIM-0x2f_1994_DELIM-0x2f_00506_DELIM-0x2f_94    0.00%    passed     99.92%
  81  DENV4_DELIM-0x2f_THAILAND_DELIM-0x2f_1994_DELIM-0x2f_00846_DELIM-0x2f_94    0.00%    passed    100.00%
  82  DENV4_DELIM-0x2f_THAILAND_DELIM-0x2f_1995_DELIM-0x2f_00687_DELIM-0x2f_95    0.00%    passed     99.46%
  83  DENV4_DELIM-0x2f_THAILAND_DELIM-0x2f_1994_DELIM-0x2f_00890_DELIM-0x2f_94    0.00%    passed     99.95%
  84  DENV4_DELIM-0x2f_THAILAND_DELIM-0x2f_1995_DELIM-0x2f_00241_DELIM-0x2f_95    0.00%    passed     99.92%
  85  DENV4_DELIM-0x2f_THAILAND_DELIM-0x2f_1995_DELIM-0x2f_00269_DELIM-0x2f_95    0.00%    passed     99.93%
  86  DENV4_DELIM-0x2f_THAILAND_DELIM-0x2f_1995_DELIM-0x2f_00533_DELIM-0x2f_95    0.00%    passed     99.85%
  87  DENV4_DELIM-0x2f_THAILAND_DELIM-0x2f_1994_DELIM-0x2f_00719_DELIM-0x2f_94    0.00%    passed     99.95%
  88  DENV4_DELIM-0x2f_THAILAND_DELIM-0x2f_1995_DELIM-0x2f_30035_DELIM-0x2f_95    0.00%    passed     99.94%
  89  DENV4_DELIM-0x2f_THAILAND_DELIM-0x2f_1994_DELIM-0x2f_30343_DELIM-0x2f_94    0.00%    passed     99.95%
  90  DENV4_DELIM-0x2f_THAILAND_DELIM-0x2f_1994_DELIM-0x2f_30446_DELIM-0x2f_94    0.00%    passed     99.95%
  91  DENV4_DELIM-0x2f_THAILAND_DELIM-0x2f_1994_DELIM-0x2f_30610_DELIM-0x2f_94    0.00%    passed     99.94%
  92  DENV4_DELIM-0x2f_THAILAND_DELIM-0x2f_1994_DELIM-0x2f_30158_DELIM-0x2f_94    0.00%    passed     99.95%
  93  DENV4_DELIM-0x2f_THAILAND_DELIM-0x2f_1995_DELIM-0x2f_01832_DELIM-0x2f_95    0.00%    passed     99.89%
  94  DENV4_DELIM-0x2f_THAILAND_DELIM-0x2f_1996_DELIM-0x2f_00756_DELIM-0x2f_96    0.00%    passed     99.59%
  95  DENV4_DELIM-0x2f_THAILAND_DELIM-0x2f_1995_DELIM-0x2f_00877_DELIM-0x2f_95    0.00%    passed     99.92%
  96  DENV4_DELIM-0x2f_THAILAND_DELIM-0x2f_1995_DELIM-0x2f_01569_DELIM-0x2f_95    0.00%    passed     99.35%
  97  DENV4_DELIM-0x2f_THAILAND_DELIM-0x2f_1995_DELIM-0x2f_00458_DELIM-0x2f_95    0.00%    passed     99.93%
  98  DENV4_DELIM-0x2f_THAILAND_DELIM-0x2f_1996_DELIM-0x2f_01129_DELIM-0x2f_96    0.00%    passed     99.97%
  99  DENV4_DELIM-0x2f_THAILAND_DELIM-0x2f_1994_DELIM-0x2f_00737_DELIM-0x2f_94    0.00%    passed     98.86%
 100  DENV4_DELIM-0x2f_THAILAND_DELIM-0x2f_1995_DELIM-0x2f_30056_DELIM-0x2f_95    0.00%    passed     99.80%
 101  DENV4_DELIM-0x2f_THAILAND_DELIM-0x2f_1994_DELIM-0x2f_00101_DELIM-0x2f_94    0.00%    passed     99.97%
 102  DENV4_DELIM-0x2f_THAILAND_DELIM-0x2f_1994_DELIM-0x2f_00190_DELIM-0x2f_94    0.00%    passed     99.74%
 103  DENV4_DELIM-0x2f_THAILAND_DELIM-0x2f_1994_DELIM-0x2f_00615_DELIM-0x2f_94    0.00%    passed     99.38%
 104  DENV4_DELIM-0x2f_THAILAND_DELIM-0x2f_1994_DELIM-0x2f_01124_DELIM-0x2f_94    0.00%    passed     99.94%
 105  DENV4_DELIM-0x2f_THAILAND_DELIM-0x2f_1994_DELIM-0x2f_30091_DELIM-0x2f_94    0.00%    passed     99.78%
 106  DENV4_DELIM-0x2f_THAILAND_DELIM-0x2f_1994_DELIM-0x2f_30127_DELIM-0x2f_94    0.00%    passed     99.95%
 107  DENV4_DELIM-0x2f_THAILAND_DELIM-0x2f_1994_DELIM-0x2f_30479_DELIM-0x2f_94    0.00%    passed     99.80%
 108  DENV4_DELIM-0x2f_THAILAND_DELIM-0x2f_1994_DELIM-0x2f_30540_DELIM-0x2f_94    0.00%    passed     99.95%
 109  DENV4_DELIM-0x2f_THAILAND_DELIM-0x2f_1994_DELIM-0x2f_01073_DELIM-0x2f_94    0.00%    passed     99.94%
 110  DENV4_DELIM-0x2f_THAILAND_DELIM-0x2f_1994_DELIM-0x2f_01074_DELIM-0x2f_94    0.00%    passed     99.66%
 111  DENV4_DELIM-0x2f_THAILAND_DELIM-0x2f_1998_DELIM-0x2f_06523_DELIM-0x2f_98    0.07%    passed     98.42%
 112  DENV4_DELIM-0x2f_THAILAND_DELIM-0x2f_2004_DELIM-0x2f_00097_DELIM-0x2f_04    0.07%    passed     99.82%
 113  DENV4_DELIM-0x2f_THAILAND_DELIM-0x2f_2003_DELIM-0x2f_01710_DELIM-0x2f_03    0.00%    passed     99.99%
 114  DENV4_DELIM-0x2f_THAILAND_DELIM-0x2f_2003_DELIM-0x2f_02201_DELIM-0x2f_03    0.00%    passed     99.99%
 115  DENV4_DELIM-0x2f_THAILAND_DELIM-0x2f_2003_DELIM-0x2f_02168_DELIM-0x2f_03    0.00%    passed     99.75%
 116  DENV4_DELIM-0x2f_THAILAND_DELIM-0x2f_2003_DELIM-0x2f_02207_DELIM-0x2f_03    0.07%    passed     99.86%
 117  DENV4_DELIM-0x2f_THAILAND_DELIM-0x2f_2002_DELIM-0x2f_02412_DELIM-0x2f_02    0.00%    passed     99.92%
 118  DENV4_DELIM-0x2f_THAILAND_DELIM-0x2f_2002_DELIM-0x2f_03169_DELIM-0x2f_02    0.00%    passed     99.96%
 119  DENV4_DELIM-0x2f_THAILAND_DELIM-0x2f_2005_DELIM-0x2f_00993_DELIM-0x2f_05    0.00%    passed    100.00%
 120  DENV4_DELIM-0x2f_THAILAND_DELIM-0x2f_2005_DELIM-0x2f_01320_DELIM-0x2f_05    0.00%    passed     99.98%
 121  DENV4_DELIM-0x2f_THAILAND_DELIM-0x2f_2012_DELIM-0x2f_00112_DELIM-0x2f_12    0.00%    passed     97.04%
 122  DENV4_DELIM-0x2f_THAILAND_DELIM-0x2f_2011_DELIM-0x2f_00251_DELIM-0x2f_11    0.00%    passed     97.04%
 123  DENV4_DELIM-0x2f_THAILAND_DELIM-0x2f_2011_DELIM-0x2f_00257_DELIM-0x2f_11    0.00%    passed     97.04%
 124  DENV4_DELIM-0x2f_THAILAND_DELIM-0x2f_2011_DELIM-0x2f_00630_DELIM-0x2f_11    0.00%    passed     97.74%
 125  DENV4_DELIM-0x2f_THAILAND_DELIM-0x2f_2012_DELIM-0x2f_00637_DELIM-0x2f_12    0.00%    passed     97.04%
 126  DENV4_DELIM-0x2f_THAILAND_DELIM-0x2f_2011_DELIM-0x2f_00116_DELIM-0x2f_11    0.00%    passed     98.78%
 127  DENV4_DELIM-0x2f_THAILAND_DELIM-0x2f_2006_DELIM-0x2f_00705_DELIM-0x2f_06    0.00%    passed     98.35%
 128  DENV4_DELIM-0x2f_THAILAND_DELIM-0x2f_2010_DELIM-0x2f_00780_DELIM-0x2f_10    0.00%    passed     99.03%
 129  DENV4_DELIM-0x2f_THAILAND_DELIM-0x2f_2010_DELIM-0x2f_01513_DELIM-0x2f_10    0.00%    passed     99.10%
 130  DENV4_DELIM-0x2f_THAILAND_DELIM-0x2f_2013_DELIM-0x2f_00152_DELIM-0x2f_13    0.00%    passed     99.52%
 131  DENV4_DELIM-0x2f_THAILAND_DELIM-0x2f_2013_DELIM-0x2f_00691_DELIM-0x2f_13    0.00%    passed     98.78%
 132  DENV4_DELIM-0x2f_THAILAND_DELIM-0x2f_2011_DELIM-0x2f_00697_DELIM-0x2f_11    0.00%    passed     97.81%
 133  DENV4_DELIM-0x2f_THAILAND_DELIM-0x2f_2011_DELIM-0x2f_00369_DELIM-0x2f_11    0.00%    passed     98.35%
 134  DENV4_DELIM-0x2f_THAILAND_DELIM-0x2f_2013_DELIM-0x2f_00300_DELIM-0x2f_13    0.00%    passed     97.56%
 135  DENV4_DELIM-0x2f_MYANMAR_DELIM-0x2f_2008_DELIM-0x2f_81087                   0.00%    passed     98.35%
 136  DENV4_DELIM-0x2f_THAILAND_DELIM-0x2f_2011_DELIM-0x2f_00477_DELIM-0x2f_11    0.00%    passed     99.03%
 137  DENV4_DELIM-0x2f_THAILAND_DELIM-0x2f_2013_DELIM-0x2f_00789_DELIM-0x2f_13    0.00%    passed     99.10%
 138  DENV4_DELIM-0x2f_THAILAND_DELIM-0x2f_2013_DELIM-0x2f_01389_DELIM-0x2f_13    0.00%    passed     99.25%
 139  DENV4_DELIM-0x2f_THAILAND_DELIM-0x2f_2014_DELIM-0x2f_00214_DELIM-0x2f_14    0.00%    passed     99.10%
 140  DENV4_DELIM-0x2f_THAILAND_DELIM-0x2f_2014_DELIM-0x2f_00789_DELIM-0x2f_14    0.00%    passed     97.97%
 141  DENV4_DELIM-0x2f_THAILAND_DELIM-0x2f_2013_DELIM-0x2f_01012_DELIM-0x2f_13    0.00%    passed     99.33%
 142  DENV4_DELIM-0x2f_THAILAND_DELIM-0x2f_2014_DELIM-0x2f_00365_DELIM-0x2f_14    0.00%    passed     98.62%
 143  DENV4_DELIM-0x2f_THAILAND_DELIM-0x2f_2014_DELIM-0x2f_00385_DELIM-0x2f_14    0.00%    passed     98.62%
 144  DENV4_DELIM-0x2f_THAILAND_DELIM-0x2f_2014_DELIM-0x2f_00555_DELIM-0x2f_14    0.07%    passed     98.92%
 145  DENV4_DELIM-0x2f_THAILAND_DELIM-0x2f_2014_DELIM-0x2f_00575_DELIM-0x2f_14    0.00%    passed     98.62%
 146  DENV4_DELIM-0x2f_THAILAND_DELIM-0x2f_2014_DELIM-0x2f_00685_DELIM-0x2f_14    0.00%    passed     95.59%
 147  DENV4_DELIM-0x2f_THAILAND_DELIM-0x2f_2014_DELIM-0x2f_00514_DELIM-0x2f_14    0.00%    passed     94.29%
 148  DENV4_DELIM-0x2f_THAILAND_DELIM-0x2f_2014_DELIM-0x2f_00615_DELIM-0x2f_14    0.00%    passed     94.29%
 149  DENV4_DELIM-0x2f_THAILAND_DELIM-0x2f_2014_DELIM-0x2f_00752_DELIM-0x2f_14    0.00%    passed     96.73%
 150  DENV4_DELIM-0x2f_THAILAND_DELIM-0x2f_2014_DELIM-0x2f_00728_DELIM-0x2f_14    0.00%    passed     99.82%
 151  DENV4_DELIM-0x2f_THAILAND_DELIM-0x2f_2013_DELIM-0x2f_01211_DELIM-0x2f_13    0.00%    passed     99.91%
 152  DENV4_DELIM-0x2f_THAILAND_DELIM-0x2f_2014_DELIM-0x2f_00777_DELIM-0x2f_14    0.00%    passed     99.91%
 153  DENV4_DELIM-0x2f_THAILAND_DELIM-0x2f_2014_DELIM-0x2f_00595_DELIM-0x2f_14    0.00%    passed     99.58%
 154  DENV4_DELIM-0x2f_THAILAND_DELIM-0x2f_2013_DELIM-0x2f_00835_DELIM-0x2f_13    0.00%    passed     99.47%
 155  DENV4_DELIM-0x2f_THAILAND_DELIM-0x2f_2000_DELIM-0x2f_00010_DELIM-0x2f_00    0.00%    passed     99.77%
 156  DENV4_DELIM-0x2f_THAILAND_DELIM-0x2f_1999_DELIM-0x2f_05475_DELIM-0x2f_99    0.00%    passed     99.89%
 157  DENV4_DELIM-0x2f_THAILAND_DELIM-0x2f_2000_DELIM-0x2f_00235_DELIM-0x2f_00    0.00%    passed     99.88%
 158  DENV4_DELIM-0x2f_THAILAND_DELIM-0x2f_2000_DELIM-0x2f_01232_DELIM-0x2f_00    0.07%    passed     99.92%
 159  DENV4_DELIM-0x2f_THAILAND_DELIM-0x2f_2000_DELIM-0x2f_01702_DELIM-0x2f_00    0.00%    passed     99.68%
 160  DENV4_DELIM-0x2f_THAILAND_DELIM-0x2f_2000_DELIM-0x2f_01278_DELIM-0x2f_00    0.07%    passed     99.90%
 161  DENV4_DELIM-0x2f_THAILAND_DELIM-0x2f_2001_DELIM-0x2f_00575_DELIM-0x2f_01    0.07%    passed     99.98%
 162  DENV4_DELIM-0x2f_THAILAND_DELIM-0x2f_2000_DELIM-0x2f_02143_DELIM-0x2f_00    0.00%    passed     99.97%
 163  DENV4_DELIM-0x2f_THAILAND_DELIM-0x2f_1999_DELIM-0x2f_02897_DELIM-0x2f_99    0.00%    passed     99.89%
 164  DENV4_DELIM-0x2f_THAILAND_DELIM-0x2f_1999_DELIM-0x2f_04058_DELIM-0x2f_99    0.00%    passed     99.89%
 165  DENV4_DELIM-0x2f_THAILAND_DELIM-0x2f_2005_DELIM-0x2f_00714_DELIM-0x2f_05    0.00%    passed     99.97%
 166  DENV4_DELIM-0x2f_THAILAND_DELIM-0x2f_1999_DELIM-0x2f_03401_DELIM-0x2f_99    0.00%    passed     99.97%
 167  DENV4_DELIM-0x2f_THAILAND_DELIM-0x2f_1999_DELIM-0x2f_03541_DELIM-0x2f_99    0.00%    passed     99.97%
 168  DENV4_DELIM-0x2f_THAILAND_DELIM-0x2f_1999_DELIM-0x2f_03494_DELIM-0x2f_99    0.00%    passed     99.68%
 169  DENV4_DELIM-0x2f_THAILAND_DELIM-0x2f_2006_DELIM-0x2f_00759_DELIM-0x2f_06    0.00%    passed     99.99%
 170  DENV4_DELIM-0x2f_THAILAND_DELIM-0x2f_1999_DELIM-0x2f_03471_DELIM-0x2f_99    0.00%    passed     99.97%
 171  DENV4_DELIM-0x2f_THAILAND_DELIM-0x2f_2000_DELIM-0x2f_00303_DELIM-0x2f_00    0.00%    passed     99.89%
 172  DENV4_DELIM-0x2f_THAILAND_DELIM-0x2f_1999_DELIM-0x2f_00984_DELIM-0x2f_99    0.00%    passed     99.99%
 173  DENV4_DELIM-0x2f_THAILAND_DELIM-0x2f_1998_DELIM-0x2f_06181_DELIM-0x2f_98    0.00%    passed     99.99%
 174  DENV4_DELIM-0x2f_THAILAND_DELIM-0x2f_2000_DELIM-0x2f_01645_DELIM-0x2f_00    0.00%    passed     99.97%
 175  DENV4_DELIM-0x2f_THAILAND_DELIM-0x2f_2001_DELIM-0x2f_00114_DELIM-0x2f_01    0.00%    passed     99.88%
 176  DENV4_DELIM-0x2f_THAILAND_DELIM-0x2f_2001_DELIM-0x2f_00103_DELIM-0x2f_01    0.00%    passed     99.33%
 177  DENV4_DELIM-0x2f_THAILAND_DELIM-0x2f_2001_DELIM-0x2f_00565_DELIM-0x2f_01    0.07%    passed     99.95%
 178  DENV4_DELIM-0x2f_THAILAND_DELIM-0x2f_2001_DELIM-0x2f_00887_DELIM-0x2f_01    0.00%    passed     99.88%
 179  DENV4_DELIM-0x2f_THAILAND_DELIM-0x2f_2001_DELIM-0x2f_05908_DELIM-0x2f_01    0.00%    passed     99.27%
 180  DENV4_DELIM-0x2f_THAILAND_DELIM-0x2f_2001_DELIM-0x2f_03643_DELIM-0x2f_01    0.00%    passed     99.77%
 181  DENV4_DELIM-0x2f_THAILAND_DELIM-0x2f_1999_DELIM-0x2f_00027_DELIM-0x2f_99    0.00%    passed     99.89%
 182  DENV4_DELIM-0x2f_THAILAND_DELIM-0x2f_1999_DELIM-0x2f_02966_DELIM-0x2f_99    0.00%    passed     99.89%
 183  DENV4_DELIM-0x2f_THAILAND_DELIM-0x2f_1999_DELIM-0x2f_05341_DELIM-0x2f_99    0.07%    passed     99.91%
 184  DENV4_DELIM-0x2f_THAILAND_DELIM-0x2f_1999_DELIM-0x2f_00362_DELIM-0x2f_99    0.00%    passed    100.00%
 185  DENV4_DELIM-0x2f_THAILAND_DELIM-0x2f_1999_DELIM-0x2f_00508_DELIM-0x2f_99    0.00%    passed    100.00%
 186  DENV4_DELIM-0x2f_THAILAND_DELIM-0x2f_2001_DELIM-0x2f_00044_DELIM-0x2f_01    0.00%    passed     99.97%
 187  DENV4_DELIM-0x2f_THAILAND_DELIM-0x2f_2000_DELIM-0x2f_05771_DELIM-0x2f_00    0.00%    passed     99.97%
 188  DENV4_DELIM-0x2f_THAILAND_DELIM-0x2f_2001_DELIM-0x2f_02765_DELIM-0x2f_01    0.00%    passed     99.97%
 189  DENV4_DELIM-0x2f_THAILAND_DELIM-0x2f_2000_DELIM-0x2f_02111_DELIM-0x2f_00    0.00%    passed     99.97%
 190  DENV4_DELIM-0x2f_THAILAND_DELIM-0x2f_2000_DELIM-0x2f_04854_DELIM-0x2f_00    0.07%    passed     99.98%
 191  DENV4_DELIM-0x2f_THAILAND_DELIM-0x2f_2000_DELIM-0x2f_01441_DELIM-0x2f_00    0.00%    passed     99.97%
 192  DENV4_DELIM-0x2f_THAILAND_DELIM-0x2f_2005_DELIM-0x2f_00618_DELIM-0x2f_05    0.00%    passed    100.00%
 193  DENV4_DELIM-0x2f_THAILAND_DELIM-0x2f_2001_DELIM-0x2f_03531_DELIM-0x2f_01    0.00%    passed     99.88%
 194  DENV4_DELIM-0x2f_THAILAND_DELIM-0x2f_2003_DELIM-0x2f_01216_DELIM-0x2f_03    0.00%    passed     99.83%
 195  DENV4_DELIM-0x2f_THAILAND_DELIM-0x2f_2002_DELIM-0x2f_01480_DELIM-0x2f_02    0.00%    passed     99.95%
 196  DENV4_DELIM-0x2f_THAILAND_DELIM-0x2f_2001_DELIM-0x2f_03081_DELIM-0x2f_01    0.00%    passed    100.00%
 197  DENV4_DELIM-0x2f_THAILAND_DELIM-0x2f_2001_DELIM-0x2f_03348_DELIM-0x2f_01    0.00%    passed    100.00%
 198  DENV4_DELIM-0x2f_THAILAND_DELIM-0x2f_2001_DELIM-0x2f_06575_DELIM-0x2f_01    0.00%    passed     99.94%
 199  DENV4_DELIM-0x2f_THAILAND_DELIM-0x2f_1999_DELIM-0x2f_02821_DELIM-0x2f_99    0.00%    passed     99.89%
 200  DENV4_DELIM-0x2f_THAILAND_DELIM-0x2f_2000_DELIM-0x2f_00414_DELIM-0x2f_00    0.00%    passed    100.00%
 201  DENV4_DELIM-0x2f_THAILAND_DELIM-0x2f_2000_DELIM-0x2f_01477_DELIM-0x2f_00    0.00%    passed    100.00%
 202  DENV4_DELIM-0x2f_THAILAND_DELIM-0x2f_2000_DELIM-0x2f_02021_DELIM-0x2f_00    0.00%    passed     99.80%
 203  DENV4_DELIM-0x2f_THAILAND_DELIM-0x2f_2000_DELIM-0x2f_02098_DELIM-0x2f_00    0.00%    passed     99.80%
 204  DENV4_DELIM-0x2f_THAILAND_DELIM-0x2f_2000_DELIM-0x2f_04784_DELIM-0x2f_00    0.07%    passed     99.90%
 205  DENV4_DELIM-0x2f_THAILAND_DELIM-0x2f_2001_DELIM-0x2f_05432_DELIM-0x2f_01    0.00%    passed    100.00%
 206  DENV4_DELIM-0x2f_THAILAND_DELIM-0x2f_2000_DELIM-0x2f_01757_DELIM-0x2f_00    0.00%    passed     99.92%
 207  DENV4_DELIM-0x2f_THAILAND_DELIM-0x2f_2001_DELIM-0x2f_03843_DELIM-0x2f_01    0.00%    passed     99.99%
 208  DENV4_DELIM-0x2f_THAILAND_DELIM-0x2f_2002_DELIM-0x2f_01227_DELIM-0x2f_02    0.00%    passed     99.95%
 209  DENV4_DELIM-0x2f_THAILAND_DELIM-0x2f_2002_DELIM-0x2f_02572_DELIM-0x2f_02    0.00%    passed     99.80%
 210  DENV4_DELIM-0x2f_THAILAND_DELIM-0x2f_2003_DELIM-0x2f_01743_DELIM-0x2f_03    0.00%    passed     99.74%
 211  DENV4_DELIM-0x2f_THAILAND_DELIM-0x2f_2004_DELIM-0x2f_01719_DELIM-0x2f_04    0.00%    passed     99.74%
 212  DENV4_DELIM-0x2f_THAILAND_DELIM-0x2f_2007_DELIM-0x2f_01840_DELIM-0x2f_07    0.00%    passed     99.97%
 213  DENV4_DELIM-0x2f_THAILAND_DELIM-0x2f_2001_DELIM-0x2f_02623_DELIM-0x2f_01    0.00%    passed     99.92%
 214  DENV4_DELIM-0x2f_THAILAND_DELIM-0x2f_2000_DELIM-0x2f_05548_DELIM-0x2f_00    0.00%    passed     99.97%
 215  DENV4_DELIM-0x2f_THAILAND_DELIM-0x2f_2001_DELIM-0x2f_05386_DELIM-0x2f_01    0.00%    passed     99.88%
 216  DENV4_DELIM-0x2f_THAILAND_DELIM-0x2f_2001_DELIM-0x2f_06019_DELIM-0x2f_01    0.00%    passed     99.97%
 217  DENV4_DELIM-0x2f_THAILAND_DELIM-0x2f_2001_DELIM-0x2f_06949_DELIM-0x2f_01    0.00%    passed     99.92%
 218  DENV4_DELIM-0x2f_THAILAND_DELIM-0x2f_2001_DELIM-0x2f_00534_DELIM-0x2f_01    0.00%    passed    100.00%
 219  DENV4_DELIM-0x2f_THAILAND_DELIM-0x2f_2000_DELIM-0x2f_05782_DELIM-0x2f_00    0.00%    passed    100.00%
 220  DENV4_DELIM-0x2f_THAILAND_DELIM-0x2f_2000_DELIM-0x2f_05997_DELIM-0x2f_00    0.00%    passed    100.00%
 221  DENV4_DELIM-0x2f_THAILAND_DELIM-0x2f_2000_DELIM-0x2f_05984_DELIM-0x2f_00    0.00%    passed    100.00%
 222  DENV4_DELIM-0x2f_THAILAND_DELIM-0x2f_2001_DELIM-0x2f_04134_DELIM-0x2f_01    0.00%    passed     99.99%
 223  DENV4_DELIM-0x2f_THAILAND_DELIM-0x2f_2002_DELIM-0x2f_03060_DELIM-0x2f_02    0.00%    passed     99.97%
 224  DENV4_DELIM-0x2f_THAILAND_DELIM-0x2f_2002_DELIM-0x2f_01606_DELIM-0x2f_02    0.07%    passed     99.16%
 225  DENV4_DELIM-0x2f_THAILAND_DELIM-0x2f_2001_DELIM-0x2f_06712_DELIM-0x2f_01    0.00%    passed     99.78%
 226  DENV4_DELIM-0x2f_THAILAND_DELIM-0x2f_2002_DELIM-0x2f_02131_DELIM-0x2f_02    0.00%    passed     99.69%
 227  DENV4_DELIM-0x2f_THAILAND_DELIM-0x2f_2003_DELIM-0x2f_00205_DELIM-0x2f_03    0.00%    passed     99.58%
 228  DENV4_DELIM-0x2f_THAILAND_DELIM-0x2f_2002_DELIM-0x2f_01648_DELIM-0x2f_02    0.00%    passed     99.58%
 229  DENV4_DELIM-0x2f_THAILAND_DELIM-0x2f_2003_DELIM-0x2f_00286_DELIM-0x2f_03    0.00%    passed     99.92%
 230  DENV4_DELIM-0x2f_THAILAND_DELIM-0x2f_2003_DELIM-0x2f_00823_DELIM-0x2f_03    0.00%    passed     99.74%
 231  DENV4_DELIM-0x2f_THAILAND_DELIM-0x2f_2003_DELIM-0x2f_00498_DELIM-0x2f_03    0.00%    passed     99.98%
 232  DENV4_DELIM-0x2f_THAILAND_DELIM-0x2f_2005_DELIM-0x2f_00558_DELIM-0x2f_05    0.00%    passed     99.89%
 233  DENV4_DELIM-0x2f_THAILAND_DELIM-0x2f_2004_DELIM-0x2f_00674_DELIM-0x2f_04    0.00%    passed     99.77%
 234  DENV4_DELIM-0x2f_THAILAND_DELIM-0x2f_2002_DELIM-0x2f_01222_DELIM-0x2f_02    0.00%    passed     98.35%
 235  DENV4_DELIM-0x2f_THAILAND_DELIM-0x2f_2002_DELIM-0x2f_02705_DELIM-0x2f_02    0.00%    passed     98.62%
 236  DENV4_DELIM-0x2f_THAILAND_DELIM-0x2f_2002_DELIM-0x2f_03113_DELIM-0x2f_02    0.00%    passed     99.91%
 237  DENV4_DELIM-0x2f_THAILAND_DELIM-0x2f_2005_DELIM-0x2f_00581_DELIM-0x2f_05    0.00%    passed     99.89%
 238  DENV4_DELIM-0x2f_THAILAND_DELIM-0x2f_2003_DELIM-0x2f_00964_DELIM-0x2f_03    0.00%    passed     99.68%
 239  DENV4_DELIM-0x2f_THAILAND_DELIM-0x2f_2003_DELIM-0x2f_00987_DELIM-0x2f_03    0.00%    passed     99.69%
 240  DENV4_DELIM-0x2f_THAILAND_DELIM-0x2f_2003_DELIM-0x2f_02012_DELIM-0x2f_03    0.00%    passed     99.69%
 241  DENV4_DELIM-0x2f_THAILAND_DELIM-0x2f_2003_DELIM-0x2f_02197_DELIM-0x2f_03    0.00%    passed     99.69%
 242  DENV4_DELIM-0x2f_THAILAND_DELIM-0x2f_2003_DELIM-0x2f_01798_DELIM-0x2f_03    0.00%    passed     99.69%
 243  DENV4_DELIM-0x2f_THAILAND_DELIM-0x2f_2006_DELIM-0x2f_01405_DELIM-0x2f_06    0.00%    passed     99.01%
 244  DENV4_DELIM-0x2f_THAILAND_DELIM-0x2f_2006_DELIM-0x2f_02385_DELIM-0x2f_06    0.00%    passed     99.01%
 245  DENV4_DELIM-0x2f_THAILAND_DELIM-0x2f_2006_DELIM-0x2f_02456_DELIM-0x2f_06    0.00%    passed     99.01%
 246  DENV4_DELIM-0x2f_THAILAND_DELIM-0x2f_2008_DELIM-0x2f_01810_DELIM-0x2f_08    0.00%    passed     99.82%
 247  DENV4_DELIM-0x2f_THAILAND_DELIM-0x2f_2006_DELIM-0x2f_02586_DELIM-0x2f_06    0.00%    passed     99.88%
 248  DENV4_DELIM-0x2f_THAILAND_DELIM-0x2f_2005_DELIM-0x2f_00460_DELIM-0x2f_05    0.00%    passed     99.97%
 249  DENV4_DELIM-0x2f_THAILAND_DELIM-0x2f_2006_DELIM-0x2f_01382_DELIM-0x2f_06    0.00%    passed     98.86%
 250  DENV4_DELIM-0x2f_THAILAND_DELIM-0x2f_2009_DELIM-0x2f_01559_DELIM-0x2f_09    0.00%    passed     99.99%
 251  DENV4_DELIM-0x2f_THAILAND_DELIM-0x2f_2007_DELIM-0x2f_00433_DELIM-0x2f_07    0.07%    passed     99.72%
 252  DENV4_DELIM-0x2f_THAILAND_DELIM-0x2f_2006_DELIM-0x2f_00047_DELIM-0x2f_06    0.07%    passed     99.90%
 253  DENV4_DELIM-0x2f_THAILAND_DELIM-0x2f_2006_DELIM-0x2f_00533_DELIM-0x2f_06    0.00%    passed     99.81%
 254  DENV4_DELIM-0x2f_THAILAND_DELIM-0x2f_2006_DELIM-0x2f_00578_DELIM-0x2f_06    0.00%    passed     99.81%
 255  DENV4_DELIM-0x2f_THAILAND_DELIM-0x2f_2006_DELIM-0x2f_01837_DELIM-0x2f_06    0.07%    passed     99.72%
 256  DENV4_DELIM-0x2f_THAILAND_DELIM-0x2f_2006_DELIM-0x2f_00619_DELIM-0x2f_06    0.00%    passed     99.92%
 257  DENV4_DELIM-0x2f_THAILAND_DELIM-0x2f_2006_DELIM-0x2f_01479_DELIM-0x2f_06    0.00%    passed     99.86%
 258  DENV4_DELIM-0x2f_THAILAND_DELIM-0x2f_2006_DELIM-0x2f_02700_DELIM-0x2f_06    0.00%    passed     99.81%
 259  DENV4_DELIM-0x2f_THAILAND_DELIM-0x2f_2006_DELIM-0x2f_00176_DELIM-0x2f_06    0.00%    passed     99.95%
 260  DENV4_DELIM-0x2f_THAILAND_DELIM-0x2f_2006_DELIM-0x2f_00599_DELIM-0x2f_06    0.00%    passed     99.96%
 261  DENV4_DELIM-0x2f_THAILAND_DELIM-0x2f_2006_DELIM-0x2f_00532_DELIM-0x2f_06    0.00%    passed     99.95%
 262  DENV4_DELIM-0x2f_THAILAND_DELIM-0x2f_2007_DELIM-0x2f_00348_DELIM-0x2f_07    0.00%    passed     99.96%
 263  DENV4_DELIM-0x2f_THAILAND_DELIM-0x2f_2006_DELIM-0x2f_02498_DELIM-0x2f_06    0.00%    passed     99.81%
 264  DENV4_DELIM-0x2f_THAILAND_DELIM-0x2f_2006_DELIM-0x2f_01579_DELIM-0x2f_06    0.00%    passed     99.86%
 265  DENV4_DELIM-0x2f_THAILAND_DELIM-0x2f_2006_DELIM-0x2f_01928_DELIM-0x2f_06    0.00%    passed     99.96%
 266  DENV4_DELIM-0x2f_THAILAND_DELIM-0x2f_2006_DELIM-0x2f_00109_DELIM-0x2f_06    0.00%    passed     99.80%
 267  DENV4_DELIM-0x2f_THAILAND_DELIM-0x2f_2006_DELIM-0x2f_00512_DELIM-0x2f_06    0.00%    passed     99.80%
 268  DENV4_DELIM-0x2f_THAILAND_DELIM-0x2f_2004_DELIM-0x2f_00217_DELIM-0x2f_04    0.07%    passed     99.65%
 269  DENV4_DELIM-0x2f_THAILAND_DELIM-0x2f_2004_DELIM-0x2f_01369_DELIM-0x2f_04    0.00%    passed     99.80%
 270  DENV4_DELIM-0x2f_THAILAND_DELIM-0x2f_2004_DELIM-0x2f_01660_DELIM-0x2f_04    0.00%    passed     99.80%
 271  DENV4_DELIM-0x2f_THAILAND_DELIM-0x2f_2004_DELIM-0x2f_00395_DELIM-0x2f_04    0.00%    passed     99.80%
 272  DENV4_DELIM-0x2f_THAILAND_DELIM-0x2f_2004_DELIM-0x2f_00567_DELIM-0x2f_04    0.00%    passed     99.94%
 273  DENV4_DELIM-0x2f_THAILAND_DELIM-0x2f_2003_DELIM-0x2f_02373_DELIM-0x2f_03    0.00%    passed     99.71%
 274  DENV4_DELIM-0x2f_THAILAND_DELIM-0x2f_2004_DELIM-0x2f_01306_DELIM-0x2f_04    0.07%    passed     99.78%
 275  DENV4_DELIM-0x2f_THAILAND_DELIM-0x2f_2003_DELIM-0x2f_01947_DELIM-0x2f_03    0.00%    passed     99.87%
 276  DENV4_DELIM-0x2f_THAILAND_DELIM-0x2f_2004_DELIM-0x2f_00535_DELIM-0x2f_04    0.00%    passed     99.99%
 277  DENV4_DELIM-0x2f_THAILAND_DELIM-0x2f_2006_DELIM-0x2f_00409_DELIM-0x2f_06    0.13%    passed     99.44%
 278  DENV4_DELIM-0x2f_THAILAND_DELIM-0x2f_2006_DELIM-0x2f_00410_DELIM-0x2f_06    0.07%    passed     99.28%
 279  DENV4_DELIM-0x2f_THAILAND_DELIM-0x2f_2006_DELIM-0x2f_00426_DELIM-0x2f_06    0.07%    passed     99.65%
 280  DENV4_DELIM-0x2f_THAILAND_DELIM-0x2f_2008_DELIM-0x2f_01387_DELIM-0x2f_08    0.00%    passed     99.92%
 281  DENV4_DELIM-0x2f_THAILAND_DELIM-0x2f_2005_DELIM-0x2f_00700_DELIM-0x2f_05    0.00%    passed     99.05%
 282  DENV4_DELIM-0x2f_THAILAND_DELIM-0x2f_2004_DELIM-0x2f_00950_DELIM-0x2f_04    0.00%    passed     99.68%
 283  DENV4_DELIM-0x2f_THAILAND_DELIM-0x2f_2006_DELIM-0x2f_02674_DELIM-0x2f_06    0.00%    passed     97.91%
 284  DENV4_DELIM-0x2f_THAILAND_DELIM-0x2f_2006_DELIM-0x2f_00394_DELIM-0x2f_06    0.00%    passed     99.99%
 285  DENV4_DELIM-0x2f_THAILAND_DELIM-0x2f_2006_DELIM-0x2f_00585_DELIM-0x2f_06    0.00%    passed     99.99%
 286  DENV4_DELIM-0x2f_THAILAND_DELIM-0x2f_2004_DELIM-0x2f_01388_DELIM-0x2f_04    0.07%    passed     99.72%
 287  DENV4_DELIM-0x2f_THAILAND_DELIM-0x2f_2006_DELIM-0x2f_01258_DELIM-0x2f_06    0.00%    passed     99.36%
 288  DENV4_DELIM-0x2f_THAILAND_DELIM-0x2f_2006_DELIM-0x2f_02720_DELIM-0x2f_06    0.00%    passed     99.67%
 289  DENV4_DELIM-0x2f_THAILAND_DELIM-0x2f_2009_DELIM-0x2f_00781_DELIM-0x2f_09    0.00%    passed     99.80%
 290  DENV4_DELIM-0x2f_THAILAND_DELIM-0x2f_2006_DELIM-0x2f_00270_DELIM-0x2f_06    0.00%    passed     99.52%
 291  DENV4_DELIM-0x2f_THAILAND_DELIM-0x2f_2008_DELIM-0x2f_01284_DELIM-0x2f_08    0.00%    passed     99.07%
 292  DENV4_DELIM-0x2f_THAILAND_DELIM-0x2f_2006_DELIM-0x2f_01711_DELIM-0x2f_06    0.00%    passed     98.92%
 293  DENV4_DELIM-0x2f_THAILAND_DELIM-0x2f_2006_DELIM-0x2f_02197_DELIM-0x2f_06    0.00%    passed     99.68%
 294  DENV4_DELIM-0x2f_THAILAND_DELIM-0x2f_2004_DELIM-0x2f_01769_DELIM-0x2f_04    0.07%    passed     99.50%
 295  DENV4_DELIM-0x2f_THAILAND_DELIM-0x2f_2006_DELIM-0x2f_00559_DELIM-0x2f_06    0.07%    passed     99.66%
 296  DENV4_DELIM-0x2f_THAILAND_DELIM-0x2f_2006_DELIM-0x2f_01647_DELIM-0x2f_06    0.00%    passed     98.61%
 297  DENV4_DELIM-0x2f_THAILAND_DELIM-0x2f_2007_DELIM-0x2f_01923_DELIM-0x2f_07    0.00%    passed     98.61%
 298  DENV4_DELIM-0x2f_THAILAND_DELIM-0x2f_2006_DELIM-0x2f_02194_DELIM-0x2f_06    0.00%    passed     99.80%
 299  DENV4_DELIM-0x2f_THAILAND_DELIM-0x2f_2003_DELIM-0x2f_00187_DELIM-0x2f_03    0.00%    passed     99.61%
 300  DENV4_DELIM-0x2f_THAILAND_DELIM-0x2f_2004_DELIM-0x2f_00564_DELIM-0x2f_04    0.07%    passed     99.43%
 301  DENV4_DELIM-0x2f_THAILAND_DELIM-0x2f_2004_DELIM-0x2f_00680_DELIM-0x2f_04    0.00%    passed     99.61%
 302  DENV4_DELIM-0x2f_THAILAND_DELIM-0x2f_2004_DELIM-0x2f_01315_DELIM-0x2f_04    0.00%    passed     99.14%
 303  DENV4_DELIM-0x2f_THAILAND_DELIM-0x2f_2006_DELIM-0x2f_01295_DELIM-0x2f_06    0.00%    passed     99.11%
 304  DENV4_DELIM-0x2f_THAILAND_DELIM-0x2f_2007_DELIM-0x2f_02392_DELIM-0x2f_07    0.00%    passed     99.11%
 305  DENV4_DELIM-0x2f_THAILAND_DELIM-0x2f_2006_DELIM-0x2f_02183_DELIM-0x2f_06    0.00%    passed     99.11%
 306  DENV4_DELIM-0x2f_THAILAND_DELIM-0x2f_2006_DELIM-0x2f_02198_DELIM-0x2f_06    0.00%    passed     99.11%
 307  DENV4_DELIM-0x2f_THAILAND_DELIM-0x2f_2007_DELIM-0x2f_00694_DELIM-0x2f_07    0.00%    passed     99.59%
 308  DENV4_DELIM-0x2f_THAILAND_DELIM-0x2f_2008_DELIM-0x2f_01380_DELIM-0x2f_08    0.00%    passed     99.80%
 309  DENV4_DELIM-0x2f_THAILAND_DELIM-0x2f_2003_DELIM-0x2f_00225_DELIM-0x2f_03    0.00%    passed     99.81%
 310  DENV4_DELIM-0x2f_THAILAND_DELIM-0x2f_2003_DELIM-0x2f_00641_DELIM-0x2f_03    0.00%    passed     99.81%
 311  DENV4_DELIM-0x2f_THAILAND_DELIM-0x2f_2003_DELIM-0x2f_00875_DELIM-0x2f_03    0.00%    passed     99.80%
 312  DENV4_DELIM-0x2f_THAILAND_DELIM-0x2f_2005_DELIM-0x2f_00854_DELIM-0x2f_05    0.00%    passed     99.94%
 313  DENV4_DELIM-0x2f_THAILAND_DELIM-0x2f_2004_DELIM-0x2f_01234_DELIM-0x2f_04    0.07%    passed     99.62%
 314  DENV4_DELIM-0x2f_THAILAND_DELIM-0x2f_2004_DELIM-0x2f_00278_DELIM-0x2f_04    0.00%    passed     99.62%
 315  DENV4_DELIM-0x2f_THAILAND_DELIM-0x2f_2006_DELIM-0x2f_00225_DELIM-0x2f_06    0.00%    passed     99.69%
 316  DENV4_DELIM-0x2f_THAILAND_DELIM-0x2f_2005_DELIM-0x2f_00588_DELIM-0x2f_05    0.00%    passed     99.48%
 317  DENV4_DELIM-0x2f_THAILAND_DELIM-0x2f_2008_DELIM-0x2f_00447_DELIM-0x2f_08    0.00%    passed     99.87%
 318  DENV4_DELIM-0x2f_THAILAND_DELIM-0x2f_2006_DELIM-0x2f_01107_DELIM-0x2f_06    0.00%    passed     99.78%
 319  DENV4_DELIM-0x2f_THAILAND_DELIM-0x2f_2006_DELIM-0x2f_02383_DELIM-0x2f_06    0.00%    passed     99.78%
 320  DENV4_DELIM-0x2f_THAILAND_DELIM-0x2f_2005_DELIM-0x2f_00653_DELIM-0x2f_05    0.00%    passed     99.80%
 321  DENV4_DELIM-0x2f_THAILAND_DELIM-0x2f_2000_DELIM-0x2f_01394_DELIM-0x2f_00    0.00%    passed     99.92%
 322  DENV4_DELIM-0x2f_THAILAND_DELIM-0x2f_2002_DELIM-0x2f_02414_DELIM-0x2f_02    0.07%    passed     99.86%
 323  DENV4_DELIM-0x2f_THAILAND_DELIM-0x2f_2002_DELIM-0x2f_02862_DELIM-0x2f_02    0.13%    passed     99.94%
 324  DENV4_DELIM-0x2f_THAILAND_DELIM-0x2f_2003_DELIM-0x2f_02452_DELIM-0x2f_03    0.00%    passed     99.72%
 325  DENV4_DELIM-0x2f_THAILAND_DELIM-0x2f_2002_DELIM-0x2f_02899_DELIM-0x2f_02    0.00%    passed     99.98%
 326  DENV4_DELIM-0x2f_THAILAND_DELIM-0x2f_2001_DELIM-0x2f_05429_DELIM-0x2f_01    0.07%    passed     99.96%
 327  DENV4_DELIM-0x2f_THAILAND_DELIM-0x2f_2001_DELIM-0x2f_06951_DELIM-0x2f_01    0.00%    passed     99.92%
 328  DENV4_DELIM-0x2f_THAILAND_DELIM-0x2f_2002_DELIM-0x2f_02269_DELIM-0x2f_02    0.13%    passed     99.96%
 329  DENV4_DELIM-0x2f_THAILAND_DELIM-0x2f_2001_DELIM-0x2f_06122_DELIM-0x2f_01    0.00%    passed     99.83%
 330  DENV4_DELIM-0x2f_THAILAND_DELIM-0x2f_2004_DELIM-0x2f_00717_DELIM-0x2f_04    0.00%    passed     99.95%
 331  DENV4_DELIM-0x2f_THAILAND_DELIM-0x2f_2004_DELIM-0x2f_01258_DELIM-0x2f_04    0.00%    passed     99.87%
 332  DENV4_DELIM-0x2f_THAILAND_DELIM-0x2f_2004_DELIM-0x2f_01622_DELIM-0x2f_04    0.07%    passed     99.95%
 333  DENV4_DELIM-0x2f_THAILAND_DELIM-0x2f_2006_DELIM-0x2f_01944_DELIM-0x2f_06    0.00%    passed     99.99%
 334  DENV4_DELIM-0x2f_THAILAND_DELIM-0x2f_2005_DELIM-0x2f_00762_DELIM-0x2f_05    0.07%    passed     99.86%
 335  DENV4_DELIM-0x2f_THAILAND_DELIM-0x2f_2005_DELIM-0x2f_00882_DELIM-0x2f_05    0.00%    passed     99.87%
 336  DENV4_DELIM-0x2f_THAILAND_DELIM-0x2f_2006_DELIM-0x2f_02192_DELIM-0x2f_06    0.00%    passed     99.73%
 337  DENV4_DELIM-0x2f_THAILAND_DELIM-0x2f_2006_DELIM-0x2f_01594_DELIM-0x2f_06    0.00%    passed     99.85%
 338  DENV4_DELIM-0x2f_THAILAND_DELIM-0x2f_2006_DELIM-0x2f_01938_DELIM-0x2f_06    0.00%    passed     99.74%
 339  DENV4_DELIM-0x2f_THAILAND_DELIM-0x2f_2006_DELIM-0x2f_00779_DELIM-0x2f_06    0.00%    passed     99.71%
 340  DENV4_DELIM-0x2f_THAILAND_DELIM-0x2f_2006_DELIM-0x2f_01174_DELIM-0x2f_06    0.00%    passed     99.94%
 341  DENV4_DELIM-0x2f_THAILAND_DELIM-0x2f_2007_DELIM-0x2f_01402_DELIM-0x2f_07    0.00%    passed     99.81%
 342  DENV4_DELIM-0x2f_THAILAND_DELIM-0x2f_2013_DELIM-0x2f_00801_DELIM-0x2f_13    0.00%    passed     99.20%
 343  DENV4_DELIM-0x2f_THAILAND_DELIM-0x2f_2012_DELIM-0x2f_01104_DELIM-0x2f_12    0.00%    passed     99.41%
 344  DENV4_DELIM-0x2f_THAILAND_DELIM-0x2f_2006_DELIM-0x2f_00842_DELIM-0x2f_06    0.00%    passed     99.48%
 345  DENV4_DELIM-0x2f_THAILAND_DELIM-0x2f_2006_DELIM-0x2f_00810_DELIM-0x2f_06    0.00%    passed     99.61%
 346  DENV4_DELIM-0x2f_THAILAND_DELIM-0x2f_2006_DELIM-0x2f_02286_DELIM-0x2f_06    0.00%    passed     99.61%
 347  DENV4_DELIM-0x2f_THAILAND_DELIM-0x2f_2007_DELIM-0x2f_01458_DELIM-0x2f_07    0.00%    passed     99.84%
 348  DENV4_DELIM-0x2f_THAILAND_DELIM-0x2f_2007_DELIM-0x2f_01118_DELIM-0x2f_07    0.00%    passed     99.61%
 349  DENV4_DELIM-0x2f_THAILAND_DELIM-0x2f_2008_DELIM-0x2f_01268_DELIM-0x2f_08    0.07%    passed     99.94%
 350  DENV4_DELIM-0x2f_THAILAND_DELIM-0x2f_2006_DELIM-0x2f_02606_DELIM-0x2f_06    0.00%    passed     99.98%
 351  DENV4_DELIM-0x2f_THAILAND_DELIM-0x2f_2008_DELIM-0x2f_00274_DELIM-0x2f_08    0.00%    passed     99.52%
 352  DENV4_DELIM-0x2f_THAILAND_DELIM-0x2f_2006_DELIM-0x2f_01374_DELIM-0x2f_06    0.00%    passed     99.72%
 353  DENV4_DELIM-0x2f_THAILAND_DELIM-0x2f_2006_DELIM-0x2f_01278_DELIM-0x2f_06    0.00%    passed     99.95%
 354  DENV4_DELIM-0x2f_THAILAND_DELIM-0x2f_2006_DELIM-0x2f_02190_DELIM-0x2f_06    0.00%    passed     99.95%
 355  DENV4_DELIM-0x2f_THAILAND_DELIM-0x2f_2006_DELIM-0x2f_02749_DELIM-0x2f_06    0.00%    passed     99.95%
 356  DENV4_DELIM-0x2f_THAILAND_DELIM-0x2f_2007_DELIM-0x2f_02204_DELIM-0x2f_07    0.00%    passed     99.96%
 357  DENV4_DELIM-0x2f_THAILAND_DELIM-0x2f_2006_DELIM-0x2f_00420_DELIM-0x2f_06    0.00%    passed     99.88%
 358  DENV4_DELIM-0x2f_THAILAND_DELIM-0x2f_2007_DELIM-0x2f_00307_DELIM-0x2f_07    0.00%    passed     99.80%
 359  DENV4_DELIM-0x2f_THAILAND_DELIM-0x2f_2007_DELIM-0x2f_00119_DELIM-0x2f_07    0.00%    passed     99.97%
 360  DENV4_DELIM-0x2f_THAILAND_DELIM-0x2f_2006_DELIM-0x2f_00171_DELIM-0x2f_06    0.00%    passed     98.65%
 361  DENV4_DELIM-0x2f_THAILAND_DELIM-0x2f_2005_DELIM-0x2f_00523_DELIM-0x2f_05    0.00%    passed     99.62%
 362  DENV4_DELIM-0x2f_THAILAND_DELIM-0x2f_2004_DELIM-0x2f_01170_DELIM-0x2f_04    0.00%    passed     99.05%
 363  DENV4_DELIM-0x2f_THAILAND_DELIM-0x2f_2006_DELIM-0x2f_00189_DELIM-0x2f_06    0.07%    passed     99.47%
 364  DENV4_DELIM-0x2f_THAILAND_DELIM-0x2f_1999_DELIM-0x2f_00259_DELIM-0x2f_99    0.00%    passed     99.54%
 365  DENV4_DELIM-0x2f_THAILAND_DELIM-0x2f_2004_DELIM-0x2f_00455_DELIM-0x2f_04    0.00%    passed     99.97%
 366  DENV4_DELIM-0x2f_THAILAND_DELIM-0x2f_2004_DELIM-0x2f_00624_DELIM-0x2f_04    0.00%    passed     99.99%
 367  DENV4_DELIM-0x2f_THAILAND_DELIM-0x2f_2003_DELIM-0x2f_02090_DELIM-0x2f_03    0.00%    passed    100.00%
 368  DENV4_DELIM-0x2f_THAILAND_DELIM-0x2f_2002_DELIM-0x2f_03096_DELIM-0x2f_02    0.07%    passed    100.00%
 369  DENV4_DELIM-0x2f_THAILAND_DELIM-0x2f_2004_DELIM-0x2f_00994_DELIM-0x2f_04    0.07%    passed     99.88%
 370  DENV4_DELIM-0x2f_THAILAND_DELIM-0x2f_2003_DELIM-0x2f_02198_DELIM-0x2f_03    0.07%    passed     99.61%
 371  DENV4_DELIM-0x2f_THAILAND_DELIM-0x2f_2003_DELIM-0x2f_02377_DELIM-0x2f_03    0.20%    passed     99.81%
 372  DENV4_DELIM-0x2f_THAILAND_DELIM-0x2f_2005_DELIM-0x2f_00201_DELIM-0x2f_05    0.00%    passed     99.93%
 373  DENV4_DELIM-0x2f_THAILAND_DELIM-0x2f_2006_DELIM-0x2f_00524_DELIM-0x2f_06    0.00%    passed     99.99%
 374  DENV4_DELIM-0x2f_THAILAND_DELIM-0x2f_2005_DELIM-0x2f_00820_DELIM-0x2f_05    0.00%    passed     99.93%
 375  DENV4_DELIM-0x2f_THAILAND_DELIM-0x2f_2008_DELIM-0x2f_00471_DELIM-0x2f_08    0.00%    passed     99.68%
 376  DENV4_DELIM-0x2f_THAILAND_DELIM-0x2f_2004_DELIM-0x2f_00746_DELIM-0x2f_04    0.00%    passed     99.68%
 377  DENV4_DELIM-0x2f_THAILAND_DELIM-0x2f_2006_DELIM-0x2f_00584_DELIM-0x2f_06    0.00%    passed     96.32%
 378  DENV4_DELIM-0x2f_THAILAND_DELIM-0x2f_2010_DELIM-0x2f_01270_DELIM-0x2f_10    0.00%    passed     95.47%
 379  DENV4_DELIM-0x2f_THAILAND_DELIM-0x2f_2006_DELIM-0x2f_00617_DELIM-0x2f_06    0.07%    passed     96.28%
 380  DENV4_DELIM-0x2f_THAILAND_DELIM-0x2f_2006_DELIM-0x2f_00632_DELIM-0x2f_06    0.00%    passed     96.32%
 381  DENV4_DELIM-0x2f_THAILAND_DELIM-0x2f_2006_DELIM-0x2f_00650_DELIM-0x2f_06    0.00%    passed     96.32%
 382  DENV4_DELIM-0x2f_THAILAND_DELIM-0x2f_2004_DELIM-0x2f_00965_DELIM-0x2f_04    0.07%    passed     98.46%
 383  DENV4_DELIM-0x2f_THAILAND_DELIM-0x2f_2004_DELIM-0x2f_01515_DELIM-0x2f_04    0.00%    passed     98.68%
 384  DENV4_DELIM-0x2f_THAILAND_DELIM-0x2f_2004_DELIM-0x2f_00641_DELIM-0x2f_04    0.00%    passed     99.32%
 385  DENV4_DELIM-0x2f_THAILAND_DELIM-0x2f_2004_DELIM-0x2f_01544_DELIM-0x2f_04    0.00%    passed     99.27%
 386  DENV4_DELIM-0x2f_THAILAND_DELIM-0x2f_2006_DELIM-0x2f_00234_DELIM-0x2f_06    0.00%    passed     98.65%
 387  DENV4_DELIM-0x2f_THAILAND_DELIM-0x2f_2006_DELIM-0x2f_00370_DELIM-0x2f_06    0.00%    passed     99.68%
 388  DENV4_DELIM-0x2f_THAILAND_DELIM-0x2f_1999_DELIM-0x2f_00336_DELIM-0x2f_99    0.00%    passed    100.00%
 389  DENV4_DELIM-0x2f_THAILAND_DELIM-0x2f_2006_DELIM-0x2f_00356_DELIM-0x2f_06    0.00%    passed    100.00%
 390  DENV4_DELIM-0x2f_THAILAND_DELIM-0x2f_2006_DELIM-0x2f_00395_DELIM-0x2f_06    0.00%    passed     99.99%
 391  DENV4_DELIM-0x2f_THAILAND_DELIM-0x2f_2006_DELIM-0x2f_01271_DELIM-0x2f_06    0.00%    passed     99.99%
 392  DENV4_DELIM-0x2f_THAILAND_DELIM-0x2f_2006_DELIM-0x2f_02187_DELIM-0x2f_06    0.00%    passed     99.99%
 393  DENV4_DELIM-0x2f_THAILAND_DELIM-0x2f_2006_DELIM-0x2f_01862_DELIM-0x2f_06    0.00%    passed    100.00%
 394  DENV4_DELIM-0x2f_THAILAND_DELIM-0x2f_2005_DELIM-0x2f_01494_DELIM-0x2f_05    0.00%    passed    100.00%
 395  DENV4_DELIM-0x2f_THAILAND_DELIM-0x2f_1999_DELIM-0x2f_05538_DELIM-0x2f_99    0.07%    passed     99.99%
 396  DENV4_DELIM-0x2f_THAILAND_DELIM-0x2f_2006_DELIM-0x2f_01782_DELIM-0x2f_06    0.00%    passed     99.97%
 397  DENV4_DELIM-0x2f_THAILAND_DELIM-0x2f_2006_DELIM-0x2f_01261_DELIM-0x2f_06    0.00%    passed     99.93%
 398  DENV4_DELIM-0x2f_THAILAND_DELIM-0x2f_2004_DELIM-0x2f_01645_DELIM-0x2f_04    0.00%    passed    100.00%
 399  DENV4_DELIM-0x2f_THAILAND_DELIM-0x2f_2006_DELIM-0x2f_00837_DELIM-0x2f_06    0.00%    passed     99.93%
 400  DENV4_DELIM-0x2f_THAILAND_DELIM-0x2f_2006_DELIM-0x2f_01244_DELIM-0x2f_06    0.00%    passed     99.92%
 401  DENV4_DELIM-0x2f_THAILAND_DELIM-0x2f_2006_DELIM-0x2f_00311_DELIM-0x2f_06    0.00%    passed     97.65%
 402  DENV4_DELIM-0x2f_THAILAND_DELIM-0x2f_2007_DELIM-0x2f_01991_DELIM-0x2f_07    0.00%    passed     96.32%
 403  DENV4_DELIM-0x2f_THAILAND_DELIM-0x2f_2006_DELIM-0x2f_00464_DELIM-0x2f_06    0.00%    passed    100.00%
 404  DENV4_DELIM-0x2f_THAILAND_DELIM-0x2f_2007_DELIM-0x2f_01101_DELIM-0x2f_07    0.00%    passed     99.99%
 405  DENV4_DELIM-0x2f_THAILAND_DELIM-0x2f_2007_DELIM-0x2f_01391_DELIM-0x2f_07    0.00%    passed     99.99%
 406  DENV4_DELIM-0x2f_THAILAND_DELIM-0x2f_2007_DELIM-0x2f_01130_DELIM-0x2f_07    0.00%    passed     99.98%
 407  DENV4_DELIM-0x2f_THAILAND_DELIM-0x2f_2005_DELIM-0x2f_00943_DELIM-0x2f_05    0.00%    passed     99.74%
 408  DENV4_DELIM-0x2f_THAILAND_DELIM-0x2f_2005_DELIM-0x2f_01055_DELIM-0x2f_05    0.00%    passed     99.74%
 409  DENV4_DELIM-0x2f_THAILAND_DELIM-0x2f_2007_DELIM-0x2f_01570_DELIM-0x2f_07    0.00%    passed     98.51%
 410  DENV4_DELIM-0x2f_THAILAND_DELIM-0x2f_2008_DELIM-0x2f_00744_DELIM-0x2f_08    0.00%    passed     99.38%
 411  DENV4_DELIM-0x2f_THAILAND_DELIM-0x2f_2008_DELIM-0x2f_02023_DELIM-0x2f_08    0.00%    passed     95.75%
 412  DENV4_DELIM-0x2f_THAILAND_DELIM-0x2f_2007_DELIM-0x2f_01993_DELIM-0x2f_07    0.00%    passed     99.33%
 413  DENV4_DELIM-0x2f_THAILAND_DELIM-0x2f_2002_DELIM-0x2f_02020_DELIM-0x2f_02    0.00%    passed     99.96%
 414  DENV4_DELIM-0x2f_THAILAND_DELIM-0x2f_2005_DELIM-0x2f_00775_DELIM-0x2f_05    0.00%    passed     99.93%
 415  DENV4_DELIM-0x2f_THAILAND_DELIM-0x2f_2006_DELIM-0x2f_00367_DELIM-0x2f_06    0.00%    passed     99.59%
 416  DENV4_DELIM-0x2f_THAILAND_DELIM-0x2f_2005_DELIM-0x2f_01009_DELIM-0x2f_05    0.00%    passed     99.10%
 417  DENV4_DELIM-0x2f_THAILAND_DELIM-0x2f_2006_DELIM-0x2f_02540_DELIM-0x2f_06    0.07%    passed     97.42%
 418  DENV4_DELIM-0x2f_THAILAND_DELIM-0x2f_2009_DELIM-0x2f_01432_DELIM-0x2f_09    0.00%    passed     98.39%
 419  DENV4_DELIM-0x2f_THAILAND_DELIM-0x2f_2010_DELIM-0x2f_00249_DELIM-0x2f_10    0.00%    passed     99.72%
 420  DENV4_DELIM-0x2f_THAILAND_DELIM-0x2f_2007_DELIM-0x2f_00504_DELIM-0x2f_07    0.07%    passed     99.41%
 421  DENV4_DELIM-0x2f_THAILAND_DELIM-0x2f_2006_DELIM-0x2f_01270_DELIM-0x2f_06    0.00%    passed     99.57%
 422  DENV4_DELIM-0x2f_THAILAND_DELIM-0x2f_2006_DELIM-0x2f_02852_DELIM-0x2f_06    0.00%    passed     99.73%
 423  DENV4_DELIM-0x2f_THAILAND_DELIM-0x2f_2010_DELIM-0x2f_01344_DELIM-0x2f_10    0.00%    passed     99.33%
 424  DENV4_DELIM-0x2f_THAILAND_DELIM-0x2f_2010_DELIM-0x2f_01386_DELIM-0x2f_10    0.00%    passed     99.88%
 425  DENV4_DELIM-0x2f_THAILAND_DELIM-0x2f_2010_DELIM-0x2f_01677_DELIM-0x2f_10    0.07%    passed     99.56%
 426  DENV4_DELIM-0x2f_THAILAND_DELIM-0x2f_1995_DELIM-0x2f_00425_DELIM-0x2f_95    0.13%    passed     99.33%
 427  DENV4_DELIM-0x2f_THAILAND_DELIM-0x2f_1994_DELIM-0x2f_00329_DELIM-0x2f_94    0.07%    passed     97.39%
 428  DENV4_DELIM-0x2f_THAILAND_DELIM-0x2f_1993_DELIM-0x2f_02838_DELIM-0x2f_93    0.00%    passed     98.65%
 429  DENV4_DELIM-0x2f_THAILAND_DELIM-0x2f_2010_DELIM-0x2f_00283_DELIM-0x2f_10    0.00%    passed     99.81%
 430  DENV4_DELIM-0x2f_THAILAND_DELIM-0x2f_2004_DELIM-0x2f_01639_DELIM-0x2f_04    0.00%    passed     99.95%
 431  DENV4_DELIM-0x2f_THAILAND_DELIM-0x2f_2006_DELIM-0x2f_01881_DELIM-0x2f_06    0.00%    passed     99.77%
 432  DENV4_DELIM-0x2f_THAILAND_DELIM-0x2f_1985_DELIM-0x2f_D85-052                0.00%    passed     96.12%
 433  DENV4_DELIM-0x2f_THAILAND_DELIM-0x2f_1997_DELIM-0x2f_00049_DELIM-0x2f_97    0.00%    passed     96.76%
 434  DENV4_DELIM-0x2f_THAILAND_DELIM-0x2f_1996_DELIM-0x2f_01626_DELIM-0x2f_96    0.00%    passed     97.07%
 435  DENV4_DELIM-0x2f_THAILAND_DELIM-0x2f_1997_DELIM-0x2f_02739_DELIM-0x2f_97    0.07%    passed     96.69%
 436  DENV4_DELIM-0x2f_THAILAND_DELIM-0x2f_2005_DELIM-0x2f_00646_DELIM-0x2f_05    0.00%    passed     96.77%
 437  DENV4_DELIM-0x2f_THAILAND_DELIM-0x2f_1999_DELIM-0x2f_04390_DELIM-0x2f_99    0.00%    passed     98.08%
 438  DENV4_DELIM-0x2f_THAILAND_DELIM-0x2f_1998_DELIM-0x2f_04634_DELIM-0x2f_98    0.00%    passed     97.56%
 439  DENV4_DELIM-0x2f_THAILAND_DELIM-0x2f_1998_DELIM-0x2f_04786_DELIM-0x2f_98    0.07%    passed     97.08%
 440  DENV4_DELIM-0x2f_THAILAND_DELIM-0x2f_2001_DELIM-0x2f_00886_DELIM-0x2f_01    0.07%    passed     98.69%
 441  DENV4_DELIM-0x2f_THAILAND_DELIM-0x2f_2001_DELIM-0x2f_04094_DELIM-0x2f_01    0.00%    passed     96.72%
 442  DENV4_DELIM-0x2f_MALAYSIA_DELIM-0x2f_1973_DELIM-0x2f_P73-1120               0.00%    passed     62.53%
****  TOTAL                                                                       0.17%  0 sequences failed composition chi2 test (p-value<5%; df=3)
NOTE: hDenV4_DELIM-0x2f_Colombia_DELIM-0x2f_un-OUCRU-594_DELIM-0x2f_2013 is identical to hDenV4_DELIM-0x2f_Colombia_DELIM-0x2f_un-OUCRU-401211_DELIM-0x2f_2013 but kept for subsequent analysis
NOTE: hDenV4_DELIM-0x2f_Colombia_DELIM-0x2f_un-OUCRU-595_DELIM-0x2f_2013 is identical to hDenV4_DELIM-0x2f_Colombia_DELIM-0x2f_un-OUCRU-401213_DELIM-0x2f_2013 but kept for subsequent analysis
NOTE: hDenV4_DELIM-0x2f_Colombia_DELIM-0x2f_SAN-UR-P202090076_DELIM-0x2f_2015 is identical to hDenV4_DELIM-0x2f_Colombia_DELIM-0x2f_SAN-UR-F14100091_DELIM-0x2f_2014 but kept for subsequent analysis
NOTE: hDenV4_DELIM-0x2f_Colombia_DELIM-0x2f_un-OUCRU-596_DELIM-0x2f_2013 is identical to hDenV4_DELIM-0x2f_Colombia_DELIM-0x2f_un-OUCRU-401215_DELIM-0x2f_2013 but kept for subsequent analysis
NOTE: hDenV4_DELIM-0x2f_Colombia_DELIM-0x2f_SAN-UIS-0000021_DELIM-0x2f_2004 is identical to hDenV4_DELIM-0x2f_Colombia_DELIM-0x2f_NSA-BROAD-0000022_DELIM-0x2f_2005 but kept for subsequent analysis
NOTE: hDenV4_DELIM-0x2f_Colombia_DELIM-0x2f_SAN-UR-LV141007_DELIM-0x2f_2010 is identical to hDenV4_DELIM-0x2f_Colombia_DELIM-0x2f_SAN-UR-LV141010_DELIM-0x2f_2010 but kept for subsequent analysis
NOTE: hDenV4_DELIM-0x2f_Colombia_DELIM-0x2f_SAN-UR-LV192075_DELIM-0x2f_2009 is identical to hDenV4_DELIM-0x2f_Colombia_DELIM-0x2f_SAN-UR-LV141021_DELIM-0x2f_2010 but kept for subsequent analysis
NOTE: hDenV4_DELIM-0x2f_Colombia_DELIM-0x2f_NSA-UIS-0000004_DELIM-0x2f_2005 is identical to hDenV4_DELIM-0x2f_Colombia_DELIM-0x2f_SAN-BROAD-0000047_DELIM-0x2f_2004 but kept for subsequent analysis
NOTE: hDenV4_DELIM-0x2f_Colombia_DELIM-0x2f_ANT-UDS-0676596_DELIM-0x2f_2013 is identical to hDenV4_DELIM-0x2f_Colombia_DELIM-0x2f_ANT-UDS-0678597_DELIM-0x2f_2013 but kept for subsequent analysis
NOTE: hDenV4_DELIM-0x2f_Colombia_DELIM-0x2f_SAN-BROAD-0000039_DELIM-0x2f_2001 is identical to hDenV4_DELIM-0x2f_Colombia_DELIM-0x2f_SAN-BROAD-0000056_DELIM-0x2f_2001 but kept for subsequent analysis
NOTE: hDenV4_DELIM-0x2f_Colombia_DELIM-0x2f_SAN-UIS-0000027_DELIM-0x2f_2001 is identical to hDenV4_DELIM-0x2f_Colombia_DELIM-0x2f_SAN-BROAD-0000027_DELIM-0x2f_2001 but kept for subsequent analysis
NOTE: hDenV4_DELIM-0x2f_Colombia_DELIM-0x2f_SAN-UIS-0000039_DELIM-0x2f_2016 is identical to hDenV4_DELIM-0x2f_Colombia_DELIM-0x2f_SAN-UIS-0000035_DELIM-0x2f_2015 but kept for subsequent analysis
NOTE: DENV4_DELIM-0x2f_THAILAND_DELIM-0x2f_1994_DELIM-0x2f_30446_DELIM-0x2f_94 is identical to DENV4_DELIM-0x2f_THAILAND_DELIM-0x2f_1994_DELIM-0x2f_30343_DELIM-0x2f_94 but kept for subsequent analysis
NOTE: DENV4_DELIM-0x2f_THAILAND_DELIM-0x2f_2003_DELIM-0x2f_02201_DELIM-0x2f_03 is identical to DENV4_DELIM-0x2f_THAILAND_DELIM-0x2f_2003_DELIM-0x2f_01710_DELIM-0x2f_03 but kept for subsequent analysis
NOTE: DENV4_DELIM-0x2f_THAILAND_DELIM-0x2f_2011_DELIM-0x2f_00251_DELIM-0x2f_11 is identical to DENV4_DELIM-0x2f_THAILAND_DELIM-0x2f_2012_DELIM-0x2f_00112_DELIM-0x2f_12 but kept for subsequent analysis
NOTE: DENV4_DELIM-0x2f_THAILAND_DELIM-0x2f_2014_DELIM-0x2f_00385_DELIM-0x2f_14 is identical to DENV4_DELIM-0x2f_THAILAND_DELIM-0x2f_2014_DELIM-0x2f_00365_DELIM-0x2f_14 but kept for subsequent analysis
NOTE: DENV4_DELIM-0x2f_THAILAND_DELIM-0x2f_2014_DELIM-0x2f_00615_DELIM-0x2f_14 is identical to DENV4_DELIM-0x2f_THAILAND_DELIM-0x2f_2014_DELIM-0x2f_00514_DELIM-0x2f_14 but kept for subsequent analysis
NOTE: DENV4_DELIM-0x2f_THAILAND_DELIM-0x2f_1999_DELIM-0x2f_02897_DELIM-0x2f_99 is identical to DENV4_DELIM-0x2f_THAILAND_DELIM-0x2f_1999_DELIM-0x2f_05475_DELIM-0x2f_99 but kept for subsequent analysis
NOTE: DENV4_DELIM-0x2f_THAILAND_DELIM-0x2f_2001_DELIM-0x2f_00114_DELIM-0x2f_01 is identical to DENV4_DELIM-0x2f_THAILAND_DELIM-0x2f_2000_DELIM-0x2f_00235_DELIM-0x2f_00 but kept for subsequent analysis
NOTE: DENV4_DELIM-0x2f_THAILAND_DELIM-0x2f_1999_DELIM-0x2f_03541_DELIM-0x2f_99 is identical to DENV4_DELIM-0x2f_THAILAND_DELIM-0x2f_1999_DELIM-0x2f_03401_DELIM-0x2f_99 but kept for subsequent analysis
NOTE: DENV4_DELIM-0x2f_THAILAND_DELIM-0x2f_1998_DELIM-0x2f_06181_DELIM-0x2f_98 is identical to DENV4_DELIM-0x2f_THAILAND_DELIM-0x2f_1999_DELIM-0x2f_00984_DELIM-0x2f_99 but kept for subsequent analysis
NOTE: DENV4_DELIM-0x2f_THAILAND_DELIM-0x2f_1999_DELIM-0x2f_02966_DELIM-0x2f_99 is identical to DENV4_DELIM-0x2f_THAILAND_DELIM-0x2f_1999_DELIM-0x2f_00027_DELIM-0x2f_99 but kept for subsequent analysis
NOTE: DENV4_DELIM-0x2f_THAILAND_DELIM-0x2f_1999_DELIM-0x2f_00508_DELIM-0x2f_99 is identical to DENV4_DELIM-0x2f_THAILAND_DELIM-0x2f_1999_DELIM-0x2f_00362_DELIM-0x2f_99 but kept for subsequent analysis
NOTE: DENV4_DELIM-0x2f_THAILAND_DELIM-0x2f_2000_DELIM-0x2f_05771_DELIM-0x2f_00 is identical to DENV4_DELIM-0x2f_THAILAND_DELIM-0x2f_2001_DELIM-0x2f_00044_DELIM-0x2f_01 but kept for subsequent analysis
NOTE: DENV4_DELIM-0x2f_THAILAND_DELIM-0x2f_2000_DELIM-0x2f_01441_DELIM-0x2f_00 is identical to DENV4_DELIM-0x2f_THAILAND_DELIM-0x2f_2000_DELIM-0x2f_02111_DELIM-0x2f_00 but kept for subsequent analysis
NOTE: DENV4_DELIM-0x2f_THAILAND_DELIM-0x2f_2001_DELIM-0x2f_03348_DELIM-0x2f_01 is identical to DENV4_DELIM-0x2f_THAILAND_DELIM-0x2f_2001_DELIM-0x2f_03081_DELIM-0x2f_01 but kept for subsequent analysis
NOTE: DENV4_DELIM-0x2f_THAILAND_DELIM-0x2f_2000_DELIM-0x2f_01477_DELIM-0x2f_00 is identical to DENV4_DELIM-0x2f_THAILAND_DELIM-0x2f_2000_DELIM-0x2f_00414_DELIM-0x2f_00 but kept for subsequent analysis
NOTE: DENV4_DELIM-0x2f_THAILAND_DELIM-0x2f_2000_DELIM-0x2f_05782_DELIM-0x2f_00 is identical to DENV4_DELIM-0x2f_THAILAND_DELIM-0x2f_2001_DELIM-0x2f_00534_DELIM-0x2f_01 but kept for subsequent analysis
NOTE: DENV4_DELIM-0x2f_THAILAND_DELIM-0x2f_2002_DELIM-0x2f_01648_DELIM-0x2f_02 is identical to DENV4_DELIM-0x2f_THAILAND_DELIM-0x2f_2003_DELIM-0x2f_00205_DELIM-0x2f_03 but kept for subsequent analysis
NOTE: DENV4_DELIM-0x2f_THAILAND_DELIM-0x2f_2003_DELIM-0x2f_02012_DELIM-0x2f_03 is identical to DENV4_DELIM-0x2f_THAILAND_DELIM-0x2f_2003_DELIM-0x2f_00987_DELIM-0x2f_03 but kept for subsequent analysis
NOTE: DENV4_DELIM-0x2f_THAILAND_DELIM-0x2f_2006_DELIM-0x2f_02385_DELIM-0x2f_06 is identical to DENV4_DELIM-0x2f_THAILAND_DELIM-0x2f_2006_DELIM-0x2f_01405_DELIM-0x2f_06 but kept for subsequent analysis
NOTE: DENV4_DELIM-0x2f_THAILAND_DELIM-0x2f_2006_DELIM-0x2f_00578_DELIM-0x2f_06 is identical to DENV4_DELIM-0x2f_THAILAND_DELIM-0x2f_2006_DELIM-0x2f_00533_DELIM-0x2f_06 but kept for subsequent analysis
NOTE: DENV4_DELIM-0x2f_THAILAND_DELIM-0x2f_2004_DELIM-0x2f_01660_DELIM-0x2f_04 is identical to DENV4_DELIM-0x2f_THAILAND_DELIM-0x2f_2004_DELIM-0x2f_01369_DELIM-0x2f_04 but kept for subsequent analysis
NOTE: DENV4_DELIM-0x2f_THAILAND_DELIM-0x2f_2006_DELIM-0x2f_00585_DELIM-0x2f_06 is identical to DENV4_DELIM-0x2f_THAILAND_DELIM-0x2f_2006_DELIM-0x2f_00394_DELIM-0x2f_06 but kept for subsequent analysis
NOTE: DENV4_DELIM-0x2f_THAILAND_DELIM-0x2f_2007_DELIM-0x2f_01923_DELIM-0x2f_07 is identical to DENV4_DELIM-0x2f_THAILAND_DELIM-0x2f_2006_DELIM-0x2f_01647_DELIM-0x2f_06 but kept for subsequent analysis
NOTE: DENV4_DELIM-0x2f_THAILAND_DELIM-0x2f_2004_DELIM-0x2f_00680_DELIM-0x2f_04 is identical to DENV4_DELIM-0x2f_THAILAND_DELIM-0x2f_2003_DELIM-0x2f_00187_DELIM-0x2f_03 but kept for subsequent analysis
NOTE: DENV4_DELIM-0x2f_THAILAND_DELIM-0x2f_2007_DELIM-0x2f_02392_DELIM-0x2f_07 is identical to DENV4_DELIM-0x2f_THAILAND_DELIM-0x2f_2006_DELIM-0x2f_01295_DELIM-0x2f_06 but kept for subsequent analysis
NOTE: DENV4_DELIM-0x2f_THAILAND_DELIM-0x2f_2006_DELIM-0x2f_02198_DELIM-0x2f_06 is identical to DENV4_DELIM-0x2f_THAILAND_DELIM-0x2f_2006_DELIM-0x2f_02183_DELIM-0x2f_06 but kept for subsequent analysis
NOTE: DENV4_DELIM-0x2f_THAILAND_DELIM-0x2f_2006_DELIM-0x2f_02383_DELIM-0x2f_06 is identical to DENV4_DELIM-0x2f_THAILAND_DELIM-0x2f_2006_DELIM-0x2f_01107_DELIM-0x2f_06 but kept for subsequent analysis
NOTE: DENV4_DELIM-0x2f_THAILAND_DELIM-0x2f_2006_DELIM-0x2f_02190_DELIM-0x2f_06 is identical to DENV4_DELIM-0x2f_THAILAND_DELIM-0x2f_2006_DELIM-0x2f_01278_DELIM-0x2f_06 but kept for subsequent analysis
NOTE: DENV4_DELIM-0x2f_THAILAND_DELIM-0x2f_2004_DELIM-0x2f_00746_DELIM-0x2f_04 is identical to DENV4_DELIM-0x2f_THAILAND_DELIM-0x2f_2008_DELIM-0x2f_00471_DELIM-0x2f_08 but kept for subsequent analysis
NOTE: DENV4_DELIM-0x2f_THAILAND_DELIM-0x2f_2006_DELIM-0x2f_00632_DELIM-0x2f_06 is identical to DENV4_DELIM-0x2f_THAILAND_DELIM-0x2f_2006_DELIM-0x2f_00584_DELIM-0x2f_06 but kept for subsequent analysis
NOTE: DENV4_DELIM-0x2f_THAILAND_DELIM-0x2f_2006_DELIM-0x2f_00356_DELIM-0x2f_06 is identical to DENV4_DELIM-0x2f_THAILAND_DELIM-0x2f_1999_DELIM-0x2f_00336_DELIM-0x2f_99 but kept for subsequent analysis
NOTE: DENV4_DELIM-0x2f_THAILAND_DELIM-0x2f_2006_DELIM-0x2f_02187_DELIM-0x2f_06 is identical to DENV4_DELIM-0x2f_THAILAND_DELIM-0x2f_2006_DELIM-0x2f_00395_DELIM-0x2f_06 but kept for subsequent analysis
NOTE: DENV4_DELIM-0x2f_THAILAND_DELIM-0x2f_2005_DELIM-0x2f_01055_DELIM-0x2f_05 is identical to DENV4_DELIM-0x2f_THAILAND_DELIM-0x2f_2005_DELIM-0x2f_00943_DELIM-0x2f_05 but kept for subsequent analysis
Checking for duplicate sequences: done in 0.00429364 secs using 1291% CPU
Identifying sites to remove: done in 0.00198109 secs using 1485% CPU
NOTE: 27 identical sequences (see below) will be ignored for subsequent analysis
NOTE: hDenV4_DELIM-0x2f_Colombia_DELIM-0x2f_SAN-UR-P200120105_DELIM-0x2f_2015 (identical to hDenV4_DELIM-0x2f_Colombia_DELIM-0x2f_SAN-UR-F14100091_DELIM-0x2f_2014) is ignored but added at the end
NOTE: hDenV4_DELIM-0x2f_Colombia_DELIM-0x2f_CES-UR-P201080317_DELIM-0x2f_2015 (identical to hDenV4_DELIM-0x2f_Colombia_DELIM-0x2f_SAN-UR-F14100091_DELIM-0x2f_2014) is ignored but added at the end
NOTE: hDenV4_DELIM-0x2f_Colombia_DELIM-0x2f_SAN-UIS-0000025_DELIM-0x2f_2004 (identical to hDenV4_DELIM-0x2f_Colombia_DELIM-0x2f_NSA-BROAD-0000022_DELIM-0x2f_2005) is ignored but added at the end
NOTE: hDenV4_DELIM-0x2f_Colombia_DELIM-0x2f_SAN-UR-LV111117_DELIM-0x2f_2014 (identical to hDenV4_DELIM-0x2f_Colombia_DELIM-0x2f_SAN-UR-LV141010_DELIM-0x2f_2010) is ignored but added at the end
NOTE: hDenV4_DELIM-0x2f_Colombia_DELIM-0x2f_SAN-UR-LV121101_DELIM-0x2f_2010 (identical to hDenV4_DELIM-0x2f_Colombia_DELIM-0x2f_SAN-UR-LV141010_DELIM-0x2f_2010) is ignored but added at the end
NOTE: hDenV4_DELIM-0x2f_Colombia_DELIM-0x2f_SAN-UR-LV122006_DELIM-0x2f_2009 (identical to hDenV4_DELIM-0x2f_Colombia_DELIM-0x2f_SAN-UR-LV141021_DELIM-0x2f_2010) is ignored but added at the end
NOTE: hDenV4_DELIM-0x2f_Colombia_DELIM-0x2f_ANT-UDS-0179595_DELIM-0x2f_2013 (identical to hDenV4_DELIM-0x2f_Colombia_DELIM-0x2f_ANT-UDS-0678597_DELIM-0x2f_2013) is ignored but added at the end
NOTE: hDenV4_DELIM-0x2f_Colombia_DELIM-0x2f_SAN-BROAD-0000028_DELIM-0x2f_2001 (identical to hDenV4_DELIM-0x2f_Colombia_DELIM-0x2f_SAN-BROAD-0000056_DELIM-0x2f_2001) is ignored but added at the end
NOTE: hDenV4_DELIM-0x2f_Colombia_DELIM-0x2f_SAN-UIS-0000022_DELIM-0x2f_2001 (identical to hDenV4_DELIM-0x2f_Colombia_DELIM-0x2f_SAN-BROAD-0000056_DELIM-0x2f_2001) is ignored but added at the end
NOTE: hDenV4_DELIM-0x2f_Colombia_DELIM-0x2f_SAN-UIS-0000024_DELIM-0x2f_2004 (identical to hDenV4_DELIM-0x2f_Colombia_DELIM-0x2f_SAN-BROAD-0000056_DELIM-0x2f_2001) is ignored but added at the end
NOTE: DENV4_DELIM-0x2f_THAILAND_DELIM-0x2f_2011_DELIM-0x2f_00257_DELIM-0x2f_11 (identical to DENV4_DELIM-0x2f_THAILAND_DELIM-0x2f_2012_DELIM-0x2f_00112_DELIM-0x2f_12) is ignored but added at the end
NOTE: DENV4_DELIM-0x2f_THAILAND_DELIM-0x2f_2012_DELIM-0x2f_00637_DELIM-0x2f_12 (identical to DENV4_DELIM-0x2f_THAILAND_DELIM-0x2f_2012_DELIM-0x2f_00112_DELIM-0x2f_12) is ignored but added at the end
NOTE: DENV4_DELIM-0x2f_THAILAND_DELIM-0x2f_2014_DELIM-0x2f_00575_DELIM-0x2f_14 (identical to DENV4_DELIM-0x2f_THAILAND_DELIM-0x2f_2014_DELIM-0x2f_00365_DELIM-0x2f_14) is ignored but added at the end
NOTE: DENV4_DELIM-0x2f_THAILAND_DELIM-0x2f_1999_DELIM-0x2f_04058_DELIM-0x2f_99 (identical to DENV4_DELIM-0x2f_THAILAND_DELIM-0x2f_1999_DELIM-0x2f_05475_DELIM-0x2f_99) is ignored but added at the end
NOTE: DENV4_DELIM-0x2f_THAILAND_DELIM-0x2f_2001_DELIM-0x2f_02765_DELIM-0x2f_01 (identical to DENV4_DELIM-0x2f_THAILAND_DELIM-0x2f_2001_DELIM-0x2f_00044_DELIM-0x2f_01) is ignored but added at the end
NOTE: DENV4_DELIM-0x2f_THAILAND_DELIM-0x2f_2000_DELIM-0x2f_05997_DELIM-0x2f_00 (identical to DENV4_DELIM-0x2f_THAILAND_DELIM-0x2f_2001_DELIM-0x2f_00534_DELIM-0x2f_01) is ignored but added at the end
NOTE: DENV4_DELIM-0x2f_THAILAND_DELIM-0x2f_2000_DELIM-0x2f_05984_DELIM-0x2f_00 (identical to DENV4_DELIM-0x2f_THAILAND_DELIM-0x2f_2001_DELIM-0x2f_00534_DELIM-0x2f_01) is ignored but added at the end
NOTE: DENV4_DELIM-0x2f_THAILAND_DELIM-0x2f_2003_DELIM-0x2f_02197_DELIM-0x2f_03 (identical to DENV4_DELIM-0x2f_THAILAND_DELIM-0x2f_2003_DELIM-0x2f_00987_DELIM-0x2f_03) is ignored but added at the end
NOTE: DENV4_DELIM-0x2f_THAILAND_DELIM-0x2f_2003_DELIM-0x2f_01798_DELIM-0x2f_03 (identical to DENV4_DELIM-0x2f_THAILAND_DELIM-0x2f_2003_DELIM-0x2f_00987_DELIM-0x2f_03) is ignored but added at the end
NOTE: DENV4_DELIM-0x2f_THAILAND_DELIM-0x2f_2006_DELIM-0x2f_02456_DELIM-0x2f_06 (identical to DENV4_DELIM-0x2f_THAILAND_DELIM-0x2f_2006_DELIM-0x2f_01405_DELIM-0x2f_06) is ignored but added at the end
NOTE: DENV4_DELIM-0x2f_THAILAND_DELIM-0x2f_2006_DELIM-0x2f_02700_DELIM-0x2f_06 (identical to DENV4_DELIM-0x2f_THAILAND_DELIM-0x2f_2006_DELIM-0x2f_00533_DELIM-0x2f_06) is ignored but added at the end
NOTE: DENV4_DELIM-0x2f_THAILAND_DELIM-0x2f_2006_DELIM-0x2f_02498_DELIM-0x2f_06 (identical to DENV4_DELIM-0x2f_THAILAND_DELIM-0x2f_2006_DELIM-0x2f_00533_DELIM-0x2f_06) is ignored but added at the end
NOTE: DENV4_DELIM-0x2f_THAILAND_DELIM-0x2f_2004_DELIM-0x2f_00395_DELIM-0x2f_04 (identical to DENV4_DELIM-0x2f_THAILAND_DELIM-0x2f_2004_DELIM-0x2f_01369_DELIM-0x2f_04) is ignored but added at the end
NOTE: DENV4_DELIM-0x2f_THAILAND_DELIM-0x2f_2006_DELIM-0x2f_02749_DELIM-0x2f_06 (identical to DENV4_DELIM-0x2f_THAILAND_DELIM-0x2f_2006_DELIM-0x2f_01278_DELIM-0x2f_06) is ignored but added at the end
NOTE: DENV4_DELIM-0x2f_THAILAND_DELIM-0x2f_2006_DELIM-0x2f_00650_DELIM-0x2f_06 (identical to DENV4_DELIM-0x2f_THAILAND_DELIM-0x2f_2006_DELIM-0x2f_00584_DELIM-0x2f_06) is ignored but added at the end
NOTE: DENV4_DELIM-0x2f_THAILAND_DELIM-0x2f_2006_DELIM-0x2f_01862_DELIM-0x2f_06 (identical to DENV4_DELIM-0x2f_THAILAND_DELIM-0x2f_1999_DELIM-0x2f_00336_DELIM-0x2f_99) is ignored but added at the end
NOTE: DENV4_DELIM-0x2f_THAILAND_DELIM-0x2f_2005_DELIM-0x2f_01494_DELIM-0x2f_05 (identical to DENV4_DELIM-0x2f_THAILAND_DELIM-0x2f_1999_DELIM-0x2f_00336_DELIM-0x2f_99) is ignored but added at the end
Alignment was printed to ../resources/merged_data/cropped/align_DENV4-delim.fasta.uniqueseq.phy

For your convenience alignment with unique sequences printed to ../resources/merged_data/cropped/align_DENV4-delim.fasta.uniqueseq.phy

Create initial parsimony tree by phylogenetic likelihood library (PLL)... 0.029 seconds

NOTE: 30 MB RAM (0 GB) is required!
Measuring multi-threading efficiency up to 16 CPU cores
Increase to 10 rounds for branch lengths
82 trees examined
Threads: 1 / Time: 16.124 sec / Speedup: 1.000 / Efficiency: 100% / LogL: -49947
Threads: 2 / Time: 11.128 sec / Speedup: 1.449 / Efficiency: 72% / LogL: -49947
Threads: 3 / Time: 9.155 sec / Speedup: 1.761 / Efficiency: 59% / LogL: -49947
Threads: 4 / Time: 8.307 sec / Speedup: 1.941 / Efficiency: 49% / LogL: -49947
Determining AUTO threadcount: done in 44.717 secs using 217.8% CPU
BEST NUMBER OF THREADS: 3

Estimate model parameters (epsilon = 0.500)
1. Initial log-likelihood: -14549.928
2. Current log-likelihood: -12797.483
3. Current log-likelihood: -12777.832
4. Current log-likelihood: -12776.899
Optimal log-likelihood: -12776.787
Rate parameters:  A-C: 1.82540  A-G: 27.16608  A-T: 3.01154  C-G: 0.62379  C-T: 67.44171  G-T: 1.00000
Base frequencies:  A: 0.303  C: 0.191  G: 0.273  T: 0.232
Gamma shape alpha: 0.240
Parameters optimization took 4 rounds (0.816 sec)
Wrote distance file to... 
Computing ML distances based on estimated model parameters...
Calculating distance matrix: done in 0.120132 secs using 300.4% CPU
Computing ML distances took 0.120388 sec (of wall-clock time) 0.361134 sec (of CPU time)
Setting up auxiliary I and S matrices: done in 0.000931553 secs using 284.9% CPU
Constructing RapidNJ tree: done in 0.0460079 secs using 153.9% CPU
Computing RapidNJ tree took 0.047011 sec (of wall-clock time) 0.073546 sec (of CPU time)
Log-likelihood of RapidNJ tree: -12852.275
--------------------------------------------------------------------
|             INITIALIZING CANDIDATE TREE SET                      |
--------------------------------------------------------------------

Do NNI search on 2 best initial trees
Optimizing NNI: done in 0.177496 secs using 289.3% CPU
Estimate model parameters (epsilon = 0.500)
BETTER TREE FOUND at iteration 1: -12768.228
Optimizing NNI: done in 0.263591 secs using 291.2% CPU
Estimate model parameters (epsilon = 0.500)
BETTER TREE FOUND at iteration 2: -12766.177
Finish initializing candidate tree set (4)
Current best tree score: -12766.177 / CPU time: 0.576
Number of iterations: 2
TREE SEARCH COMPLETED AFTER 2 ITERATIONS / Time: 0h:0m:46s

--------------------------------------------------------------------
|                    FINALIZING TREE SEARCH                        |
--------------------------------------------------------------------
Performs final model parameters optimization
Estimate model parameters (epsilon = 0.050)
1. Initial log-likelihood: -12766.177
Optimal log-likelihood: -12766.177
Rate parameters:  A-C: 1.86796  A-G: 26.99003  A-T: 2.97418  C-G: 0.68895  C-T: 67.48286  G-T: 1.00000
Base frequencies:  A: 0.303  C: 0.191  G: 0.273  T: 0.232
Gamma shape alpha: 0.240
Parameters optimization took 1 rounds (0.044 sec)
BEST SCORE FOUND : -12766.177
Total tree length: 1.270

Total number of iterations: 2
CPU time used for tree search: 1.689 sec (0h:0m:1s)
Wall-clock time used for tree search: 0.577 sec (0h:0m:0s)
Total CPU time used: 102.542 sec (0h:1m:42s)
Total wall-clock time used: 46.463 sec (0h:0m:46s)

Analysis results written to: 
  IQ-TREE report:                ../resources/merged_data/cropped/align_DENV4-delim.fasta.iqtree
  Maximum-likelihood tree:       ../resources/merged_data/cropped/align_DENV4-delim.fasta.treefile
  Likelihood distances:          ../resources/merged_data/cropped/align_DENV4-delim.fasta.mldist
  Screen log file:               ../resources/merged_data/cropped/align_DENV4-delim.fasta.log

Date and Time: Wed Jul 15 15:00:03 2026
