IQ-TREE version 3.0.1 for Linux x86 64-bit built Jul  9 2025
Developed by Bui Quang Minh, Thomas Wong, Nhan Ly-Trong, Huaiyan Ren
Contributed by Lam-Tung Nguyen, Dominik Schrempf, Chris Bielow,
Olga Chernomor, Michael Woodhams, Diep Thi Hoang, Heiko Schmidt

Host:    dirreno-B650-AORUS-ELITE-AX (AVX512, FMA3, 30 GB RAM)
Command: iqtree3 --threads-max 16 -s ../resources/merged_data/cropped/align_DENV3-delim.fasta -m GTR+G --ninit 2 -n 2 --epsilon 0.05 -T AUTO --redo
Seed:    71196 (Using SPRNG - Scalable Parallel Random Number Generator)
Time:    Tue Jul 14 20:45:53 2026
Kernel:  AVX+FMA - auto-detect threads (16 CPU cores detected)

Reading alignment file ../resources/merged_data/cropped/align_DENV3-delim.fasta ... Fasta format detected
Reading fasta file: done in 0.00870291 secs using 97.99% CPU
ERROR: Sequence DENV3_DELIM-0x2f_THAILAND_DELIM-0x2f_2001_DELIM-0x2f_00005_DELIM-0x2f_01 contains too many characters (1485)
ERROR: Sequence DENV3_DELIM-0x2f_THAILAND_DELIM-0x2f_2011_DELIM-0x2f_00007_DELIM-0x2f_11 contains too many characters (1485)
ERROR: Sequence DENV3_DELIM-0x2f_THAILAND_DELIM-0x2f_2006_DELIM-0x2f_00008_DELIM-0x2f_06 contains too many characters (1485)
ERROR: Sequence DENV3_DELIM-0x2f_THAILAND_DELIM-0x2f_2012_DELIM-0x2f_00008_DELIM-0x2f_12 contains too many characters (1485)
ERROR: Sequence DENV3_DELIM-0x2f_THAILAND_DELIM-0x2f_2001_DELIM-0x2f_00009_DELIM-0x2f_01 contains too many characters (1485)
ERROR: Sequence DENV3_DELIM-0x2f_THAILAND_DELIM-0x2f_1996_DELIM-0x2f_00011_DELIM-0x2f_96 contains too many characters (1485)
ERROR: Sequence DENV3_DELIM-0x2f_THAILAND_DELIM-0x2f_2006_DELIM-0x2f_00018_DELIM-0x2f_06 contains too many characters (1485)
ERROR: Sequence DENV3_DELIM-0x2f_THAILAND_DELIM-0x2f_2001_DELIM-0x2f_00023_DELIM-0x2f_01 contains too many characters (1485)
ERROR: Sequence DENV3_DELIM-0x2f_THAILAND_DELIM-0x2f_1995_DELIM-0x2f_00031_DELIM-0x2f_95 contains too many characters (1485)
ERROR: Sequence DENV3_DELIM-0x2f_THAILAND_DELIM-0x2f_1996_DELIM-0x2f_00037_DELIM-0x2f_96 contains too many characters (1485)
ERROR: Sequence DENV3_DELIM-0x2f_THAILAND_DELIM-0x2f_2004_DELIM-0x2f_00055_DELIM-0x2f_04 contains too many characters (1485)
ERROR: Sequence DENV3_DELIM-0x2f_THAILAND_DELIM-0x2f_2002_DELIM-0x2f_00059_DELIM-0x2f_02 contains too many characters (1485)
ERROR: Sequence DENV3_DELIM-0x2f_THAILAND_DELIM-0x2f_2013_DELIM-0x2f_00065_DELIM-0x2f_13 contains too many characters (1485)
ERROR: Sequence DENV3_DELIM-0x2f_THAILAND_DELIM-0x2f_2003_DELIM-0x2f_00072_DELIM-0x2f_03 contains too many characters (1485)
ERROR: Sequence DENV3_DELIM-0x2f_THAILAND_DELIM-0x2f_2002_DELIM-0x2f_00073_DELIM-0x2f_02 contains too many characters (1485)
ERROR: Sequence DENV3_DELIM-0x2f_THAILAND_DELIM-0x2f_2010_DELIM-0x2f_00075_DELIM-0x2f_10 contains too many characters (1485)
ERROR: Sequence DENV3_DELIM-0x2f_THAILAND_DELIM-0x2f_1995_DELIM-0x2f_00081_DELIM-0x2f_95 contains too many characters (1485)
ERROR: Sequence DENV3_DELIM-0x2f_THAILAND_DELIM-0x2f_2012_DELIM-0x2f_00088_DELIM-0x2f_12 contains too many characters (1485)
ERROR: Sequence DENV3_DELIM-0x2f_THAILAND_DELIM-0x2f_1994_DELIM-0x2f_00092_DELIM-0x2f_94 contains too many characters (1485)
ERROR: Sequence DENV3_DELIM-0x2f_THAILAND_DELIM-0x2f_1994_DELIM-0x2f_00098_DELIM-0x2f_94 contains too many characters (1485)
ERROR: Sequence DENV3_DELIM-0x2f_THAILAND_DELIM-0x2f_2002_DELIM-0x2f_00104_DELIM-0x2f_02 contains too many characters (1485)
ERROR: Sequence DENV3_DELIM-0x2f_THAILAND_DELIM-0x2f_2011_DELIM-0x2f_00106_DELIM-0x2f_11 contains too many characters (1485)
ERROR: Sequence DENV3_DELIM-0x2f_THAILAND_DELIM-0x2f_2006_DELIM-0x2f_00112_DELIM-0x2f_06 contains too many characters (1485)
ERROR: Sequence DENV3_DELIM-0x2f_THAILAND_DELIM-0x2f_1994_DELIM-0x2f_00125_DELIM-0x2f_94 contains too many characters (1485)
ERROR: Sequence DENV3_DELIM-0x2f_THAILAND_DELIM-0x2f_1994_DELIM-0x2f_00128_DELIM-0x2f_94 contains too many characters (1485)
ERROR: Sequence DENV3_DELIM-0x2f_THAILAND_DELIM-0x2f_1994_DELIM-0x2f_00130_DELIM-0x2f_94 contains too many characters (1485)
ERROR: Sequence DENV3_DELIM-0x2f_THAILAND_DELIM-0x2f_2002_DELIM-0x2f_00142_DELIM-0x2f_02 contains too many characters (1485)
ERROR: Sequence DENV3_DELIM-0x2f_THAILAND_DELIM-0x2f_2002_DELIM-0x2f_00145_DELIM-0x2f_02 contains too many characters (1485)
ERROR: Sequence DENV3_DELIM-0x2f_THAILAND_DELIM-0x2f_2014_DELIM-0x2f_00146_DELIM-0x2f_14 contains too many characters (1485)
ERROR: Sequence DENV3_DELIM-0x2f_THAILAND_DELIM-0x2f_2001_DELIM-0x2f_00152_DELIM-0x2f_01 contains too many characters (1485)
ERROR: Sequence DENV3_DELIM-0x2f_THAILAND_DELIM-0x2f_2006_DELIM-0x2f_00156_DELIM-0x2f_06 contains too many characters (1485)
ERROR: Sequence DENV3_DELIM-0x2f_THAILAND_DELIM-0x2f_2005_DELIM-0x2f_00159_DELIM-0x2f_05 contains too many characters (1485)
ERROR: Sequence DENV3_DELIM-0x2f_THAILAND_DELIM-0x2f_1999_DELIM-0x2f_00165_DELIM-0x2f_99 contains too many characters (1485)
ERROR: Sequence DENV3_DELIM-0x2f_THAILAND_DELIM-0x2f_1998_DELIM-0x2f_00190_DELIM-0x2f_98 contains too many characters (1485)
ERROR: Sequence DENV3_DELIM-0x2f_THAILAND_DELIM-0x2f_2011_DELIM-0x2f_00209_DELIM-0x2f_11 contains too many characters (1485)
ERROR: Sequence DENV3_DELIM-0x2f_THAILAND_DELIM-0x2f_2000_DELIM-0x2f_00245_DELIM-0x2f_00 contains too many characters (1485)
ERROR: Sequence DENV3_DELIM-0x2f_THAILAND_DELIM-0x2f_2000_DELIM-0x2f_00246_DELIM-0x2f_00 contains too many characters (1485)
ERROR: Sequence DENV3_DELIM-0x2f_THAILAND_DELIM-0x2f_1995_DELIM-0x2f_00247_DELIM-0x2f_95 contains too many characters (1485)
ERROR: Sequence DENV3_DELIM-0x2f_THAILAND_DELIM-0x2f_2006_DELIM-0x2f_00253_DELIM-0x2f_06 contains too many characters (1485)
ERROR: Sequence DENV3_DELIM-0x2f_THAILAND_DELIM-0x2f_1994_DELIM-0x2f_00255_DELIM-0x2f_94 contains too many characters (1485)
ERROR: Sequence DENV3_DELIM-0x2f_THAILAND_DELIM-0x2f_2012_DELIM-0x2f_00266_DELIM-0x2f_12 contains too many characters (1485)
ERROR: Sequence DENV3_DELIM-0x2f_THAILAND_DELIM-0x2f_2001_DELIM-0x2f_00273_DELIM-0x2f_01 contains too many characters (1485)
ERROR: Sequence DENV3_DELIM-0x2f_THAILAND_DELIM-0x2f_2006_DELIM-0x2f_00288_DELIM-0x2f_06 contains too many characters (1485)
ERROR: Sequence DENV3_DELIM-0x2f_THAILAND_DELIM-0x2f_2006_DELIM-0x2f_00293_DELIM-0x2f_06 contains too many characters (1485)
ERROR: Sequence DENV3_DELIM-0x2f_THAILAND_DELIM-0x2f_2006_DELIM-0x2f_00295_DELIM-0x2f_06 contains too many characters (1485)
ERROR: Sequence DENV3_DELIM-0x2f_THAILAND_DELIM-0x2f_2003_DELIM-0x2f_00317_DELIM-0x2f_03 contains too many characters (1485)
ERROR: Sequence DENV3_DELIM-0x2f_THAILAND_DELIM-0x2f_2004_DELIM-0x2f_00317_DELIM-0x2f_04 contains too many characters (1485)
ERROR: Sequence DENV3_DELIM-0x2f_THAILAND_DELIM-0x2f_1998_DELIM-0x2f_00317_DELIM-0x2f_98 contains too many characters (1485)
ERROR: Sequence DENV3_DELIM-0x2f_THAILAND_DELIM-0x2f_2011_DELIM-0x2f_00323_DELIM-0x2f_11 contains too many characters (1485)
ERROR: Sequence DENV3_DELIM-0x2f_THAILAND_DELIM-0x2f_2000_DELIM-0x2f_00329_DELIM-0x2f_00 contains too many characters (1485)
ERROR: Sequence DENV3_DELIM-0x2f_THAILAND_DELIM-0x2f_2000_DELIM-0x2f_00334_DELIM-0x2f_00 contains too many characters (1485)
ERROR: Sequence DENV3_DELIM-0x2f_THAILAND_DELIM-0x2f_1999_DELIM-0x2f_00342_DELIM-0x2f_99 contains too many characters (1485)
ERROR: Sequence DENV3_DELIM-0x2f_THAILAND_DELIM-0x2f_1995_DELIM-0x2f_00344_DELIM-0x2f_95 contains too many characters (1485)
ERROR: Sequence DENV3_DELIM-0x2f_THAILAND_DELIM-0x2f_2012_DELIM-0x2f_00368_DELIM-0x2f_12 contains too many characters (1485)
ERROR: Sequence DENV3_DELIM-0x2f_THAILAND_DELIM-0x2f_2006_DELIM-0x2f_00372_DELIM-0x2f_06 contains too many characters (1485)
ERROR: Sequence DENV3_DELIM-0x2f_THAILAND_DELIM-0x2f_1995_DELIM-0x2f_00422_DELIM-0x2f_95 contains too many characters (1485)
ERROR: Sequence DENV3_DELIM-0x2f_THAILAND_DELIM-0x2f_2002_DELIM-0x2f_00430_DELIM-0x2f_02 contains too many characters (1485)
ERROR: Sequence DENV3_DELIM-0x2f_THAILAND_DELIM-0x2f_2014_DELIM-0x2f_00432_DELIM-0x2f_14 contains too many characters (1485)
ERROR: Sequence DENV3_DELIM-0x2f_THAILAND_DELIM-0x2f_2004_DELIM-0x2f_00441_DELIM-0x2f_04 contains too many characters (1485)
ERROR: Sequence DENV3_DELIM-0x2f_THAILAND_DELIM-0x2f_2002_DELIM-0x2f_00452_DELIM-0x2f_02 contains too many characters (1485)
ERROR: Sequence DENV3_DELIM-0x2f_THAILAND_DELIM-0x2f_2006_DELIM-0x2f_00460_DELIM-0x2f_06 contains too many characters (1485)
ERROR: Sequence DENV3_DELIM-0x2f_THAILAND_DELIM-0x2f_2003_DELIM-0x2f_00466_DELIM-0x2f_03 contains too many characters (1485)
ERROR: Sequence DENV3_DELIM-0x2f_THAILAND_DELIM-0x2f_1997_DELIM-0x2f_00495_DELIM-0x2f_97 contains too many characters (1485)
ERROR: Sequence DENV3_DELIM-0x2f_THAILAND_DELIM-0x2f_2011_DELIM-0x2f_00497_DELIM-0x2f_11 contains too many characters (1485)
ERROR: Sequence DENV3_DELIM-0x2f_THAILAND_DELIM-0x2f_2002_DELIM-0x2f_00501_DELIM-0x2f_02 contains too many characters (1485)
ERROR: Sequence DENV3_DELIM-0x2f_THAILAND_DELIM-0x2f_2002_DELIM-0x2f_00503_DELIM-0x2f_02 contains too many characters (1485)
ERROR: Sequence DENV3_DELIM-0x2f_THAILAND_DELIM-0x2f_2011_DELIM-0x2f_00507_DELIM-0x2f_11 contains too many characters (1485)
ERROR: Sequence DENV3_DELIM-0x2f_THAILAND_DELIM-0x2f_2014_DELIM-0x2f_00507_DELIM-0x2f_14 contains too many characters (1485)
ERROR: Sequence DENV3_DELIM-0x2f_THAILAND_DELIM-0x2f_2011_DELIM-0x2f_00509_DELIM-0x2f_11 contains too many characters (1485)
ERROR: Sequence DENV3_DELIM-0x2f_THAILAND_DELIM-0x2f_1994_DELIM-0x2f_00515_DELIM-0x2f_94 contains too many characters (1485)
ERROR: Sequence DENV3_DELIM-0x2f_THAILAND_DELIM-0x2f_2012_DELIM-0x2f_00519_DELIM-0x2f_12 contains too many characters (1485)
ERROR: Sequence DENV3_DELIM-0x2f_THAILAND_DELIM-0x2f_1995_DELIM-0x2f_00520_DELIM-0x2f_95 contains too many characters (1485)
ERROR: Sequence DENV3_DELIM-0x2f_THAILAND_DELIM-0x2f_2014_DELIM-0x2f_00521_DELIM-0x2f_14 contains too many characters (1485)
ERROR: Sequence DENV3_DELIM-0x2f_THAILAND_DELIM-0x2f_2003_DELIM-0x2f_00523_DELIM-0x2f_03 contains too many characters (1485)
ERROR: Sequence DENV3_DELIM-0x2f_THAILAND_DELIM-0x2f_1995_DELIM-0x2f_00530_DELIM-0x2f_95 contains too many characters (1485)
ERROR: Sequence DENV3_DELIM-0x2f_THAILAND_DELIM-0x2f_2002_DELIM-0x2f_00536_DELIM-0x2f_02 contains too many characters (1485)
ERROR: Sequence DENV3_DELIM-0x2f_THAILAND_DELIM-0x2f_2011_DELIM-0x2f_00541_DELIM-0x2f_11 contains too many characters (1485)
ERROR: Sequence DENV3_DELIM-0x2f_THAILAND_DELIM-0x2f_1995_DELIM-0x2f_00541_DELIM-0x2f_95 contains too many characters (1485)
ERROR: Sequence DENV3_DELIM-0x2f_THAILAND_DELIM-0x2f_2014_DELIM-0x2f_00542_DELIM-0x2f_14 contains too many characters (1485)
ERROR: Sequence DENV3_DELIM-0x2f_THAILAND_DELIM-0x2f_2011_DELIM-0x2f_00544_DELIM-0x2f_11 contains too many characters (1485)
ERROR: Sequence DENV3_DELIM-0x2f_THAILAND_DELIM-0x2f_2006_DELIM-0x2f_00557_DELIM-0x2f_06 contains too many characters (1485)
ERROR: Sequence DENV3_DELIM-0x2f_THAILAND_DELIM-0x2f_1999_DELIM-0x2f_00557_DELIM-0x2f_99 contains too many characters (1485)
ERROR: Sequence DENV3_DELIM-0x2f_THAILAND_DELIM-0x2f_2014_DELIM-0x2f_00560_DELIM-0x2f_14 contains too many characters (1485)
ERROR: Sequence DENV3_DELIM-0x2f_THAILAND_DELIM-0x2f_2003_DELIM-0x2f_00566_DELIM-0x2f_03 contains too many characters (1485)
ERROR: Sequence DENV3_DELIM-0x2f_THAILAND_DELIM-0x2f_2003_DELIM-0x2f_00567_DELIM-0x2f_03 contains too many characters (1485)
ERROR: Sequence DENV3_DELIM-0x2f_THAILAND_DELIM-0x2f_2003_DELIM-0x2f_00576_DELIM-0x2f_03 contains too many characters (1485)
ERROR: Sequence DENV3_DELIM-0x2f_THAILAND_DELIM-0x2f_2006_DELIM-0x2f_00583_DELIM-0x2f_06 contains too many characters (1485)
ERROR: Sequence DENV3_DELIM-0x2f_THAILAND_DELIM-0x2f_2006_DELIM-0x2f_00588_DELIM-0x2f_06 contains too many characters (1485)
ERROR: Sequence DENV3_DELIM-0x2f_THAILAND_DELIM-0x2f_1998_DELIM-0x2f_00596_DELIM-0x2f_98 contains too many characters (1485)
ERROR: Sequence DENV3_DELIM-0x2f_THAILAND_DELIM-0x2f_2004_DELIM-0x2f_00602_DELIM-0x2f_04 contains too many characters (1485)
ERROR: Sequence DENV3_DELIM-0x2f_THAILAND_DELIM-0x2f_2012_DELIM-0x2f_00608_DELIM-0x2f_12 contains too many characters (1485)
ERROR: Sequence DENV3_DELIM-0x2f_THAILAND_DELIM-0x2f_1995_DELIM-0x2f_00617_DELIM-0x2f_95 contains too many characters (1485)
ERROR: Sequence DENV3_DELIM-0x2f_THAILAND_DELIM-0x2f_2006_DELIM-0x2f_00618_DELIM-0x2f_06 contains too many characters (1485)
ERROR: Sequence DENV3_DELIM-0x2f_THAILAND_DELIM-0x2f_1995_DELIM-0x2f_00631_DELIM-0x2f_95 contains too many characters (1485)
ERROR: Sequence DENV3_DELIM-0x2f_THAILAND_DELIM-0x2f_2006_DELIM-0x2f_00633_DELIM-0x2f_06 contains too many characters (1485)
ERROR: Sequence DENV3_DELIM-0x2f_THAILAND_DELIM-0x2f_1998_DELIM-0x2f_00637_DELIM-0x2f_98 contains too many characters (1485)
ERROR: Sequence DENV3_DELIM-0x2f_THAILAND_DELIM-0x2f_2012_DELIM-0x2f_00638_DELIM-0x2f_12 contains too many characters (1485)
ERROR: Sequence DENV3_DELIM-0x2f_THAILAND_DELIM-0x2f_2012_DELIM-0x2f_00639_DELIM-0x2f_12 contains too many characters (1485)
ERROR: Sequence DENV3_DELIM-0x2f_THAILAND_DELIM-0x2f_2006_DELIM-0x2f_00651_DELIM-0x2f_06 contains too many characters (1485)
ERROR: Sequence DENV3_DELIM-0x2f_THAILAND_DELIM-0x2f_2005_DELIM-0x2f_00654_DELIM-0x2f_05 contains too many characters (1485)
ERROR: Sequence DENV3_DELIM-0x2f_THAILAND_DELIM-0x2f_2014_DELIM-0x2f_00654_DELIM-0x2f_14 contains too many characters (1485)
ERROR: Sequence DENV3_DELIM-0x2f_THAILAND_DELIM-0x2f_1995_DELIM-0x2f_00657_DELIM-0x2f_95 contains too many characters (1485)
ERROR: Sequence DENV3_DELIM-0x2f_THAILAND_DELIM-0x2f_2003_DELIM-0x2f_00664_DELIM-0x2f_03 contains too many characters (1485)
ERROR: Sequence DENV3_DELIM-0x2f_THAILAND_DELIM-0x2f_2002_DELIM-0x2f_00669_DELIM-0x2f_02 contains too many characters (1485)
ERROR: Sequence DENV3_DELIM-0x2f_THAILAND_DELIM-0x2f_2006_DELIM-0x2f_00676_DELIM-0x2f_06 contains too many characters (1485)
ERROR: Sequence DENV3_DELIM-0x2f_THAILAND_DELIM-0x2f_2001_DELIM-0x2f_00679_DELIM-0x2f_01 contains too many characters (1485)
ERROR: Sequence DENV3_DELIM-0x2f_THAILAND_DELIM-0x2f_2014_DELIM-0x2f_00688_DELIM-0x2f_14 contains too many characters (1485)
ERROR: Sequence DENV3_DELIM-0x2f_THAILAND_DELIM-0x2f_1998_DELIM-0x2f_00688_DELIM-0x2f_98 contains too many characters (1485)
ERROR: Sequence DENV3_DELIM-0x2f_THAILAND_DELIM-0x2f_2013_DELIM-0x2f_00693_DELIM-0x2f_13 contains too many characters (1485)
ERROR: Sequence DENV3_DELIM-0x2f_THAILAND_DELIM-0x2f_2013_DELIM-0x2f_00695_DELIM-0x2f_13 contains too many characters (1485)
ERROR: Sequence DENV3_DELIM-0x2f_THAILAND_DELIM-0x2f_2009_DELIM-0x2f_00702_DELIM-0x2f_09 contains too many characters (1485)
ERROR: Sequence DENV3_DELIM-0x2f_THAILAND_DELIM-0x2f_2014_DELIM-0x2f_00705_DELIM-0x2f_14 contains too many characters (1485)
ERROR: Sequence DENV3_DELIM-0x2f_THAILAND_DELIM-0x2f_1994_DELIM-0x2f_00705_DELIM-0x2f_94 contains too many characters (1485)
ERROR: Sequence DENV3_DELIM-0x2f_THAILAND_DELIM-0x2f_2002_DELIM-0x2f_00706_DELIM-0x2f_02 contains too many characters (1485)
ERROR: Sequence DENV3_DELIM-0x2f_THAILAND_DELIM-0x2f_2003_DELIM-0x2f_00708_DELIM-0x2f_03 contains too many characters (1485)
ERROR: Sequence DENV3_DELIM-0x2f_THAILAND_DELIM-0x2f_2006_DELIM-0x2f_00708_DELIM-0x2f_06 contains too many characters (1485)
ERROR: Sequence DENV3_DELIM-0x2f_THAILAND_DELIM-0x2f_2013_DELIM-0x2f_00709_DELIM-0x2f_13 contains too many characters (1485)
ERROR: Sequence DENV3_DELIM-0x2f_THAILAND_DELIM-0x2f_2006_DELIM-0x2f_00710_DELIM-0x2f_06 contains too many characters (1485)
ERROR: Sequence DENV3_DELIM-0x2f_THAILAND_DELIM-0x2f_2014_DELIM-0x2f_00710_DELIM-0x2f_14 contains too many characters (1485)
ERROR: Sequence DENV3_DELIM-0x2f_THAILAND_DELIM-0x2f_2013_DELIM-0x2f_00715_DELIM-0x2f_13 contains too many characters (1485)
ERROR: Sequence DENV3_DELIM-0x2f_THAILAND_DELIM-0x2f_1994_DELIM-0x2f_00715_DELIM-0x2f_94 contains too many characters (1485)
ERROR: Sequence DENV3_DELIM-0x2f_THAILAND_DELIM-0x2f_2006_DELIM-0x2f_00717_DELIM-0x2f_06 contains too many characters (1485)
ERROR: Sequence DENV3_DELIM-0x2f_THAILAND_DELIM-0x2f_2013_DELIM-0x2f_00731_DELIM-0x2f_13 contains too many characters (1485)
ERROR: Sequence DENV3_DELIM-0x2f_THAILAND_DELIM-0x2f_2005_DELIM-0x2f_00739_DELIM-0x2f_05 contains too many characters (1485)
ERROR: Sequence DENV3_DELIM-0x2f_THAILAND_DELIM-0x2f_2014_DELIM-0x2f_00739_DELIM-0x2f_14 contains too many characters (1485)
ERROR: Sequence DENV3_DELIM-0x2f_THAILAND_DELIM-0x2f_2002_DELIM-0x2f_00748_DELIM-0x2f_02 contains too many characters (1485)
ERROR: Sequence DENV3_DELIM-0x2f_THAILAND_DELIM-0x2f_2012_DELIM-0x2f_00749_DELIM-0x2f_12 contains too many characters (1485)
ERROR: Sequence DENV3_DELIM-0x2f_THAILAND_DELIM-0x2f_2014_DELIM-0x2f_00749_DELIM-0x2f_14 contains too many characters (1485)
ERROR: Sequence DENV3_DELIM-0x2f_THAILAND_DELIM-0x2f_1996_DELIM-0x2f_00753_DELIM-0x2f_96 contains too many characters (1485)
ERROR: Sequence DENV3_DELIM-0x2f_THAILAND_DELIM-0x2f_2014_DELIM-0x2f_00759_DELIM-0x2f_14 contains too many characters (1485)
ERROR: Sequence DENV3_DELIM-0x2f_THAILAND_DELIM-0x2f_2002_DELIM-0x2f_00767_DELIM-0x2f_02 contains too many characters (1485)
ERROR: Sequence DENV3_DELIM-0x2f_THAILAND_DELIM-0x2f_1995_DELIM-0x2f_00772_DELIM-0x2f_95 contains too many characters (1485)
ERROR: Sequence DENV3_DELIM-0x2f_THAILAND_DELIM-0x2f_2006_DELIM-0x2f_00778_DELIM-0x2f_06 contains too many characters (1485)
ERROR: Sequence DENV3_DELIM-0x2f_THAILAND_DELIM-0x2f_2001_DELIM-0x2f_00779_DELIM-0x2f_01 contains too many characters (1485)
ERROR: Sequence DENV3_DELIM-0x2f_THAILAND_DELIM-0x2f_1995_DELIM-0x2f_00780_DELIM-0x2f_95 contains too many characters (1485)
ERROR: Sequence DENV3_DELIM-0x2f_THAILAND_DELIM-0x2f_2012_DELIM-0x2f_00798_DELIM-0x2f_12 contains too many characters (1485)
ERROR: Sequence DENV3_DELIM-0x2f_THAILAND_DELIM-0x2f_1994_DELIM-0x2f_00800_DELIM-0x2f_94 contains too many characters (1485)
ERROR: Sequence DENV3_DELIM-0x2f_THAILAND_DELIM-0x2f_2005_DELIM-0x2f_00806_DELIM-0x2f_05 contains too many characters (1485)
ERROR: Sequence DENV3_DELIM-0x2f_THAILAND_DELIM-0x2f_2013_DELIM-0x2f_00807_DELIM-0x2f_13 contains too many characters (1485)
ERROR: Sequence DENV3_DELIM-0x2f_THAILAND_DELIM-0x2f_2012_DELIM-0x2f_00817_DELIM-0x2f_12 contains too many characters (1485)
ERROR: Sequence DENV3_DELIM-0x2f_THAILAND_DELIM-0x2f_2006_DELIM-0x2f_00819_DELIM-0x2f_06 contains too many characters (1485)
ERROR: Sequence DENV3_DELIM-0x2f_THAILAND_DELIM-0x2f_2006_DELIM-0x2f_00831_DELIM-0x2f_06 contains too many characters (1485)
ERROR: Sequence DENV3_DELIM-0x2f_THAILAND_DELIM-0x2f_1994_DELIM-0x2f_00831_DELIM-0x2f_94 contains too many characters (1485)
ERROR: Sequence DENV3_DELIM-0x2f_THAILAND_DELIM-0x2f_2012_DELIM-0x2f_00833_DELIM-0x2f_12 contains too many characters (1485)
ERROR: Sequence DENV3_DELIM-0x2f_THAILAND_DELIM-0x2f_1996_DELIM-0x2f_00833_DELIM-0x2f_96 contains too many characters (1485)
ERROR: Sequence DENV3_DELIM-0x2f_THAILAND_DELIM-0x2f_2011_DELIM-0x2f_00838_DELIM-0x2f_11 contains too many characters (1485)
ERROR: Sequence DENV3_DELIM-0x2f_THAILAND_DELIM-0x2f_2011_DELIM-0x2f_00842_DELIM-0x2f_11 contains too many characters (1485)
ERROR: Sequence DENV3_DELIM-0x2f_THAILAND_DELIM-0x2f_2005_DELIM-0x2f_00846_DELIM-0x2f_05 contains too many characters (1485)
ERROR: Sequence DENV3_DELIM-0x2f_THAILAND_DELIM-0x2f_2005_DELIM-0x2f_00852_DELIM-0x2f_05 contains too many characters (1485)
ERROR: Sequence DENV3_DELIM-0x2f_THAILAND_DELIM-0x2f_2005_DELIM-0x2f_00872_DELIM-0x2f_05 contains too many characters (1485)
ERROR: Sequence DENV3_DELIM-0x2f_THAILAND_DELIM-0x2f_2003_DELIM-0x2f_00873_DELIM-0x2f_03 contains too many characters (1485)
ERROR: Sequence DENV3_DELIM-0x2f_THAILAND_DELIM-0x2f_1994_DELIM-0x2f_00907_DELIM-0x2f_94 contains too many characters (1485)
ERROR: Sequence DENV3_DELIM-0x2f_THAILAND_DELIM-0x2f_2013_DELIM-0x2f_00910_DELIM-0x2f_13 contains too many characters (1485)
ERROR: Sequence DENV3_DELIM-0x2f_THAILAND_DELIM-0x2f_2013_DELIM-0x2f_00912_DELIM-0x2f_13 contains too many characters (1485)
ERROR: Sequence DENV3_DELIM-0x2f_THAILAND_DELIM-0x2f_1994_DELIM-0x2f_00913_DELIM-0x2f_94 contains too many characters (1485)
ERROR: Sequence DENV3_DELIM-0x2f_THAILAND_DELIM-0x2f_2011_DELIM-0x2f_00923_DELIM-0x2f_11 contains too many characters (1485)
ERROR: Sequence DENV3_DELIM-0x2f_THAILAND_DELIM-0x2f_2001_DELIM-0x2f_00929_DELIM-0x2f_01 contains too many characters (1485)
ERROR: Sequence DENV3_DELIM-0x2f_THAILAND_DELIM-0x2f_2001_DELIM-0x2f_00936_DELIM-0x2f_01 contains too many characters (1485)
ERROR: Sequence DENV3_DELIM-0x2f_THAILAND_DELIM-0x2f_1994_DELIM-0x2f_00950_DELIM-0x2f_94 contains too many characters (1485)
ERROR: Sequence DENV3_DELIM-0x2f_THAILAND_DELIM-0x2f_2013_DELIM-0x2f_00957_DELIM-0x2f_13 contains too many characters (1485)
ERROR: Sequence DENV3_DELIM-0x2f_THAILAND_DELIM-0x2f_1995_DELIM-0x2f_00965_DELIM-0x2f_95 contains too many characters (1485)
ERROR: Sequence DENV3_DELIM-0x2f_THAILAND_DELIM-0x2f_2001_DELIM-0x2f_00975_DELIM-0x2f_01 contains too many characters (1485)
ERROR: Sequence DENV3_DELIM-0x2f_THAILAND_DELIM-0x2f_1996_DELIM-0x2f_00975_DELIM-0x2f_96 contains too many characters (1485)
ERROR: Sequence DENV3_DELIM-0x2f_THAILAND_DELIM-0x2f_2004_DELIM-0x2f_00979_DELIM-0x2f_04 contains too many characters (1485)
ERROR: Sequence DENV3_DELIM-0x2f_THAILAND_DELIM-0x2f_2005_DELIM-0x2f_00980_DELIM-0x2f_05 contains too many characters (1485)
ERROR: Sequence DENV3_DELIM-0x2f_THAILAND_DELIM-0x2f_2001_DELIM-0x2f_00984_DELIM-0x2f_01 contains too many characters (1485)
ERROR: Sequence DENV3_DELIM-0x2f_THAILAND_DELIM-0x2f_2004_DELIM-0x2f_00991_DELIM-0x2f_04 contains too many characters (1485)
ERROR: Sequence DENV3_DELIM-0x2f_THAILAND_DELIM-0x2f_2006_DELIM-0x2f_00997_DELIM-0x2f_06 contains too many characters (1485)
ERROR: Sequence DENV3_DELIM-0x2f_THAILAND_DELIM-0x2f_2012_DELIM-0x2f_00999_DELIM-0x2f_12 contains too many characters (1485)
ERROR: Sequence DENV3_DELIM-0x2f_THAILAND_DELIM-0x2f_2001_DELIM-0x2f_01022_DELIM-0x2f_01 contains too many characters (1485)
ERROR: Sequence DENV3_DELIM-0x2f_THAILAND_DELIM-0x2f_2010_DELIM-0x2f_01029_DELIM-0x2f_10 contains too many characters (1485)
ERROR: Sequence DENV3_DELIM-0x2f_THAILAND_DELIM-0x2f_2011_DELIM-0x2f_01035_DELIM-0x2f_11 contains too many characters (1485)
ERROR: Sequence DENV3_DELIM-0x2f_THAILAND_DELIM-0x2f_1996_DELIM-0x2f_01037_DELIM-0x2f_96 contains too many characters (1485)
ERROR: Sequence DENV3_DELIM-0x2f_THAILAND_DELIM-0x2f_2006_DELIM-0x2f_01041_DELIM-0x2f_06 contains too many characters (1485)
ERROR: Sequence DENV3_DELIM-0x2f_THAILAND_DELIM-0x2f_1995_DELIM-0x2f_01042_DELIM-0x2f_95 contains too many characters (1485)
ERROR: Sequence DENV3_DELIM-0x2f_THAILAND_DELIM-0x2f_2006_DELIM-0x2f_01045_DELIM-0x2f_06 contains too many characters (1485)
ERROR: Sequence DENV3_DELIM-0x2f_THAILAND_DELIM-0x2f_2006_DELIM-0x2f_01062_DELIM-0x2f_06 contains too many characters (1485)
ERROR: Sequence DENV3_DELIM-0x2f_THAILAND_DELIM-0x2f_2006_DELIM-0x2f_01067_DELIM-0x2f_06 contains too many characters (1485)
ERROR: Sequence DENV3_DELIM-0x2f_THAILAND_DELIM-0x2f_2003_DELIM-0x2f_01085_DELIM-0x2f_03 contains too many characters (1485)
ERROR: Sequence DENV3_DELIM-0x2f_THAILAND_DELIM-0x2f_2012_DELIM-0x2f_01094_DELIM-0x2f_12 contains too many characters (1485)
ERROR: Sequence DENV3_DELIM-0x2f_THAILAND_DELIM-0x2f_1994_DELIM-0x2f_01096_DELIM-0x2f_94 contains too many characters (1485)
ERROR: Sequence DENV3_DELIM-0x2f_THAILAND_DELIM-0x2f_2012_DELIM-0x2f_01106_DELIM-0x2f_12 contains too many characters (1485)
ERROR: Sequence DENV3_DELIM-0x2f_THAILAND_DELIM-0x2f_2006_DELIM-0x2f_01128_DELIM-0x2f_06 contains too many characters (1485)
ERROR: Sequence DENV3_DELIM-0x2f_THAILAND_DELIM-0x2f_2012_DELIM-0x2f_01131_DELIM-0x2f_12 contains too many characters (1485)
ERROR: Sequence DENV3_DELIM-0x2f_THAILAND_DELIM-0x2f_2004_DELIM-0x2f_01144_DELIM-0x2f_04 contains too many characters (1485)
ERROR: Sequence DENV3_DELIM-0x2f_THAILAND_DELIM-0x2f_1994_DELIM-0x2f_01146_DELIM-0x2f_94 contains too many characters (1485)
ERROR: Sequence DENV3_DELIM-0x2f_THAILAND_DELIM-0x2f_2002_DELIM-0x2f_01166_DELIM-0x2f_02 contains too many characters (1485)
ERROR: Sequence DENV3_DELIM-0x2f_THAILAND_DELIM-0x2f_1996_DELIM-0x2f_01171_DELIM-0x2f_96 contains too many characters (1485)
ERROR: Sequence DENV3_DELIM-0x2f_THAILAND_DELIM-0x2f_2006_DELIM-0x2f_01177_DELIM-0x2f_06 contains too many characters (1485)
ERROR: Sequence DENV3_DELIM-0x2f_THAILAND_DELIM-0x2f_1995_DELIM-0x2f_01179_DELIM-0x2f_95 contains too many characters (1485)
ERROR: Sequence DENV3_DELIM-0x2f_THAILAND_DELIM-0x2f_2002_DELIM-0x2f_01182_DELIM-0x2f_02 contains too many characters (1485)
ERROR: Sequence DENV3_DELIM-0x2f_THAILAND_DELIM-0x2f_2004_DELIM-0x2f_01184_DELIM-0x2f_04 contains too many characters (1485)
ERROR: Sequence DENV3_DELIM-0x2f_THAILAND_DELIM-0x2f_1999_DELIM-0x2f_01187_DELIM-0x2f_99 contains too many characters (1485)
ERROR: Sequence DENV3_DELIM-0x2f_THAILAND_DELIM-0x2f_2009_DELIM-0x2f_01231_DELIM-0x2f_09 contains too many characters (1485)
ERROR: Sequence DENV3_DELIM-0x2f_THAILAND_DELIM-0x2f_1996_DELIM-0x2f_01245_DELIM-0x2f_96 contains too many characters (1485)
ERROR: Sequence DENV3_DELIM-0x2f_THAILAND_DELIM-0x2f_1996_DELIM-0x2f_01249_DELIM-0x2f_96 contains too many characters (1485)
ERROR: Sequence DENV3_DELIM-0x2f_THAILAND_DELIM-0x2f_1998_DELIM-0x2f_01250_DELIM-0x2f_98 contains too many characters (1485)
ERROR: Sequence DENV3_DELIM-0x2f_THAILAND_DELIM-0x2f_2006_DELIM-0x2f_01251_DELIM-0x2f_06 contains too many characters (1485)
ERROR: Sequence DENV3_DELIM-0x2f_THAILAND_DELIM-0x2f_2006_DELIM-0x2f_01253_DELIM-0x2f_06 contains too many characters (1485)
ERROR: Sequence DENV3_DELIM-0x2f_THAILAND_DELIM-0x2f_2006_DELIM-0x2f_01257_DELIM-0x2f_06 contains too many characters (1485)
ERROR: Sequence DENV3_DELIM-0x2f_THAILAND_DELIM-0x2f_1995_DELIM-0x2f_01260_DELIM-0x2f_95 contains too many characters (1485)
ERROR: Sequence DENV3_DELIM-0x2f_THAILAND_DELIM-0x2f_2002_DELIM-0x2f_01262_DELIM-0x2f_02 contains too many characters (1485)
ERROR: Sequence DENV3_DELIM-0x2f_THAILAND_DELIM-0x2f_2006_DELIM-0x2f_01262_DELIM-0x2f_06 contains too many characters (1485)
ERROR: Sequence DENV3_DELIM-0x2f_THAILAND_DELIM-0x2f_2002_DELIM-0x2f_01263_DELIM-0x2f_02 contains too many characters (1485)
ERROR: Sequence DENV3_DELIM-0x2f_THAILAND_DELIM-0x2f_2006_DELIM-0x2f_01276_DELIM-0x2f_06 contains too many characters (1485)
ERROR: Sequence DENV3_DELIM-0x2f_THAILAND_DELIM-0x2f_2011_DELIM-0x2f_01278_DELIM-0x2f_11 contains too many characters (1485)
ERROR: Sequence DENV3_DELIM-0x2f_THAILAND_DELIM-0x2f_2006_DELIM-0x2f_01284_DELIM-0x2f_06 contains too many characters (1485)
ERROR: Sequence DENV3_DELIM-0x2f_THAILAND_DELIM-0x2f_2006_DELIM-0x2f_01285_DELIM-0x2f_06 contains too many characters (1485)
ERROR: Sequence DENV3_DELIM-0x2f_THAILAND_DELIM-0x2f_1998_DELIM-0x2f_01293_DELIM-0x2f_98 contains too many characters (1485)
ERROR: Sequence DENV3_DELIM-0x2f_THAILAND_DELIM-0x2f_1995_DELIM-0x2f_01296_DELIM-0x2f_95 contains too many characters (1485)
ERROR: Sequence DENV3_DELIM-0x2f_THAILAND_DELIM-0x2f_2002_DELIM-0x2f_01300_DELIM-0x2f_02 contains too many characters (1485)
ERROR: Sequence DENV3_DELIM-0x2f_THAILAND_DELIM-0x2f_1994_DELIM-0x2f_01311_DELIM-0x2f_94 contains too many characters (1485)
ERROR: Sequence DENV3_DELIM-0x2f_THAILAND_DELIM-0x2f_2002_DELIM-0x2f_01313_DELIM-0x2f_02 contains too many characters (1485)
ERROR: Sequence DENV3_DELIM-0x2f_THAILAND_DELIM-0x2f_1995_DELIM-0x2f_01317_DELIM-0x2f_95 contains too many characters (1485)
ERROR: Sequence DENV3_DELIM-0x2f_THAILAND_DELIM-0x2f_1996_DELIM-0x2f_01318_DELIM-0x2f_96 contains too many characters (1485)
ERROR: Sequence DENV3_DELIM-0x2f_THAILAND_DELIM-0x2f_2000_DELIM-0x2f_01330_DELIM-0x2f_00 contains too many characters (1485)
ERROR: Sequence DENV3_DELIM-0x2f_THAILAND_DELIM-0x2f_2006_DELIM-0x2f_01333_DELIM-0x2f_06 contains too many characters (1485)
ERROR: Sequence DENV3_DELIM-0x2f_THAILAND_DELIM-0x2f_1998_DELIM-0x2f_01335_DELIM-0x2f_98 contains too many characters (1485)
ERROR: Sequence DENV3_DELIM-0x2f_THAILAND_DELIM-0x2f_2011_DELIM-0x2f_01363_DELIM-0x2f_11 contains too many characters (1485)
ERROR: Sequence DENV3_DELIM-0x2f_THAILAND_DELIM-0x2f_1995_DELIM-0x2f_01367_DELIM-0x2f_95 contains too many characters (1485)
ERROR: Sequence DENV3_DELIM-0x2f_THAILAND_DELIM-0x2f_2006_DELIM-0x2f_01369_DELIM-0x2f_06 contains too many characters (1485)
ERROR: Sequence DENV3_DELIM-0x2f_THAILAND_DELIM-0x2f_2006_DELIM-0x2f_01372_DELIM-0x2f_06 contains too many characters (1485)
ERROR: Sequence DENV3_DELIM-0x2f_THAILAND_DELIM-0x2f_2006_DELIM-0x2f_01373_DELIM-0x2f_06 contains too many characters (1485)
ERROR: Sequence DENV3_DELIM-0x2f_THAILAND_DELIM-0x2f_2006_DELIM-0x2f_01375_DELIM-0x2f_06 contains too many characters (1485)
ERROR: Sequence DENV3_DELIM-0x2f_THAILAND_DELIM-0x2f_2010_DELIM-0x2f_01378_DELIM-0x2f_10 contains too many characters (1485)
ERROR: Sequence DENV3_DELIM-0x2f_THAILAND_DELIM-0x2f_2006_DELIM-0x2f_01379_DELIM-0x2f_06 contains too many characters (1485)
ERROR: Sequence DENV3_DELIM-0x2f_THAILAND_DELIM-0x2f_2010_DELIM-0x2f_01385_DELIM-0x2f_10 contains too many characters (1485)
ERROR: Sequence DENV3_DELIM-0x2f_THAILAND_DELIM-0x2f_2005_DELIM-0x2f_01387_DELIM-0x2f_05 contains too many characters (1485)
ERROR: Sequence DENV3_DELIM-0x2f_THAILAND_DELIM-0x2f_1994_DELIM-0x2f_01388_DELIM-0x2f_94 contains too many characters (1485)
ERROR: Sequence DENV3_DELIM-0x2f_THAILAND_DELIM-0x2f_2003_DELIM-0x2f_01393_DELIM-0x2f_03 contains too many characters (1485)
ERROR: Sequence DENV3_DELIM-0x2f_THAILAND_DELIM-0x2f_2004_DELIM-0x2f_01393_DELIM-0x2f_04 contains too many characters (1485)
ERROR: Sequence DENV3_DELIM-0x2f_THAILAND_DELIM-0x2f_2008_DELIM-0x2f_01398_DELIM-0x2f_08 contains too many characters (1485)
ERROR: Sequence DENV3_DELIM-0x2f_THAILAND_DELIM-0x2f_2005_DELIM-0x2f_01400_DELIM-0x2f_05 contains too many characters (1485)
ERROR: Sequence DENV3_DELIM-0x2f_THAILAND_DELIM-0x2f_2013_DELIM-0x2f_01401_DELIM-0x2f_13 contains too many characters (1485)
ERROR: Sequence DENV3_DELIM-0x2f_THAILAND_DELIM-0x2f_2005_DELIM-0x2f_01404_DELIM-0x2f_05 contains too many characters (1485)
ERROR: Sequence DENV3_DELIM-0x2f_THAILAND_DELIM-0x2f_1996_DELIM-0x2f_01421_DELIM-0x2f_96 contains too many characters (1485)
ERROR: Sequence DENV3_DELIM-0x2f_THAILAND_DELIM-0x2f_2006_DELIM-0x2f_01423_DELIM-0x2f_06 contains too many characters (1485)
ERROR: Sequence DENV3_DELIM-0x2f_THAILAND_DELIM-0x2f_1997_DELIM-0x2f_01425_DELIM-0x2f_97 contains too many characters (1485)
ERROR: Sequence DENV3_DELIM-0x2f_THAILAND_DELIM-0x2f_2010_DELIM-0x2f_01434_DELIM-0x2f_10 contains too many characters (1485)
ERROR: Sequence DENV3_DELIM-0x2f_THAILAND_DELIM-0x2f_2000_DELIM-0x2f_01442_DELIM-0x2f_00 contains too many characters (1485)
ERROR: Sequence DENV3_DELIM-0x2f_THAILAND_DELIM-0x2f_2011_DELIM-0x2f_01445_DELIM-0x2f_11 contains too many characters (1485)
ERROR: Sequence DENV3_DELIM-0x2f_THAILAND_DELIM-0x2f_2000_DELIM-0x2f_01455_DELIM-0x2f_00 contains too many characters (1485)
ERROR: Sequence DENV3_DELIM-0x2f_THAILAND_DELIM-0x2f_2010_DELIM-0x2f_01467_DELIM-0x2f_10 contains too many characters (1485)
ERROR: Sequence DENV3_DELIM-0x2f_THAILAND_DELIM-0x2f_2003_DELIM-0x2f_01468_DELIM-0x2f_03 contains too many characters (1485)
ERROR: Sequence DENV3_DELIM-0x2f_THAILAND_DELIM-0x2f_2002_DELIM-0x2f_01472_DELIM-0x2f_02 contains too many characters (1485)
ERROR: Sequence DENV3_DELIM-0x2f_THAILAND_DELIM-0x2f_1995_DELIM-0x2f_01486_DELIM-0x2f_95 contains too many characters (1485)
ERROR: Sequence DENV3_DELIM-0x2f_THAILAND_DELIM-0x2f_1996_DELIM-0x2f_01487_DELIM-0x2f_96 contains too many characters (1485)
ERROR: Sequence DENV3_DELIM-0x2f_THAILAND_DELIM-0x2f_2005_DELIM-0x2f_01491_DELIM-0x2f_05 contains too many characters (1485)
ERROR: Sequence DENV3_DELIM-0x2f_THAILAND_DELIM-0x2f_1994_DELIM-0x2f_01494_DELIM-0x2f_94 contains too many characters (1485)
ERROR: Sequence DENV3_DELIM-0x2f_THAILAND_DELIM-0x2f_1996_DELIM-0x2f_01505_DELIM-0x2f_96 contains too many characters (1485)
ERROR: Sequence DENV3_DELIM-0x2f_THAILAND_DELIM-0x2f_2010_DELIM-0x2f_01508_DELIM-0x2f_10 contains too many characters (1485)
ERROR: Sequence DENV3_DELIM-0x2f_THAILAND_DELIM-0x2f_1995_DELIM-0x2f_01509_DELIM-0x2f_95 contains too many characters (1485)
ERROR: Sequence DENV3_DELIM-0x2f_THAILAND_DELIM-0x2f_1996_DELIM-0x2f_01528_DELIM-0x2f_96 contains too many characters (1485)
ERROR: Sequence DENV3_DELIM-0x2f_THAILAND_DELIM-0x2f_2005_DELIM-0x2f_01530_DELIM-0x2f_05 contains too many characters (1485)
ERROR: Sequence DENV3_DELIM-0x2f_THAILAND_DELIM-0x2f_1994_DELIM-0x2f_01530_DELIM-0x2f_94 contains too many characters (1485)
ERROR: Sequence DENV3_DELIM-0x2f_THAILAND_DELIM-0x2f_2006_DELIM-0x2f_01536_DELIM-0x2f_06 contains too many characters (1485)
ERROR: Sequence DENV3_DELIM-0x2f_THAILAND_DELIM-0x2f_2002_DELIM-0x2f_01537_DELIM-0x2f_02 contains too many characters (1485)
ERROR: Sequence DENV3_DELIM-0x2f_THAILAND_DELIM-0x2f_1996_DELIM-0x2f_01552_DELIM-0x2f_96 contains too many characters (1485)
ERROR: Sequence DENV3_DELIM-0x2f_THAILAND_DELIM-0x2f_2006_DELIM-0x2f_01559_DELIM-0x2f_06 contains too many characters (1485)
ERROR: Sequence DENV3_DELIM-0x2f_THAILAND_DELIM-0x2f_2005_DELIM-0x2f_01565_DELIM-0x2f_05 contains too many characters (1485)
ERROR: Sequence DENV3_DELIM-0x2f_THAILAND_DELIM-0x2f_2005_DELIM-0x2f_01569_DELIM-0x2f_05 contains too many characters (1485)
ERROR: Sequence DENV3_DELIM-0x2f_THAILAND_DELIM-0x2f_2010_DELIM-0x2f_01575_DELIM-0x2f_10 contains too many characters (1485)
ERROR: Sequence DENV3_DELIM-0x2f_THAILAND_DELIM-0x2f_2010_DELIM-0x2f_01601_DELIM-0x2f_10 contains too many characters (1485)
ERROR: Sequence DENV3_DELIM-0x2f_THAILAND_DELIM-0x2f_2003_DELIM-0x2f_01619_DELIM-0x2f_03 contains too many characters (1485)
ERROR: Sequence DENV3_DELIM-0x2f_THAILAND_DELIM-0x2f_2003_DELIM-0x2f_01651_DELIM-0x2f_03 contains too many characters (1485)
ERROR: Sequence DENV3_DELIM-0x2f_THAILAND_DELIM-0x2f_2006_DELIM-0x2f_01651_DELIM-0x2f_06 contains too many characters (1485)
ERROR: Sequence DENV3_DELIM-0x2f_THAILAND_DELIM-0x2f_2000_DELIM-0x2f_01654_DELIM-0x2f_00 contains too many characters (1485)
ERROR: Sequence DENV3_DELIM-0x2f_THAILAND_DELIM-0x2f_1996_DELIM-0x2f_01655_DELIM-0x2f_96 contains too many characters (1485)
ERROR: Sequence DENV3_DELIM-0x2f_THAILAND_DELIM-0x2f_1995_DELIM-0x2f_01658_DELIM-0x2f_95 contains too many characters (1485)
ERROR: Sequence DENV3_DELIM-0x2f_THAILAND_DELIM-0x2f_2000_DELIM-0x2f_01671_DELIM-0x2f_00 contains too many characters (1485)
ERROR: Sequence DENV3_DELIM-0x2f_THAILAND_DELIM-0x2f_2000_DELIM-0x2f_01672_DELIM-0x2f_00 contains too many characters (1485)
ERROR: Sequence DENV3_DELIM-0x2f_THAILAND_DELIM-0x2f_2006_DELIM-0x2f_01691_DELIM-0x2f_06 contains too many characters (1485)
ERROR: Sequence DENV3_DELIM-0x2f_THAILAND_DELIM-0x2f_1996_DELIM-0x2f_01697_DELIM-0x2f_96 contains too many characters (1485)
ERROR: Sequence DENV3_DELIM-0x2f_THAILAND_DELIM-0x2f_1998_DELIM-0x2f_01700_DELIM-0x2f_98 contains too many characters (1485)
ERROR: Sequence DENV3_DELIM-0x2f_THAILAND_DELIM-0x2f_1998_DELIM-0x2f_01716_DELIM-0x2f_98 contains too many characters (1485)
ERROR: Sequence DENV3_DELIM-0x2f_THAILAND_DELIM-0x2f_2000_DELIM-0x2f_01720_DELIM-0x2f_00 contains too many characters (1485)
ERROR: Sequence DENV3_DELIM-0x2f_THAILAND_DELIM-0x2f_1996_DELIM-0x2f_01720_DELIM-0x2f_96 contains too many characters (1485)
ERROR: Sequence DENV3_DELIM-0x2f_THAILAND_DELIM-0x2f_1995_DELIM-0x2f_01753_DELIM-0x2f_95 contains too many characters (1485)
ERROR: Sequence DENV3_DELIM-0x2f_THAILAND_DELIM-0x2f_2006_DELIM-0x2f_01781_DELIM-0x2f_06 contains too many characters (1485)
ERROR: Sequence DENV3_DELIM-0x2f_THAILAND_DELIM-0x2f_1996_DELIM-0x2f_01781_DELIM-0x2f_96 contains too many characters (1485)
ERROR: Sequence DENV3_DELIM-0x2f_THAILAND_DELIM-0x2f_2002_DELIM-0x2f_01802_DELIM-0x2f_02 contains too many characters (1485)
ERROR: Sequence DENV3_DELIM-0x2f_THAILAND_DELIM-0x2f_1996_DELIM-0x2f_01828_DELIM-0x2f_96 contains too many characters (1485)
ERROR: Sequence DENV3_DELIM-0x2f_THAILAND_DELIM-0x2f_2003_DELIM-0x2f_01837_DELIM-0x2f_03 contains too many characters (1485)
ERROR: Sequence DENV3_DELIM-0x2f_THAILAND_DELIM-0x2f_2003_DELIM-0x2f_01847_DELIM-0x2f_03 contains too many characters (1485)
ERROR: Sequence DENV3_DELIM-0x2f_THAILAND_DELIM-0x2f_1998_DELIM-0x2f_01868_DELIM-0x2f_98 contains too many characters (1485)
ERROR: Sequence DENV3_DELIM-0x2f_THAILAND_DELIM-0x2f_2000_DELIM-0x2f_01906_DELIM-0x2f_00 contains too many characters (1485)
ERROR: Sequence DENV3_DELIM-0x2f_THAILAND_DELIM-0x2f_1996_DELIM-0x2f_01908_DELIM-0x2f_96 contains too many characters (1485)
ERROR: Sequence DENV3_DELIM-0x2f_THAILAND_DELIM-0x2f_1999_DELIM-0x2f_01909_DELIM-0x2f_99 contains too many characters (1485)
ERROR: Sequence DENV3_DELIM-0x2f_THAILAND_DELIM-0x2f_2006_DELIM-0x2f_01933_DELIM-0x2f_06 contains too many characters (1485)
ERROR: Sequence DENV3_DELIM-0x2f_THAILAND_DELIM-0x2f_2006_DELIM-0x2f_01935_DELIM-0x2f_06 contains too many characters (1485)
ERROR: Sequence DENV3_DELIM-0x2f_THAILAND_DELIM-0x2f_1996_DELIM-0x2f_01941_DELIM-0x2f_96 contains too many characters (1485)
ERROR: Sequence DENV3_DELIM-0x2f_THAILAND_DELIM-0x2f_1997_DELIM-0x2f_01956_DELIM-0x2f_97 contains too many characters (1485)
ERROR: Sequence DENV3_DELIM-0x2f_THAILAND_DELIM-0x2f_2003_DELIM-0x2f_01967_DELIM-0x2f_03 contains too many characters (1485)
ERROR: Sequence DENV3_DELIM-0x2f_THAILAND_DELIM-0x2f_1997_DELIM-0x2f_01976_DELIM-0x2f_97 contains too many characters (1485)
ERROR: Sequence DENV3_DELIM-0x2f_THAILAND_DELIM-0x2f_2003_DELIM-0x2f_01979_DELIM-0x2f_03 contains too many characters (1485)
ERROR: Sequence DENV3_DELIM-0x2f_THAILAND_DELIM-0x2f_1999_DELIM-0x2f_01982_DELIM-0x2f_99 contains too many characters (1485)
ERROR: Sequence DENV3_DELIM-0x2f_THAILAND_DELIM-0x2f_2000_DELIM-0x2f_01996_DELIM-0x2f_00 contains too many characters (1485)
ERROR: Sequence DENV3_DELIM-0x2f_THAILAND_DELIM-0x2f_1998_DELIM-0x2f_02000_DELIM-0x2f_98 contains too many characters (1485)
ERROR: Sequence DENV3_DELIM-0x2f_THAILAND_DELIM-0x2f_2002_DELIM-0x2f_02006_DELIM-0x2f_02 contains too many characters (1485)
ERROR: Sequence DENV3_DELIM-0x2f_THAILAND_DELIM-0x2f_1998_DELIM-0x2f_02016_DELIM-0x2f_98 contains too many characters (1485)
ERROR: Sequence DENV3_DELIM-0x2f_THAILAND_DELIM-0x2f_2000_DELIM-0x2f_02029_DELIM-0x2f_00 contains too many characters (1485)
ERROR: Sequence DENV3_DELIM-0x2f_THAILAND_DELIM-0x2f_2003_DELIM-0x2f_02035_DELIM-0x2f_03 contains too many characters (1485)
ERROR: Sequence DENV3_DELIM-0x2f_THAILAND_DELIM-0x2f_2006_DELIM-0x2f_02038_DELIM-0x2f_06 contains too many characters (1485)
ERROR: Sequence DENV3_DELIM-0x2f_THAILAND_DELIM-0x2f_2006_DELIM-0x2f_02042_DELIM-0x2f_06 contains too many characters (1485)
ERROR: Sequence DENV3_DELIM-0x2f_THAILAND_DELIM-0x2f_2006_DELIM-0x2f_02051_DELIM-0x2f_06 contains too many characters (1485)
ERROR: Sequence DENV3_DELIM-0x2f_THAILAND_DELIM-0x2f_2000_DELIM-0x2f_02080_DELIM-0x2f_00 contains too many characters (1485)
ERROR: Sequence DENV3_DELIM-0x2f_THAILAND_DELIM-0x2f_2006_DELIM-0x2f_02111_DELIM-0x2f_06 contains too many characters (1485)
ERROR: Sequence DENV3_DELIM-0x2f_THAILAND_DELIM-0x2f_2006_DELIM-0x2f_02117_DELIM-0x2f_06 contains too many characters (1485)
ERROR: Sequence DENV3_DELIM-0x2f_THAILAND_DELIM-0x2f_2006_DELIM-0x2f_02121_DELIM-0x2f_06 contains too many characters (1485)
ERROR: Sequence DENV3_DELIM-0x2f_THAILAND_DELIM-0x2f_2003_DELIM-0x2f_02141_DELIM-0x2f_03 contains too many characters (1485)
ERROR: Sequence DENV3_DELIM-0x2f_THAILAND_DELIM-0x2f_1996_DELIM-0x2f_02161_DELIM-0x2f_96 contains too many characters (1485)
ERROR: Sequence DENV3_DELIM-0x2f_THAILAND_DELIM-0x2f_1996_DELIM-0x2f_02171_DELIM-0x2f_96 contains too many characters (1485)
ERROR: Sequence DENV3_DELIM-0x2f_THAILAND_DELIM-0x2f_2002_DELIM-0x2f_02173_DELIM-0x2f_02 contains too many characters (1485)
ERROR: Sequence DENV3_DELIM-0x2f_THAILAND_DELIM-0x2f_2006_DELIM-0x2f_02174_DELIM-0x2f_06 contains too many characters (1485)
ERROR: Sequence DENV3_DELIM-0x2f_THAILAND_DELIM-0x2f_2006_DELIM-0x2f_02185_DELIM-0x2f_06 contains too many characters (1485)
ERROR: Sequence DENV3_DELIM-0x2f_THAILAND_DELIM-0x2f_2006_DELIM-0x2f_02202_DELIM-0x2f_06 contains too many characters (1485)
ERROR: Sequence DENV3_DELIM-0x2f_THAILAND_DELIM-0x2f_2003_DELIM-0x2f_02208_DELIM-0x2f_03 contains too many characters (1485)
ERROR: Sequence DENV3_DELIM-0x2f_THAILAND_DELIM-0x2f_2003_DELIM-0x2f_02213_DELIM-0x2f_03 contains too many characters (1485)
ERROR: Sequence DENV3_DELIM-0x2f_THAILAND_DELIM-0x2f_1996_DELIM-0x2f_02222_DELIM-0x2f_96 contains too many characters (1485)
ERROR: Sequence DENV3_DELIM-0x2f_THAILAND_DELIM-0x2f_1998_DELIM-0x2f_02224_DELIM-0x2f_98 contains too many characters (1485)
ERROR: Sequence DENV3_DELIM-0x2f_THAILAND_DELIM-0x2f_2003_DELIM-0x2f_02234_DELIM-0x2f_03 contains too many characters (1485)
ERROR: Sequence DENV3_DELIM-0x2f_THAILAND_DELIM-0x2f_2000_DELIM-0x2f_02242_DELIM-0x2f_00 contains too many characters (1485)
ERROR: Sequence DENV3_DELIM-0x2f_THAILAND_DELIM-0x2f_2002_DELIM-0x2f_02251_DELIM-0x2f_02 contains too many characters (1485)
ERROR: Sequence DENV3_DELIM-0x2f_THAILAND_DELIM-0x2f_2006_DELIM-0x2f_02277_DELIM-0x2f_06 contains too many characters (1485)
ERROR: Sequence DENV3_DELIM-0x2f_THAILAND_DELIM-0x2f_1998_DELIM-0x2f_02283_DELIM-0x2f_98 contains too many characters (1485)
ERROR: Sequence DENV3_DELIM-0x2f_THAILAND_DELIM-0x2f_2006_DELIM-0x2f_02292_DELIM-0x2f_06 contains too many characters (1485)
ERROR: Sequence DENV3_DELIM-0x2f_THAILAND_DELIM-0x2f_2006_DELIM-0x2f_02341_DELIM-0x2f_06 contains too many characters (1485)
ERROR: Sequence DENV3_DELIM-0x2f_THAILAND_DELIM-0x2f_2006_DELIM-0x2f_02380_DELIM-0x2f_06 contains too many characters (1485)
ERROR: Sequence DENV3_DELIM-0x2f_THAILAND_DELIM-0x2f_2006_DELIM-0x2f_02384_DELIM-0x2f_06 contains too many characters (1485)
ERROR: Sequence DENV3_DELIM-0x2f_THAILAND_DELIM-0x2f_1998_DELIM-0x2f_02434_DELIM-0x2f_98 contains too many characters (1485)
ERROR: Sequence DENV3_DELIM-0x2f_THAILAND_DELIM-0x2f_2006_DELIM-0x2f_02485_DELIM-0x2f_06 contains too many characters (1485)
ERROR: Sequence DENV3_DELIM-0x2f_THAILAND_DELIM-0x2f_2006_DELIM-0x2f_02490_DELIM-0x2f_06 contains too many characters (1485)
ERROR: Sequence DENV3_DELIM-0x2f_THAILAND_DELIM-0x2f_1998_DELIM-0x2f_02506_DELIM-0x2f_98 contains too many characters (1485)
ERROR: Sequence DENV3_DELIM-0x2f_THAILAND_DELIM-0x2f_2006_DELIM-0x2f_02515_DELIM-0x2f_06 contains too many characters (1485)
ERROR: Sequence DENV3_DELIM-0x2f_THAILAND_DELIM-0x2f_1998_DELIM-0x2f_02519_DELIM-0x2f_98 contains too many characters (1485)
ERROR: Sequence DENV3_DELIM-0x2f_THAILAND_DELIM-0x2f_1998_DELIM-0x2f_02551_DELIM-0x2f_98 contains too many characters (1485)
ERROR: Sequence DENV3_DELIM-0x2f_THAILAND_DELIM-0x2f_1998_DELIM-0x2f_02553_DELIM-0x2f_98 contains too many characters (1485)
ERROR: Sequence DENV3_DELIM-0x2f_THAILAND_DELIM-0x2f_1997_DELIM-0x2f_02580_DELIM-0x2f_97 contains too many characters (1485)
ERROR: Sequence DENV3_DELIM-0x2f_THAILAND_DELIM-0x2f_2006_DELIM-0x2f_02632_DELIM-0x2f_06 contains too many characters (1485)
ERROR: Sequence DENV3_DELIM-0x2f_THAILAND_DELIM-0x2f_1997_DELIM-0x2f_02673_DELIM-0x2f_97 contains too many characters (1485)
ERROR: Sequence DENV3_DELIM-0x2f_THAILAND_DELIM-0x2f_2006_DELIM-0x2f_02678_DELIM-0x2f_06 contains too many characters (1485)
ERROR: Sequence DENV3_DELIM-0x2f_THAILAND_DELIM-0x2f_2006_DELIM-0x2f_02701_DELIM-0x2f_06 contains too many characters (1485)
ERROR: Sequence DENV3_DELIM-0x2f_THAILAND_DELIM-0x2f_2006_DELIM-0x2f_02704_DELIM-0x2f_06 contains too many characters (1485)
ERROR: Sequence DENV3_DELIM-0x2f_THAILAND_DELIM-0x2f_2006_DELIM-0x2f_02763_DELIM-0x2f_06 contains too many characters (1485)
ERROR: Sequence DENV3_DELIM-0x2f_THAILAND_DELIM-0x2f_2006_DELIM-0x2f_02784_DELIM-0x2f_06 contains too many characters (1485)
ERROR: Sequence DENV3_DELIM-0x2f_THAILAND_DELIM-0x2f_2006_DELIM-0x2f_02812_DELIM-0x2f_06 contains too many characters (1485)
ERROR: Sequence DENV3_DELIM-0x2f_THAILAND_DELIM-0x2f_2006_DELIM-0x2f_02814_DELIM-0x2f_06 contains too many characters (1485)
ERROR: Sequence DENV3_DELIM-0x2f_THAILAND_DELIM-0x2f_1999_DELIM-0x2f_02864_DELIM-0x2f_99 contains too many characters (1485)
ERROR: Sequence DENV3_DELIM-0x2f_THAILAND_DELIM-0x2f_1999_DELIM-0x2f_02902_DELIM-0x2f_99 contains too many characters (1485)
ERROR: Sequence DENV3_DELIM-0x2f_THAILAND_DELIM-0x2f_1997_DELIM-0x2f_02906_DELIM-0x2f_97 contains too many characters (1485)
ERROR: Sequence DENV3_DELIM-0x2f_THAILAND_DELIM-0x2f_2001_DELIM-0x2f_02916_DELIM-0x2f_01 contains too many characters (1485)
ERROR: Sequence DENV3_DELIM-0x2f_THAILAND_DELIM-0x2f_1999_DELIM-0x2f_02972_DELIM-0x2f_99 contains too many characters (1485)
ERROR: Sequence DENV3_DELIM-0x2f_THAILAND_DELIM-0x2f_1999_DELIM-0x2f_02983_DELIM-0x2f_99 contains too many characters (1485)
ERROR: Sequence DENV3_DELIM-0x2f_THAILAND_DELIM-0x2f_1998_DELIM-0x2f_02993_DELIM-0x2f_98 contains too many characters (1485)
ERROR: Sequence DENV3_DELIM-0x2f_THAILAND_DELIM-0x2f_1997_DELIM-0x2f_03058_DELIM-0x2f_97 contains too many characters (1485)
ERROR: Sequence DENV3_DELIM-0x2f_THAILAND_DELIM-0x2f_1997_DELIM-0x2f_03080_DELIM-0x2f_97 contains too many characters (1485)
ERROR: Sequence DENV3_DELIM-0x2f_THAILAND_DELIM-0x2f_2002_DELIM-0x2f_03135_DELIM-0x2f_02 contains too many characters (1485)
ERROR: Sequence DENV3_DELIM-0x2f_THAILAND_DELIM-0x2f_2001_DELIM-0x2f_03240_DELIM-0x2f_01 contains too many characters (1485)
ERROR: Sequence DENV3_DELIM-0x2f_THAILAND_DELIM-0x2f_2001_DELIM-0x2f_03291_DELIM-0x2f_01 contains too many characters (1485)
ERROR: Sequence DENV3_DELIM-0x2f_THAILAND_DELIM-0x2f_1997_DELIM-0x2f_03353_DELIM-0x2f_97 contains too many characters (1485)
ERROR: Sequence DENV3_DELIM-0x2f_THAILAND_DELIM-0x2f_1999_DELIM-0x2f_03417_DELIM-0x2f_99 contains too many characters (1485)
ERROR: Sequence DENV3_DELIM-0x2f_THAILAND_DELIM-0x2f_1999_DELIM-0x2f_03565_DELIM-0x2f_99 contains too many characters (1485)
ERROR: Sequence DENV3_DELIM-0x2f_THAILAND_DELIM-0x2f_1999_DELIM-0x2f_03567_DELIM-0x2f_99 contains too many characters (1485)
ERROR: Sequence DENV3_DELIM-0x2f_THAILAND_DELIM-0x2f_2001_DELIM-0x2f_03640_DELIM-0x2f_01 contains too many characters (1485)
ERROR: Sequence DENV3_DELIM-0x2f_THAILAND_DELIM-0x2f_1999_DELIM-0x2f_03749_DELIM-0x2f_99 contains too many characters (1485)
ERROR: Sequence DENV3_DELIM-0x2f_THAILAND_DELIM-0x2f_1999_DELIM-0x2f_03767_DELIM-0x2f_99 contains too many characters (1485)
ERROR: Sequence DENV3_DELIM-0x2f_THAILAND_DELIM-0x2f_1999_DELIM-0x2f_03818_DELIM-0x2f_99 contains too many characters (1485)
ERROR: Sequence DENV3_DELIM-0x2f_THAILAND_DELIM-0x2f_2001_DELIM-0x2f_03879_DELIM-0x2f_01 contains too many characters (1485)
ERROR: Sequence DENV3_DELIM-0x2f_THAILAND_DELIM-0x2f_2001_DELIM-0x2f_04045_DELIM-0x2f_01 contains too many characters (1485)
ERROR: Sequence DENV3_DELIM-0x2f_THAILAND_DELIM-0x2f_1998_DELIM-0x2f_04187_DELIM-0x2f_98 contains too many characters (1485)
ERROR: Sequence DENV3_DELIM-0x2f_THAILAND_DELIM-0x2f_2001_DELIM-0x2f_04236_DELIM-0x2f_01 contains too many characters (1485)
ERROR: Sequence DENV3_DELIM-0x2f_THAILAND_DELIM-0x2f_1998_DELIM-0x2f_04298_DELIM-0x2f_98 contains too many characters (1485)
ERROR: Sequence DENV3_DELIM-0x2f_THAILAND_DELIM-0x2f_1998_DELIM-0x2f_04331_DELIM-0x2f_98 contains too many characters (1485)
ERROR: Sequence DENV3_DELIM-0x2f_THAILAND_DELIM-0x2f_1998_DELIM-0x2f_04378_DELIM-0x2f_98 contains too many characters (1485)
ERROR: Sequence DENV3_DELIM-0x2f_THAILAND_DELIM-0x2f_2001_DELIM-0x2f_04502_DELIM-0x2f_01 contains too many characters (1485)
ERROR: Sequence DENV3_DELIM-0x2f_THAILAND_DELIM-0x2f_1999_DELIM-0x2f_04514_DELIM-0x2f_99 contains too many characters (1485)
ERROR: Sequence DENV3_DELIM-0x2f_THAILAND_DELIM-0x2f_2001_DELIM-0x2f_04526_DELIM-0x2f_01 contains too many characters (1485)
ERROR: Sequence DENV3_DELIM-0x2f_THAILAND_DELIM-0x2f_2001_DELIM-0x2f_04540_DELIM-0x2f_01 contains too many characters (1485)
ERROR: Sequence DENV3_DELIM-0x2f_THAILAND_DELIM-0x2f_1999_DELIM-0x2f_04557_DELIM-0x2f_99 contains too many characters (1485)
ERROR: Sequence DENV3_DELIM-0x2f_THAILAND_DELIM-0x2f_2001_DELIM-0x2f_04635_DELIM-0x2f_01 contains too many characters (1485)
ERROR: Sequence DENV3_DELIM-0x2f_THAILAND_DELIM-0x2f_2001_DELIM-0x2f_04680_DELIM-0x2f_01 contains too many characters (1485)
ERROR: Sequence DENV3_DELIM-0x2f_THAILAND_DELIM-0x2f_1997_DELIM-0x2f_04710_DELIM-0x2f_97 contains too many characters (1485)
ERROR: Sequence DENV3_DELIM-0x2f_THAILAND_DELIM-0x2f_1998_DELIM-0x2f_04763_DELIM-0x2f_98 contains too many characters (1485)
ERROR: Sequence DENV3_DELIM-0x2f_THAILAND_DELIM-0x2f_2001_DELIM-0x2f_04945_DELIM-0x2f_01 contains too many characters (1485)
ERROR: Sequence DENV3_DELIM-0x2f_THAILAND_DELIM-0x2f_1997_DELIM-0x2f_04945_DELIM-0x2f_97 contains too many characters (1485)
ERROR: Sequence DENV3_DELIM-0x2f_THAILAND_DELIM-0x2f_1998_DELIM-0x2f_04946_DELIM-0x2f_98 contains too many characters (1485)
ERROR: Sequence DENV3_DELIM-0x2f_THAILAND_DELIM-0x2f_1998_DELIM-0x2f_04996_DELIM-0x2f_98 contains too many characters (1485)
ERROR: Sequence DENV3_DELIM-0x2f_THAILAND_DELIM-0x2f_1997_DELIM-0x2f_05100_DELIM-0x2f_97 contains too many characters (1485)
ERROR: Sequence DENV3_DELIM-0x2f_THAILAND_DELIM-0x2f_2001_DELIM-0x2f_05308_DELIM-0x2f_01 contains too many characters (1485)
ERROR: Sequence DENV3_DELIM-0x2f_THAILAND_DELIM-0x2f_1999_DELIM-0x2f_05364_DELIM-0x2f_99 contains too many characters (1485)
ERROR: Sequence DENV3_DELIM-0x2f_THAILAND_DELIM-0x2f_1999_DELIM-0x2f_05379_DELIM-0x2f_99 contains too many characters (1485)
ERROR: Sequence DENV3_DELIM-0x2f_THAILAND_DELIM-0x2f_2000_DELIM-0x2f_05420_DELIM-0x2f_00 contains too many characters (1485)
ERROR: Sequence DENV3_DELIM-0x2f_THAILAND_DELIM-0x2f_2000_DELIM-0x2f_05421_DELIM-0x2f_00 contains too many characters (1485)
ERROR: Sequence DENV3_DELIM-0x2f_THAILAND_DELIM-0x2f_2000_DELIM-0x2f_05443_DELIM-0x2f_00 contains too many characters (1485)
ERROR: Sequence DENV3_DELIM-0x2f_THAILAND_DELIM-0x2f_2000_DELIM-0x2f_05456_DELIM-0x2f_00 contains too many characters (1485)
ERROR: Sequence DENV3_DELIM-0x2f_THAILAND_DELIM-0x2f_1999_DELIM-0x2f_05480_DELIM-0x2f_99 contains too many characters (1485)
ERROR: Sequence DENV3_DELIM-0x2f_THAILAND_DELIM-0x2f_2000_DELIM-0x2f_05499_DELIM-0x2f_00 contains too many characters (1485)
ERROR: Sequence DENV3_DELIM-0x2f_THAILAND_DELIM-0x2f_2000_DELIM-0x2f_05571_DELIM-0x2f_00 contains too many characters (1485)
ERROR: Sequence DENV3_DELIM-0x2f_THAILAND_DELIM-0x2f_1997_DELIM-0x2f_05578_DELIM-0x2f_97 contains too many characters (1485)
ERROR: Sequence DENV3_DELIM-0x2f_THAILAND_DELIM-0x2f_2001_DELIM-0x2f_05611_DELIM-0x2f_01 contains too many characters (1485)
ERROR: Sequence DENV3_DELIM-0x2f_THAILAND_DELIM-0x2f_2000_DELIM-0x2f_05632_DELIM-0x2f_00 contains too many characters (1485)
ERROR: Sequence DENV3_DELIM-0x2f_THAILAND_DELIM-0x2f_1997_DELIM-0x2f_05718_DELIM-0x2f_97 contains too many characters (1485)
ERROR: Sequence DENV3_DELIM-0x2f_THAILAND_DELIM-0x2f_1997_DELIM-0x2f_05746_DELIM-0x2f_97 contains too many characters (1485)
ERROR: Sequence DENV3_DELIM-0x2f_THAILAND_DELIM-0x2f_2000_DELIM-0x2f_05772_DELIM-0x2f_00 contains too many characters (1485)
ERROR: Sequence DENV3_DELIM-0x2f_THAILAND_DELIM-0x2f_2000_DELIM-0x2f_05815_DELIM-0x2f_00 contains too many characters (1485)
ERROR: Sequence DENV3_DELIM-0x2f_THAILAND_DELIM-0x2f_2001_DELIM-0x2f_05838_DELIM-0x2f_01 contains too many characters (1485)
ERROR: Sequence DENV3_DELIM-0x2f_THAILAND_DELIM-0x2f_2000_DELIM-0x2f_05884_DELIM-0x2f_00 contains too many characters (1485)
ERROR: Sequence DENV3_DELIM-0x2f_THAILAND_DELIM-0x2f_1999_DELIM-0x2f_05951_DELIM-0x2f_99 contains too many characters (1485)
ERROR: Sequence DENV3_DELIM-0x2f_THAILAND_DELIM-0x2f_1999_DELIM-0x2f_05956_DELIM-0x2f_99 contains too many characters (1485)
ERROR: Sequence DENV3_DELIM-0x2f_THAILAND_DELIM-0x2f_2000_DELIM-0x2f_05969_DELIM-0x2f_00 contains too many characters (1485)
ERROR: Sequence DENV3_DELIM-0x2f_THAILAND_DELIM-0x2f_1998_DELIM-0x2f_06012_DELIM-0x2f_98 contains too many characters (1485)
ERROR: Sequence DENV3_DELIM-0x2f_THAILAND_DELIM-0x2f_2000_DELIM-0x2f_06028_DELIM-0x2f_00 contains too many characters (1485)
ERROR: Sequence DENV3_DELIM-0x2f_THAILAND_DELIM-0x2f_1999_DELIM-0x2f_06047_DELIM-0x2f_99 contains too many characters (1485)
ERROR: Sequence DENV3_DELIM-0x2f_THAILAND_DELIM-0x2f_1999_DELIM-0x2f_06060_DELIM-0x2f_99 contains too many characters (1485)
ERROR: Sequence DENV3_DELIM-0x2f_THAILAND_DELIM-0x2f_1998_DELIM-0x2f_06068_DELIM-0x2f_98 contains too many characters (1485)
ERROR: Sequence DENV3_DELIM-0x2f_THAILAND_DELIM-0x2f_1998_DELIM-0x2f_06070_DELIM-0x2f_98 contains too many characters (1485)
ERROR: Sequence DENV3_DELIM-0x2f_THAILAND_DELIM-0x2f_2001_DELIM-0x2f_06117_DELIM-0x2f_01 contains too many characters (1485)
ERROR: Sequence DENV3_DELIM-0x2f_THAILAND_DELIM-0x2f_2001_DELIM-0x2f_06123_DELIM-0x2f_01 contains too many characters (1485)
ERROR: Sequence DENV3_DELIM-0x2f_THAILAND_DELIM-0x2f_2000_DELIM-0x2f_06135_DELIM-0x2f_00 contains too many characters (1485)
ERROR: Sequence DENV3_DELIM-0x2f_THAILAND_DELIM-0x2f_2001_DELIM-0x2f_06198_DELIM-0x2f_01 contains too many characters (1485)
ERROR: Sequence DENV3_DELIM-0x2f_THAILAND_DELIM-0x2f_1998_DELIM-0x2f_06343_DELIM-0x2f_98 contains too many characters (1485)
ERROR: Sequence DENV3_DELIM-0x2f_THAILAND_DELIM-0x2f_1997_DELIM-0x2f_06406_DELIM-0x2f_97 contains too many characters (1485)
ERROR: Sequence DENV3_DELIM-0x2f_THAILAND_DELIM-0x2f_2001_DELIM-0x2f_06419_DELIM-0x2f_01 contains too many characters (1485)
ERROR: Sequence DENV3_DELIM-0x2f_THAILAND_DELIM-0x2f_2001_DELIM-0x2f_06503_DELIM-0x2f_01 contains too many characters (1485)
ERROR: Sequence DENV3_DELIM-0x2f_THAILAND_DELIM-0x2f_1997_DELIM-0x2f_06541_DELIM-0x2f_97 contains too many characters (1485)
ERROR: Sequence DENV3_DELIM-0x2f_THAILAND_DELIM-0x2f_2001_DELIM-0x2f_06757_DELIM-0x2f_01 contains too many characters (1485)
ERROR: Sequence DENV3_DELIM-0x2f_THAILAND_DELIM-0x2f_1998_DELIM-0x2f_06912_DELIM-0x2f_98 contains too many characters (1485)
ERROR: Sequence DENV3_DELIM-0x2f_THAILAND_DELIM-0x2f_1998_DELIM-0x2f_07042_DELIM-0x2f_98 contains too many characters (1485)
ERROR: Sequence DENV3_DELIM-0x2f_THAILAND_DELIM-0x2f_1997_DELIM-0x2f_07176_DELIM-0x2f_97 contains too many characters (1485)
ERROR: Sequence DENV3_DELIM-0x2f_THAILAND_DELIM-0x2f_1997_DELIM-0x2f_07180_DELIM-0x2f_97 contains too many characters (1485)
ERROR: Sequence DENV3_DELIM-0x2f_THAILAND_DELIM-0x2f_1997_DELIM-0x2f_07225_DELIM-0x2f_97 contains too many characters (1485)
ERROR: Sequence DENV3_DELIM-0x2f_THAILAND_DELIM-0x2f_1997_DELIM-0x2f_07234_DELIM-0x2f_97 contains too many characters (1485)
ERROR: Sequence DENV3_DELIM-0x2f_THAILAND_DELIM-0x2f_1997_DELIM-0x2f_07597_DELIM-0x2f_97 contains too many characters (1485)
ERROR: Sequence DENV3_DELIM-0x2f_THAILAND_DELIM-0x2f_1997_DELIM-0x2f_07887_DELIM-0x2f_97 contains too many characters (1485)
ERROR: Sequence DENV3_DELIM-0x2f_THAILAND_DELIM-0x2f_1994_DELIM-0x2f_30017_DELIM-0x2f_94 contains too many characters (1485)
ERROR: Sequence DENV3_DELIM-0x2f_THAILAND_DELIM-0x2f_1994_DELIM-0x2f_30055_DELIM-0x2f_94 contains too many characters (1485)
ERROR: Sequence DENV3_DELIM-0x2f_THAILAND_DELIM-0x2f_1994_DELIM-0x2f_30060_DELIM-0x2f_94 contains too many characters (1485)
ERROR: Sequence DENV3_DELIM-0x2f_THAILAND_DELIM-0x2f_1995_DELIM-0x2f_30071_DELIM-0x2f_95 contains too many characters (1485)
ERROR: Sequence DENV3_DELIM-0x2f_THAILAND_DELIM-0x2f_1995_DELIM-0x2f_30110_DELIM-0x2f_95 contains too many characters (1485)
ERROR: Sequence DENV3_DELIM-0x2f_THAILAND_DELIM-0x2f_1995_DELIM-0x2f_30125_DELIM-0x2f_95 contains too many characters (1485)
ERROR: Sequence DENV3_DELIM-0x2f_THAILAND_DELIM-0x2f_1995_DELIM-0x2f_30175_DELIM-0x2f_95 contains too many characters (1485)
ERROR: Sequence DENV3_DELIM-0x2f_THAILAND_DELIM-0x2f_1995_DELIM-0x2f_30195_DELIM-0x2f_95 contains too many characters (1485)
ERROR: Sequence DENV3_DELIM-0x2f_THAILAND_DELIM-0x2f_1995_DELIM-0x2f_30246_DELIM-0x2f_95 contains too many characters (1485)
ERROR: Sequence DENV3_DELIM-0x2f_THAILAND_DELIM-0x2f_1994_DELIM-0x2f_30301_DELIM-0x2f_94 contains too many characters (1485)
ERROR: Sequence DENV3_DELIM-0x2f_THAILAND_DELIM-0x2f_1995_DELIM-0x2f_30317_DELIM-0x2f_95 contains too many characters (1485)
ERROR: Sequence DENV3_DELIM-0x2f_THAILAND_DELIM-0x2f_1994_DELIM-0x2f_30334_DELIM-0x2f_94 contains too many characters (1485)
ERROR: Sequence DENV3_DELIM-0x2f_THAILAND_DELIM-0x2f_1994_DELIM-0x2f_30362_DELIM-0x2f_94 contains too many characters (1485)
ERROR: Sequence DENV3_DELIM-0x2f_THAILAND_DELIM-0x2f_1995_DELIM-0x2f_30457_DELIM-0x2f_95 contains too many characters (1485)
ERROR: Sequence DENV3_DELIM-0x2f_THAILAND_DELIM-0x2f_1995_DELIM-0x2f_30460_DELIM-0x2f_95 contains too many characters (1485)
ERROR: Sequence DENV3_DELIM-0x2f_THAILAND_DELIM-0x2f_1994_DELIM-0x2f_30520_DELIM-0x2f_94 contains too many characters (1485)
ERROR: Sequence DENV3_DELIM-0x2f_THAILAND_DELIM-0x2f_1994_DELIM-0x2f_30551_DELIM-0x2f_94 contains too many characters (1485)
ERROR: Sequence DENV3_DELIM-0x2f_THAILAND_DELIM-0x2f_1994_DELIM-0x2f_30590_DELIM-0x2f_94 contains too many characters (1485)
ERROR: Sequence DENV3_DELIM-0x2f_THAILAND_DELIM-0x2f_1994_DELIM-0x2f_30621_DELIM-0x2f_94 contains too many characters (1485)
ERROR: Sequence DENV3_DELIM-0x2f_THAILAND_DELIM-0x2f_1994_DELIM-0x2f_30677_DELIM-0x2f_94 contains too many characters (1485)
ERROR: Sequence DENV3_DELIM-0x2f_MYANMAR_DELIM-0x2f_2008_DELIM-0x2f_80931 contains too many characters (1485)
ERROR: Sequence DENV3_DELIM-0x2f_FIJI_DELIM-0x2f_1992_DELIM-0x2f_29472-L11422-I contains too many characters (1485)
ERROR: Sequence DENV3_DELIM-0x2f_NICARAGUA_DELIM-0x2f_2009_DELIM-0x2f_BID-V4753 contains too many characters (1485)
ERROR: Sequence DENV3_DELIM-0x2f_PUERTORICO_DELIM-0x2f_2006_DELIM-0x2f_429965 contains too many characters (1485)
ERROR: Sequence DENV3_DELIM-0x2f_PUERTO-RICO_DELIM-0x2f_1963_DELIM-0x2f_PRS-228762-AC27 contains too many characters (1485)
ERROR: Sequence DENV3_DELIM-0x2f_INDONESIA_DELIM-0x2f_1978_DELIM-0x2f_SLEMAN-1280-AC25 contains too many characters (1485)
ERROR: Sequence DENV3_DELIM-0x2f_VIETNAM_DELIM-0x2f_2006_DELIM-0x2f_BID-V1329 contains too many characters (1485)
ERROR: Sequence DENV3_DELIM-0x2f_VIETNAM_DELIM-0x2f_2007_DELIM-0x2f_BID-V1817 contains too many characters (1485)
ERROR: Sequence DENV3_DELIM-0x2f_CAMBODIA_DELIM-0x2f_2007_DELIM-0x2f_FJ639713 contains too many characters (1485)
ERROR: Sequence DENV3_DELIM-0x2f_CAMBODIA_DELIM-0x2f_2007_DELIM-0x2f_FJ639714 contains too many characters (1485)
ERROR: Sequence DENV3_DELIM-0x2f_CAMBODIA_DELIM-0x2f_2008_DELIM-0x2f_FJ639716 contains too many characters (1485)
ERROR: Sequence DENV3_DELIM-0x2f_CAMBODIA_DELIM-0x2f_2000_DELIM-0x2f_FJ639719 contains too many characters (1485)
ERROR: Sequence DENV3_DELIM-0x2f_CAMBODIA_DELIM-0x2f_2001_DELIM-0x2f_FJ639720 contains too many characters (1485)
ERROR: Sequence DENV3_DELIM-0x2f_CAMBODIA_DELIM-0x2f_2002_DELIM-0x2f_FJ639721 contains too many characters (1485)
ERROR: Sequence DENV3_DELIM-0x2f_CAMBODIA_DELIM-0x2f_2007_DELIM-0x2f_FJ639731 contains too many characters (1485)
ERROR: Sequence DENV3_DELIM-0x2f_CAMBODIA_DELIM-0x2f_2002_DELIM-0x2f_GQ868627 contains too many characters (1485)
ERROR: Sequence DENV3_DELIM-0x2f_CAMBODIA_DELIM-0x2f_2008_DELIM-0x2f_GU131905 contains too many characters (1485)
ERROR: Sequence DENV3_DELIM-0x2f_CAMBODIA_DELIM-0x2f_2008_DELIM-0x2f_HM631854 contains too many characters (1485)
ERROR: Sequence DENV3_DELIM-0x2f_CAMBODIA_DELIM-0x2f_2011_DELIM-0x2f_V0907330 contains too many characters (1485)
ERROR: 
