#
#model:
#
#<?xml version="1.0" encoding="UTF-8" standalone="no"?><input id="posterior" spec="beast.base.inference.CompoundDistribution">
#    <distribution id="prior" spec="beast.base.inference.CompoundDistribution">
#        <distribution id="BDSKY_Serial.t:align_DENV1_BEAST" spec="bdsky.evolution.speciation.BirthDeathSkylineModel">
#            <parameter id="origin_BDSKY_Serial.t:align_DENV1_BEAST" lower="0.0" name="origin" spec="beast.base.inference.parameter.RealParameter" upper="Infinity">40.0</parameter>
#            <parameter dimension="10" id="reproductiveNumber_BDSKY_Serial.t:align_DENV1_BEAST" lower="0.0" name="reproductiveNumber" spec="beast.base.inference.parameter.RealParameter" upper="Infinity">12.0</parameter>
#            <parameter id="becomeUninfectiousRate_BDSKY_Serial.t:align_DENV1_BEAST" lower="0.0" name="becomeUninfectiousRate" spec="beast.base.inference.parameter.RealParameter" upper="Infinity">52.0</parameter>
#            <parameter id="samplingProportion_BDSKY_Serial.t:align_DENV1_BEAST" lower="0.0" name="samplingProportion" spec="beast.base.inference.parameter.RealParameter" upper="1.0">0.001</parameter>
#            <tree id="Tree.t:align_DENV1_BEAST" spec="beast.base.evolution.tree.Tree">
#                <trait id="dateTrait.t:align_DENV1_BEAST" spec="beast.base.evolution.tree.TraitSet" traitname="date" value="DenV1/mosquito/Colombia/MAG-CIST-0134/2018|EPI_ISL_20388627|2018-10-04=2018.7562,DenV1/mosquito/Colombia/MAG-CIST-0151/2018|EPI_ISL_20388639|2018-11-01=2018.8329,DenV1/un/Colombia/un-UniNorte-1/2001|EPI_ISL_17573003|2001=2001.5000,hDenV1/Colombia/ANT-INS-485061/2016|EPI_ISL_17783300|2016-08-27=2016.6548,hDenV1/Colombia/ANT-UDEA-COA0053/2021|EPI_ISL_19644377|2021-12-09=2021.9370,hDenV1/Colombia/ANT-UDEA-COA0214/2022|EPI_ISL_19644381|2022-03-09=2022.1836,hDenV1/Colombia/ANT-UDEA-COA0234/2022|EPI_ISL_19644382|2022-04-01=2022.2466,hDenV1/Colombia/ANT-UDEA-COT0011/2023|EPI_ISL_19644383|2023-07-21=2023.5507,hDenV1/Colombia/ANT-UDEA-COT0012/2023|EPI_ISL_19644384|2023-07-25=2023.5616,hDenV1/Colombia/ANT-UDEA-COT0017/2023|EPI_ISL_19644379|2023-07-28=2023.5699,hDenV1/Colombia/ANT-UDEA-COT0026/2023|EPI_ISL_19644385|2023-08-05=2023.5918,hDenV1/Colombia/ANT-UDEA-COT0028/2023|EPI_ISL_19644380|2023-08-09=2023.6027,hDenV1/Colombia/ANT-UDEA-COT0221/2023|EPI_ISL_19644378|2023-08-16=2023.6219,hDenV1/Colombia/ANT-UDS-0746586/2013|EPI_ISL_772423|2013-08-09=2013.6027,hDenV1/Colombia/BOL-UEB-016-1/2019|EPI_ISL_20438933|2019-09=2019.7078,hDenV1/Colombia/BOL-UEB-016/2019|EPI_ISL_20438929|2019-09=2019.7078,hDenV1/Colombia/BOL-UEB-152-1/2019|EPI_ISL_20438931|2019-09=2019.7078,hDenV1/Colombia/BOL-UEB-152/2019|EPI_ISL_20438930|2019-09=2019.7078,hDenV1/Colombia/CAU-INS-483718/2016|EPI_ISL_17783295|2016-06-24=2016.4795,hDenV1/Colombia/CUN-INS-450339/2015|EPI_ISL_17783302|2015-10-09=2015.7699,hDenV1/Colombia/FUADLA-AFI025_676/2021|EPI_ISL_9768996|2021-01-25=2021.0658,hDenV1/Colombia/FUADLA-AFI059_677/2021|EPI_ISL_9769066|2021-01-25=2021.0658,hDenV1/Colombia/HUI-UEB-033/2011|EPI_ISL_19730547|2011-03-01=2011.1616,hDenV1/Colombia/MET-INS-424735/2013|EPI_ISL_17783294|2013-06-18=2013.4603,hDenV1/Colombia/NSA-BROAD-0000019/2006|EPI_ISL_17436846|2006=2006.5000,hDenV1/Colombia/NSA-BROAD-0000020/2006|EPI_ISL_17436847|2006=2006.5000,hDenV1/Colombia/NSA-BROAD-0000023/2006|EPI_ISL_17436903|2006=2006.5000,hDenV1/Colombia/NSA-BROAD-0000025/2006|EPI_ISL_17436895|2006=2006.5000,hDenV1/Colombia/NSA-UIDS-555/2001|EPI_ISL_715732|2001-12=2001.9578,hDenV1/Colombia/NSA-UIDS-556/2015|EPI_ISL_715734|2015-04=2015.2911,hDenV1/Colombia/NSA-UIDS-557/2009|EPI_ISL_715736|2009-09=2009.7078,hDenV1/Colombia/NSA-UIDS-558/2016|EPI_ISL_715735|2016-04=2016.2911,hDenV1/Colombia/NSA-UIDS-559/2015|EPI_ISL_715733|2015-12=2015.9578,hDenV1/Colombia/NSA-UIS-00005/2006|EPI_ISL_17572891|2006=2006.5000,hDenV1/Colombia/NSA-UIS-00006/2006|EPI_ISL_17572890|2006=2006.5000,hDenV1/Colombia/NSA-UIS-00007/2006|EPI_ISL_17572860|2006=2006.5000,hDenV1/Colombia/NSA-UIS-00008/2006|EPI_ISL_17572863|2006=2006.5000,hDenV1/Colombia/NSA-UIS-00009/2006|EPI_ISL_17572859|2006=2006.5000,hDenV1/Colombia/NSA-UIS-00010/2006|EPI_ISL_17572861|2006=2006.5000,hDenV1/Colombia/NSA-UIS-00011/2006|EPI_ISL_17572857|2006=2006.5000,hDenV1/Colombia/NSA-UIS-00012/2005|EPI_ISL_17572858|2005=2005.5000,hDenV1/Colombia/NSA-UIS-00013/2006|EPI_ISL_17572880|2006=2006.5000,hDenV1/Colombia/NSA-UIS-00014/2006|EPI_ISL_17572874|2006=2006.5000,hDenV1/Colombia/NSA-UIS-00015/2006|EPI_ISL_17572878|2006=2006.5000,hDenV1/Colombia/NSA-UIS-00020/2006|EPI_ISL_17572906|2006=2006.5000,hDenV1/Colombia/NSA-UIS-00034/2006|EPI_ISL_17572872|2006=2006.5000,hDenV1/Colombia/NSA-UIS-00037/2006|EPI_ISL_17572877|2006=2006.5000,hDenV1/Colombia/NSA-UIS-00038/2006|EPI_ISL_17572883|2006=2006.5000,hDenV1/Colombia/NSA-UIS-00039/2006|EPI_ISL_17572882|2006=2006.5000,hDenV1/Colombia/NSA-UIS-00040/2006|EPI_ISL_17572884|2006=2006.5000,hDenV1/Colombia/NSA-UIS-00041/2006|EPI_ISL_17572903|2006=2006.5000,hDenV1/Colombia/NSA-UIS-00042/2006|EPI_ISL_17572899|2006=2006.5000,hDenV1/Colombia/NSA-UIS-00043/2006|EPI_ISL_17572901|2006=2006.5000,hDenV1/Colombia/NSA-UIS-00044/2006|EPI_ISL_17572865|2006=2006.5000,hDenV1/Colombia/NSA-UIS-00045/2006|EPI_ISL_17572862|2006=2006.5000,hDenV1/Colombia/NSA-UIS-00046/2006|EPI_ISL_17572871|2006=2006.5000,hDenV1/Colombia/RIS-FUAA-AFI031/2021|EPI_ISL_20061750|2021-02-16=2021.1260,hDenV1/Colombia/RIS-FUAA-AFI082/2021|EPI_ISL_20061751|2021-06-28=2021.4877,hDenV1/Colombia/RIS-FUAA-AFI101/2021|EPI_ISL_20061738|2021-05-08=2021.3479,hDenV1/Colombia/RIS-FUAA-AFI224/2022|EPI_ISL_20061737|2022-04-06=2022.2603,hDenV1/Colombia/RIS-FUAA-DFC059/2021|EPI_ISL_20061732|2021-08-15=2021.6192,hDenV1/Colombia/RIS-INS-476947/2016|EPI_ISL_17783293|2016-04-26=2016.3178,hDenV1/Colombia/SAN-BROAD-0000029/2007|EPI_ISL_17436899|2007=2007.5000,hDenV1/Colombia/SAN-BROAD-0000032/2008|EPI_ISL_17436902|2008=2008.5000,hDenV1/Colombia/SAN-BROAD-0000036/2007|EPI_ISL_17436906|2007=2007.5000,hDenV1/Colombia/SAN-BROAD-0000037/2005|EPI_ISL_17436907|2005=2005.5000,hDenV1/Colombia/SAN-BROAD-0000046/2007|EPI_ISL_17436891|2007=2007.5000,hDenV1/Colombia/SAN-BROAD-0000053/2007|EPI_ISL_17436880|2007=2007.5000,hDenV1/Colombia/SAN-BROAD-0000058/2001|EPI_ISL_17436885|2001=2001.5000,hDenV1/Colombia/SAN-UIS-0000005/2015|EPI_ISL_17434716|2015=2015.5000,hDenV1/Colombia/SAN-UIS-0000007/2015|EPI_ISL_17434718|2015=2015.5000,hDenV1/Colombia/SAN-UIS-0000008/2014|EPI_ISL_17434719|2014=2014.5000,hDenV1/Colombia/SAN-UIS-0000009/2010|EPI_ISL_17434720|2010=2010.5000,hDenV1/Colombia/SAN-UIS-0000011/2009|EPI_ISL_17434733|2009=2009.5000,hDenV1/Colombia/SAN-UIS-0000012/2010|EPI_ISL_17434723|2010=2010.5000,hDenV1/Colombia/SAN-UIS-0000013/2010|EPI_ISL_17434724|2010=2010.5000,hDenV1/Colombia/SAN-UIS-0000014/2016|EPI_ISL_17434725|2016=2016.5000,hDenV1/Colombia/SAN-UIS-0000015/2016|EPI_ISL_17434726|2016=2016.5000,hDenV1/Colombia/SAN-UIS-0000016/2015|EPI_ISL_17434727|2015=2015.5000,hDenV1/Colombia/SAN-UIS-0000017/2015|EPI_ISL_17434728|2015=2015.5000,hDenV1/Colombia/SAN-UIS-0000018/2016|EPI_ISL_17434729|2016=2016.5000,hDenV1/Colombia/SAN-UIS-0000019/2016|EPI_ISL_17434730|2016=2016.5000,hDenV1/Colombia/SAN-UIS-0000020/2010|EPI_ISL_17434731|2010=2010.5000,hDenV1/Colombia/SAN-UIS-0000028/2013|EPI_ISL_17434709|2013=2013.5000,hDenV1/Colombia/SAN-UIS-0000029/2010|EPI_ISL_17434710|2010=2010.5000,hDenV1/Colombia/SAN-UIS-0000030/2010|EPI_ISL_17434721|2010=2010.5000,hDenV1/Colombia/SAN-UIS-0000031/2016|EPI_ISL_17434708|2016=2016.5000,hDenV1/Colombia/SAN-UIS-0000034/2014|EPI_ISL_17434692|2014=2014.5000,hDenV1/Colombia/SAN-UIS-0000040/2009|EPI_ISL_17434687|2009=2009.5000,hDenV1/Colombia/SAN-UIS-0000041/2010|EPI_ISL_17434686|2010=2010.5000,hDenV1/Colombia/SAN-UIS-0000043/2009|EPI_ISL_17434695|2009=2009.5000,hDenV1/Colombia/SAN-UIS-0000046/2009|EPI_ISL_17434704|2009=2009.5000,hDenV1/Colombia/SAN-UIS-0000047/2016|EPI_ISL_17434705|2016=2016.5000,hDenV1/Colombia/SAN-UIS-0000048/2014|EPI_ISL_17434706|2014=2014.5000,hDenV1/Colombia/SAN-UIS-0000050/2009|EPI_ISL_17434734|2009=2009.5000,hDenV1/Colombia/SAN-UIS-0000051/2016|EPI_ISL_17434702|2016=2016.5000,hDenV1/Colombia/SAN-UIS-0000052/2010|EPI_ISL_17434700|2010=2010.5000,hDenV1/Colombia/SAN-UIS-0000054/2016|EPI_ISL_17434696|2016=2016.5000,hDenV1/Colombia/SAN-UIS-0000055/2015|EPI_ISL_17434697|2015=2015.5000,hDenV1/Colombia/SAN-UIS-0000056/2013|EPI_ISL_17434707|2013=2013.5000,hDenV1/Colombia/SAN-UIS-0000057/2014|EPI_ISL_17434713|2014=2014.5000,hDenV1/Colombia/SAN-UIS-0000059/2016|EPI_ISL_17434711|2016=2016.5000,hDenV1/Colombia/SAN-UIS-00001/2008|EPI_ISL_17572897|2008=2008.5000,hDenV1/Colombia/SAN-UIS-00002/2008|EPI_ISL_17572896|2008=2008.5000,hDenV1/Colombia/SAN-UIS-00003/2008|EPI_ISL_17572893|2008=2008.5000,hDenV1/Colombia/SAN-UIS-00004/2008|EPI_ISL_17572892|2008=2008.5000,hDenV1/Colombia/SAN-UIS-00016/2007|EPI_ISL_17572879|2007=2007.5000,hDenV1/Colombia/SAN-UIS-00017/2007|EPI_ISL_17572885|2007=2007.5000,hDenV1/Colombia/SAN-UIS-00018/2008|EPI_ISL_17572889|2008=2008.5000,hDenV1/Colombia/SAN-UIS-00019/2008|EPI_ISL_17572898|2008=2008.5000,hDenV1/Colombia/SAN-UIS-00021/2007|EPI_ISL_17572902|2007=2007.5000,hDenV1/Colombia/SAN-UIS-00022/2008|EPI_ISL_17572900|2008=2008.5000,hDenV1/Colombia/SAN-UIS-00023/2008|EPI_ISL_17572905|2008=2008.5000,hDenV1/Colombia/SAN-UIS-00024/2008|EPI_ISL_17572876|2008=2008.5000,hDenV1/Colombia/SAN-UIS-00025/2007|EPI_ISL_17572886|2007=2007.5000,hDenV1/Colombia/SAN-UIS-00026/2007|EPI_ISL_17572875|2007=2007.5000,hDenV1/Colombia/SAN-UIS-00027/2008|EPI_ISL_17572867|2008=2008.5000,hDenV1/Colombia/SAN-UIS-00028/2007|EPI_ISL_17572868|2007=2007.5000,hDenV1/Colombia/SAN-UIS-00029/2008|EPI_ISL_17572887|2008=2008.5000,hDenV1/Colombia/SAN-UIS-00030/2008|EPI_ISL_17572869|2008=2008.5000,hDenV1/Colombia/SAN-UIS-00031/2004|EPI_ISL_17572870|2004=2004.5000,hDenV1/Colombia/SAN-UIS-00032/2007|EPI_ISL_17572907|2007=2007.5000,hDenV1/Colombia/SAN-UIS-00033/2008|EPI_ISL_17572873|2008=2008.5000,hDenV1/Colombia/SAN-UIS-00035/2008|EPI_ISL_17572888|2008=2008.5000,hDenV1/Colombia/SAN-UIS-00036/2007|EPI_ISL_17572866|2007=2007.5000,hDenV1/Colombia/SAN-UIS-00050/2001|EPI_ISL_17572894|2001=2001.5000,hDenV1/Colombia/SAN-UIS-00051/2002|EPI_ISL_17572881|2002=2002.5000,hDenV1/Colombia/SAN-UR-F15030291/2014|EPI_ISL_715228|2014-06=2014.4578,hDenV1/Colombia/SAN-UR-LV121086/2010|EPI_ISL_715225|2010-03=2010.2078,hDenV1/Colombia/SAN-UR-LV122007/2009|EPI_ISL_715226|2009-08=2009.6244,hDenV1/Colombia/SAN-UR-P201080030/2015|EPI_ISL_715217|2015-03=2015.2078,hDenV1/Colombia/SAN-Yale-DH141-P2/2004|EPI_ISL_20165629|2004=2004.5000,hDenV1/Colombia/VAC-LSPVAC-2300876/2023|EPI_ISL_18566930|2023-02-09=2023.1068,hDenV1/Colombia/VAC-LSPVAC-2306001/2023|EPI_ISL_18566934|2023-08-21=2023.6356,hDenV1/Colombia/VAC-LSPVAC-2400035/2024|EPI_ISL_19216364|2023-12-30=2023.9945,hDenV1/Colombia/VAC-LSPVAC-2400054/2024|EPI_ISL_19216365|2023-12-29=2023.9918,hDenV1/Colombia/VAC-LSPVAC-2400146/2024|EPI_ISL_19216366|2023-12-29=2023.9918,hDenV1/Colombia/VAC-LSPVAC-2400227/2024|EPI_ISL_19216367|2023-12-23=2023.9753,hDenV1/Colombia/VAC-LSPVAC-2400262/2024|EPI_ISL_19216368|2024-01-02=2024.0027,hDenV1/Colombia/VAC-LSPVAC-2400298/2024|EPI_ISL_19216369|2023-12-25=2023.9808,hDenV1/Colombia/VAC-LSPVAC-2400368/2024|EPI_ISL_19216370|2023-12-26=2023.9836,hDenV1/Colombia/VAC-LSPVAC-2401121/2024|EPI_ISL_19216371|2024-01-18=2024.0466,hDenV1/Colombia/VAC-LSPVAC-2401601/2024|EPI_ISL_19216372|2024-01-26=2024.0685,hDenV1/Colombia/VAC-LSPVAC-2401811/2024|EPI_ISL_19216373|2024-01-30=2024.0795,hDenV1/Colombia/VAC-LSPVAC-2401935/2024|EPI_ISL_19216374|2024-01-27=2024.0712,hDenV1/Colombia/VAC-LSPVAC-2402024/2024|EPI_ISL_19216375|2024-02-04=2024.0932,hDenV1/Colombia/VAC-LSPVAC-2402457/2024|EPI_ISL_19216376|2024-02-09=2024.1068,hDenV1/Colombia/VAC-LSPVAC-2402566/2024|EPI_ISL_19216377|2024-02-10=2024.1096,hDenV1/Colombia/VAC-LSPVAC-2402583/2024|EPI_ISL_19216378|2024-01-22=2024.0575,hDenV1/Colombia/VAC-LSPVAC-2402847/2024|EPI_ISL_19216380|2024-02-15=2024.1233,hDenV1/Colombia/VAC-LSPVAC-2403830/2024|EPI_ISL_19216397|2024-03-05=2024.1753,hDenV1/Colombia/VAC-LSPVAC-2404263/2024|EPI_ISL_19216398|2024-03-12=2024.1945,hDenV1/Colombia/VAC-LSPVAC-2404314/2024|EPI_ISL_19216399|2024-03-08=2024.1836,hDenV1/Colombia/VAC-LSPVAC-2404461/2024|EPI_ISL_19216400|2024-03-18=2024.2110,hDenV1/Colombia/VAC-LSPVAC-2404681/2024|EPI_ISL_19216401|2024-03-31=2024.2466,hDenV1/Colombia/VAC-LSPVAC-2404789/2024|EPI_ISL_19216402|2024-03-18=2024.2110,hDenV1/Colombia/VAC-LSPVAC-2405179/2024|EPI_ISL_19216403|2024-04-01=2024.2493,hDenV1/Colombia/VAC-LSPVAC-2405205/2024|EPI_ISL_19216404|2024-04-05=2024.2603,hDenV1/Colombia/VAC-LSPVAC-2405404/2024|EPI_ISL_19216405|2024-04-04=2024.2575,hDenV1/Colombia/VAC-LSPVAC-2405498/2024|EPI_ISL_19216406|2024-03-12=2024.1945,hDenV1/Colombia/VAC-LSPVAC-2405525/2024|EPI_ISL_19216407|2024-04-12=2024.2795,hDenV1/Colombia/VAC-LSPVAC-2405553/2024|EPI_ISL_19216408|2024-04-09=2024.2712,hDenV1/Colombia/VAC-LSPVAC-2405625/2024|EPI_ISL_19216413|2024-04-14=2024.2849,hDenV1/Colombia/VAC-LSPVAC-2405690/2024|EPI_ISL_19216409|2024-03-18=2024.2110,hDenV1/Colombia/VAC-LSPVAC-2405731/2024|EPI_ISL_19216410|2024-04-07=2024.2658,hDenV1/Colombia/VAC-LSPVAC-2405754/2024|EPI_ISL_19216411|2024-04-12=2024.2795,hDenV1/Colombia/VAC-LSPVAC-2405774/2024|EPI_ISL_19216412|2024-04-22=2024.3068,hDenV1/Colombia/VAC-LSPVAC-2407081-VI/2024|EPI_ISL_19285522|2024-05-20=2024.3836,hDenV1/Colombia/VAC-LSPVAC-2407539-VI/2024|EPI_ISL_19285523|2024-05-28=2024.4055,hDenV1/Colombia/VAC-LSPVAC-2409164-VI/2024|EPI_ISL_19818802|2024-06-12=2024.4466,hDenV1/Colombia/un-BNITM-363/2018|EPI_ISL_18861650|2018-07-01=2018.4959,hDenV1/Colombia/un-BROAD-0000007/2005|EPI_ISL_17436834|2005=2005.5000,hDenV1/Colombia/un-CDC-002/2007|EPI_ISL_17567713|2007=2007.5000,hDenV1/Colombia/un-FUAA-AFI007673/2019|EPI_ISL_3355457|2019-09=2019.7078,hDenV1/Colombia/un-FUAA-DFC063/2021|EPI_ISL_20061746|2021-08-15=2021.6192,hDenV1/Colombia/un-FUAA-DFC087/2021|EPI_ISL_20061743|2021-08-24=2021.6438,hDenV1/Colombia/un-FUAA-DFC088/2021|EPI_ISL_20061736|2021-08-28=2021.6548,hDenV1/Colombia/un-FUAA-DFC096/2021|EPI_ISL_20061745|2021-08-30=2021.6603,hDenV1/Colombia/un-FUAA-DFC112/2021|EPI_ISL_20061754|2021-09-06=2021.6795,hDenV1/Colombia/un-FUAA-DFC114/2021|EPI_ISL_20061744|2021-09-06=2021.6795,hDenV1/Colombia/un-FUAA-DFC161/2021|EPI_ISL_20061739|2021-10-16=2021.7890,hDenV1/Colombia/un-FUAA-DFC162/2021|EPI_ISL_20061748|2021-10-17=2021.7918,hDenV1/Colombia/un-FUAA-DFC177/2021|EPI_ISL_20061740|2021-10-29=2021.8247,hDenV1/Colombia/un-FUAA-DFC217/2021|EPI_ISL_20061735|2021-11-30=2021.9123,hDenV1/Colombia/un-FUAA-DFC222/2021|EPI_ISL_20061733|2021-12-03=2021.9205,hDenV1/Colombia/un-FUAA-DFC238/2021|EPI_ISL_20061752|2021-12-12=2021.9452,hDenV1/Colombia/un-FUAA-DFC245/2022|EPI_ISL_20061734|2022-07-24=2022.5589,hDenV1/Colombia/un-FUAA-DFC263/2022|EPI_ISL_20061747|2022-05-11=2022.3562,hDenV1/Colombia/un-FUAA-DFC264/2022|EPI_ISL_20061749|2022-11-11=2022.8603,hDenV1/Colombia/un-FUAA-DFC265/2022|EPI_ISL_20061742|2022-12-11=2022.9425,hDenV1/Colombia/un-INS-424233/2013|EPI_ISL_17783301|2013-06-01=2013.4137,hDenV1/Colombia/un-INS-484930/2016|EPI_ISL_17783297|2016-07-19=2016.5479,hDenV1/Colombia/un-INS-484940/2016|EPI_ISL_17783296|2016-07-07=2016.5151,hDenV1/Colombia/un-INS-484942/2016|EPI_ISL_17783298|2016-07-14=2016.5342,hDenV1/Colombia/un-INS-484948/2016|EPI_ISL_17783299|2016-07-12=2016.5288,hDenV1/Colombia/un-OUCRU-0000003/2013|EPI_ISL_17439268|2013=2013.5000,hDenV1/Colombia/un-OUCRU-0000005/2013|EPI_ISL_17439266|2013=2013.5000,hDenV1/Colombia/un-OUCRU-0000006/2012|EPI_ISL_17439265|2012=2012.5000,hDenV1/Colombia/un-OUCRU-0000008/2013|EPI_ISL_17439263|2013=2013.5000,hDenV1/Colombia/un-OUCRU-0000010/2013|EPI_ISL_17439261|2013=2013.5000,hDenV1/Colombia/un-OUCRU-0000011/2012|EPI_ISL_17439260|2012=2012.5000,hDenV1/Colombia/un-OUCRU-0000014/2012|EPI_ISL_17439281|2012=2012.5000,hDenV1/Colombia/un-OUCRU-0000023/2013|EPI_ISL_17439316|2013=2013.5000,hDenV1/Colombia/un-OUCRU-0000040/2013|EPI_ISL_17439298|2013=2013.5000,hDenV1/Colombia/un-OUCRU-0000043/2013|EPI_ISL_17439301|2013=2013.5000,hDenV1/Colombia/un-OUCRU-0000045/2013|EPI_ISL_17439303|2013=2013.5000,hDenV1/Colombia/un-OUCRU-0000046/2013|EPI_ISL_17439304|2013=2013.5000,hDenV1/Colombia/un-OUCRU-0000048/2013|EPI_ISL_17439306|2013=2013.5000,hDenV1/Colombia/un-OUCRU-0000049/2013|EPI_ISL_17439398|2013=2013.5000,hDenV1/Colombia/un-OUCRU-0000052/2013|EPI_ISL_17439434|2013=2013.5000,hDenV1/Colombia/un-OUCRU-0000053/2013|EPI_ISL_17439435|2013=2013.5000,hDenV1/Colombia/un-OUCRU-0000060/2013|EPI_ISL_17439442|2013=2013.5000,hDenV1/Colombia/un-OUCRU-0000061/2012|EPI_ISL_17439443|2012=2012.5000,hDenV1/Colombia/un-OUCRU-0000063/2013|EPI_ISL_17439445|2013=2013.5000,hDenV1/Colombia/un-OUCRU-0000068/2013|EPI_ISL_17439450|2013=2013.5000,hDenV1/Colombia/un-OUCRU-0000069/2012|EPI_ISL_17439451|2012=2012.5000,hDenV1/Colombia/un-OUCRU-0000070/2012|EPI_ISL_17439452|2012=2012.5000,hDenV1/Colombia/un-OUCRU-0000074/2013|EPI_ISL_17439456|2013=2013.5000,hDenV1/Colombia/un-OUCRU-0000075/2013|EPI_ISL_17439457|2013=2013.5000,hDenV1/Colombia/un-OUCRU-0000076/2013|EPI_ISL_17439458|2013=2013.5000,hDenV1/Colombia/un-OUCRU-0000081/2013|EPI_ISL_17439433|2013=2013.5000,hDenV1/Colombia/un-OUCRU-0000087/2013|EPI_ISL_17439403|2013=2013.5000,hDenV1/Colombia/un-OUCRU-0000088/2012|EPI_ISL_17439404|2012=2012.5000,hDenV1/Colombia/un-OUCRU-0000090/2012|EPI_ISL_17439406|2012=2012.5000,hDenV1/Colombia/un-OUCRU-0000092/2012|EPI_ISL_17439408|2012=2012.5000,hDenV1/Colombia/un-OUCRU-0000093/2013|EPI_ISL_17439409|2013=2013.5000,hDenV1/Colombia/un-OUCRU-0000095/2012|EPI_ISL_17439411|2012=2012.5000,hDenV1/Colombia/un-OUCRU-0000096/2013|EPI_ISL_17439412|2013=2013.5000,hDenV1/Colombia/un-OUCRU-1/2013|EPI_ISL_17410864|2013=2013.5000,hDenV1/Colombia/un-OUCRU-101/2013|EPI_ISL_17410860|2013=2013.5000,hDenV1/Colombia/un-OUCRU-101210/2013|EPI_ISL_17410873|2013=2013.5000,hDenV1/Colombia/un-OUCRU-101212/2013|EPI_ISL_17410875|2013=2013.5000,hDenV1/Colombia/un-OUCRU-101216/2013|EPI_ISL_17410879|2013=2013.5000,hDenV1/Colombia/un-OUCRU-101218/2013|EPI_ISL_17410881|2013=2013.5000,hDenV1/Colombia/un-OUCRU-101219/2013|EPI_ISL_17410882|2013=2013.5000,hDenV1/Colombia/un-OUCRU-10122/2013|EPI_ISL_17410866|2013=2013.5000,hDenV1/Colombia/un-OUCRU-101220/2013|EPI_ISL_17410883|2013=2013.5000,hDenV1/Colombia/un-OUCRU-101221/2013|EPI_ISL_17410884|2013=2013.5000,hDenV1/Colombia/un-OUCRU-101223/2013|EPI_ISL_17410886|2013=2013.5000,hDenV1/Colombia/un-OUCRU-101224/2011|EPI_ISL_17410887|2011=2011.5000,hDenV1/Colombia/un-OUCRU-101225/2013|EPI_ISL_17410888|2013=2013.5000,hDenV1/Colombia/un-OUCRU-101226/2012|EPI_ISL_17410889|2012=2012.5000,hDenV1/Colombia/un-OUCRU-101227/2013|EPI_ISL_17410890|2013=2013.5000,hDenV1/Colombia/un-OUCRU-101228/2013|EPI_ISL_17410891|2013=2013.5000,hDenV1/Colombia/un-OUCRU-101229/2013|EPI_ISL_17410892|2013=2013.5000,hDenV1/Colombia/un-OUCRU-10123/2012|EPI_ISL_17410867|2012=2012.5000,hDenV1/Colombia/un-OUCRU-101230/2013|EPI_ISL_17410893|2013=2013.5000,hDenV1/Colombia/un-OUCRU-101232/2013|EPI_ISL_17410895|2013=2013.5000,hDenV1/Colombia/un-OUCRU-101234/2013|EPI_ISL_17410897|2013=2013.5000,hDenV1/Colombia/un-OUCRU-101235/2013|EPI_ISL_17410899|2013=2013.5000,hDenV1/Colombia/un-OUCRU-101236/2013|EPI_ISL_17410900|2013=2013.5000,hDenV1/Colombia/un-OUCRU-10124/2013|EPI_ISL_17410868|2013=2013.5000,hDenV1/Colombia/un-OUCRU-101245/2013|EPI_ISL_17410898|2013=2013.5000,hDenV1/Colombia/un-OUCRU-10125/2013|EPI_ISL_17410869|2013=2013.5000,hDenV1/Colombia/un-OUCRU-101253/2013|EPI_ISL_17410894|2013=2013.5000,hDenV1/Colombia/un-OUCRU-10126/2013|EPI_ISL_17410870|2013=2013.5000,hDenV1/Colombia/un-OUCRU-10128/2013|EPI_ISL_17410871|2013=2013.5000,hDenV1/Colombia/un-OUCRU-102/2013|EPI_ISL_17410861|2013=2013.5000,hDenV1/Colombia/un-OUCRU-103/2013|EPI_ISL_17410862|2013=2013.5000,hDenV1/Colombia/un-OUCRU-104/2013|EPI_ISL_17410863|2013=2013.5000,hDenV1/Colombia/un-OUCRU-131/2013|EPI_ISL_17610677|2013=2013.5000,hDenV1/Colombia/un-OUCRU-132/2013|EPI_ISL_17610705|2013=2013.5000,hDenV1/Colombia/un-OUCRU-133/2013|EPI_ISL_17610678|2013=2013.5000,hDenV1/Colombia/un-OUCRU-134/2013|EPI_ISL_17610606|2013=2013.5000,hDenV1/Colombia/un-OUCRU-135/2013|EPI_ISL_17610607|2013=2013.5000,hDenV1/Colombia/un-OUCRU-136/2013|EPI_ISL_17610608|2013=2013.5000,hDenV1/Colombia/un-OUCRU-332/2013|EPI_ISL_17610653|2013=2013.5000,hDenV1/Colombia/un-OUCRU-333/2013|EPI_ISL_17610689|2013=2013.5000,hDenV1/Colombia/un-OUCRU-338/2013|EPI_ISL_17610679|2013=2013.5000,hDenV1/Colombia/un-OUCRU-340/2013|EPI_ISL_17610680|2013=2013.5000,hDenV1/Colombia/un-OUCRU-341/2013|EPI_ISL_17610681|2013=2013.5000,hDenV1/Colombia/un-OUCRU-342/2013|EPI_ISL_17610682|2013=2013.5000,hDenV1/Colombia/un-OUCRU-348/2013|EPI_ISL_17610654|2013=2013.5000,hDenV1/Colombia/un-OUCRU-353/2013|EPI_ISL_17610609|2013=2013.5000,hDenV1/Colombia/un-OUCRU-356/2013|EPI_ISL_17610669|2013=2013.5000,hDenV1/Colombia/un-OUCRU-358/2013|EPI_ISL_17610702|2013=2013.5000,hDenV1/Colombia/un-OUCRU-360/2013|EPI_ISL_17610691|2013=2013.5000,hDenV1/Colombia/un-OUCRU-506/2013|EPI_ISL_17610719|2013=2013.5000,hDenV1/Colombia/un-OUCRU-507/2012|EPI_ISL_17610730|2012=2012.5000,hDenV1/Colombia/un-OUCRU-508/2013|EPI_ISL_17610605|2013=2013.5000,hDenV1/Colombia/un-OUCRU-509/2013|EPI_ISL_17610670|2013=2013.5000,hDenV1/Colombia/un-OUCRU-510/2013|EPI_ISL_17610671|2013=2013.5000,hDenV1/Colombia/un-OUCRU-511/2013|EPI_ISL_17610672|2013=2013.5000,hDenV1/Colombia/un-OUCRU-512/2013|EPI_ISL_17610673|2013=2013.5000,hDenV1/Colombia/un-OUCRU-513/2013|EPI_ISL_17610674|2013=2013.5000,hDenV1/Colombia/un-OUCRU-519/2013|EPI_ISL_17610604|2013=2013.5000,hDenV1/Colombia/un-OUCRU-520/2012|EPI_ISL_17610603|2012=2012.5000,hDenV1/Colombia/un-OUCRU-521/2013|EPI_ISL_17610601|2013=2013.5000,hDenV1/Colombia/un-OUCRU-522/2013|EPI_ISL_17610614|2013=2013.5000,hDenV1/Colombia/un-OUCRU-523/2013|EPI_ISL_17610594|2013=2013.5000,hDenV1/Colombia/un-OUCRU-525/2011|EPI_ISL_17610676|2011=2011.5000,hDenV1/Colombia/un-OUCRU-526/2013|EPI_ISL_17610721|2013=2013.5000,hDenV1/Colombia/un-UDS-Ov07582/2013|EPI_ISL_771895|2013-09-08=2013.6849,hDenV1/Colombia/un-Yale-DH141/2004|EPI_ISL_18081130|2004-01-01=2004.0000,hDenV1/Colombia/un-Yale-DN02363/2023|EPI_ISL_19257631|2023-08-26=2023.6493,hDenV1/Colombia/un-Yale-DN02365/2023|EPI_ISL_19257639|2023-08-30=2023.6603,hDenV1/Colombia/un-Yale-DN02376/2023|EPI_ISL_19257632|2023-09-11=2023.6932,hDenV1/Colombia/un-Yale-DN02379/2023|EPI_ISL_19257630|2023-09-13=2023.6986,hDenV1/Colombia/un-Yale-DN02386/2023|EPI_ISL_19257637|2023-09-21=2023.7205,hDenV1/Colombia/un-Yale-DN02429/2023|EPI_ISL_19257634|2023-11-12=2023.8630,hDenV1/Colombia/un-Yale-DN02440/2023|EPI_ISL_19257638|2023-11-23=2023.8932,hDenV1/Colombia/un-Yale-DN02489/2024|EPI_ISL_19257635|2024-01-10=2024.0247,hDenV1/Colombia/un-Yale-DN02505/2024|EPI_ISL_19257636|2024-01-21=2024.0548,hDenV1/Colombia/un-Yale-DN02556/2024|EPI_ISL_19257633|2024-02-20=2024.1370,hDenV1/Colombia/un-Yale-DN02730/2024|EPI_ISL_19682288|2024-04-07=2024.2658,hDenV1/Colombia/un-Yale-DN02733/2024|EPI_ISL_19682287|2024-04-11=2024.2767,hDenV1/Colombia/un-Yale-DN02741/2024|EPI_ISL_19682286|2024-04-14=2024.2849,hDenV1/Colombia/un-Yale-DN02838/2024|EPI_ISL_19682285|2024-06-24=2024.4795">
#                    <taxa id="TaxonSet.align_DENV1_BEAST" spec="beast.base.evolution.alignment.TaxonSet">
#                    </taxa>
#                </trait>
#                <taxonset idref="TaxonSet.align_DENV1_BEAST"/>
#            </tree>
#        </distribution>
#        <prior id="becomeUninfectiousRatePrior_BDSKY_Serial.t:align_DENV1_BEAST" name="distribution" x="@becomeUninfectiousRate_BDSKY_Serial.t:align_DENV1_BEAST">
#            <LogNormal id="LogNormalDistributionModel.2" name="distr">
#                <parameter estimate="false" id="RealParameter.25" name="M" spec="beast.base.inference.parameter.RealParameter">3.95</parameter>
#                <parameter estimate="false" id="RealParameter.26" name="S" spec="beast.base.inference.parameter.RealParameter">0.25</parameter>
#            </LogNormal>
#        </prior>
#        <prior id="FrequenciesPrior.s:align_DENV1_BEAST" name="distribution">
#            <parameter dimension="4" id="freqParameter.s:align_DENV1_BEAST" lower="0.0" name="x" spec="beast.base.inference.parameter.RealParameter" upper="1.0">0.25</parameter>
#            <distr id="Dirichlet.0" spec="beast.base.inference.distribution.Dirichlet">
#                <parameter dimension="4" estimate="false" id="RealParameter.5" name="alpha" spec="beast.base.inference.parameter.RealParameter">4.0 4.0 4.0 4.0</parameter>
#            </distr>
#        </prior>
#        <prior id="GammaShapePrior.s:align_DENV1_BEAST" name="distribution">
#            <parameter id="gammaShape.s:align_DENV1_BEAST" lower="0.1" name="x" spec="beast.base.inference.parameter.RealParameter">1.0</parameter>
#            <Exponential id="Exponential.0" name="distr">
#                <parameter estimate="false" id="RealParameter.0" name="mean" spec="beast.base.inference.parameter.RealParameter">1.0</parameter>
#            </Exponential>
#        </prior>
#        <prior id="originPrior_BDSKY_Serial.t:align_DENV1_BEAST" name="distribution" x="@origin_BDSKY_Serial.t:align_DENV1_BEAST">
#            <LogNormal id="LogNormalDistributionModel.4" name="distr">
#                <parameter estimate="false" id="RealParameter.31" name="M" spec="beast.base.inference.parameter.RealParameter">3.68</parameter>
#                <parameter estimate="false" id="RealParameter.32" lower="0.0" name="S" spec="beast.base.inference.parameter.RealParameter" upper="5.0">0.3</parameter>
#            </LogNormal>
#        </prior>
#        <prior id="RateACPrior.s:align_DENV1_BEAST" name="distribution">
#            <parameter id="rateAC.s:align_DENV1_BEAST" lower="0.0" name="x" spec="beast.base.inference.parameter.RealParameter">1.0</parameter>
#            <Gamma id="Gamma.0" name="distr">
#                <parameter estimate="false" id="RealParameter.6" name="alpha" spec="beast.base.inference.parameter.RealParameter">0.05</parameter>
#                <parameter estimate="false" id="RealParameter.7" name="beta" spec="beast.base.inference.parameter.RealParameter">10.0</parameter>
#            </Gamma>
#        </prior>
#        <prior id="RateAGPrior.s:align_DENV1_BEAST" name="distribution">
#            <parameter id="rateAG.s:align_DENV1_BEAST" lower="0.0" name="x" spec="beast.base.inference.parameter.RealParameter">1.0</parameter>
#            <Gamma id="Gamma.1" name="distr">
#                <parameter estimate="false" id="RealParameter.8" name="alpha" spec="beast.base.inference.parameter.RealParameter">0.05</parameter>
#                <parameter estimate="false" id="RealParameter.9" name="beta" spec="beast.base.inference.parameter.RealParameter">20.0</parameter>
#            </Gamma>
#        </prior>
#        <prior id="RateATPrior.s:align_DENV1_BEAST" name="distribution">
#            <parameter id="rateAT.s:align_DENV1_BEAST" lower="0.0" name="x" spec="beast.base.inference.parameter.RealParameter">1.0</parameter>
#            <Gamma id="Gamma.2" name="distr">
#                <parameter estimate="false" id="RealParameter.10" name="alpha" spec="beast.base.inference.parameter.RealParameter">0.05</parameter>
#                <parameter estimate="false" id="RealParameter.11" name="beta" spec="beast.base.inference.parameter.RealParameter">10.0</parameter>
#            </Gamma>
#        </prior>
#        <prior id="RateCGPrior.s:align_DENV1_BEAST" name="distribution">
#            <parameter id="rateCG.s:align_DENV1_BEAST" lower="0.0" name="x" spec="beast.base.inference.parameter.RealParameter">1.0</parameter>
#            <Gamma id="Gamma.3" name="distr">
#                <parameter estimate="false" id="RealParameter.12" name="alpha" spec="beast.base.inference.parameter.RealParameter">0.05</parameter>
#                <parameter estimate="false" id="RealParameter.13" name="beta" spec="beast.base.inference.parameter.RealParameter">10.0</parameter>
#            </Gamma>
#        </prior>
#        <prior id="RateGTPrior.s:align_DENV1_BEAST" name="distribution">
#            <parameter id="rateGT.s:align_DENV1_BEAST" lower="0.0" name="x" spec="beast.base.inference.parameter.RealParameter">1.0</parameter>
#            <Gamma id="Gamma.5" name="distr">
#                <parameter estimate="false" id="RealParameter.16" name="alpha" spec="beast.base.inference.parameter.RealParameter">0.05</parameter>
#                <parameter estimate="false" id="RealParameter.17" name="beta" spec="beast.base.inference.parameter.RealParameter">10.0</parameter>
#            </Gamma>
#        </prior>
#        <prior id="reproductiveNumberPrior_BDSKY_Serial.t:align_DENV1_BEAST" name="distribution" x="@reproductiveNumber_BDSKY_Serial.t:align_DENV1_BEAST">
#            <LogNormal id="LogNormalDistributionModel.3" name="distr">
#                <parameter estimate="false" id="RealParameter.27" name="M" spec="beast.base.inference.parameter.RealParameter">0.8</parameter>
#                <parameter estimate="false" id="RealParameter.28" name="S" spec="beast.base.inference.parameter.RealParameter">0.5</parameter>
#            </LogNormal>
#        </prior>
#        <prior id="samplingProportionPrior_BDSKY_Serial.t:align_DENV1_BEAST" name="distribution" x="@samplingProportion_BDSKY_Serial.t:align_DENV1_BEAST">
#            <Beta id="Beta.1" name="distr">
#                <parameter estimate="false" id="RealParameter.29" name="alpha" spec="beast.base.inference.parameter.RealParameter">1.0</parameter>
#                <parameter estimate="false" id="RealParameter.30" name="beta" spec="beast.base.inference.parameter.RealParameter">999.0</parameter>
#            </Beta>
#        </prior>
#        <prior id="MeanRatePrior.c:align_DENV1_BEAST" name="distribution">
#            <parameter id="ucldMean.c:align_DENV1_BEAST" lower="0.0" name="x" spec="beast.base.inference.parameter.RealParameter">1.0</parameter>
#            <LogNormal id="LogNormalDistributionModel.5" name="distr">
#                <parameter estimate="false" id="RealParameter.33" name="M" spec="beast.base.inference.parameter.RealParameter">-7.13</parameter>
#                <parameter estimate="false" id="RealParameter.34" lower="0.0" name="S" spec="beast.base.inference.parameter.RealParameter" upper="5.0">0.4</parameter>
#            </LogNormal>
#        </prior>
#        <prior id="ucldStdevPrior.c:align_DENV1_BEAST" name="distribution">
#            <parameter id="ucldStdev.c:align_DENV1_BEAST" lower="0.0" name="x" spec="beast.base.inference.parameter.RealParameter">0.1</parameter>
#            <Gamma id="Gamma.6" name="distr">
#                <parameter estimate="false" id="RealParameter.19" name="alpha" spec="beast.base.inference.parameter.RealParameter">0.5396</parameter>
#                <parameter estimate="false" id="RealParameter.20" name="beta" spec="beast.base.inference.parameter.RealParameter">0.3819</parameter>
#            </Gamma>
#        </prior>
#    </distribution>
#    <distribution id="likelihood" spec="beast.base.inference.CompoundDistribution" useThreads="true">
#        <distribution data="@align_DENV1_BEAST" id="treeLikelihood.align_DENV1_BEAST" spec="beast.base.evolution.likelihood.ThreadedTreeLikelihood" tree="@Tree.t:align_DENV1_BEAST">
#            <siteModel gammaCategoryCount="4" id="SiteModel.s:align_DENV1_BEAST" shape="@gammaShape.s:align_DENV1_BEAST" spec="beast.base.evolution.sitemodel.SiteModel">
#                <parameter estimate="false" id="mutationRate.s:align_DENV1_BEAST" lower="0.0" name="mutationRate" spec="beast.base.inference.parameter.RealParameter">1.0</parameter>
#                <parameter estimate="false" id="proportionInvariant.s:align_DENV1_BEAST" lower="0.0" name="proportionInvariant" spec="beast.base.inference.parameter.RealParameter" upper="1.0">0.0</parameter>
#                <substModel id="gtr.s:align_DENV1_BEAST" rateAC="@rateAC.s:align_DENV1_BEAST" rateAG="@rateAG.s:align_DENV1_BEAST" rateAT="@rateAT.s:align_DENV1_BEAST" rateCG="@rateCG.s:align_DENV1_BEAST" rateGT="@rateGT.s:align_DENV1_BEAST" spec="beast.base.evolution.substitutionmodel.GTR">
#                    <parameter estimate="false" id="rateCT.s:align_DENV1_BEAST" lower="0.0" name="rateCT" spec="beast.base.inference.parameter.RealParameter">1.0</parameter>
#                    <frequencies frequencies="@freqParameter.s:align_DENV1_BEAST" id="estimatedFreqs.s:align_DENV1_BEAST" spec="beast.base.evolution.substitutionmodel.Frequencies"/>
#                </substModel>
#            </siteModel>
#            <branchRateModel clock.rate="@ucldMean.c:align_DENV1_BEAST" id="RelaxedClock.c:align_DENV1_BEAST" spec="beast.base.evolution.branchratemodel.UCRelaxedClockModel" tree="@Tree.t:align_DENV1_BEAST">
#                <LogNormal S="@ucldStdev.c:align_DENV1_BEAST" id="LogNormalDistributionModel.c:align_DENV1_BEAST" meanInRealSpace="true" name="distr">
#                    <parameter estimate="false" id="RealParameter.18" lower="0.0" name="M" spec="beast.base.inference.parameter.RealParameter" upper="1.0">1.0</parameter>
#                </LogNormal>
#                <rateCategories dimension="614" id="rateCategories.c:align_DENV1_BEAST" spec="beast.base.inference.parameter.IntegerParameter">1</rateCategories>
#            </branchRateModel>
#        </distribution>
#    </distribution>
#</input>
#
Sample	posterior	likelihood	prior	treeLikelihood	Tree.height	Tree.treeLength	freqParameter.1	freqParameter.2	freqParameter.3	freqParameter.4	rateAC	rateAG	rateAT	rateCG	rateGT	gammaShape	ucldMean	ucldStdev	rate.mean	rate.variance	rate.coefficientOfVariation	BDSKY_Serial	origin_BDSKY_Serial	becomeUninfectiousRate_BDSKY_Serial	reproductiveNumber_BDSKY_Serial.1	reproductiveNumber_BDSKY_Serial.2	reproductiveNumber_BDSKY_Serial.3	reproductiveNumber_BDSKY_Serial.4	reproductiveNumber_BDSKY_Serial.5	reproductiveNumber_BDSKY_Serial.6	reproductiveNumber_BDSKY_Serial.7	reproductiveNumber_BDSKY_Serial.8	reproductiveNumber_BDSKY_Serial.9	reproductiveNumber_BDSKY_Serial.10	samplingProportion_BDSKY_Serial
0	-265443.6568087214	-197450.68810554585	-67992.96870317559	-197450.68810554585	24.169957044807433	104.46356930122403	0.25	0.25	0.25	0.25	0.5982705960784538	1.0	1.0	1.0	1.0	1.0	1.0	0.1	0.9874264087001016	0.00983294318434414	0.09965305140478052	-67737.77519159192	40.0	52.0	12.0	12.0	12.0	12.0	12.0	12.0	12.0	12.0	12.0	12.0	0.001
10000	-68356.10621765273	-67880.1383552413	-475.96786241143036	-67880.1383552413	24.316360791660564	215.66545481474964	0.25	0.25	0.25	0.25	0.30487554387425264	1.8532662822331207	1.0	1.0	0.34142027324906493	0.3677407210186694	0.058202428862745834	1.3921853448604227	0.026585494228994668	0.0038996426308911167	1.504733246665533	-383.4938143995144	25.750965267334394	22.59680460470654	1.1100998943429632	0.9978651026008666	1.07844101392828	0.9201303431442612	1.0268334455615888	1.0038717696183332	0.9907833145258047	1.0468488612430114	0.9901703913789254	1.0237439989911894	0.0036003061388587927
20000	-57836.50735285548	-57259.310685210985	-577.1966676444916	-57259.310685210985	24.44854557038081	267.08012114748925	0.30938695384038084	0.31982802231937585	0.2042692357105854	0.16651578812965795	0.2929766566318221	1.3118092679329725	0.7123558115040404	0.23879037620947374	0.2545450863296125	0.11670027821468955	0.042556996357578175	1.528791948280316	0.015892135146950648	0.0027237023459136967	1.9244226454153321	-498.4041899078353	25.679039843519217	26.476585310866977	1.0254218497840577	0.9488325049758617	1.0928509494684222	0.9595027311428407	0.9937212598986417	1.0144853017274853	0.979645073493018	0.9691607998939353	1.02317134471458	1.046978845869502	0.0016603303039312513
30000	-53558.67307537173	-52976.69427243269	-581.9788029390368	-52976.69427243269	24.43339150344864	270.39564476894344	0.2807695943706686	0.3193255810122414	0.21816363836493288	0.18174118625215718	0.13580652111025285	1.2240009201222595	0.7123558115040404	0.06606939404386394	0.2545450863296125	0.11670027821468955	0.03898010467418614	1.5748455835081598	0.013398945884761364	0.0024720513364849053	2.0696311489600867	-506.5148562463627	25.679039843519217	24.19108746498602	1.0108477139140164	0.9364024030826911	1.0748799965887368	0.9725082185878063	1.0008654803426842	1.0049014370826175	0.9973410262649419	0.9965787218786946	1.0033108823806218	1.0579141236676344	0.0017267420286054388
40000	-50403.72068984034	-49813.29033326324	-590.4303565771006	-49813.29033326324	24.022273006803157	287.0887213917409	0.23417377749697502	0.24917697423680016	0.29575585357054984	0.2208933946956751	0.04731132403254125	0.9235831544150869	0.3865379676774653	0.02664141867543329	0.05096067709961943	0.13239973214241912	0.03545399013546991	1.6618469311449728	0.011338753688672237	0.0017929002586174452	2.1614047005775534	-521.6060584075119	27.387244308998923	23.47387914909075	1.067624123383682	1.0641084847213287	1.075329816016037	1.004305212385208	0.9900973693425466	1.0877726582667475	0.9276873365223829	0.9959284364244694	1.0009673453173928	1.013043527350987	0.001934507683824296
50000	-48572.85721464877	-47978.71796679919	-594.1392478495802	-47978.71796679919	24.547532689703168	295.85854697242905	0.2534453370707506	0.2503579032252417	0.2945749245821083	0.2016218351218995	0.021549004321303956	0.5878727721087741	0.11177611852181951	0.008608171959361584	0.05096067709961943	0.13239973214241912	0.029706986947292593	1.733645541676704	0.009327633902428308	0.0012869750920912802	2.411012266766395	-534.9084838324122	27.506523473262554	27.185219747120996	1.0023921693393496	1.0455167850592761	1.0592364949786575	0.9906622889077495	1.0183226520152653	1.0664989432879413	0.9422191495001403	0.9850894692783358	1.0130559726667616	1.020228702712291	0.0012579986671741245
60000	-46742.51671332261	-46141.07401450524	-601.4426988173715	-46141.07401450524	24.494798911806	299.59319819409995	0.268797951280918	0.23500528901507436	0.2945749245821083	0.2016218351218995	0.021549004321303956	0.4606509050573084	0.11177611852181951	0.008608171959361584	0.05096067709961943	0.13239973214241912	0.024969072694062153	1.7399217543075491	0.007609515497083874	9.226935905916051E-4	2.3711650820405716	-546.6006413956153	27.448375919957314	28.280948089817215	0.9568071689006032	0.979019927105019	1.0706225735124513	1.0049507980431918	0.9907700470174525	1.0608472365345176	0.946057138234589	1.0030135439966636	1.0016950243397422	1.0055856038907784	0.0011588204540409965
70000	-46077.00475144484	-45467.38705666805	-609.6176947767918	-45467.38705666805	25.690311955720087	308.23603591488944	0.2924307513870462	0.23500528901507436	0.26014308933736574	0.21242087026051387	0.021549004321303956	0.4606509050573084	0.11177611852181951	0.015088417220096136	0.05096067709961943	0.13239973214241912	0.022625414468052694	1.7653242657077282	0.006654170583620019	7.587543310449931E-4	2.4543050798293673	-557.9111866896305	27.43215985850718	33.60961691109978	0.9851540208212702	0.986910965550024	0.9951900698782573	0.9959434662951625	0.9870451181969149	1.0418401688548815	0.9507250341114138	1.004508011545686	1.0089697397604747	1.0160390392838916	8.287806937354536E-4
80000	-45663.67786392681	-45056.043650863736	-607.6342130630728	-45056.043650863736	25.107297410820536	308.0529941062272	0.3116302023681084	0.23500528901507436	0.24094363835630356	0.21242087026051387	0.021549004321303956	0.4606509050573084	0.04299273809193039	0.015088417220096136	0.05096067709961943	0.13239973214241912	0.02276245055635682	1.7243065686399865	0.006911150018934654	5.102988795542013E-4	2.0749014845670755	-557.2084010855523	27.43215985850718	34.99319560256135	0.9501680454422522	1.0072111571387692	1.0279895110377277	0.9961932433527391	1.0164086824831038	1.0416996903824571	0.948941258104959	1.00781041424841	1.0077178326375165	1.0193789765560322	7.3889361187241E-4
90000	-44924.06115193071	-44308.6670283037	-615.3941236270113	-44308.6670283037	25.29287806111845	311.9068219810583	0.3116302023681084	0.22142378120211414	0.24094363835630356	0.2260023780734741	0.021549004321303956	0.24473193114286038	0.04299273809193039	0.015088417220096136	0.05096067709961943	0.13239973214241912	0.017001160193318997	1.6505283930352492	0.005810861511158539	2.955285728125321E-4	2.01179256663822	-573.2659370743581	27.4994639650114	45.06749564638588	1.044217523295685	0.9593340948030253	1.0278856871437114	1.0079613277550996	1.0055768879860507	1.0372394785190437	0.959459224221888	1.0030995503812306	1.0058801946002554	1.020667390872829	3.520224756657219E-4
100000	-44008.99313244542	-43391.21017162505	-617.7829608203766	-43391.21017162505	25.422342164715175	320.0365333536303	0.3116302023681084	0.22142378120211414	0.24094363835630356	0.2260023780734741	0.021549004321303956	0.24473193114286038	0.04299273809193039	0.015088417220096136	0.05096067709961943	0.13239973214241912	0.013865857877706307	1.619911813523272	0.005292183716647178	2.18986428529509E-4	1.9705592037296948	-579.5689151945801	27.39451931024541	47.673789230885	0.9961380662724941	0.9900620881732034	1.0069939749511674	0.9985744023880033	0.9938950246171916	1.0276165699925424	0.9691665421187963	0.9946053396213758	1.0075057917868098	1.0036773440814104	3.635484807058109E-4
110000	-42513.18593708256	-41896.307048791066	-616.8788882914926	-41896.307048791066	25.04088450928321	319.0836322536896	0.3116302023681084	0.22142378120211414	0.24094363835630356	0.2260023780734741	0.021549004321303956	0.24473193114286038	0.04299273809193039	0.015088417220096136	0.022030015908920147	0.13239973214241912	0.010646897371268416	1.5282867813081331	0.004291520083580754	1.148210712056263E-4	1.7858516553892059	-584.6583725695372	27.492378103239815	50.9309208398172	1.0177434775687717	0.980551472781716	1.0290248033849605	1.0046086189909011	1.0076352470891266	1.0362357228246795	0.9685950947873635	0.9977710758202761	1.0044341142559163	1.0149847170771351	3.4590823996259073E-4
120000	-42070.3337605985	-41457.63782775266	-612.695932845839	-41457.63782775266	24.882873702615278	317.6628904089521	0.3116302023681084	0.22142378120211414	0.24094363835630356	0.2260023780734741	0.021549004321303956	0.2984009871773461	0.04299273809193039	0.015088417220096136	0.022030015908920147	0.13239973214241912	0.011487714757790016	1.5640184817990483	0.004661457682873783	2.0353470520630953E-4	2.1786767986340503	-574.8913726081944	27.455084678072318	26.74332524316371	0.996018113825524	0.9933430681284987	1.0325593673335294	0.986163045335606	1.0020574654091237	1.0543368946053104	0.9553497141936806	0.9849185176480953	1.0059866675767462	1.015639157686255	0.0013460849858887092
130000	-41657.04655740809	-41031.830224730424	-625.2163326776612	-41031.830224730424	25.268461089321775	324.27053085528155	0.3116302023681084	0.22142378120211414	0.24094363835630356	0.2260023780734741	0.021549004321303956	0.2984009871773461	0.04299273809193039	0.015088417220096136	0.04132118769444221	0.13239973214241912	0.009814527336700189	1.542471945248794	0.004336416135478816	9.13690149361581E-5	1.7957125123482287	-588.6350812784847	27.455084678072318	24.429242786932097	0.9712196009161935	0.9646518149811002	1.002199433939748	0.9958925636824152	0.993821175986075	1.0664560721309235	0.9555151360795717	0.967707379544043	1.0476968668001214	1.023070531222341	0.0012493761078214917
140000	-40994.33468100833	-40379.53799360831	-614.796687400018	-40379.53799360831	24.887218072066453	327.925396959056	0.3116302023681084	0.22142378120211414	0.24094363835630356	0.2260023780734741	0.021549004321303956	0.2984009871773461	0.04299273809193039	0.015088417220096136	0.04132118769444221	0.13239973214241912	0.009016493025547972	1.5572319099032694	0.003964652902128082	6.644115469061566E-5	1.7332300776022902	-581.7641190544526	27.455084678072318	28.975667985383147	0.9875183194774885	0.9777004114642343	1.0021905190451796	1.0146933283804955	0.9916780430889	1.0693990281044723	0.9435517226492434	1.007766938696207	1.0055419918533093	1.0202632068785331	7.832719645753408E-4
150000	-40664.30405704457	-40012.210529962176	-652.0935270823935	-40012.210529962176	25.18846063184854	345.04182139515706	0.3116302023681084	0.22142378120211414	0.24094363835630356	0.2260023780734741	0.031658793004725024	0.2984009871773461	0.04299273809193039	0.015088417220096136	0.04132118769444221	0.13239973214241912	0.008606276755739198	1.5970670287634543	0.00360188120540657	8.300111211869836E-5	1.9996173160249728	-619.53223882737	27.50619191266677	29.795044875421862	0.9862597145314483	1.0165686437875705	0.9995376450852859	1.0096072062765145	1.0050348951071735	1.071756264387324	0.9444784224268913	1.0041186027584772	0.995361188075033	1.0121898173263892	8.617525729797043E-4
160000	-40386.48447752003	-39730.750992592846	-655.7334849271839	-39730.750992592846	23.88594475598629	341.36803798388615	0.3116302023681084	0.22142378120211414	0.24094363835630356	0.2260023780734741	0.031658793004725024	0.2984009871773461	0.04299273809193039	0.014649864900887771	0.04132118769444221	0.13239973214241912	0.008363233810085389	1.6155945472830633	0.003529827230275599	6.13342100168018E-5	1.8817777812869707	-621.7022511495284	27.50619191266677	25.03428614262961	0.954872205061207	1.0490304417024332	1.0405958826855475	1.0343673558992135	0.9791494175744601	1.0571734968873348	0.9681811425322762	0.9765598498265237	0.9946327323421289	1.0312269344781173	0.0012174912555884161
170000	-40097.22267979329	-39459.75122129658	-637.4714584967104	-39459.75122129658	24.177381969932433	339.4633083598081	0.32815211786207843	0.22142378120211414	0.24094363835630356	0.20948046257950406	0.031658793004725024	0.2984009871773461	0.04299273809193039	0.014649864900887771	0.04132118769444221	0.13239973214241912	0.007570402883651309	1.5749804200490027	0.0032525994827432786	5.980508645880951E-5	1.8703550322753797	-606.1498905040784	27.432237696661268	27.420074854972263	1.0051449194937445	0.9904211593406159	1.009144233817295	1.0157865513760482	0.9947171897714117	1.0453933878145723	0.9595848504195481	1.0002233098227853	1.0093028889913798	1.0265689764238046	9.402029241772714E-4
180000	-39799.27428857499	-39146.46902427607	-652.8052642989185	-39146.46902427607	24.20338529302061	348.1584313207823	0.32815211786207843	0.22142378120211414	0.24094363835630356	0.20948046257950406	0.031658793004725024	0.2984009871773461	0.04299273809193039	0.02335730094127081	0.04132118769444221	0.13239973214241912	0.007083249786992758	1.564475741387645	0.003031088815353239	5.4813944524520654E-5	1.8456291290086242	-623.4781437310079	27.516995979423328	31.999098877328933	0.9449092218760666	1.0273758061009213	1.0257035263726118	1.0136512772169637	0.9891443248697269	1.0458530584593684	0.9570881528790804	0.9846634708824415	1.0164504580603295	1.019068973424399	6.751370119140913E-4
